2026-05-07 20:43:51.610 30453-30515 GPUAUX                  com.newaura.app                      E  [AUX]GuiExtAuxCheckAuxPath:682: Null anb
2026-05-07 20:43:51.610 30453-30515 GPUAUX                  com.newaura.app                      E  [AUX]GuiExtAuxCheckAuxPath:682: Null anb
2026-05-07 20:43:51.630 30453-30515 GPUAUX                  com.newaura.app                      E  [AUX]GuiExtAuxCheckAuxPath:682: Null anb
2026-05-07 20:43:51.643 30453-30453 Capacitor/Console       com.newaura.app                      I  File:  - Line 349 - Msg: [object Object]
2026-05-07 20:43:51.651 30453-30515 GPUAUX                  com.newaura.app                      E  [AUX]GuiExtAuxCheckAuxPath:682: Null anb
2026-05-07 20:43:51.652 30453-30515 GPUAUX                  com.newaura.app                      E  [AUX]GuiExtAuxCheckAuxPath:682: Null anb
2026-05-07 20:43:51.652 30453-30515 GPUAUX                  com.newaura.app                      E  [AUX]GuiExtAuxCheckAuxPath:682: Null anb
2026-05-07 20:43:51.652 30453-30515 GPUAUX                  com.newaura.app                      E  [AUX]GuiExtAuxCheckAuxPath:682: Null anb
2026-05-07 20:43:51.652 30453-30515 GPUAUX                  com.newaura.app                      E  [AUX]GuiExtAuxCheckAuxPath:682: Null anb
2026-05-07 20:43:51.652 30453-30515 GPUAUX                  com.newaura.app                      E  [AUX]GuiExtAuxCheckAuxPath:682: Null anb
2026-05-07 20:43:51.652 30453-30515 GPUAUX                  com.newaura.app                      E  [AUX]GuiExtAuxCheckAuxPath:682: Null anb
2026-05-07 20:43:51.715 30453-30515 GPUAUX                  com.newaura.app                      E  [AUX]GuiExtAuxCheckAuxPath:682: Null anb
2026-05-07 20:43:51.728 30453-30453 Capacitor/Plugin        com.newaura.app                      V  To native (Capacitor plugin): callbackId: 69624974, pluginId: Camera, methodName: checkPermissions
2026-05-07 20:43:51.728 30453-30453 Capacitor               com.newaura.app                      V  callback: 69624974, pluginId: Camera, methodName: checkPermissions, methodData: {}
2026-05-07 20:43:51.732 30453-30515 GPUAUX                  com.newaura.app                      E  [AUX]GuiExtAuxCheckAuxPath:682: Null anb
2026-05-07 20:43:51.733 30453-30515 GPUAUX                  com.newaura.app                      E  [AUX]GuiExtAuxCheckAuxPath:682: Null anb
2026-05-07 20:43:51.733 30453-30515 GPUAUX                  com.newaura.app                      E  [AUX]GuiExtAuxCheckAuxPath:682: Null anb
2026-05-07 20:43:51.733 30453-30515 GPUAUX                  com.newaura.app                      E  [AUX]GuiExtAuxCheckAuxPath:682: Null anb
2026-05-07 20:43:51.733 30453-30515 GPUAUX                  com.newaura.app                      E  [AUX]GuiExtAuxCheckAuxPath:682: Null anb
2026-05-07 20:43:51.771 30453-30515 GPUAUX                  com.newaura.app                      E  [AUX]GuiExtAuxCheckAuxPath:682: Null anb
2026-05-07 20:43:51.771 30453-30515 GPUAUX                  com.newaura.app                      E  [AUX]GuiExtAuxCheckAuxPath:682: Null anb
2026-05-07 20:43:51.771 30453-30515 GPUAUX                  com.newaura.app                      E  [AUX]GuiExtAuxCheckAuxPath:682: Null anb
2026-05-07 20:43:51.771 30453-30515 GPUAUX                  com.newaura.app                      E  [AUX]GuiExtAuxCheckAuxPath:682: Null anb
2026-05-07 20:43:51.772 30453-30515 GPUAUX                  com.newaura.app                      E  [AUX]GuiExtAuxCheckAuxPath:682: Null anb
2026-05-07 20:43:51.784 30453-30515 GPUAUX                  com.newaura.app                      E  [AUX]GuiExtAuxCheckAuxPath:682: Null anb
2026-05-07 20:43:51.784 30453-30515 GPUAUX                  com.newaura.app                      E  [AUX]GuiExtAuxCheckAuxPath:682: Null anb
2026-05-07 20:43:51.784 30453-30515 GPUAUX                  com.newaura.app                      E  [AUX]GuiExtAuxCheckAuxPath:682: Null anb
2026-05-07 20:43:51.784 30453-30515 GPUAUX                  com.newaura.app                      E  [AUX]GuiExtAuxCheckAuxPath:682: Null anb
2026-05-07 20:43:51.785 30453-30515 GPUAUX                  com.newaura.app                      E  [AUX]GuiExtAuxCheckAuxPath:682: Null anb
2026-05-07 20:43:51.785 30453-30515 GPUAUX                  com.newaura.app                      E  [AUX]GuiExtAuxCheckAuxPath:682: Null anb
2026-05-07 20:43:51.785 30453-30515 GPUAUX                  com.newaura.app                      E  [AUX]GuiExtAuxCheckAuxPath:682: Null anb
2026-05-07 20:43:51.785 30453-30515 GPUAUX                  com.newaura.app                      E  [AUX]GuiExtAuxCheckAuxPath:682: Null anb
2026-05-07 20:43:51.785 30453-30515 GPUAUX                  com.newaura.app                      E  [AUX]GuiExtAuxCheckAuxPath:682: Null anb
2026-05-07 20:43:51.787 30453-30515 GPUAUX                  com.newaura.app                      E  [AUX]GuiExtAuxCheckAuxPath:682: Null anb
2026-05-07 20:43:51.795 30453-30453 Capacitor/Console       com.newaura.app                      I  File:  - Line 333 - Msg: {"saveGallery":"prompt","readExternalStorage":"prompt","camera":"granted","photos":"granted"}
2026-05-07 20:43:51.799 30453-30515 GPUAUX                  com.newaura.app                      E  [AUX]GuiExtAuxCheckAuxPath:682: Null anb
2026-05-07 20:43:51.799 30453-30515 GPUAUX                  com.newaura.app                      E  [AUX]GuiExtAuxCheckAuxPath:682: Null anb
2026-05-07 20:43:51.799 30453-30515 GPUAUX                  com.newaura.app                      E  [AUX]GuiExtAuxCheckAuxPath:682: Null anb
2026-05-07 20:43:51.799 30453-30515 GPUAUX                  com.newaura.app                      E  [AUX]GuiExtAuxCheckAuxPath:682: Null anb
2026-05-07 20:43:51.799 30453-30515 GPUAUX                  com.newaura.app                      E  [AUX]GuiExtAuxCheckAuxPath:682: Null anb
2026-05-07 20:43:51.828 30453-30913 OplusCamer...agerGlobal com.newaura.app                      I  setClientInfo, packageName: com.newaura.app, uid: 10422, pid: 30453
2026-05-07 20:43:51.829 30453-30913 OplusCamer...agerGlobal com.newaura.app                      I  setClientInfo, packageName: com.newaura.app, uid: 10422, pid: 30453
2026-05-07 20:43:51.830 30453-30913 OplusCamer...agerGlobal com.newaura.app                      I  setClientInfo, packageName: com.newaura.app, uid: 10422, pid: 30453
2026-05-07 20:43:51.833 30453-30515 GPUAUX                  com.newaura.app                      E  [AUX]GuiExtAuxCheckAuxPath:682: Null anb
2026-05-07 20:43:51.833 30453-30515 GPUAUX                  com.newaura.app                      E  [AUX]GuiExtAuxCheckAuxPath:682: Null anb
2026-05-07 20:43:51.833 30453-30515 GPUAUX                  com.newaura.app                      E  [AUX]GuiExtAuxCheckAuxPath:682: Null anb
2026-05-07 20:43:51.833 30453-30515 GPUAUX                  com.newaura.app                      E  [AUX]GuiExtAuxCheckAuxPath:682: Null anb
2026-05-07 20:43:51.833 30453-30515 GPUAUX                  com.newaura.app                      E  [AUX]GuiExtAuxCheckAuxPath:682: Null anb
2026-05-07 20:43:51.837 30453-30913 OplusCamer...agerGlobal com.newaura.app                      I  setClientInfo, packageName: com.newaura.app, uid: 10422, pid: 30453
2026-05-07 20:43:51.838 30453-30913 OplusCamer...agerGlobal com.newaura.app                      I  setClientInfo, packageName: com.newaura.app, uid: 10422, pid: 30453
2026-05-07 20:43:51.839 30453-30913 OplusCamer...agerGlobal com.newaura.app                      I  setClientInfo, packageName: com.newaura.app, uid: 10422, pid: 30453
2026-05-07 20:43:51.843 30453-30913 OplusCamer...agerGlobal com.newaura.app                      I  setClientInfo, packageName: com.newaura.app, uid: 10422, pid: 30453
2026-05-07 20:43:51.844 30453-30913 OplusCamer...agerGlobal com.newaura.app                      I  setClientInfo, packageName: com.newaura.app, uid: 10422, pid: 30453
2026-05-07 20:43:51.849 30453-30913 OplusCamer...agerGlobal com.newaura.app                      I  setClientInfo, packageName: com.newaura.app, uid: 10422, pid: 30453
2026-05-07 20:43:51.850 30453-30913 OplusCamer...agerGlobal com.newaura.app                      I  setClientInfo, packageName: com.newaura.app, uid: 10422, pid: 30453
2026-05-07 20:43:51.860 30453-30913 OplusCamer...agerGlobal com.newaura.app                      I  setClientInfo, packageName: com.newaura.app, uid: 10422, pid: 30453
2026-05-07 20:43:51.861 30453-30913 OplusCamer...agerGlobal com.newaura.app                      I  setClientInfo, packageName: com.newaura.app, uid: 10422, pid: 30453
2026-05-07 20:43:51.862 30453-30913 OplusCamer...agerGlobal com.newaura.app                      I  setClientInfo, packageName: com.newaura.app, uid: 10422, pid: 30453
2026-05-07 20:43:51.865 30453-30515 GPUAUX                  com.newaura.app                      E  [AUX]GuiExtAuxCheckAuxPath:682: Null anb
2026-05-07 20:43:51.865 30453-30515 GPUAUX                  com.newaura.app                      E  [AUX]GuiExtAuxCheckAuxPath:682: Null anb
2026-05-07 20:43:51.865 30453-30515 GPUAUX                  com.newaura.app                      E  [AUX]GuiExtAuxCheckAuxPath:682: Null anb
2026-05-07 20:43:51.865 30453-30515 GPUAUX                  com.newaura.app                      E  [AUX]GuiExtAuxCheckAuxPath:682: Null anb
2026-05-07 20:43:51.865 30453-30515 GPUAUX                  com.newaura.app                      E  [AUX]GuiExtAuxCheckAuxPath:682: Null anb
2026-05-07 20:43:51.869 30453-30913 OplusCamer...agerGlobal com.newaura.app                      I  setClientInfo, packageName: com.newaura.app, uid: 10422, pid: 30453
2026-05-07 20:43:51.870 30453-30913 OplusCamer...agerGlobal com.newaura.app                      I  setClientInfo, packageName: com.newaura.app, uid: 10422, pid: 30453
2026-05-07 20:43:51.893 30453-30515 GPUAUX                  com.newaura.app                      E  [AUX]GuiExtAuxCheckAuxPath:682: Null anb
2026-05-07 20:43:51.893 30453-30515 GPUAUX                  com.newaura.app                      E  [AUX]GuiExtAuxCheckAuxPath:682: Null anb
2026-05-07 20:43:51.893 30453-30515 GPUAUX                  com.newaura.app                      E  [AUX]GuiExtAuxCheckAuxPath:682: Null anb
2026-05-07 20:43:51.893 30453-30515 GPUAUX                  com.newaura.app                      E  [AUX]GuiExtAuxCheckAuxPath:682: Null anb
2026-05-07 20:43:51.893 30453-30515 GPUAUX                  com.newaura.app                      E  [AUX]GuiExtAuxCheckAuxPath:682: Null anb
2026-05-07 20:43:51.924 30453-30515 GPUAUX                  com.newaura.app                      E  [AUX]GuiExtAuxCheckAuxPath:682: Null anb
2026-05-07 20:43:51.924 30453-30515 GPUAUX                  com.newaura.app                      E  [AUX]GuiExtAuxCheckAuxPath:682: Null anb
2026-05-07 20:43:51.924 30453-30515 GPUAUX                  com.newaura.app                      E  [AUX]GuiExtAuxCheckAuxPath:682: Null anb
2026-05-07 20:43:51.924 30453-30515 GPUAUX                  com.newaura.app                      E  [AUX]GuiExtAuxCheckAuxPath:682: Null anb
2026-05-07 20:43:51.924 30453-30515 GPUAUX                  com.newaura.app                      E  [AUX]GuiExtAuxCheckAuxPath:682: Null anb
2026-05-07 20:43:51.943 30453-30515 GPUAUX                  com.newaura.app                      E  [AUX]GuiExtAuxCheckAuxPath:682: Null anb
2026-05-07 20:43:51.943 30453-30515 GPUAUX                  com.newaura.app                      E  [AUX]GuiExtAuxCheckAuxPath:682: Null anb
2026-05-07 20:43:51.943 30453-30515 GPUAUX                  com.newaura.app                      E  [AUX]GuiExtAuxCheckAuxPath:682: Null anb
2026-05-07 20:43:51.943 30453-30515 GPUAUX                  com.newaura.app                      E  [AUX]GuiExtAuxCheckAuxPath:682: Null anb
2026-05-07 20:43:51.943 30453-30515 GPUAUX                  com.newaura.app                      E  [AUX]GuiExtAuxCheckAuxPath:682: Null anb
2026-05-07 20:43:51.944 30453-30515 GPUAUX                  com.newaura.app                      E  [AUX]GuiExtAuxCheckAuxPath:682: Null anb
2026-05-07 20:43:51.947 30453-30515 GPUAUX                  com.newaura.app                      E  [AUX]GuiExtAuxCheckAuxPath:682: Null anb
2026-05-07 20:43:51.947 30453-30515 GPUAUX                  com.newaura.app                      E  [AUX]GuiExtAuxCheckAuxPath:682: Null anb
2026-05-07 20:43:51.947 30453-30515 GPUAUX                  com.newaura.app                      E  [AUX]GuiExtAuxCheckAuxPath:682: Null anb
2026-05-07 20:43:51.948 30453-30515 GPUAUX                  com.newaura.app                      E  [AUX]GuiExtAuxCheckAuxPath:682: Null anb
2026-05-07 20:43:51.958 30453-30913 OplusCamer...agerGlobal com.newaura.app                      I  setClientInfo, packageName: com.newaura.app, uid: 10422, pid: 30453
2026-05-07 20:43:51.959 30453-30913 OplusCamer...agerGlobal com.newaura.app                      I  setClientInfo, packageName: com.newaura.app, uid: 10422, pid: 30453
2026-05-07 20:43:51.961 30453-30913 OplusCamer...agerGlobal com.newaura.app                      I  setClientInfo, packageName: com.newaura.app, uid: 10422, pid: 30453
2026-05-07 20:43:51.962 30453-30515 GPUAUX                  com.newaura.app                      E  [AUX]GuiExtAuxCheckAuxPath:682: Null anb
2026-05-07 20:43:51.962 30453-30515 GPUAUX                  com.newaura.app                      E  [AUX]GuiExtAuxCheckAuxPath:682: Null anb
2026-05-07 20:43:51.962 30453-30515 GPUAUX                  com.newaura.app                      E  [AUX]GuiExtAuxCheckAuxPath:682: Null anb
2026-05-07 20:43:51.962 30453-30515 GPUAUX                  com.newaura.app                      E  [AUX]GuiExtAuxCheckAuxPath:682: Null anb
2026-05-07 20:43:51.962 30453-30515 GPUAUX                  com.newaura.app                      E  [AUX]GuiExtAuxCheckAuxPath:682: Null anb
2026-05-07 20:43:51.969 30453-30913 OplusCamer...agerGlobal com.newaura.app                      I  setClientInfo, packageName: com.newaura.app, uid: 10422, pid: 30453
2026-05-07 20:43:51.970 30453-30913 OplusCamer...agerGlobal com.newaura.app                      I  setClientInfo, packageName: com.newaura.app, uid: 10422, pid: 30453
2026-05-07 20:43:51.971 30453-30913 OplusCamer...agerGlobal com.newaura.app                      I  setClientInfo, packageName: com.newaura.app, uid: 10422, pid: 30453
2026-05-07 20:43:51.975 30453-30913 OplusCamer...agerGlobal com.newaura.app                      I  setClientInfo, packageName: com.newaura.app, uid: 10422, pid: 30453
2026-05-07 20:43:51.975 30453-30913 OplusCamer...agerGlobal com.newaura.app                      I  setClientInfo, packageName: com.newaura.app, uid: 10422, pid: 30453
2026-05-07 20:43:51.981 30453-30913 OplusCamer...agerGlobal com.newaura.app                      I  setClientInfo, packageName: com.newaura.app, uid: 10422, pid: 30453
2026-05-07 20:43:51.982 30453-30913 OplusCamer...agerGlobal com.newaura.app                      I  setClientInfo, packageName: com.newaura.app, uid: 10422, pid: 30453
2026-05-07 20:43:51.987 30453-30913 OplusCamer...agerGlobal com.newaura.app                      I  setClientInfo, packageName: com.newaura.app, uid: 10422, pid: 30453
2026-05-07 20:43:51.989 30453-30913 OplusCamer...agerGlobal com.newaura.app                      I  setClientInfo, packageName: com.newaura.app, uid: 10422, pid: 30453
2026-05-07 20:43:51.997 30453-30913 OplusCamer...agerGlobal com.newaura.app                      I  setClientInfo, packageName: com.newaura.app, uid: 10422, pid: 30453
2026-05-07 20:43:52.004 30453-30913 OplusCamer...agerGlobal com.newaura.app                      I  setClientInfo, packageName: com.newaura.app, uid: 10422, pid: 30453
2026-05-07 20:43:52.005 30453-30913 OplusCamer...agerGlobal com.newaura.app                      I  setClientInfo, packageName: com.newaura.app, uid: 10422, pid: 30453
2026-05-07 20:43:52.021 30453-30515 GPUAUX                  com.newaura.app                      E  [AUX]GuiExtAuxCheckAuxPath:682: Null anb
2026-05-07 20:43:52.022 30453-30515 GPUAUX                  com.newaura.app                      E  [AUX]GuiExtAuxCheckAuxPath:682: Null anb
2026-05-07 20:43:52.022 30453-30515 GPUAUX                  com.newaura.app                      E  [AUX]GuiExtAuxCheckAuxPath:682: Null anb
2026-05-07 20:43:52.022 30453-30515 GPUAUX                  com.newaura.app                      E  [AUX]GuiExtAuxCheckAuxPath:682: Null anb
2026-05-07 20:43:52.022 30453-30515 GPUAUX                  com.newaura.app                      E  [AUX]GuiExtAuxCheckAuxPath:682: Null anb
2026-05-07 20:43:52.022 30453-30515 GPUAUX                  com.newaura.app                      E  [AUX]GuiExtAuxCheckAuxPath:682: Null anb
2026-05-07 20:43:52.022 30453-30515 GPUAUX                  com.newaura.app                      E  [AUX]GuiExtAuxCheckAuxPath:682: Null anb
2026-05-07 20:43:52.022 30453-30515 GPUAUX                  com.newaura.app                      E  [AUX]GuiExtAuxCheckAuxPath:682: Null anb
2026-05-07 20:43:52.022 30453-30515 GPUAUX                  com.newaura.app                      E  [AUX]GuiExtAuxCheckAuxPath:682: Null anb
2026-05-07 20:43:52.050 30453-30913 OplusCamer...agerGlobal com.newaura.app                      I  setClientInfo, packageName: com.newaura.app, uid: 10422, pid: 30453
2026-05-07 20:43:52.051 30453-30913 OplusCamer...agerGlobal com.newaura.app                      I  setClientInfo, packageName: com.newaura.app, uid: 10422, pid: 30453
2026-05-07 20:43:52.052 30453-30913 OplusCamer...agerGlobal com.newaura.app                      I  setClientInfo, packageName: com.newaura.app, uid: 10422, pid: 30453
2026-05-07 20:43:52.054 30453-30515 GPUAUX                  com.newaura.app                      E  [AUX]GuiExtAuxCheckAuxPath:682: Null anb
2026-05-07 20:43:52.054 30453-30515 GPUAUX                  com.newaura.app                      E  [AUX]GuiExtAuxCheckAuxPath:682: Null anb
2026-05-07 20:43:52.054 30453-30515 GPUAUX                  com.newaura.app                      E  [AUX]GuiExtAuxCheckAuxPath:682: Null anb
2026-05-07 20:43:52.054 30453-30515 GPUAUX                  com.newaura.app                      E  [AUX]GuiExtAuxCheckAuxPath:682: Null anb
2026-05-07 20:43:52.056 30453-30913 OplusCamer...agerGlobal com.newaura.app                      I  setClientInfo, packageName: com.newaura.app, uid: 10422, pid: 30453
2026-05-07 20:43:52.058 30453-30913 OplusCamer...agerGlobal com.newaura.app                      I  setClientInfo, packageName: com.newaura.app, uid: 10422, pid: 30453
2026-05-07 20:43:52.059 30453-30913 OplusCamer...agerGlobal com.newaura.app                      I  setClientInfo, packageName: com.newaura.app, uid: 10422, pid: 30453
2026-05-07 20:43:52.065 30453-30913 OplusCamer...agerGlobal com.newaura.app                      I  setClientInfo, packageName: com.newaura.app, uid: 10422, pid: 30453
2026-05-07 20:43:52.066 30453-30913 OplusCamer...agerGlobal com.newaura.app                      I  setClientInfo, packageName: com.newaura.app, uid: 10422, pid: 30453
2026-05-07 20:43:52.071 30453-30913 OplusCamer...agerGlobal com.newaura.app                      I  setClientInfo, packageName: com.newaura.app, uid: 10422, pid: 30453
2026-05-07 20:43:52.071 30453-30913 OplusCamer...agerGlobal com.newaura.app                      I  setClientInfo, packageName: com.newaura.app, uid: 10422, pid: 30453
2026-05-07 20:43:52.075 30453-30913 OplusCamer...agerGlobal com.newaura.app                      I  setClientInfo, packageName: com.newaura.app, uid: 10422, pid: 30453
2026-05-07 20:43:52.076 30453-30913 OplusCamer...agerGlobal com.newaura.app                      I  setClientInfo, packageName: com.newaura.app, uid: 10422, pid: 30453
2026-05-07 20:43:52.076 30453-30913 OplusCamer...agerGlobal com.newaura.app                      I  setClientInfo, packageName: com.newaura.app, uid: 10422, pid: 30453
2026-05-07 20:43:52.081 30453-30913 OplusCamer...agerGlobal com.newaura.app                      I  setClientInfo, packageName: com.newaura.app, uid: 10422, pid: 30453
2026-05-07 20:43:52.082 30453-30913 OplusCamer...agerGlobal com.newaura.app                      I  setClientInfo, packageName: com.newaura.app, uid: 10422, pid: 30453
2026-05-07 20:43:52.090 30453-30913 OplusCamer...agerGlobal com.newaura.app                      I  setClientInfo, packageName: com.newaura.app, uid: 10422, pid: 30453
2026-05-07 20:43:52.095 30453-30913 OplusCamer...agerGlobal com.newaura.app                      I  setClientInfo, packageName: com.newaura.app, uid: 10422, pid: 30453
2026-05-07 20:43:52.103 30453-30913 OplusCamer...agerGlobal com.newaura.app                      I  setClientInfo, packageName: com.newaura.app, uid: 10422, pid: 30453
2026-05-07 20:43:52.104 30453-30913 OplusCamer...agerGlobal com.newaura.app                      I  setClientInfo, packageName: com.newaura.app, uid: 10422, pid: 30453
2026-05-07 20:43:52.105 30453-30913 CameraWhiteList         com.newaura.app                      D  check, whiteList empty
2026-05-07 20:43:52.106 30453-30913 OplusCamer...agerGlobal com.newaura.app                      I  setClientInfo, packageName: com.newaura.app, uid: 10422, pid: 30453
2026-05-07 20:43:52.111 30453-30913 OplusCamer...agerGlobal com.newaura.app                      I  setClientInfo, packageName: com.newaura.app, uid: 10422, pid: 30453
2026-05-07 20:43:52.114 30453-30913 OplusCameraUtils        com.newaura.app                      I  current activityName: com.newaura.app.MainActivity
2026-05-07 20:43:52.114 30453-30913 OplusCameraUtils        com.newaura.app                      I  getComponentName, componentName: com.newaura.app/com.newaura.app.MainActivity, packageName:com.newaura.app, activityName:com.newaura.app.MainActivity
2026-05-07 20:43:52.114 30453-30913 CameraManager           com.newaura.app                      I  openCameraDeviceUserAsync, use componentName: com.newaura.app/com.newaura.app.MainActivity
2026-05-07 20:43:52.116 30453-30913 OplusCameraUtils        com.newaura.app                      I  current activityName: com.newaura.app.MainActivity
2026-05-07 20:43:52.117 30453-30913 OplusCameraUtils        com.newaura.app                      I  getComponentName, componentName: com.newaura.app/com.newaura.app.MainActivity, packageName:com.newaura.app, activityName:com.newaura.app.MainActivity
2026-05-07 20:43:52.153 30453-30913 OplusCamer...agerGlobal com.newaura.app                      I  setClientInfo, packageName: com.newaura.app, uid: 10422, pid: 30453
2026-05-07 20:43:52.154 30453-30913 OplusCamer...agerGlobal com.newaura.app                      I  setClientInfo, packageName: com.newaura.app, uid: 10422, pid: 30453
2026-05-07 20:43:52.155 30453-30913 OplusCamer...agerGlobal com.newaura.app                      I  setClientInfo, packageName: com.newaura.app, uid: 10422, pid: 30453
2026-05-07 20:43:52.157 30453-3131  cr_VideoCapture         com.newaura.app                      E  CameraDevice.StateCallback onOpened
2026-05-07 20:43:52.158 30453-3131  BufferQueueConsumer     com.newaura.app                      D  [](id:76f50000000e,api:0,p:-1,c:30453) connect: controlledByApp=true
2026-05-07 20:43:52.158 30453-3131  BufferQueueConsumer     com.newaura.app                      D  [unnamed-30453-11](id:76f50000000e,api:0,p:-1,c:30453) setMaxAcquiredBufferCount: 2
2026-05-07 20:43:52.160 30453-30913 OplusCamer...agerGlobal com.newaura.app                      I  setClientInfo, packageName: com.newaura.app, uid: 10422, pid: 30453
2026-05-07 20:43:52.160 30453-3131  OplusCamer...agerGlobal com.newaura.app                      I  setClientInfo, packageName: com.newaura.app, uid: 10422, pid: 30453
2026-05-07 20:43:52.161 30453-30913 OplusCamer...agerGlobal com.newaura.app                      I  setClientInfo, packageName: com.newaura.app, uid: 10422, pid: 30453
2026-05-07 20:43:52.164 30453-3131  OplusCamer...agerGlobal com.newaura.app                      I  setClientInfo, packageName: com.newaura.app, uid: 10422, pid: 30453
2026-05-07 20:43:52.168 30453-30913 OplusCamer...agerGlobal com.newaura.app                      I  setClientInfo, packageName: com.newaura.app, uid: 10422, pid: 30453
2026-05-07 20:43:52.169 30453-3131  OplusCamer...agerGlobal com.newaura.app                      I  setIsCameraUnitSession E
2026-05-07 20:43:52.172 30453-30913 OplusCamer...agerGlobal com.newaura.app                      I  setClientInfo, packageName: com.newaura.app, uid: 10422, pid: 30453
2026-05-07 20:43:52.173 30453-30913 OplusCamer...agerGlobal com.newaura.app                      I  setClientInfo, packageName: com.newaura.app, uid: 10422, pid: 30453
2026-05-07 20:43:52.177 30453-30913 OplusCamer...agerGlobal com.newaura.app                      I  setClientInfo, packageName: com.newaura.app, uid: 10422, pid: 30453
2026-05-07 20:43:52.178 30453-30913 OplusCamer...agerGlobal com.newaura.app                      I  setClientInfo, packageName: com.newaura.app, uid: 10422, pid: 30453
2026-05-07 20:43:52.182 30453-30913 OplusCamer...agerGlobal com.newaura.app                      I  setClientInfo, packageName: com.newaura.app, uid: 10422, pid: 30453
2026-05-07 20:43:52.183 30453-30913 OplusCamer...agerGlobal com.newaura.app                      I  setClientInfo, packageName: com.newaura.app, uid: 10422, pid: 30453
2026-05-07 20:43:52.184 30453-30913 OplusCamer...agerGlobal com.newaura.app                      I  setClientInfo, packageName: com.newaura.app, uid: 10422, pid: 30453
2026-05-07 20:43:52.189 30453-30913 OplusCamer...agerGlobal com.newaura.app                      I  setClientInfo, packageName: com.newaura.app, uid: 10422, pid: 30453
2026-05-07 20:43:52.191 30453-30913 OplusCamer...agerGlobal com.newaura.app                      I  setClientInfo, packageName: com.newaura.app, uid: 10422, pid: 30453
2026-05-07 20:43:52.372 30453-30453 VRI[MainActivity]       com.newaura.app                      W  handleResized abandoned!
2026-05-07 20:43:52.492 30453-3131  OplusCamer...agerGlobal com.newaura.app                      I  setClientInfo, packageName: com.newaura.app, uid: 10422, pid: 30453
2026-05-07 20:43:52.508 30453-3131  OplusCamer...agerGlobal com.newaura.app                      I  setClientInfo, packageName: com.newaura.app, uid: 10422, pid: 30453
2026-05-07 20:43:52.513 30453-3131  OplusCamer...agerGlobal com.newaura.app                      I  setClientInfo, packageName: com.newaura.app, uid: 10422, pid: 30453
2026-05-07 20:43:52.525 30453-3131  OplusCamer...agerGlobal com.newaura.app                      I  setClientInfo, packageName: com.newaura.app, uid: 10422, pid: 30453
2026-05-07 20:43:52.537 30453-30913 OplusCamer...agerGlobal com.newaura.app                      I  setClientInfo, packageName: com.newaura.app, uid: 10422, pid: 30453
2026-05-07 20:43:52.537 30453-30774 cr_media                com.newaura.app                      W  Requires MODIFY_AUDIO_SETTINGS and RECORD_AUDIO. No audio device will be available for recording
2026-05-07 20:43:52.538 30453-30913 OplusCamer...agerGlobal com.newaura.app                      I  setClientInfo, packageName: com.newaura.app, uid: 10422, pid: 30453
2026-05-07 20:43:52.539 30453-30913 OplusCamer...agerGlobal com.newaura.app                      I  setClientInfo, packageName: com.newaura.app, uid: 10422, pid: 30453
2026-05-07 20:43:52.544 30453-30913 OplusCamer...agerGlobal com.newaura.app                      I  setClientInfo, packageName: com.newaura.app, uid: 10422, pid: 30453
2026-05-07 20:43:52.545 30453-30913 OplusCamer...agerGlobal com.newaura.app                      I  setClientInfo, packageName: com.newaura.app, uid: 10422, pid: 30453
2026-05-07 20:43:52.547 30453-30913 OplusCamer...agerGlobal com.newaura.app                      I  setClientInfo, packageName: com.newaura.app, uid: 10422, pid: 30453
2026-05-07 20:43:52.561 30453-30913 OplusCamer...agerGlobal com.newaura.app                      I  setClientInfo, packageName: com.newaura.app, uid: 10422, pid: 30453
2026-05-07 20:43:52.562 30453-30913 OplusCamer...agerGlobal com.newaura.app                      I  setClientInfo, packageName: com.newaura.app, uid: 10422, pid: 30453
2026-05-07 20:43:52.567 30453-30913 OplusCamer...agerGlobal com.newaura.app                      I  setClientInfo, packageName: com.newaura.app, uid: 10422, pid: 30453
2026-05-07 20:43:52.567 30453-30913 OplusCamer...agerGlobal com.newaura.app                      I  setClientInfo, packageName: com.newaura.app, uid: 10422, pid: 30453
2026-05-07 20:43:52.573 30453-30913 OplusCamer...agerGlobal com.newaura.app                      I  setClientInfo, packageName: com.newaura.app, uid: 10422, pid: 30453
2026-05-07 20:43:52.574 30453-30913 OplusCamer...agerGlobal com.newaura.app                      I  setClientInfo, packageName: com.newaura.app, uid: 10422, pid: 30453
2026-05-07 20:43:52.575 30453-30913 OplusCamer...agerGlobal com.newaura.app                      I  setClientInfo, packageName: com.newaura.app, uid: 10422, pid: 30453
2026-05-07 20:43:52.577 30453-30515 GPUAUX                  com.newaura.app                      E  [AUX]GuiExtAuxCheckAuxPath:682: Null anb
2026-05-07 20:43:52.577 30453-30515 GPUAUX                  com.newaura.app                      E  [AUX]GuiExtAuxCheckAuxPath:682: Null anb
2026-05-07 20:43:52.577 30453-30515 GPUAUX                  com.newaura.app                      E  [AUX]GuiExtAuxCheckAuxPath:682: Null anb
2026-05-07 20:43:52.577 30453-30515 GPUAUX                  com.newaura.app                      E  [AUX]GuiExtAuxCheckAuxPath:682: Null anb
2026-05-07 20:43:52.583 30453-30913 OplusCamer...agerGlobal com.newaura.app                      I  setClientInfo, packageName: com.newaura.app, uid: 10422, pid: 30453
2026-05-07 20:43:52.585 30453-30913 OplusCamer...agerGlobal com.newaura.app                      I  setClientInfo, packageName: com.newaura.app, uid: 10422, pid: 30453
2026-05-07 20:43:52.603 30453-30774 AudioRecord             com.newaura.app                      D  getMinFrameCount 1920
2026-05-07 20:43:52.605 30453-30774 AudioEffect             com.newaura.app                      I  queryNumberEffects(): *numEffects = 16, ret = 0
2026-05-07 20:43:52.668 30453-30515 GPUAUX                  com.newaura.app                      E  [AUX]GuiExtAuxCheckAuxPath:682: Null anb
2026-05-07 20:43:52.668 30453-30515 GPUAUX                  com.newaura.app                      E  [AUX]GuiExtAuxCheckAuxPath:682: Null anb
2026-05-07 20:43:52.668 30453-30515 GPUAUX                  com.newaura.app                      E  [AUX]GuiExtAuxCheckAuxPath:682: Null anb
2026-05-07 20:43:52.696 30453-30515 GPUAUX                  com.newaura.app                      E  [AUX]GuiExtAuxCheckAuxPath:682: Null anb
2026-05-07 20:43:52.696 30453-30515 GPUAUX                  com.newaura.app                      E  [AUX]GuiExtAuxCheckAuxPath:682: Null anb
2026-05-07 20:43:52.696 30453-30515 GPUAUX                  com.newaura.app                      E  [AUX]GuiExtAuxCheckAuxPath:682: Null anb
2026-05-07 20:43:52.722 30453-30515 GPUAUX                  com.newaura.app                      E  [AUX]GuiExtAuxCheckAuxPath:682: Null anb
2026-05-07 20:43:52.723 30453-30515 GPUAUX                  com.newaura.app                      E  [AUX]GuiExtAuxCheckAuxPath:682: Null anb
2026-05-07 20:43:52.723 30453-30515 GPUAUX                  com.newaura.app                      E  [AUX]GuiExtAuxCheckAuxPath:682: Null anb
2026-05-07 20:43:52.757 30453-30515 GPUAUX                  com.newaura.app                      E  [AUX]GuiExtAuxCheckAuxPath:682: Null anb
2026-05-07 20:43:52.758 30453-30515 GPUAUX                  com.newaura.app                      E  [AUX]GuiExtAuxCheckAuxPath:682: Null anb
2026-05-07 20:43:52.758 30453-30515 GPUAUX                  com.newaura.app                      E  [AUX]GuiExtAuxCheckAuxPath:682: Null anb
2026-05-07 20:43:52.801 30453-30515 GPUAUX                  com.newaura.app                      E  [AUX]GuiExtAuxCheckAuxPath:682: Null anb
2026-05-07 20:43:52.801 30453-30515 GPUAUX                  com.newaura.app                      E  [AUX]GuiExtAuxCheckAuxPath:682: Null anb
2026-05-07 20:43:52.801 30453-30515 GPUAUX                  com.newaura.app                      E  [AUX]GuiExtAuxCheckAuxPath:682: Null anb
2026-05-07 20:43:52.823 30453-30515 GPUAUX                  com.newaura.app                      E  [AUX]GuiExtAuxCheckAuxPath:682: Null anb
2026-05-07 20:43:52.823 30453-30515 GPUAUX                  com.newaura.app                      E  [AUX]GuiExtAuxCheckAuxPath:682: Null anb
2026-05-07 20:43:52.823 30453-30515 GPUAUX                  com.newaura.app                      E  [AUX]GuiExtAuxCheckAuxPath:682: Null anb
2026-05-07 20:43:52.865 30453-30515 GPUAUX                  com.newaura.app                      E  [AUX]GuiExtAuxCheckAuxPath:682: Null anb
2026-05-07 20:43:52.865 30453-30515 GPUAUX                  com.newaura.app                      E  [AUX]GuiExtAuxCheckAuxPath:682: Null anb
2026-05-07 20:43:52.865 30453-30515 GPUAUX                  com.newaura.app                      E  [AUX]GuiExtAuxCheckAuxPath:682: Null anb
2026-05-07 20:43:52.902 30453-30515 GPUAUX                  com.newaura.app                      E  [AUX]GuiExtAuxCheckAuxPath:682: Null anb
2026-05-07 20:43:52.902 30453-30515 GPUAUX                  com.newaura.app                      E  [AUX]GuiExtAuxCheckAuxPath:682: Null anb
2026-05-07 20:43:52.902 30453-30515 GPUAUX                  com.newaura.app                      E  [AUX]GuiExtAuxCheckAuxPath:682: Null anb
2026-05-07 20:43:52.948 30453-30515 GPUAUX                  com.newaura.app                      E  [AUX]GuiExtAuxCheckAuxPath:682: Null anb
2026-05-07 20:43:52.948 30453-30515 GPUAUX                  com.newaura.app                      E  [AUX]GuiExtAuxCheckAuxPath:682: Null anb
2026-05-07 20:43:52.948 30453-30515 GPUAUX                  com.newaura.app                      E  [AUX]GuiExtAuxCheckAuxPath:682: Null anb
2026-05-07 20:43:52.957 30453-30453 IJankManager            com.newaura.app                      E  slideSceneEnd unknown scene 1002 mScene:-1
2026-05-07 20:43:52.958 30453-30453 AutofillManager         com.newaura.app                      V  requestHideFillUi(null): anchor = null
2026-05-07 20:43:52.981 30453-30515 GPUAUX                  com.newaura.app                      E  [AUX]GuiExtAuxCheckAuxPath:682: Null anb
2026-05-07 20:43:52.981 30453-30515 GPUAUX                  com.newaura.app                      E  [AUX]GuiExtAuxCheckAuxPath:682: Null anb
2026-05-07 20:43:52.981 30453-30515 GPUAUX                  com.newaura.app                      E  [AUX]GuiExtAuxCheckAuxPath:682: Null anb
2026-05-07 20:43:53.019 30453-30515 GPUAUX                  com.newaura.app                      E  [AUX]GuiExtAuxCheckAuxPath:682: Null anb
2026-05-07 20:43:53.019 30453-30515 GPUAUX                  com.newaura.app                      E  [AUX]GuiExtAuxCheckAuxPath:682: Null anb
2026-05-07 20:43:53.019 30453-30515 GPUAUX                  com.newaura.app                      E  [AUX]GuiExtAuxCheckAuxPath:682: Null anb
2026-05-07 20:43:53.066 30453-30515 GPUAUX                  com.newaura.app                      E  [AUX]GuiExtAuxCheckAuxPath:682: Null anb
2026-05-07 20:43:53.066 30453-30515 GPUAUX                  com.newaura.app                      E  [AUX]GuiExtAuxCheckAuxPath:682: Null anb
2026-05-07 20:43:53.066 30453-30515 GPUAUX                  com.newaura.app                      E  [AUX]GuiExtAuxCheckAuxPath:682: Null anb
2026-05-07 20:43:53.100 30453-30515 GPUAUX                  com.newaura.app                      E  [AUX]GuiExtAuxCheckAuxPath:682: Null anb
2026-05-07 20:43:53.100 30453-30515 GPUAUX                  com.newaura.app                      E  [AUX]GuiExtAuxCheckAuxPath:682: Null anb
2026-05-07 20:43:53.100 30453-30515 GPUAUX                  com.newaura.app                      E  [AUX]GuiExtAuxCheckAuxPath:682: Null anb
2026-05-07 20:43:53.148 30453-30515 GPUAUX                  com.newaura.app                      E  [AUX]GuiExtAuxCheckAuxPath:682: Null anb
2026-05-07 20:43:53.148 30453-30515 GPUAUX                  com.newaura.app                      E  [AUX]GuiExtAuxCheckAuxPath:682: Null anb
2026-05-07 20:43:53.148 30453-30515 GPUAUX                  com.newaura.app                      E  [AUX]GuiExtAuxCheckAuxPath:682: Null anb
2026-05-07 20:43:53.200 30453-30515 GPUAUX                  com.newaura.app                      E  [AUX]GuiExtAuxCheckAuxPath:682: Null anb
2026-05-07 20:43:53.200 30453-30515 GPUAUX                  com.newaura.app                      E  [AUX]GuiExtAuxCheckAuxPath:682: Null anb
2026-05-07 20:43:53.200 30453-30515 GPUAUX                  com.newaura.app                      E  [AUX]GuiExtAuxCheckAuxPath:682: Null anb
2026-05-07 20:43:53.244 30453-30515 GPUAUX                  com.newaura.app                      E  [AUX]GuiExtAuxCheckAuxPath:682: Null anb
2026-05-07 20:43:53.244 30453-30515 GPUAUX                  com.newaura.app                      E  [AUX]GuiExtAuxCheckAuxPath:682: Null anb
2026-05-07 20:43:53.244 30453-30515 GPUAUX                  com.newaura.app                      E  [AUX]GuiExtAuxCheckAuxPath:682: Null anb
2026-05-07 20:43:53.267 30453-30515 GPUAUX                  com.newaura.app                      E  [AUX]GuiExtAuxCheckAuxPath:682: Null anb
2026-05-07 20:43:53.267 30453-30515 GPUAUX                  com.newaura.app                      E  [AUX]GuiExtAuxCheckAuxPath:682: Null anb
2026-05-07 20:43:53.267 30453-30515 GPUAUX                  com.newaura.app                      E  [AUX]GuiExtAuxCheckAuxPath:682: Null anb
2026-05-07 20:43:53.283 30453-30774 cr_media                com.newaura.app                      W  Requires MODIFY_AUDIO_SETTINGS and RECORD_AUDIO. No audio device will be available for recording
2026-05-07 20:43:53.286 30453-30774 AudioRecord             com.newaura.app                      D  getMinFrameCount 1920
2026-05-07 20:43:53.286 30453-30774 AudioEffect             com.newaura.app                      I  queryNumberEffects(): *numEffects = 16, ret = 0
2026-05-07 20:43:53.311 30453-30774 cr_media                com.newaura.app                      W  Requires MODIFY_AUDIO_SETTINGS and RECORD_AUDIO. No audio device will be available for recording
2026-05-07 20:43:53.314 30453-30774 AudioRecord             com.newaura.app                      D  getMinFrameCount 1920
2026-05-07 20:43:53.315 30453-30774 AudioEffect             com.newaura.app                      I  queryNumberEffects(): *numEffects = 16, ret = 0
2026-05-07 20:43:53.320 30453-30515 GPUAUX                  com.newaura.app                      E  [AUX]GuiExtAuxCheckAuxPath:682: Null anb
2026-05-07 20:43:53.320 30453-30515 GPUAUX                  com.newaura.app                      E  [AUX]GuiExtAuxCheckAuxPath:682: Null anb
2026-05-07 20:43:53.320 30453-30515 GPUAUX                  com.newaura.app                      E  [AUX]GuiExtAuxCheckAuxPath:682: Null anb
2026-05-07 20:43:53.343 30453-30774 AudioRecord             com.newaura.app                      D  getMinFrameCount 1920
2026-05-07 20:43:53.343 30453-30774 AudioEffect             com.newaura.app                      I  queryNumberEffects(): *numEffects = 16, ret = 0
2026-05-07 20:43:53.353 30453-30774 cr_media                com.newaura.app                      W  Requires MODIFY_AUDIO_SETTINGS and RECORD_AUDIO. Selected device will not be available for recording
2026-05-07 20:43:53.353 30453-30774 chromium                com.newaura.app                      E  [ERROR:media/audio/android/audio_manager_android.cc:876] Unable to select communication device!
2026-05-07 20:43:53.365 30453-30515 GPUAUX                  com.newaura.app                      E  [AUX]GuiExtAuxCheckAuxPath:682: Null anb
2026-05-07 20:43:53.366 30453-30515 GPUAUX                  com.newaura.app                      E  [AUX]GuiExtAuxCheckAuxPath:682: Null anb
2026-05-07 20:43:53.366 30453-30515 GPUAUX                  com.newaura.app                      E  [AUX]GuiExtAuxCheckAuxPath:682: Null anb
2026-05-07 20:43:53.382 30453-30914 libc                    com.newaura.app                      W  Access denied finding property "vendor.debug.stagefright.mediacodec.trace"
2026-05-07 20:43:53.383 30453-30803 libc                    com.newaura.app                      W  Access denied finding property "vendor.debug.stagefright.mediacodec.trace"
2026-05-07 20:43:53.403 30453-30515 GPUAUX                  com.newaura.app                      E  [AUX]GuiExtAuxCheckAuxPath:682: Null anb
2026-05-07 20:43:53.403 30453-30515 GPUAUX                  com.newaura.app                      E  [AUX]GuiExtAuxCheckAuxPath:682: Null anb
2026-05-07 20:43:53.403 30453-30515 GPUAUX                  com.newaura.app                      E  [AUX]GuiExtAuxCheckAuxPath:682: Null anb
2026-05-07 20:43:53.404 30453-3348  CCodecConfig            com.newaura.app                      D  read media type: audio/mp4a-latm
2026-05-07 20:43:53.422 30453-3348  ReflectedParamUpdater   com.newaura.app                      D  extent() != 1 for single value type: algo.buffers.max-count.values
2026-05-07 20:43:53.424 30453-3348  ReflectedParamUpdater   com.newaura.app                      D  extent() != 1 for single value type: output.subscribed-indices.values
2026-05-07 20:43:53.425 30453-3348  ReflectedParamUpdater   com.newaura.app                      D  extent() != 1 for single value type: input.buffers.allocator-ids.values
2026-05-07 20:43:53.425 30453-3348  ReflectedParamUpdater   com.newaura.app                      D  extent() != 1 for single value type: output.buffers.allocator-ids.values
2026-05-07 20:43:53.426 30453-3348  ReflectedParamUpdater   com.newaura.app                      D  extent() != 1 for single value type: algo.buffers.allocator-ids.values
2026-05-07 20:43:53.426 30453-3348  ReflectedParamUpdater   com.newaura.app                      D  extent() != 1 for single value type: output.buffers.pool-ids.values
2026-05-07 20:43:53.430 30453-3348  ReflectedParamUpdater   com.newaura.app                      D  extent() != 1 for single value type: algo.buffers.pool-ids.values
2026-05-07 20:43:53.436 30453-3348  CCodecConfig            com.newaura.app                      I  query failed after returning 10 values (BAD_INDEX)
2026-05-07 20:43:53.438 30453-30515 GPUAUX                  com.newaura.app                      E  [AUX]GuiExtAuxCheckAuxPath:682: Null anb
2026-05-07 20:43:53.438 30453-30515 GPUAUX                  com.newaura.app                      E  [AUX]GuiExtAuxCheckAuxPath:682: Null anb
2026-05-07 20:43:53.439 30453-30515 GPUAUX                  com.newaura.app                      E  [AUX]GuiExtAuxCheckAuxPath:682: Null anb
2026-05-07 20:43:53.439 30453-30515 GPUAUX                  com.newaura.app                      E  [AUX]GuiExtAuxCheckAuxPath:682: Null anb
2026-05-07 20:43:53.439 30453-30515 GPUAUX                  com.newaura.app                      E  [AUX]GuiExtAuxCheckAuxPath:682: Null anb
2026-05-07 20:43:53.439 30453-30515 GPUAUX                  com.newaura.app                      E  [AUX]GuiExtAuxCheckAuxPath:682: Null anb
2026-05-07 20:43:53.439 30453-30515 GPUAUX                  com.newaura.app                      E  [AUX]GuiExtAuxCheckAuxPath:682: Null anb
2026-05-07 20:43:53.443 30453-30803 MediaCodec              com.newaura.app                      E  Media Quality Service not found.
2026-05-07 20:43:53.445 30453-3348  AString                 com.newaura.app                      W  ctor got NULL, using empty string instead
2026-05-07 20:43:53.450 30453-3348  Codec2Client            com.newaura.app                      W  query -- param skipped: index = 1107298332.
2026-05-07 20:43:53.451 30453-3348  CCodecConfig            com.newaura.app                      I  query failed after returning 10 values (BAD_INDEX)
2026-05-07 20:43:53.451 30453-3348  com.newaura.app         com.newaura.app                      E  Failed to query component interface for required system resources: 6
2026-05-07 20:43:53.461 30453-3350  CCodecConfig            com.newaura.app                      D  read media type: video/avc
2026-05-07 20:43:53.461 30453-3348  Codec2Client            com.newaura.app                      W  query -- param skipped: index = 1342179345.
2026-05-07 20:43:53.461 30453-3348  Codec2Client            com.newaura.app                      W  query -- param skipped: index = 2415921170.
2026-05-07 20:43:53.462 30453-3348  Codec2Client            com.newaura.app                      W  query -- param skipped: index = 3254792206.
2026-05-07 20:43:53.462 30453-3348  Codec2Client            com.newaura.app                      W  query -- param skipped: index = 3254792194.
2026-05-07 20:43:53.466 30453-3348  BufferPoolAccessor2.0   com.newaura.app                      D  bufferpool2 0xb400007571cdce28 : 8(16752640 size) total buffers - 8(16752640 size) used buffers - 19/28 (recycle/alloc) - 9/20 (fetch/transfer)
2026-05-07 20:43:53.471 30453-3348  CCodecBuffers           com.newaura.app                      D  [c2.android.aac.encoder#110:1D-Output.Impl[N]] converted 0 buffers to array mode of 4
2026-05-07 20:43:53.479 30453-3350  ReflectedParamUpdater   com.newaura.app                      D  extent() != 1 for single value type: algo.buffers.max-count.values
2026-05-07 20:43:53.482 30453-3350  ReflectedParamUpdater   com.newaura.app                      D  extent() != 1 for single value type: output.subscribed-indices.values
2026-05-07 20:43:53.482 30453-3350  ReflectedParamUpdater   com.newaura.app                      D  extent() != 1 for single value type: input.buffers.allocator-ids.values
2026-05-07 20:43:53.483 30453-3350  ReflectedParamUpdater   com.newaura.app                      D  extent() != 1 for single value type: output.buffers.allocator-ids.values
2026-05-07 20:43:53.483 30453-3350  ReflectedParamUpdater   com.newaura.app                      D  extent() != 1 for single value type: algo.buffers.allocator-ids.values
2026-05-07 20:43:53.484 30453-3350  ReflectedParamUpdater   com.newaura.app                      D  extent() != 1 for single value type: output.buffers.pool-ids.values
2026-05-07 20:43:53.484 30453-3350  ReflectedParamUpdater   com.newaura.app                      D  extent() != 1 for single value type: algo.buffers.pool-ids.values
2026-05-07 20:43:53.492 30453-3350  ReflectedParamUpdater   com.newaura.app                      D  ignored struct field coding.gop.values
2026-05-07 20:43:53.499 30453-3350  ReflectedParamUpdater   com.newaura.app                      D  ignored struct field coding.qp.values
2026-05-07 20:43:53.501 30453-3350  CCodecConfig            com.newaura.app                      D  ignoring local param raw.color (0xc2001809) as it is already supported
2026-05-07 20:43:53.504 30453-3350  CCodecConfig            com.newaura.app                      I  query failed after returning 22 values (BAD_INDEX)
2026-05-07 20:43:53.505 30453-3350  ColorUtils              com.newaura.app                      W  expected specified color aspects (0:0:0:0)
2026-05-07 20:43:53.519 30453-30914 MediaCodec              com.newaura.app                      E  Media Quality Service not found.
2026-05-07 20:43:53.525 30453-30515 GPUAUX                  com.newaura.app                      E  [AUX]GuiExtAuxCheckAuxPath:682: Null anb
2026-05-07 20:43:53.547 30453-3349  OplusCCodec             com.newaura.app                      W  Ext activity return: 0, value: .
2026-05-07 20:43:53.549 30453-3349  AString                 com.newaura.app                      W  ctor got NULL, using empty string instead
2026-05-07 20:43:53.550 30453-3349  AtlasEventUploadUtils   com.newaura.app                      D  setEvent event:atlas_event_video_monitor_network_switch
2026-05-07 20:43:53.563 30453-3350  ColorUtils              com.newaura.app                      W  expected specified color aspects (0:0:0:0)
2026-05-07 20:43:53.564 30453-3350  Codec2Client            com.newaura.app                      W  query -- param skipped: index = 3254781982.
2026-05-07 20:43:53.570 30453-32413 BufferPoolAccessor2.0   com.newaura.app                      D  Destruction - bufferpool2 0xb400007593162428 cached: 0/0M, 0/0% in use; allocs: 1, 0% recycled; transfers: 0, 0% unfetched
2026-05-07 20:43:53.570 30453-30515 GPUAUX                  com.newaura.app                      E  [AUX]GuiExtAuxCheckAuxPath:682: Null anb
2026-05-07 20:43:53.571 30453-30515 GPUAUX                  com.newaura.app                      E  [AUX]GuiExtAuxCheckAuxPath:682: Null anb
2026-05-07 20:43:53.571 30453-30515 GPUAUX                  com.newaura.app                      E  [AUX]GuiExtAuxCheckAuxPath:682: Null anb
2026-05-07 20:43:53.571 30453-30515 GPUAUX                  com.newaura.app                      E  [AUX]GuiExtAuxCheckAuxPath:682: Null anb
2026-05-07 20:43:53.571 30453-3350  CCodecConfig            com.newaura.app                      I  query failed after returning 24 values (BAD_INDEX)
2026-05-07 20:43:53.572 30453-3350  ColorUtils              com.newaura.app                      W  expected specified color aspects (0:0:0:0)
2026-05-07 20:43:53.573 30453-3350  com.newaura.app         com.newaura.app                      E  Failed to query component interface for required system resources: 6
2026-05-07 20:43:53.606 30453-3350  Codec2Client            com.newaura.app                      W  query -- param skipped: index = 1342179345.
2026-05-07 20:43:53.606 30453-3350  Codec2Client            com.newaura.app                      W  query -- param skipped: index = 2415921170.
2026-05-07 20:43:53.606 30453-3350  Codec2Client            com.newaura.app                      W  query -- param skipped: index = 1342179342.
2026-05-07 20:43:53.606 30453-3350  Codec2Client            com.newaura.app                      W  query -- param skipped: index = 1610614821.
2026-05-07 20:43:53.609 30453-30515 GPUAUX                  com.newaura.app                      E  [AUX]GuiExtAuxCheckAuxPath:682: Null anb
