2026-05-05 17:32:13.428 21650-23189 ColorUtils              com.newaura.app                      W  expected specified color aspects (2:0:0:0)
2026-05-05 17:32:13.446 21650-21892 MediaCodec              com.newaura.app                      E  Media Quality Service not found.
2026-05-05 17:32:13.448 21650-21650 IJankManager            com.newaura.app                      E  slideSceneEnd unknown scene 1002 mScene:-1
2026-05-05 17:32:13.449 21650-21650 AutofillManager         com.newaura.app                      V  requestHideFillUi(null): anchor = null
2026-05-05 17:32:13.450 21650-23188 SurfaceUtils            com.newaura.app                      D  connecting to surface 0xb4000075716a9610, reason connectToSurface
2026-05-05 17:32:13.450 21650-23188 SurfaceUtils            com.newaura.app                      D  disconnecting from surface 0xb4000075716a9610, reason connectToSurface(reconnect)
2026-05-05 17:32:13.451 21650-23188 SurfaceUtils            com.newaura.app                      D  connecting to surface 0xb4000075716a9600, reason connectToSurface(reconnect-with-listener)
2026-05-05 17:32:13.453 21650-23188 AString                 com.newaura.app                      W  ctor got NULL, using empty string instead
2026-05-05 17:32:13.453 21650-23188 libc                    com.newaura.app                      W  Access denied finding property "vendor.oplus.media.vpp.stutter"
2026-05-05 17:32:13.454 21650-23188 AtlasEventUploadUtils   com.newaura.app                      D  setEvent event:atlas_event_video_monitor_network_switch
2026-05-05 17:32:13.467 21650-23189 Codec2Client            com.newaura.app                      W  query -- param skipped: index = 1107298332.
2026-05-05 17:32:13.467 21650-23189 CCodec                  com.newaura.app                      W  This behavior is subject to change. It is recommended that app developers double check whether the requested max input size is in reasonable range.
2026-05-05 17:32:13.468 21650-23189 CCodecConfig            com.newaura.app                      I  query failed after returning 20 values (BAD_INDEX)
2026-05-05 17:32:13.468 21650-23189 com.newaura.app         com.newaura.app                      E  Failed to query component interface for required system resources: 6
2026-05-05 17:32:13.476 21650-23189 Codec2Client            com.newaura.app                      W  query -- param skipped: index = 1342179345.
2026-05-05 17:32:13.477 21650-23189 Codec2Client            com.newaura.app                      W  query -- param skipped: index = 2415921170.
2026-05-05 17:32:13.477 21650-23189 Codec2Client            com.newaura.app                      W  query -- param skipped: index = 1610614798.
2026-05-05 17:32:13.478 21650-23189 C2Store                 com.newaura.app                      D  Using DMABUF Heaps
2026-05-05 17:32:13.483 21650-23189 Codec2-Out...ufferQueue com.newaura.app                      D  remote graphic buffer migration 0/0
2026-05-05 17:32:13.484 21650-23189 Codec2Client            com.newaura.app                      D  setOutputSurface -- generation=22169601 consumer usage=0x900
2026-05-05 17:32:13.485 21650-21778 GPUAUX                  com.newaura.app                      E  [AUX]GuiExtAuxCheckAuxPath:682: Null anb
2026-05-05 17:32:13.485 21650-21778 GPUAUX                  com.newaura.app                      E  [AUX]GuiExtAuxCheckAuxPath:682: Null anb
2026-05-05 17:32:13.486 21650-21778 GPUAUX                  com.newaura.app                      E  [AUX]GuiExtAuxCheckAuxPath:682: Null anb
2026-05-05 17:32:13.486 21650-21778 GPUAUX                  com.newaura.app                      E  [AUX]GuiExtAuxCheckAuxPath:682: Null anb
2026-05-05 17:32:13.500 21650-22220 PowerHalMgrImpl         com.newaura.app                      I  hdl:399917, pid:21650 
2026-05-05 17:32:13.503 21650-23189 Codec2Client            com.newaura.app                      D  Surface configure completed
2026-05-05 17:32:13.503 21650-23189 DMABUFHEAPS             com.newaura.app                      I  Using DMA-BUF heap named: mtk_mm
2026-05-05 17:32:13.510 21650-21892 cr_MediaCodecBridge     com.newaura.app                      I  create MediaCodec video decoder, mime video/avc, decoder name c2.mtk.avc.decoder, block_model=false
2026-05-05 17:32:13.514 21650-21892 libc                    com.newaura.app                      W  Access denied finding property "vendor.debug.stagefright.mediacodec.trace"
2026-05-05 17:32:13.528 21650-21778 GPUAUX                  com.newaura.app                      E  [AUX]GuiExtAuxCheckAuxPath:682: Null anb
2026-05-05 17:32:13.528 21650-21778 GPUAUX                  com.newaura.app                      E  [AUX]GuiExtAuxCheckAuxPath:682: Null anb
2026-05-05 17:32:13.533 21650-21650 OplusViewD...ViewHelper com.newaura.app                      D  dispatchTouchView action = 1
2026-05-05 17:32:13.533 21650-21650 ScrollIdentify          com.newaura.app                      I  on fling
2026-05-05 17:32:13.533 21650-21650 ViewRootImplExtImpl     com.newaura.app                      D  the up motion event handled by client, just return
2026-05-05 17:32:13.545 21650-21650 Vibrator                com.newaura.app                      D  SystemVibrator Created
2026-05-05 17:32:13.557 21650-23209 CCodecConfig            com.newaura.app                      D  read media type: video/avc
2026-05-05 17:32:13.564 21650-23209 ReflectedParamUpdater   com.newaura.app                      D  extent() != 1 for single value type: algo.buffers.max-count.values
2026-05-05 17:32:13.565 21650-23209 ReflectedParamUpdater   com.newaura.app                      D  extent() != 1 for single value type: output.subscribed-indices.values
2026-05-05 17:32:13.566 21650-23209 ReflectedParamUpdater   com.newaura.app                      D  extent() != 1 for single value type: input.buffers.allocator-ids.values
2026-05-05 17:32:13.566 21650-23209 ReflectedParamUpdater   com.newaura.app                      D  extent() != 1 for single value type: output.buffers.allocator-ids.values
2026-05-05 17:32:13.567 21650-23209 ReflectedParamUpdater   com.newaura.app                      D  extent() != 1 for single value type: algo.buffers.allocator-ids.values
2026-05-05 17:32:13.568 21650-23209 ReflectedParamUpdater   com.newaura.app                      D  extent() != 1 for single value type: output.buffers.pool-ids.values
2026-05-05 17:32:13.569 21650-23209 ReflectedParamUpdater   com.newaura.app                      D  extent() != 1 for single value type: algo.buffers.pool-ids.values
2026-05-05 17:32:13.569 21650-21778 GPUAUX                  com.newaura.app                      E  [AUX]GuiExtAuxCheckAuxPath:682: Null anb
2026-05-05 17:32:13.569 21650-21778 GPUAUX                  com.newaura.app                      E  [AUX]GuiExtAuxCheckAuxPath:682: Null anb
2026-05-05 17:32:13.570 21650-22220 PowerHalMgrImpl         com.newaura.app                      I  hdl:399919, pid:21650 
2026-05-05 17:32:13.572 21650-23209 ReflectedParamUpdater   com.newaura.app                      D  ignored struct field coded.color-format.locations
2026-05-05 17:32:13.586 21650-23209 ReflectedParamUpdater   com.newaura.app                      D  Could not describe oplus.vpp.is.ff.mode
2026-05-05 17:32:13.587 21650-23209 ReflectedParamUpdater   com.newaura.app                      D  Could not describe oplus.vpp.white.list
2026-05-05 17:32:13.587 21650-23209 CCodecConfig            com.newaura.app                      D  ignoring local param raw.size (0xd2001800) as it is already supported
2026-05-05 17:32:13.587 21650-23209 CCodecConfig            com.newaura.app                      D  ignoring local param raw.crop (0xd2001801) as it is already supported
2026-05-05 17:32:13.587 21650-23209 CCodecConfig            com.newaura.app                      D  ignoring local param default.color (0x5200180b) as it is already supported
2026-05-05 17:32:13.587 21650-23209 CCodecConfig            com.newaura.app                      D  ignoring local param raw.hdr-static-info (0xd200180a) as it is already supported
2026-05-05 17:32:13.589 21650-23209 CCodecConfig            com.newaura.app                      I  query failed after returning 18 values (BAD_INDEX)
2026-05-05 17:32:13.591 21650-23209 ColorUtils              com.newaura.app                      W  expected specified color aspects (2:0:0:0)
2026-05-05 17:32:13.600 21650-23189 Codec2-Out...ufferQueue com.newaura.app                      D  set max dequeue count 21 from update
2026-05-05 17:32:13.606 21650-21778 GPUAUX                  com.newaura.app                      E  [AUX]GuiExtAuxCheckAuxPath:682: Null anb
2026-05-05 17:32:13.624 21650-21778 GPUAUX                  com.newaura.app                      E  [AUX]GuiExtAuxCheckAuxPath:682: Null anb
2026-05-05 17:32:13.634 21650-21892 MediaCodec              com.newaura.app                      E  Media Quality Service not found.
2026-05-05 17:32:13.634 21650-23207 SurfaceUtils            com.newaura.app                      D  connecting to surface 0xb4000078caf7fa10, reason connectToSurface
2026-05-05 17:32:13.634 21650-23207 SurfaceUtils            com.newaura.app                      D  disconnecting from surface 0xb4000078caf7fa10, reason connectToSurface(reconnect)
2026-05-05 17:32:13.634 21650-23207 SurfaceUtils            com.newaura.app                      D  connecting to surface 0xb4000078caf7fa00, reason connectToSurface(reconnect-with-listener)
2026-05-05 17:32:13.636 21650-21778 QualityInfo             com.newaura.app                      I  anim_jank|cost:18958769|action:8|scene:1002
2026-05-05 17:32:13.637 21650-23207 AString                 com.newaura.app                      W  ctor got NULL, using empty string instead
2026-05-05 17:32:13.637 21650-23207 libc                    com.newaura.app                      W  Access denied finding property "vendor.oplus.media.vpp.stutter"
2026-05-05 17:32:13.638 21650-23207 AtlasEventUploadUtils   com.newaura.app                      D  setEvent event:atlas_event_video_monitor_network_switch
2026-05-05 17:32:13.641 21650-21778 GPUAUX                  com.newaura.app                      E  [AUX]GuiExtAuxCheckAuxPath:682: Null anb
2026-05-05 17:32:13.650 21650-23209 Codec2Client            com.newaura.app                      W  query -- param skipped: index = 1107298332.
2026-05-05 17:32:13.650 21650-23209 CCodec                  com.newaura.app                      W  This behavior is subject to change. It is recommended that app developers double check whether the requested max input size is in reasonable range.
2026-05-05 17:32:13.651 21650-23209 CCodecConfig            com.newaura.app                      I  query failed after returning 20 values (BAD_INDEX)
2026-05-05 17:32:13.652 21650-23209 com.newaura.app         com.newaura.app                      E  Failed to query component interface for required system resources: 6
2026-05-05 17:32:13.662 21650-23209 Codec2Client            com.newaura.app                      W  query -- param skipped: index = 1342179345.
2026-05-05 17:32:13.662 21650-23209 Codec2Client            com.newaura.app                      W  query -- param skipped: index = 2415921170.
2026-05-05 17:32:13.662 21650-23209 Codec2Client            com.newaura.app                      W  query -- param skipped: index = 1610614798.
2026-05-05 17:32:13.662 21650-21778 GPUAUX                  com.newaura.app                      E  [AUX]GuiExtAuxCheckAuxPath:682: Null anb
2026-05-05 17:32:13.668 21650-23209 Codec2-Out...ufferQueue com.newaura.app                      D  remote graphic buffer migration 0/0
2026-05-05 17:32:13.668 21650-23209 Codec2Client            com.newaura.app                      D  setOutputSurface -- generation=22169602 consumer usage=0x900
2026-05-05 17:32:13.671 21650-23209 Codec2Client            com.newaura.app                      D  Surface configure completed
2026-05-05 17:32:13.692 21650-21778 GPUAUX                  com.newaura.app                      E  [AUX]GuiExtAuxCheckAuxPath:682: Null anb
2026-05-05 17:32:13.716 21650-21778 GPUAUX                  com.newaura.app                      E  [AUX]GuiExtAuxCheckAuxPath:682: Null anb
2026-05-05 17:32:13.716 21650-21778 GPUAUX                  com.newaura.app                      E  [AUX]GuiExtAuxCheckAuxPath:682: Null anb
2026-05-05 17:32:13.742 21650-21778 GPUAUX                  com.newaura.app                      E  [AUX]GuiExtAuxCheckAuxPath:682: Null anb
2026-05-05 17:32:13.748 21650-23209 Codec2-Out...ufferQueue com.newaura.app                      D  set max dequeue count 21 from update
2026-05-05 17:32:13.760 21650-21778 GPUAUX                  com.newaura.app                      E  [AUX]GuiExtAuxCheckAuxPath:682: Null anb
2026-05-05 17:32:13.920 21650-21778 GPUAUX                  com.newaura.app                      E  [AUX]GuiExtAuxCheckAuxPath:682: Null anb
2026-05-05 17:32:13.939 21650-21778 GPUAUX                  com.newaura.app                      E  [AUX]GuiExtAuxCheckAuxPath:682: Null anb
2026-05-05 17:32:13.939 21650-21778 GPUAUX                  com.newaura.app                      E  [AUX]GuiExtAuxCheckAuxPath:682: Null anb
2026-05-05 17:32:13.939 21650-21778 GPUAUX                  com.newaura.app                      E  [AUX]GuiExtAuxCheckAuxPath:682: Null anb
2026-05-05 17:32:13.939 21650-21778 GPUAUX                  com.newaura.app                      E  [AUX]GuiExtAuxCheckAuxPath:682: Null anb
2026-05-05 17:32:13.953 21650-21778 GPUAUX                  com.newaura.app                      E  [AUX]GuiExtAuxCheckAuxPath:682: Null anb
2026-05-05 17:32:13.968 21650-21979 BufferQueueConsumer     com.newaura.app                      D  [](id:549200000003,api:0,p:-1,c:21650) connect: controlledByApp=true
2026-05-05 17:32:13.968 21650-21979 BufferQueueConsumer     com.newaura.app                      D  [unnamed-21650-3](id:549200000003,api:0,p:-1,c:21650) setMaxAcquiredBufferCount: 2
2026-05-05 17:32:13.969 21650-21892 cr_MediaCodecBridge     com.newaura.app                      I  create MediaCodec video decoder, mime video/avc, decoder name c2.mtk.avc.decoder, block_model=false
2026-05-05 17:32:13.970 21650-21892 libc                    com.newaura.app                      W  Access denied finding property "vendor.debug.stagefright.mediacodec.trace"
2026-05-05 17:32:13.971 21650-21778 GPUAUX                  com.newaura.app                      E  [AUX]GuiExtAuxCheckAuxPath:682: Null anb
2026-05-05 17:32:13.971 21650-21778 GPUAUX                  com.newaura.app                      E  [AUX]GuiExtAuxCheckAuxPath:682: Null anb
2026-05-05 17:32:13.971 21650-21778 GPUAUX                  com.newaura.app                      E  [AUX]GuiExtAuxCheckAuxPath:682: Null anb
2026-05-05 17:32:13.972 21650-21778 GPUAUX                  com.newaura.app                      E  [AUX]GuiExtAuxCheckAuxPath:682: Null anb
2026-05-05 17:32:13.972 21650-21778 GPUAUX                  com.newaura.app                      E  [AUX]GuiExtAuxCheckAuxPath:682: Null anb
2026-05-05 17:32:13.972 21650-21778 GPUAUX                  com.newaura.app                      E  [AUX]GuiExtAuxCheckAuxPath:682: Null anb
2026-05-05 17:32:13.972 21650-21778 GPUAUX                  com.newaura.app                      E  [AUX]GuiExtAuxCheckAuxPath:682: Null anb
2026-05-05 17:32:13.972 21650-21778 GPUAUX                  com.newaura.app                      E  [AUX]GuiExtAuxCheckAuxPath:682: Null anb
2026-05-05 17:32:13.991 21650-23277 CCodecConfig            com.newaura.app                      D  read media type: video/avc
2026-05-05 17:32:13.996 21650-23277 ReflectedParamUpdater   com.newaura.app                      D  extent() != 1 for single value type: algo.buffers.max-count.values
2026-05-05 17:32:13.997 21650-23277 ReflectedParamUpdater   com.newaura.app                      D  extent() != 1 for single value type: output.subscribed-indices.values
2026-05-05 17:32:13.997 21650-23277 ReflectedParamUpdater   com.newaura.app                      D  extent() != 1 for single value type: input.buffers.allocator-ids.values
2026-05-05 17:32:13.998 21650-23277 ReflectedParamUpdater   com.newaura.app                      D  extent() != 1 for single value type: output.buffers.allocator-ids.values
2026-05-05 17:32:13.998 21650-23277 ReflectedParamUpdater   com.newaura.app                      D  extent() != 1 for single value type: algo.buffers.allocator-ids.values
2026-05-05 17:32:13.998 21650-23277 ReflectedParamUpdater   com.newaura.app                      D  extent() != 1 for single value type: output.buffers.pool-ids.values
2026-05-05 17:32:13.999 21650-23277 ReflectedParamUpdater   com.newaura.app                      D  extent() != 1 for single value type: algo.buffers.pool-ids.values
2026-05-05 17:32:14.002 21650-23277 ReflectedParamUpdater   com.newaura.app                      D  ignored struct field coded.color-format.locations
2026-05-05 17:32:14.008 21650-23277 ReflectedParamUpdater   com.newaura.app                      D  Could not describe oplus.vpp.is.ff.mode
2026-05-05 17:32:14.009 21650-23277 ReflectedParamUpdater   com.newaura.app                      D  Could not describe oplus.vpp.white.list
2026-05-05 17:32:14.009 21650-23277 CCodecConfig            com.newaura.app                      D  ignoring local param raw.size (0xd2001800) as it is already supported
2026-05-05 17:32:14.009 21650-23277 CCodecConfig            com.newaura.app                      D  ignoring local param raw.crop (0xd2001801) as it is already supported
2026-05-05 17:32:14.009 21650-23277 CCodecConfig            com.newaura.app                      D  ignoring local param default.color (0x5200180b) as it is already supported
2026-05-05 17:32:14.009 21650-23277 CCodecConfig            com.newaura.app                      D  ignoring local param raw.hdr-static-info (0xd200180a) as it is already supported
2026-05-05 17:32:14.011 21650-23277 CCodecConfig            com.newaura.app                      I  query failed after returning 18 values (BAD_INDEX)
2026-05-05 17:32:14.012 21650-23277 ColorUtils              com.newaura.app                      W  expected specified color aspects (2:0:0:0)
2026-05-05 17:32:14.016 21650-21892 MediaCodec              com.newaura.app                      E  Media Quality Service not found.
2026-05-05 17:32:14.016 21650-23276 SurfaceUtils            com.newaura.app                      D  connecting to surface 0xb4000077a0ee4d10, reason connectToSurface
2026-05-05 17:32:14.016 21650-23276 SurfaceUtils            com.newaura.app                      D  disconnecting from surface 0xb4000077a0ee4d10, reason connectToSurface(reconnect)
2026-05-05 17:32:14.016 21650-23276 SurfaceUtils            com.newaura.app                      D  connecting to surface 0xb4000077a0ee4d00, reason connectToSurface(reconnect-with-listener)
2026-05-05 17:32:14.018 21650-23276 AString                 com.newaura.app                      W  ctor got NULL, using empty string instead
2026-05-05 17:32:14.018 21650-23276 libc                    com.newaura.app                      W  Access denied finding property "vendor.oplus.media.vpp.stutter"
2026-05-05 17:32:14.019 21650-23276 AtlasEventUploadUtils   com.newaura.app                      D  setEvent event:atlas_event_video_monitor_network_switch
2026-05-05 17:32:14.026 21650-23277 Codec2Client            com.newaura.app                      W  query -- param skipped: index = 1107298332.
2026-05-05 17:32:14.026 21650-23277 CCodec                  com.newaura.app                      W  This behavior is subject to change. It is recommended that app developers double check whether the requested max input size is in reasonable range.
2026-05-05 17:32:14.026 21650-23277 CCodecConfig            com.newaura.app                      I  query failed after returning 20 values (BAD_INDEX)
2026-05-05 17:32:14.027 21650-23277 com.newaura.app         com.newaura.app                      E  Failed to query component interface for required system resources: 6
2026-05-05 17:32:14.031 21650-23277 Codec2Client            com.newaura.app                      W  query -- param skipped: index = 1342179345.
2026-05-05 17:32:14.031 21650-23277 Codec2Client            com.newaura.app                      W  query -- param skipped: index = 2415921170.
2026-05-05 17:32:14.031 21650-23277 Codec2Client            com.newaura.app                      W  query -- param skipped: index = 1610614798.
2026-05-05 17:32:14.035 21650-23277 Codec2-Out...ufferQueue com.newaura.app                      D  remote graphic buffer migration 0/0
2026-05-05 17:32:14.035 21650-23277 Codec2Client            com.newaura.app                      D  setOutputSurface -- generation=22169603 consumer usage=0x900
2026-05-05 17:32:14.039 21650-23277 Codec2Client            com.newaura.app                      D  Surface configure completed
2026-05-05 17:32:14.056 21650-21778 GPUAUX                  com.newaura.app                      E  [AUX]GuiExtAuxCheckAuxPath:682: Null anb
2026-05-05 17:32:14.056 21650-21778 GPUAUX                  com.newaura.app                      E  [AUX]GuiExtAuxCheckAuxPath:682: Null anb
2026-05-05 17:32:14.056 21650-21778 GPUAUX                  com.newaura.app                      E  [AUX]GuiExtAuxCheckAuxPath:682: Null anb
2026-05-05 17:32:14.057 21650-21778 GPUAUX                  com.newaura.app                      E  [AUX]GuiExtAuxCheckAuxPath:682: Null anb
2026-05-05 17:32:14.057 21650-21778 GPUAUX                  com.newaura.app                      E  [AUX]GuiExtAuxCheckAuxPath:682: Null anb
2026-05-05 17:32:14.057 21650-21778 GPUAUX                  com.newaura.app                      E  [AUX]GuiExtAuxCheckAuxPath:682: Null anb
2026-05-05 17:32:14.090 21650-23277 Codec2-Out...ufferQueue com.newaura.app                      D  set max dequeue count 21 from update
2026-05-05 17:32:14.107 21650-21778 GPUAUX                  com.newaura.app                      E  [AUX]GuiExtAuxCheckAuxPath:682: Null anb
2026-05-05 17:32:14.155 21650-21778 GPUAUX                  com.newaura.app                      E  [AUX]GuiExtAuxCheckAuxPath:682: Null anb
2026-05-05 17:32:14.155 21650-21778 GPUAUX                  com.newaura.app                      E  [AUX]GuiExtAuxCheckAuxPath:682: Null anb
2026-05-05 17:32:14.155 21650-21778 GPUAUX                  com.newaura.app                      E  [AUX]GuiExtAuxCheckAuxPath:682: Null anb
2026-05-05 17:32:14.156 21650-21778 GPUAUX                  com.newaura.app                      E  [AUX]GuiExtAuxCheckAuxPath:682: Null anb
2026-05-05 17:32:14.156 21650-21778 GPUAUX                  com.newaura.app                      E  [AUX]GuiExtAuxCheckAuxPath:682: Null anb
2026-05-05 17:32:14.211 21650-21778 GPUAUX                  com.newaura.app                      E  [AUX]GuiExtAuxCheckAuxPath:682: Null anb
2026-05-05 17:32:14.211 21650-21778 GPUAUX                  com.newaura.app                      E  [AUX]GuiExtAuxCheckAuxPath:682: Null anb
2026-05-05 17:32:14.228 21650-21778 GPUAUX                  com.newaura.app                      E  [AUX]GuiExtAuxCheckAuxPath:682: Null anb
2026-05-05 17:32:14.265 21650-21778 GPUAUX                  com.newaura.app                      E  [AUX]GuiExtAuxCheckAuxPath:682: Null anb
2026-05-05 17:32:14.319 21650-21778 GPUAUX                  com.newaura.app                      E  [AUX]GuiExtAuxCheckAuxPath:682: Null anb
2026-05-05 17:32:14.319 21650-21778 GPUAUX                  com.newaura.app                      E  [AUX]GuiExtAuxCheckAuxPath:682: Null anb
2026-05-05 17:32:14.319 21650-21778 GPUAUX                  com.newaura.app                      E  [AUX]GuiExtAuxCheckAuxPath:682: Null anb
2026-05-05 17:32:14.319 21650-21778 GPUAUX                  com.newaura.app                      E  [AUX]GuiExtAuxCheckAuxPath:682: Null anb
2026-05-05 17:32:14.327 21650-21778 GPUAUX                  com.newaura.app                      E  [AUX]GuiExtAuxCheckAuxPath:682: Null anb
2026-05-05 17:32:14.403 21650-21778 GPUAUX                  com.newaura.app                      E  [AUX]GuiExtAuxCheckAuxPath:682: Null anb
2026-05-05 17:32:14.404 21650-21778 GPUAUX                  com.newaura.app                      E  [AUX]GuiExtAuxCheckAuxPath:682: Null anb
2026-05-05 17:32:14.405 21650-21778 GPUAUX                  com.newaura.app                      E  [AUX]GuiExtAuxCheckAuxPath:682: Null anb
2026-05-05 17:32:14.438 21650-21778 GPUAUX                  com.newaura.app                      E  [AUX]GuiExtAuxCheckAuxPath:682: Null anb
2026-05-05 17:32:14.439 21650-21778 GPUAUX                  com.newaura.app                      E  [AUX]GuiExtAuxCheckAuxPath:682: Null anb
2026-05-05 17:32:14.439 21650-21778 GPUAUX                  com.newaura.app                      E  [AUX]GuiExtAuxCheckAuxPath:682: Null anb
2026-05-05 17:32:14.453 21650-21778 GPUAUX                  com.newaura.app                      E  [AUX]GuiExtAuxCheckAuxPath:682: Null anb
2026-05-05 17:32:14.469 21650-21778 GPUAUX                  com.newaura.app                      E  [AUX]GuiExtAuxCheckAuxPath:682: Null anb
2026-05-05 17:32:14.478 21650-21650 AutofillManager         com.newaura.app                      V  requestHideFillUi(null): anchor = null
2026-05-05 17:32:14.502 21650-21778 GPUAUX                  com.newaura.app                      E  [AUX]GuiExtAuxCheckAuxPath:682: Null anb
2026-05-05 17:32:14.509 21650-23189 OplusFeedbackInfo       com.newaura.app                      W  0xb4000078cafb5f00 c2.mtk.avc.decoder codec[0xb4000078cb04d800] 480x480 inputFps=12 outputFps=14 renderFps=6, discardFps=3
2026-05-05 17:32:14.518 21650-22220 PowerHalMgrImpl         com.newaura.app                      I  hdl:399926, pid:21650 
2026-05-05 17:32:14.521 21650-21778 GPUAUX                  com.newaura.app                      E  [AUX]GuiExtAuxCheckAuxPath:682: Null anb
2026-05-05 17:32:14.530 21650-21650 OplusViewD...ViewHelper com.newaura.app                      D  dispatchTouchView action = 1
2026-05-05 17:32:14.531 21650-21650 ScrollIdentify          com.newaura.app                      I  on fling
2026-05-05 17:32:14.531 21650-21650 ViewRootImplExtImpl     com.newaura.app                      D  the up motion event handled by client, just return
2026-05-05 17:32:14.583 21650-22220 PowerHalMgrImpl         com.newaura.app                      I  hdl:399927, pid:21650 
2026-05-05 17:32:14.675 21650-23209 OplusFeedbackInfo       com.newaura.app                      W  0xb4000078cafb6e00 c2.mtk.avc.decoder codec[0xb4000078ca6c6000] 480x480 inputFps=12 outputFps=14 renderFps=6, discardFps=3
2026-05-05 17:32:14.724 21650-23209 PipelineWatcher         com.newaura.app                      D  onWorkDone: frameIndex not found (18446744073709551615); ignored
2026-05-05 17:32:14.724 21650-23209 PipelineWatcher         com.newaura.app                      D  onWorkDone: frameIndex not found (18446744073709551615); ignored
2026-05-05 17:32:14.724 21650-23209 PipelineWatcher         com.newaura.app                      D  onWorkDone: frameIndex not found (18446744073709551615); ignored
2026-05-05 17:32:14.724 21650-23209 PipelineWatcher         com.newaura.app                      D  onWorkDone: frameIndex not found (0); ignored
2026-05-05 17:32:14.724 21650-23209 PipelineWatcher         com.newaura.app                      D  onWorkDone: frameIndex not found (0); ignored
2026-05-05 17:32:14.724 21650-23209 PipelineWatcher         com.newaura.app                      D  onWorkDone: frameIndex not found (18446744073709551615); ignored
2026-05-05 17:32:14.724 21650-23209 PipelineWatcher         com.newaura.app                      D  onWorkDone: frameIndex not found (18446744073709551615); ignored
2026-05-05 17:32:14.724 21650-23209 PipelineWatcher         com.newaura.app                      D  onWorkDone: frameIndex not found (18446744073709551615); ignored
2026-05-05 17:32:14.724 21650-23209 PipelineWatcher         com.newaura.app                      D  onWorkDone: frameIndex not found (18446744073709551615); ignored
2026-05-05 17:32:14.724 21650-23209 PipelineWatcher         com.newaura.app                      D  onWorkDone: frameIndex not found (18446744073709551615); ignored
2026-05-05 17:32:14.724 21650-23209 PipelineWatcher         com.newaura.app                      D  onWorkDone: frameIndex not found (18446744073709551615); ignored
2026-05-05 17:32:14.725 21650-23207 CCodecConfig            com.newaura.app                      I  query failed after returning 19 values (BAD_INDEX)
2026-05-05 17:32:14.727 21650-23207 Codec2Client            com.newaura.app                      W  query -- param skipped: index = 1342179345.
2026-05-05 17:32:14.727 21650-23207 Codec2Client            com.newaura.app                      W  query -- param skipped: index = 2415921170.
2026-05-05 17:32:14.727 21650-23207 Codec2Client            com.newaura.app                      W  query -- param skipped: index = 1610614798.
2026-05-05 17:32:14.742 21650-23189 PipelineWatcher         com.newaura.app                      D  onWorkDone: frameIndex not found (18446744073709551615); ignored
2026-05-05 17:32:14.742 21650-23189 PipelineWatcher         com.newaura.app                      D  onWorkDone: frameIndex not found (18446744073709551615); ignored
2026-05-05 17:32:14.742 21650-23189 PipelineWatcher         com.newaura.app                      D  onWorkDone: frameIndex not found (18446744073709551615); ignored
2026-05-05 17:32:14.742 21650-23189 PipelineWatcher         com.newaura.app                      D  onWorkDone: frameIndex not found (0); ignored
2026-05-05 17:32:14.742 21650-23189 PipelineWatcher         com.newaura.app                      D  onWorkDone: frameIndex not found (18446744073709551615); ignored
2026-05-05 17:32:14.742 21650-23189 PipelineWatcher         com.newaura.app                      D  onWorkDone: frameIndex not found (18446744073709551615); ignored
2026-05-05 17:32:14.742 21650-23189 PipelineWatcher         com.newaura.app                      D  onWorkDone: frameIndex not found (0); ignored
2026-05-05 17:32:14.742 21650-23189 PipelineWatcher         com.newaura.app                      D  onWorkDone: frameIndex not found (18446744073709551615); ignored
2026-05-05 17:32:14.742 21650-23189 PipelineWatcher         com.newaura.app                      D  onWorkDone: frameIndex not found (18446744073709551615); ignored
2026-05-05 17:32:14.742 21650-23189 PipelineWatcher         com.newaura.app                      D  onWorkDone: frameIndex not found (18446744073709551615); ignored
2026-05-05 17:32:14.742 21650-23189 PipelineWatcher         com.newaura.app                      D  onWorkDone: frameIndex not found (18446744073709551615); ignored
2026-05-05 17:32:14.742 21650-23189 PipelineWatcher         com.newaura.app                      D  onWorkDone: frameIndex not found (18446744073709551615); ignored
2026-05-05 17:32:14.742 21650-23189 PipelineWatcher         com.newaura.app                      D  onWorkDone: frameIndex not found (18446744073709551615); ignored
2026-05-05 17:32:14.742 21650-23189 PipelineWatcher         com.newaura.app                      D  onWorkDone: frameIndex not found (18446744073709551615); ignored
2026-05-05 17:32:14.743 21650-23188 CCodecConfig            com.newaura.app                      I  query failed after returning 19 values (BAD_INDEX)
2026-05-05 17:32:14.752 21650-23188 Codec2Client            com.newaura.app                      W  query -- param skipped: index = 1342179345.
2026-05-05 17:32:14.752 21650-23188 Codec2Client            com.newaura.app                      W  query -- param skipped: index = 2415921170.
2026-05-05 17:32:14.752 21650-23188 Codec2Client            com.newaura.app                      W  query -- param skipped: index = 1610614798.
2026-05-05 17:32:14.755 21650-23209 Codec2-Out...ufferQueue com.newaura.app                      D  set max dequeue count 21 from update
2026-05-05 17:32:14.763 21650-23189 Codec2-Out...ufferQueue com.newaura.app                      D  set max dequeue count 21 from update
2026-05-05 17:32:14.815 21650-21778 QualityInfo             com.newaura.app                      I  anim_jank|cost:21050310|action:8|scene:1002
2026-05-05 17:32:14.854 21650-23276 CCodecConfig            com.newaura.app                      I  query failed after returning 19 values (BAD_INDEX)
2026-05-05 17:32:14.855 21650-23276 Codec2Client            com.newaura.app                      W  query -- param skipped: index = 1342179345.
2026-05-05 17:32:14.855 21650-23276 Codec2Client            com.newaura.app                      W  query -- param skipped: index = 2415921170.
2026-05-05 17:32:14.855 21650-23276 Codec2Client            com.newaura.app                      W  query -- param skipped: index = 1610614798.
2026-05-05 17:32:14.858 21650-23277 Codec2-Out...ufferQueue com.newaura.app                      D  set max dequeue count 21 from update
2026-05-05 17:32:15.046 21650-23277 OplusFeedbackInfo       com.newaura.app                      W  0xb4000078ca421900 c2.mtk.avc.decoder codec[0xb4000078ca6c7800] 480x480 inputFps=22 outputFps=25 renderFps=11, discardFps=7
2026-05-05 17:32:15.311 21650-21650 AutofillManager         com.newaura.app                      V  requestHideFillUi(null): anchor = null
2026-05-05 17:32:15.401 21650-21650 OplusViewD...ViewHelper com.newaura.app                      D  dispatchTouchView action = 1
2026-05-05 17:32:15.402 21650-21650 ViewRootImplExtImpl     com.newaura.app                      D  the up motion event handled by client, just return
2026-05-05 17:32:15.406 21650-21650 AutofillManager         com.newaura.app                      V  notifyViewExited(1073741824, 327681
2026-05-05 17:32:15.410 21650-21650 ImeTracker              com.newaura.app                      I  com.newaura.app:11c90418: onRequestHide at ORIGIN_CLIENT reason HIDE_SOFT_INPUT fromUser false
2026-05-05 17:32:15.411 21650-21650 InsetsController        com.newaura.app                      D  hide(ime(), fromIme=false)
2026-05-05 17:32:15.411 21650-21650 ImeTracker              com.newaura.app                      I  com.newaura.app:11c90418: onCancelled at PHASE_CLIENT_ALREADY_HIDDEN
2026-05-05 17:32:15.511 21650-23189 OplusFeedbackInfo       com.newaura.app                      W  0xb4000078cafb5f00 c2.mtk.avc.decoder codec[0xb4000078cb04d800] 480x480 inputFps=10 outputFps=11 renderFps=7, discardFps=5
2026-05-05 17:32:15.600 21650-23277 PipelineWatcher         com.newaura.app                      D  onWorkDone: frameIndex not found (18446744073709551615); ignored
2026-05-05 17:32:15.600 21650-23277 PipelineWatcher         com.newaura.app                      D  onWorkDone: frameIndex not found (18446744073709551615); ignored
2026-05-05 17:32:15.600 21650-23277 PipelineWatcher         com.newaura.app                      D  onWorkDone: frameIndex not found (18446744073709551615); ignored
2026-05-05 17:32:15.600 21650-23277 PipelineWatcher         com.newaura.app                      D  onWorkDone: frameIndex not found (0); ignored
2026-05-05 17:32:15.600 21650-23277 PipelineWatcher         com.newaura.app                      D  onWorkDone: frameIndex not found (18446744073709551615); ignored
2026-05-05 17:32:15.600 21650-23277 PipelineWatcher         com.newaura.app                      D  onWorkDone: frameIndex not found (18446744073709551615); ignored
2026-05-05 17:32:15.600 21650-23277 PipelineWatcher         com.newaura.app                      D  onWorkDone: frameIndex not found (0); ignored
2026-05-05 17:32:15.600 21650-23277 PipelineWatcher         com.newaura.app                      D  onWorkDone: frameIndex not found (18446744073709551615); ignored
2026-05-05 17:32:15.600 21650-23277 PipelineWatcher         com.newaura.app                      D  onWorkDone: frameIndex not found (18446744073709551615); ignored
2026-05-05 17:32:15.600 21650-23277 PipelineWatcher         com.newaura.app                      D  onWorkDone: frameIndex not found (18446744073709551615); ignored
2026-05-05 17:32:15.600 21650-23277 PipelineWatcher         com.newaura.app                      D  onWorkDone: frameIndex not found (18446744073709551615); ignored
2026-05-05 17:32:15.600 21650-23277 PipelineWatcher         com.newaura.app                      D  onWorkDone: frameIndex not found (18446744073709551615); ignored
2026-05-05 17:32:15.600 21650-23277 PipelineWatcher         com.newaura.app                      D  onWorkDone: frameIndex not found (18446744073709551615); ignored
2026-05-05 17:32:15.601 21650-23276 CCodecConfig            com.newaura.app                      I  query failed after returning 19 values (BAD_INDEX)
2026-05-05 17:32:15.602 21650-23276 Codec2Client            com.newaura.app                      W  query -- param skipped: index = 1342179345.
2026-05-05 17:32:15.602 21650-23276 Codec2Client            com.newaura.app                      W  query -- param skipped: index = 2415921170.
2026-05-05 17:32:15.603 21650-23276 Codec2Client            com.newaura.app                      W  query -- param skipped: index = 1610614798.
2026-05-05 17:32:15.605 21650-23277 Codec2-Out...ufferQueue com.newaura.app                      D  set max dequeue count 21 from update
2026-05-05 17:32:15.622 21650-23189 PipelineWatcher         com.newaura.app                      D  onWorkDone: frameIndex not found (18446744073709551615); ignored
2026-05-05 17:32:15.622 21650-23189 PipelineWatcher         com.newaura.app                      D  onWorkDone: frameIndex not found (18446744073709551615); ignored
2026-05-05 17:32:15.622 21650-23189 PipelineWatcher         com.newaura.app                      D  onWorkDone: frameIndex not found (18446744073709551615); ignored
2026-05-05 17:32:15.622 21650-23189 PipelineWatcher         com.newaura.app                      D  onWorkDone: frameIndex not found (0); ignored
2026-05-05 17:32:15.622 21650-23189 PipelineWatcher         com.newaura.app                      D  onWorkDone: frameIndex not found (18446744073709551615); ignored
2026-05-05 17:32:15.622 21650-23189 PipelineWatcher         com.newaura.app                      D  onWorkDone: frameIndex not found (0); ignored
2026-05-05 17:32:15.622 21650-23189 PipelineWatcher         com.newaura.app                      D  onWorkDone: frameIndex not found (18446744073709551615); ignored
2026-05-05 17:32:15.622 21650-23189 PipelineWatcher         com.newaura.app                      D  onWorkDone: frameIndex not found (18446744073709551615); ignored
2026-05-05 17:32:15.622 21650-23189 PipelineWatcher         com.newaura.app                      D  onWorkDone: frameIndex not found (18446744073709551615); ignored
2026-05-05 17:32:15.622 21650-23189 PipelineWatcher         com.newaura.app                      D  onWorkDone: frameIndex not found (18446744073709551615); ignored
2026-05-05 17:32:15.622 21650-23189 PipelineWatcher         com.newaura.app                      D  onWorkDone: frameIndex not found (18446744073709551615); ignored
2026-05-05 17:32:15.622 21650-23189 PipelineWatcher         com.newaura.app                      D  onWorkDone: frameIndex not found (18446744073709551615); ignored
2026-05-05 17:32:15.622 21650-23189 PipelineWatcher         com.newaura.app                      D  onWorkDone: frameIndex not found (18446744073709551615); ignored
2026-05-05 17:32:15.622 21650-23189 PipelineWatcher         com.newaura.app                      D  onWorkDone: frameIndex not found (18446744073709551615); ignored
2026-05-05 17:32:15.623 21650-23188 CCodecConfig            com.newaura.app                      I  query failed after returning 19 values (BAD_INDEX)
2026-05-05 17:32:15.625 21650-23188 Codec2Client            com.newaura.app                      W  query -- param skipped: index = 1342179345.
2026-05-05 17:32:15.625 21650-23188 Codec2Client            com.newaura.app                      W  query -- param skipped: index = 2415921170.
2026-05-05 17:32:15.625 21650-23188 Codec2Client            com.newaura.app                      W  query -- param skipped: index = 1610614798.
2026-05-05 17:32:15.629 21650-23189 Codec2-Out...ufferQueue com.newaura.app                      D  set max dequeue count 21 from update
2026-05-05 17:32:15.645 21650-23209 PipelineWatcher         com.newaura.app                      D  onWorkDone: frameIndex not found (18446744073709551615); ignored
2026-05-05 17:32:15.645 21650-23209 PipelineWatcher         com.newaura.app                      D  onWorkDone: frameIndex not found (18446744073709551615); ignored
2026-05-05 17:32:15.645 21650-23209 PipelineWatcher         com.newaura.app                      D  onWorkDone: frameIndex not found (18446744073709551615); ignored
2026-05-05 17:32:15.645 21650-23209 PipelineWatcher         com.newaura.app                      D  onWorkDone: frameIndex not found (0); ignored
2026-05-05 17:32:15.645 21650-23209 PipelineWatcher         com.newaura.app                      D  onWorkDone: frameIndex not found (18446744073709551615); ignored
2026-05-05 17:32:15.645 21650-23209 PipelineWatcher         com.newaura.app                      D  onWorkDone: frameIndex not found (0); ignored
2026-05-05 17:32:15.645 21650-23209 PipelineWatcher         com.newaura.app                      D  onWorkDone: frameIndex not found (18446744073709551615); ignored
2026-05-05 17:32:15.645 21650-23209 PipelineWatcher         com.newaura.app                      D  onWorkDone: frameIndex not found (18446744073709551615); ignored
2026-05-05 17:32:15.645 21650-23209 PipelineWatcher         com.newaura.app                      D  onWorkDone: frameIndex not found (18446744073709551615); ignored
2026-05-05 17:32:15.645 21650-23209 PipelineWatcher         com.newaura.app                      D  onWorkDone: frameIndex not found (18446744073709551615); ignored
2026-05-05 17:32:15.645 21650-23209 PipelineWatcher         com.newaura.app                      D  onWorkDone: frameIndex not found (18446744073709551615); ignored
2026-05-05 17:32:15.645 21650-23209 PipelineWatcher         com.newaura.app                      D  onWorkDone: frameIndex not found (18446744073709551615); ignored
2026-05-05 17:32:15.645 21650-23209 PipelineWatcher         com.newaura.app                      D  onWorkDone: frameIndex not found (18446744073709551615); ignored
2026-05-05 17:32:15.645 21650-23209 PipelineWatcher         com.newaura.app                      D  onWorkDone: frameIndex not found (18446744073709551615); ignored
2026-05-05 17:32:15.647 21650-23207 CCodecConfig            com.newaura.app                      I  query failed after returning 19 values (BAD_INDEX)
2026-05-05 17:32:15.649 21650-23207 Codec2Client            com.newaura.app                      W  query -- param skipped: index = 1342179345.
2026-05-05 17:32:15.649 21650-23207 Codec2Client            com.newaura.app                      W  query -- param skipped: index = 2415921170.
2026-05-05 17:32:15.649 21650-23207 Codec2Client            com.newaura.app                      W  query -- param skipped: index = 1610614798.
2026-05-05 17:32:15.652 21650-23209 Codec2-Out...ufferQueue com.newaura.app                      D  set max dequeue count 21 from update
2026-05-05 17:32:15.675 21650-23209 OplusFeedbackInfo       com.newaura.app                      W  0xb4000078cafb6e00 c2.mtk.avc.decoder codec[0xb4000078ca6c6000] 480x480 inputFps=12 outputFps=13 renderFps=7, discardFps=17
2026-05-05 17:32:16.047 21650-23277 OplusFeedbackInfo       com.newaura.app                      W  0xb4000078ca421900 c2.mtk.avc.decoder codec[0xb4000078ca6c7800] 480x480 inputFps=10 outputFps=11 renderFps=12, discardFps=5
2026-05-05 17:32:16.191 21650-21650 IJankManager            com.newaura.app                      E  slideSceneEnd unknown scene 1002 mScene:-1
2026-05-05 17:32:16.192 21650-21650 AutofillManager         com.newaura.app                      V  requestHideFillUi(null): anchor = null
2026-05-05 17:32:16.249 21650-21650 OplusViewD...ViewHelper com.newaura.app                      D  dispatchTouchView action = 1
2026-05-05 17:32:16.250 21650-21650 ViewRootImplExtImpl     com.newaura.app                      D  the up motion event handled by client, just return
2026-05-05 17:32:16.407 21650-21778 GPUAUX                  com.newaura.app                      E  [AUX]GuiExtAuxCheckAuxPath:682: Null anb
2026-05-05 17:32:16.407 21650-21778 GPUAUX                  com.newaura.app                      E  [AUX]GuiExtAuxCheckAuxPath:682: Null anb
2026-05-05 17:32:16.407 21650-21778 GPUAUX                  com.newaura.app                      E  [AUX]GuiExtAuxCheckAuxPath:682: Null anb
2026-05-05 17:32:16.512 21650-23189 OplusFeedbackInfo       com.newaura.app                      W  0xb4000078cafb5f00 c2.mtk.avc.decoder codec[0xb4000078cb04d800] 480x480 inputFps=10 outputFps=11 renderFps=8, discardFps=9
2026-05-05 17:32:16.569 21650-23277 PipelineWatcher         com.newaura.app                      D  onWorkDone: frameIndex not found (18446744073709551615); ignored
2026-05-05 17:32:16.569 21650-23277 PipelineWatcher         com.newaura.app                      D  onWorkDone: frameIndex not found (18446744073709551615); ignored
2026-05-05 17:32:16.569 21650-23277 PipelineWatcher         com.newaura.app                      D  onWorkDone: frameIndex not found (18446744073709551615); ignored
2026-05-05 17:32:16.569 21650-23277 PipelineWatcher         com.newaura.app                      D  onWorkDone: frameIndex not found (0); ignored
2026-05-05 17:32:16.569 21650-23277 PipelineWatcher         com.newaura.app                      D  onWorkDone: frameIndex not found (18446744073709551615); ignored
2026-05-05 17:32:16.569 21650-23277 PipelineWatcher         com.newaura.app                      D  onWorkDone: frameIndex not found (0); ignored
2026-05-05 17:32:16.569 21650-23277 PipelineWatcher         com.newaura.app                      D  onWorkDone: frameIndex not found (18446744073709551615); ignored
2026-05-05 17:32:16.569 21650-23277 PipelineWatcher         com.newaura.app                      D  onWorkDone: frameIndex not found (18446744073709551615); ignored
2026-05-05 17:32:16.569 21650-23277 PipelineWatcher         com.newaura.app                      D  onWorkDone: frameIndex not found (18446744073709551615); ignored
2026-05-05 17:32:16.569 21650-23277 PipelineWatcher         com.newaura.app                      D  onWorkDone: frameIndex not found (18446744073709551615); ignored
2026-05-05 17:32:16.569 21650-23277 PipelineWatcher         com.newaura.app                      D  onWorkDone: frameIndex not found (18446744073709551615); ignored
2026-05-05 17:32:16.569 21650-23277 PipelineWatcher         com.newaura.app                      D  onWorkDone: frameIndex not found (18446744073709551615); ignored
2026-05-05 17:32:16.569 21650-23277 PipelineWatcher         com.newaura.app                      D  onWorkDone: frameIndex not found (18446744073709551615); ignored
2026-05-05 17:32:16.569 21650-23277 PipelineWatcher         com.newaura.app                      D  onWorkDone: frameIndex not found (18446744073709551615); ignored
2026-05-05 17:32:16.574 21650-23276 CCodecConfig            com.newaura.app                      I  query failed after returning 19 values (BAD_INDEX)
2026-05-05 17:32:16.576 21650-23276 Codec2Client            com.newaura.app                      W  query -- param skipped: index = 1342179345.
2026-05-05 17:32:16.576 21650-23276 Codec2Client            com.newaura.app                      W  query -- param skipped: index = 2415921170.
2026-05-05 17:32:16.576 21650-23276 Codec2Client            com.newaura.app                      W  query -- param skipped: index = 1610614798.
2026-05-05 17:32:16.579 21650-22220 PowerHalMgrImpl         com.newaura.app                      I  hdl:399934, pid:21650 
2026-05-05 17:32:16.585 21650-21778 GPUAUX                  com.newaura.app                      E  [AUX]GuiExtAuxCheckAuxPath:682: Null anb
2026-05-05 17:32:16.585 21650-21778 GPUAUX                  com.newaura.app                      E  [AUX]GuiExtAuxCheckAuxPath:682: Null anb
2026-05-05 17:32:16.585 21650-21778 GPUAUX                  com.newaura.app                      E  [AUX]GuiExtAuxCheckAuxPath:682: Null anb
2026-05-05 17:32:16.595 21650-23209 PipelineWatcher         com.newaura.app                      D  onWorkDone: frameIndex not found (18446744073709551615); ignored
2026-05-05 17:32:16.595 21650-23209 PipelineWatcher         com.newaura.app                      D  onWorkDone: frameIndex not found (18446744073709551615); ignored
2026-05-05 17:32:16.595 21650-23209 PipelineWatcher         com.newaura.app                      D  onWorkDone: frameIndex not found (18446744073709551615); ignored
2026-05-05 17:32:16.595 21650-23209 PipelineWatcher         com.newaura.app                      D  onWorkDone: frameIndex not found (18446744073709551615); ignored
2026-05-05 17:32:16.595 21650-23209 PipelineWatcher         com.newaura.app                      D  onWorkDone: frameIndex not found (0); ignored
2026-05-05 17:32:16.595 21650-23209 PipelineWatcher         com.newaura.app                      D  onWorkDone: frameIndex not found (18446744073709551615); ignored
2026-05-05 17:32:16.595 21650-23209 PipelineWatcher         com.newaura.app                      D  onWorkDone: frameIndex not found (0); ignored
2026-05-05 17:32:16.595 21650-23209 PipelineWatcher         com.newaura.app                      D  onWorkDone: frameIndex not found (18446744073709551615); ignored
2026-05-05 17:32:16.595 21650-23209 PipelineWatcher         com.newaura.app                      D  onWorkDone: frameIndex not found (18446744073709551615); ignored
2026-05-05 17:32:16.595 21650-23209 PipelineWatcher         com.newaura.app                      D  onWorkDone: frameIndex not found (18446744073709551615); ignored
