2026-05-05 17:31:00.378  2192-2310  PackageMan...ilsExtImpl system_server                        E  Fix up user restrict data of pkg: com.newaura.app
2026-05-05 17:31:00.449  2192-18997 OplusDexoptUtils        system_server                        E   get apk path wrong! android.content.pm.PackageManager$NameNotFoundException: com.newaura.app
2026-05-05 17:31:01.002  7183-21592 PTC.DATATRANS.XmlReader com.heytap.accessory                 E  No meta data found with key: RegisterAgentType in com.newaura.app
2026-05-05 17:31:01.009  7183-21592 PTC.DATATRANS.XmlReader com.heytap.accessory                 E  No meta data found with key: AccessoryServicesLocation in com.newaura.app
2026-05-05 17:31:01.022  7183-7183  PTC.APPCOR...rvicesBean com.heytap.accessory                 E  getAppConfigFileName: packageName=com.newaura.app, configFilePath is null!
2026-05-05 17:31:01.022  7183-7183  PTC.APPCOR...rvicesBean com.heytap.accessory                 E  getAppConfigFileName: packageName=com.newaura.app, configFilePath is null!
2026-05-05 17:31:01.212  2192-2243  QosSceneRe...tartScene] system_server                        E  notifyActivityStart get launchedFromUid failed through AppManager! launchedFromPackage: com.android.shell, pkg: com.newaura.app
2026-05-05 17:31:01.848 21650-21650 com.newaura.app         com.newaura.app                      E  Unknown bits set in runtime_flags: 0x40000000
2026-05-05 17:31:01.848 21650-21650 com.newaura.app         com.newaura.app                      I  Using CollectorTypeCMC GC.
2026-05-05 17:31:01.861 21650-21650 nativeloader            com.newaura.app                      D  Load libframework-connectivity-tiramisu-jni.so using APEX ns com_android_tethering for caller /apex/com.android.tethering/javalib/framework-connectivity-t.jar: ok
2026-05-05 17:31:01.874 21650-21650 OplusActiv...eadExtImpl com.newaura.app                      D  java.lang.NoSuchMethodException: dalvik.system.VMRuntime.SupressionGC [int, int]
2026-05-05 17:31:01.876 21650-21650 OneTrace                com.newaura.app                      I  Mark active for pid=21650? true
2026-05-05 17:31:01.877 21650-21650 cutils-dev              com.newaura.app                      D  otrace_set_tracing_enabled? true tag:0
2026-05-05 17:31:01.877 21650-21677 cutils-dev              com.newaura.app                      D  properties changed in otrace_seq_number_changed!
---------------------------- PROCESS STARTED (21650) for package com.newaura.app ----------------------------
2026-05-05 17:31:01.945  2192-2260  OplusThermalStats       system_server                        E  Error getting package info: com.newaura.app
2026-05-05 17:31:01.951 21650-21683 OplusActivityManager    com.newaura.app                      D  get AMS extension: android.os.BinderProxy@afa9d1e
2026-05-05 17:31:01.954 21650-21683 OplusAppHeapManager     com.newaura.app                      D  java.lang.NoSuchMethodException: dalvik.system.VMRuntime.updateProcessValue [int, int, int]
2026-05-05 17:31:01.956 21650-21692 SurfaceSyncGroup        com.newaura.app                      D  preCreateSurfaceSyncGroupTimerThread
2026-05-05 17:31:01.973 21650-21650 CompactWindowAppManager com.newaura.app                      D  initCompactApplicationInfo CompactMode: , NormalMode: 
2026-05-05 17:31:01.979 21650-21650 Configuration           com.newaura.app                      V  Updating configuration, locales updated from [] to [en_GB]
2026-05-05 17:31:01.980 21650-21650 OplusScrollToTopManager com.newaura.app                      D  setIsInWhiteList false
2026-05-05 17:31:01.982 21650-21650 OplusViewDebugManager   com.newaura.app                      D  OplusViewDebugManager Constructor android.view.debug.OplusViewDebugManager@2693cc [mHasViewDebugProperty true] [mHasMsgDebugProperty false] [DEBUG false] [EXTRAINFOENABLE false] [LIGHT_OS true]
2026-05-05 17:31:01.995 21650-21650 libc                    com.newaura.app                      W  Access denied finding property "ro.odm.prev.product.name"
2026-05-05 17:31:01.995 21650-21650 libc                    com.newaura.app                      W  Access denied finding property "ro.vendor.oplus.gundam"
2026-05-05 17:31:02.296 21650-21650 nativeloader            com.newaura.app                      D  Configuring clns-9 for other apk /data/app/~~Yybd47M_GP9_oUuW14ZWFg==/com.newaura.app-Q2AcUolBlbKdm0hNfz2aRA==/base.apk. target_sdk_version=36, uses_libraries=, library_path=/data/app/~~Yybd47M_GP9_oUuW14ZWFg==/com.newaura.app-Q2AcUolBlbKdm0hNfz2aRA==/lib/arm64:/data/app/~~Yybd47M_GP9_oUuW14ZWFg==/com.newaura.app-Q2AcUolBlbKdm0hNfz2aRA==/base.apk!/lib/arm64-v8a, permitted_path=/data:/mnt/expand:/data/user/0/com.newaura.app
2026-05-05 17:31:02.316 21650-21650 com.newaura.app         com.newaura.app                      I  AssetManager2(0xb4000078db870128) locale list changing from [] to [en-GB]
2026-05-05 17:31:02.340 21650-21650 GraphicsEnvironment     com.newaura.app                      V  Currently set values for:
2026-05-05 17:31:02.340 21650-21650 GraphicsEnvironment     com.newaura.app                      V    angle_gl_driver_selection_pkgs=[]
2026-05-05 17:31:02.340 21650-21650 GraphicsEnvironment     com.newaura.app                      V    angle_gl_driver_selection_values=[]
2026-05-05 17:31:02.340 21650-21650 GraphicsEnvironment     com.newaura.app                      V  com.newaura.app is not listed in per-application setting
2026-05-05 17:31:02.340 21650-21650 GraphicsEnvironment     com.newaura.app                      V  ANGLE allowlist from config: 
2026-05-05 17:31:02.340 21650-21650 GraphicsEnvironment     com.newaura.app                      V  com.newaura.app is not listed in ANGLE allowlist or settings, returning default
2026-05-05 17:31:02.340 21650-21650 GraphicsEnvironment     com.newaura.app                      V  Neither updatable production driver nor prerelease driver is supported.
2026-05-05 17:31:02.346 21650-21650 ResourcesManagerExtImpl com.newaura.app                      D  applyConfigurationToAppResourcesLocked app.getDisplayId() return callback.displayId:-1
2026-05-05 17:31:02.379 21650-21650 FirebaseApp             com.newaura.app                      I  Device unlocked: initializing all Firebase APIs for app [DEFAULT]
2026-05-05 17:31:02.395 21650-21650 FirebaseInitProvider    com.newaura.app                      I  FirebaseApp initialization successful
2026-05-05 17:31:02.413 21650-21650 OplusGraphicsEvent      com.newaura.app                      D  OplusGraphicsEventListener create now!
2026-05-05 17:31:02.414 21650-21650 OplusGraphicsEvent      com.newaura.app                      D  addEventListener success!
2026-05-05 17:31:02.418 21650-21650 [UAH_CLIENT]            com.newaura.app                      E  uahInit enter
2026-05-05 17:31:02.422 21650-21650 com.newaura.app         com.newaura.app                      W  AIBinder_linkToDeath is being called with a non-null cookie and no onUnlink callback set. This might not be intended. AIBinder_DeathRecipient_setOnUnlinked should be called first.
2026-05-05 17:31:02.423 21650-21650 [UAH_CLIENT]            com.newaura.app                      I  UahGetFeatureStatus enter
2026-05-05 17:31:02.427 21650-21650 nativeloader            com.newaura.app                      D  Load libpowerhalwrap_jni.so using system ns (caller=/system_ext/framework/mediatek-framework.jar): ok
2026-05-05 17:31:02.428 21650-21650 PowerHalWrapper         com.newaura.app                      I  PowerHalWrapper.getInstance 
2026-05-05 17:31:02.428 21650-21650 PowerHalWrapper         com.newaura.app                      I  PowerHalWrapper.getInstance 
2026-05-05 17:31:02.428 21650-21650 M-ProMotion             com.newaura.app                      I  M-ProMotion is disabled
2026-05-05 17:31:02.516 21650-21650 HWUI                    com.newaura.app                      I  SupportApps size 0
2026-05-05 17:31:02.517 21650-21650 ExtensionsLoader        com.newaura.app                      D  createInstance(64bit) : createExtendedFactory
2026-05-05 17:31:02.518 21650-21650 ExtensionsLoader        com.newaura.app                      D  Opened libSchedAssistExtImpl.so
2026-05-05 17:31:02.518 21650-21650 SchedAssist             com.newaura.app                      E  open sharedFd failed with error=Permission denied
2026-05-05 17:31:02.518 21650-21650 SchedAssist             com.newaura.app                      E  open sharedFd failed with error=Permission denied
2026-05-05 17:31:02.518 21650-21650 SchedAssist             com.newaura.app                      E  open sharedFd failed with error=Permission denied
2026-05-05 17:31:02.521 21650-21778 ExtensionsLoader        com.newaura.app                      D  createInstance(64bit) : createExtendedFactory
2026-05-05 17:31:02.522 21650-21778 ExtensionsLoader        com.newaura.app                      D  Opened libSchedAssistExtImpl.so
2026-05-05 17:31:02.522 21650-21778 DisplayManager          com.newaura.app                      I  Choreographer implicitly registered for the refresh rate.
2026-05-05 17:31:02.525 21650-21650 com.newaura.app         com.newaura.app                      I  AssetManager2(0xb4000078db985d28) locale list changing from [] to [en-GB]
2026-05-05 17:31:02.526 21650-21650 ResourcesManagerExtImpl com.newaura.app                      D  applyConfigurationToAppResourcesLocked app.getDisplayId() return callback.displayId:0
2026-05-05 17:31:02.556 21650-21650 AppCompatDelegate       com.newaura.app                      D  Checking for metadata for AppLocalesMetadataHolderService : Service not found
2026-05-05 17:31:02.559 21650-21650 com.newaura.app         com.newaura.app                      I  AssetManager2(0xb4000077b5e5a328) locale list changing from [] to [en-GB]
2026-05-05 17:31:02.567 21650-21650 ashmem                  com.newaura.app                      E  Pinning is deprecated since Android Q. Please use trim or other methods.
2026-05-05 17:31:02.598 21650-21650 OplusPredi...Controller com.newaura.app                      E   NoSuchMethodException 
2026-05-05 17:31:02.598 21650-21650 OplusPredi...Controller com.newaura.app                      E   NoSuchMethodException 
2026-05-05 17:31:02.598 21650-21650 OplusPredi...Controller com.newaura.app                      E   NoSuchMethodException 
2026-05-05 17:31:02.598 21650-21650 OplusPredi...Controller com.newaura.app                      E   NoSuchMethodException 
2026-05-05 17:31:02.598 21650-21650 OplusPredi...Controller com.newaura.app                      D  should not HookOnBackInvokedCallbackEnabled for application com.newaura.app.MainActivity@70861f3 sdk: 36
2026-05-05 17:31:02.598 21650-21650 OplusPredi...Controller com.newaura.app                      D  initPredictiveBackConfig for com.newaura.app.MainActivity@70861f3 initPredictiveBackConfig mShouldInterceptKeyEvent false
2026-05-05 17:31:02.599 21650-21650 OplusPredi...Controller com.newaura.app                      D  should not HookOnBackInvokedCallbackEnabled for application com.newaura.app.MainActivity@70861f3 sdk: 36
2026-05-05 17:31:02.604 21650-21650 oplus.andr...actoryImpl com.newaura.app                      I  Unknow feature:IOplusTextViewRTLUtilForUG
2026-05-05 17:31:02.627 21650-21778 ExtensionsLoader        com.newaura.app                      D  createInstance(64bit) : createExtendedFactory
2026-05-05 17:31:02.627 21650-21778 ExtensionsLoader        com.newaura.app                      D  Opened libeglextimpl.so
2026-05-05 17:31:02.628 21650-21778 PreCache                com.newaura.app                      D  [IPreCacheRus]loadRUSConfigs#102 failed to transact: -22 prc:com.newaura.app
2026-05-05 17:31:02.629 21650-21650 CompatChangeReporter    com.newaura.app                      D  Compat change id reported: 377864165; UID 10408; state: ENABLED
2026-05-05 17:31:02.631 21650-21650 DesktopModeFlags        com.newaura.app                      D  Toggle override initialized to: OVERRIDE_UNSET
2026-05-05 17:31:02.680 21650-21650 com.newaura.app         com.newaura.app                      I  hiddenapi: Accessing hidden method Landroid/view/ViewGroup;->makeOptionalFitsSystemWindows()V (runtime_flags=0, domain=platform, api=unsupported) from Landroidx/appcompat/widget/ViewUtils; (domain=app, TargetSdkVersion=36) using reflection: allowed
2026-05-05 17:31:02.722 21650-21650 com.newaura.app         com.newaura.app                      I  AssetManager2(0xb4000077b5e5a928) locale list changing from [] to [en-GB]
2026-05-05 17:31:02.722 21650-21650 WebViewFactory          com.newaura.app                      I  Loading com.google.android.webview version 147.0.7727.137 (code 772713703)
2026-05-05 17:31:02.752 21650-21650 ApplicationLoaders      com.newaura.app                      D  Returning zygote-cached class loader: /system/framework/android.test.base.jar
2026-05-05 17:31:02.752 21650-21650 ApplicationLoaders      com.newaura.app                      D  Returning zygote-cached class loader: /system_ext/framework/androidx.window.extensions.jar
2026-05-05 17:31:02.789 21650-21650 com.newaura.app         com.newaura.app                      W  Loading /data/app/~~YvlUSTaim5b0YuQtCfU6lA==/com.google.android.webview-_VyjwodP8yNcdaKQyQvxWA==/oat/arm64/base.odex non-executable as it requires an image which we failed to load
2026-05-05 17:31:02.795 21650-21650 nativeloader            com.newaura.app                      D  Configuring clns-10 for other apk /data/app/~~YvlUSTaim5b0YuQtCfU6lA==/com.google.android.webview-_VyjwodP8yNcdaKQyQvxWA==/base.apk. target_sdk_version=36, uses_libraries=, library_path=/data/app/~~YvlUSTaim5b0YuQtCfU6lA==/com.google.android.webview-_VyjwodP8yNcdaKQyQvxWA==/lib/arm64:/data/app/~~YvlUSTaim5b0YuQtCfU6lA==/com.google.android.webview-_VyjwodP8yNcdaKQyQvxWA==/base.apk!/lib/arm64-v8a, permitted_path=/data:/mnt/expand
2026-05-05 17:31:02.949 21650-21650 cr_WVCFactoryProvider   com.newaura.app                      I  version=147.0.7727.137 (772713703) minSdkVersion=29 multiprocess=true packageId=2 splits=<none>
2026-05-05 17:31:02.993 21650-21650 nativeloader            com.newaura.app                      D  Load /data/app/~~YvlUSTaim5b0YuQtCfU6lA==/com.google.android.webview-_VyjwodP8yNcdaKQyQvxWA==/base.apk!/lib/arm64-v8a/libwebviewchromium.so using class loader ns clns-10 (caller=/data/app/~~YvlUSTaim5b0YuQtCfU6lA==/com.google.android.webview-_VyjwodP8yNcdaKQyQvxWA==/base.apk): ok
2026-05-05 17:31:02.996 21650-21650 nativeloader            com.newaura.app                      D  Load /system/lib64/libwebviewchromium_plat_support.so using class loader ns clns-10 (caller=/data/app/~~YvlUSTaim5b0YuQtCfU6lA==/com.google.android.webview-_VyjwodP8yNcdaKQyQvxWA==/base.apk): ok
2026-05-05 17:31:03.007 21650-21650 com.newaura.app         com.newaura.app                      I  AssetManager2(0xb4000078db985728) locale list changing from [] to [en-GB]
2026-05-05 17:31:03.010 21650-21650 com.newaura.app         com.newaura.app                      I  AssetManager2(0xb4000077b5e5af28) locale list changing from [] to [en-GB]
2026-05-05 17:31:03.013 21650-21650 com.newaura.app         com.newaura.app                      I  AssetManager2(0xb4000077b5e5b228) locale list changing from [] to [en-GB]
2026-05-05 17:31:03.048 21650-21650 cr_LibraryLoader        com.newaura.app                      I  Successfully loaded native library
2026-05-05 17:31:03.050 21650-21650 cr_CachingUmaRecorder   com.newaura.app                      I  Flushed 22 samples from 21 histograms, 0 samples were dropped.
2026-05-05 17:31:03.081 21650-21858 chromium                com.newaura.app                      I  [INFO:android_webview/browser/variations/variations_seed_loader.cc:67] Failed to open file for reading.: No such file or directory (2)
2026-05-05 17:31:03.081 21650-21858 chromium                com.newaura.app                      I  [INFO:android_webview/browser/variations/variations_seed_loader.cc:67] Failed to open file for reading.: No such file or directory (2)
2026-05-05 17:31:03.098 21650-21650 cr_ChildProcLH          com.newaura.app                      I  ScopedServiceBindingBatch.tryActivate: false
2026-05-05 17:31:03.101 21650-21650 cr_CombinedPProvider    com.newaura.app                      I  #registerProvider() provider:WV.yk@93fe76e isPolicyCacheEnabled:false policyProvidersSize:0
2026-05-05 17:31:03.103 21650-21650 cr_PolicyProvider       com.newaura.app                      I  #setManagerAndSource() 0
2026-05-05 17:31:03.117 21650-21650 cr_DisplayManager       com.newaura.app                      I  Is Display Topology available: false
2026-05-05 17:31:03.119 21650-21650 com.newaura.app         com.newaura.app                      I  AssetManager2(0xb4000077b5e5b528) locale list changing from [] to [en-GB]
2026-05-05 17:31:03.119 21650-21650 WindowContextController com.newaura.app                      D  attachToDisplayArea  type = 2 ,displayId = 0 ,options = null ,mToken = android.window.WindowTokenClient@d0fb534
2026-05-05 17:31:03.122 21650-21650 com.newaura.app         com.newaura.app                      I  AssetManager2(0xb4000077b5e5b828) locale list changing from [] to [en-GB]
2026-05-05 17:31:03.156 21650-21650 cr_CombinedPProvider    com.newaura.app                      I  #linkNativeInternal() 1
2026-05-05 17:31:03.158 21650-21650 cr_AppResProvider       com.newaura.app                      I  #getApplicationRestrictionsFromUserManager() Bundle[EMPTY_PARCEL]
2026-05-05 17:31:03.158 21650-21650 cr_PolicyProvider       com.newaura.app                      I  #notifySettingsAvailable() 0
2026-05-05 17:31:03.158 21650-21650 cr_CombinedPProvider    com.newaura.app                      I  #onSettingsAvailable() 0
2026-05-05 17:31:03.158 21650-21650 cr_CombinedPProvider    com.newaura.app                      I  #flushPolicies()
2026-05-05 17:31:03.242 21650-21650 chromium                com.newaura.app                      W  [WARNING:android_webview/browser/network_service/net_helpers.cc:137] HTTP Cache size is: 20971520
2026-05-05 17:31:03.396 21650-21650 Quality                 com.newaura.app                      I  InflateViewInfo:713296539,androidx.coordinatorlayout.widget.CoordinatorLayout
2026-05-05 17:31:03.403 21650-21650 Capacitor               com.newaura.app                      D  Starting BridgeActivity
2026-05-05 17:31:03.438 21650-21650 Capacitor               com.newaura.app                      D  Registering plugin instance: CapacitorCookies
2026-05-05 17:31:03.455 21650-21650 Capacitor               com.newaura.app                      D  Registering plugin instance: WebView
2026-05-05 17:31:03.458 21650-21650 Capacitor               com.newaura.app                      D  Registering plugin instance: CapacitorHttp
2026-05-05 17:31:03.462 21650-21650 Capacitor               com.newaura.app                      D  Registering plugin instance: SystemBars
2026-05-05 17:31:03.466 21650-21650 Capacitor               com.newaura.app                      D  Registering plugin instance: Camera
2026-05-05 17:31:03.482 21650-21650 Capacitor               com.newaura.app                      D  Registering plugin instance: PushNotifications
2026-05-05 17:31:03.487 21650-21650 Capacitor               com.newaura.app                      D  Registering plugin instance: StatusBar
2026-05-05 17:31:03.492 21650-21650 Capacitor/...sBarPlugin com.newaura.app                      V  Notifying listeners for event statusBarOverlayChanged
2026-05-05 17:31:03.492 21650-21650 Capacitor/...sBarPlugin com.newaura.app                      D  No listeners found for event statusBarOverlayChanged
2026-05-05 17:31:03.494 21650-21650 Capacitor/...sBarPlugin com.newaura.app                      V  Notifying listeners for event statusBarOverlayChanged
2026-05-05 17:31:03.494 21650-21650 Capacitor/...sBarPlugin com.newaura.app                      D  No listeners found for event statusBarOverlayChanged
2026-05-05 17:31:03.508 21650-21893 OplusInputMethodUtil    com.newaura.app                      D  init sDebug to false, init sDebugIme to false, init sAlwaysOn to false
2026-05-05 17:31:03.509 21650-21893 OplusInputMethodUtil    com.newaura.app                      D  updateDebugToClass InputMethodManager.DEBUG = false
2026-05-05 17:31:03.509 21650-21893 OplusInputMethodUtil    com.newaura.app                      D  updateDebugToClass ImeFocusController.DEBUG = false
2026-05-05 17:31:03.509 21650-21893 OplusInputMethodUtil    com.newaura.app                      D  updateDebugToClass OnBackInvokedDispatcher.DEBUG = false
2026-05-05 17:31:03.509 21650-21893 OplusInputMethodUtil    com.newaura.app                      D  updateDebugToClass InsetsController.DEBUG = false
2026-05-05 17:31:03.519 21650-21893 OplusInputMethodUtil    com.newaura.app                      D  updateDebugToClass BaseInputConnection.DEBUG = false
2026-05-05 17:31:03.533 21650-21650 Capacitor               com.newaura.app                      W  Unable to read file at path public/plugins
2026-05-05 17:31:03.551 21650-21650 Capacitor               com.newaura.app                      D  Loading app at https://localhost
2026-05-05 17:31:03.680 21650-21902 cr_media                com.newaura.app                      W  BLUETOOTH_CONNECT permission is missing.
2026-05-05 17:31:03.691 21650-21902 cr_media                com.newaura.app                      W  getBluetoothAdapter() requires BLUETOOTH permission
2026-05-05 17:31:03.691 21650-21902 cr_media                com.newaura.app                      W  registerBluetoothIntentsIfNeeded: Requires BLUETOOTH permission
2026-05-05 17:31:03.711 21650-21979 colorx                  com.newaura.app                      D  VulkanExtImpl Init
2026-05-05 17:31:03.714 21650-21979 vulkan                  com.newaura.app                      D  searching for layers in '/data/app/~~Yybd47M_GP9_oUuW14ZWFg==/com.newaura.app-Q2AcUolBlbKdm0hNfz2aRA==/lib/arm64'
2026-05-05 17:31:03.715 21650-21979 vulkan                  com.newaura.app                      D  searching for layers in '/data/app/~~Yybd47M_GP9_oUuW14ZWFg==/com.newaura.app-Q2AcUolBlbKdm0hNfz2aRA==/base.apk!/lib/arm64-v8a'
2026-05-05 17:31:03.715 21650-21979 colorx                  com.newaura.app                      D  I can't find colorx layer , let's enumerate colorx layers first.
2026-05-05 17:31:03.723 21650-21650 Capacitor               com.newaura.app                      D  App started
2026-05-05 17:31:03.730 21650-21650 ActivityThread          com.newaura.app                      D  ComponentInfo{com.newaura.app/com.newaura.app.MainActivity} checkFinished=false 2
2026-05-05 17:31:03.730 21650-21650 ResourcesManagerExtImpl com.newaura.app                      D  applyConfigurationToAppResourcesLocked app.getDisplayId() return callback.displayId:0
2026-05-05 17:31:03.730 21650-21650 AutofillCl...Controller com.newaura.app                      V  onActivityResumed()
2026-05-05 17:31:03.731 21650-21902 AudioSystem             com.newaura.app                      D  onNewService: media.audio_policy service obtained 0xb4000078a28ad000
2026-05-05 17:31:03.731 21650-21650 Capacitor               com.newaura.app                      D  App resumed
2026-05-05 17:31:03.732 21650-21650 AutofillCl...Controller com.newaura.app                      V  onActivityPostResumed()
2026-05-05 17:31:03.732 21650-21650 AutofillCl...Controller com.newaura.app                      V  onActivityPostResumed(): Relayout fix enabled
2026-05-05 17:31:03.732 21650-21650 AutofillCl...Controller com.newaura.app                      V  forResume(): Not attempting refill.
2026-05-05 17:31:03.743 21650-21902 AudioSystem             com.newaura.app                      D  getService: IAudioPolicyService retrieved: 0xb4000078a28ad000  cached: 0xb4000078a28ad000
2026-05-05 17:31:03.743 21650-21650 SurfaceFactory          com.newaura.app                      I  [static] sSurfaceFactory = com.mediatek.view.impl.SurfaceFactoryImpl@2ed87e
2026-05-05 17:31:03.751 21650-21752 PowerHalWrapper         com.newaura.app                      I  PowerHalWrapper.getInstance 
2026-05-05 17:31:03.767 21650-21893 Capacitor               com.newaura.app                      D  Handling local request: https://localhost/
2026-05-05 17:31:03.788 21650-21650 WindowManager           com.newaura.app                      D  Add to mViews: com.android.internal.policy.DecorView{d3296c4 I.E...... R.....ID 0,0-0,0 alpha=1.0 viewInfo = }[MainActivity],pkg= com.newaura.app
2026-05-05 17:31:03.791 21650-21650 HWUI                    com.newaura.app                      W  Unknown dataspace 0
2026-05-05 17:31:03.791 21650-21778 ExtensionsLoader        com.newaura.app                      D  createInstance(64bit) : createExtendedFactory
2026-05-05 17:31:03.807 21650-21778 ExtensionsLoader        com.newaura.app                      D  Opened libhwuiextimpl.so
2026-05-05 17:31:03.808 21650-21778 skia                    com.newaura.app                      D  setRusSupported enable 0
2026-05-05 17:31:03.827 21650-21650 ViewRootImplExtImpl     com.newaura.app                      D  onDisplayChanged -1 for VRI android.view.ViewRootImpl@245b30
2026-05-05 17:31:03.859 21650-21650 ResourcesManagerExtImpl com.newaura.app                      D  applyConfigurationToAppResourcesLocked app.getDisplayId() return callback.displayId:0
2026-05-05 17:31:03.861 21650-21650 Choreographer           com.newaura.app                      I  Skipped 86 frames!  The application may be doing too much work on its main thread.
2026-05-05 17:31:03.863 21650-22012 CameraManagerExtImpl    com.newaura.app                      I  packagename is com.newaura.app
2026-05-05 17:31:03.864 21650-22012 OplusCameraManager      com.newaura.app                      I  saveOpPackageName, mOpPackageName: com.newaura.app
2026-05-05 17:31:03.865 21650-21650 OplusBracketLog         com.newaura.app                      E  [OplusViewMirrorManager] updateHostViewRootIfNeeded, not support android.view.ViewRootImpl@245b30
2026-05-05 17:31:03.894 21650-22012 OplusCamer...agerGlobal com.newaura.app                      I  setClientInfo, packageName: com.newaura.app, uid: 10408, pid: 21650
2026-05-05 17:31:03.894 21650-22012 OplusCamer...agerGlobal com.newaura.app                      I  Connecting to camera service
2026-05-05 17:31:03.896 21650-21650 OplusPredi...Controller com.newaura.app                      D  should not HookOnBackInvokedCallbackEnabled for application com.newaura.app.MainActivity@70861f3 sdk: 36
2026-05-05 17:31:03.898 21650-21650 ViewRootImplExtImpl     com.newaura.app                      D  wrapConfigInfoIntoFlags rotation=0, smallestScreenWidthDp=0, residentWS=false, scenario=0, bounds=Rect(0, 0 - 1080, 2400), relayoutAsync=false, flags=0, newFlags=1258291200, title=com.newaura.app/com.newaura.app.MainActivity
2026-05-05 17:31:03.923 21650-21650 VRI[MainActivity]       com.newaura.app                      D  relayoutWindow result, sizeChanged:true, surfaceControlChanged:true, transformHintChanged:false, mSurfaceSize:Point(1080, 2400), mLastSurfaceSize:Point(0, 0), mWidth:-1, mHeight:-1, requestedWidth:1080, requestedHeight:2400, transformHint:0, installOrientation:0, displayRotation:0, isSurfaceValid:true, attr.flag:-2122252032, tmpFrames:ClientWindowFrames{frame=[0,0][1080,2400] display=[0,0][1080,2400] parentFrame=[0,0][0,0]}, relayoutAsync:false, mSyncSeqId:0
2026-05-05 17:31:03.924 21650-21650 VRI[MainActivity]       com.newaura.app                      W  updateBlastSurfaceIfNeeded, surfaceSize:Point(1080, 2400), lastSurfaceSize:Point(0, 0), format:-1, blastBufferQueue:null
2026-05-05 17:31:03.931 21650-22012 CameraManagerGlobal     com.newaura.app                      I  Connecting to camera service
2026-05-05 17:31:03.939 21650-21650 com.newaura.app         com.newaura.app                      E  [perfctl] 21650 21650 FPSGO ver:0
2026-05-05 17:31:03.939 21650-21650 com.newaura.app         com.newaura.app                      E  [perfctl] 0 0 0 0
2026-05-05 17:31:03.940 21650-21650 BufferQueueConsumer     com.newaura.app                      D  [](id:549200000000,api:0,p:-1,c:21650) connect: controlledByApp=false
2026-05-05 17:31:03.940 21650-21650 BufferQueueConsumer     com.newaura.app                      D  [VRI[MainActivity][com.newaura.app/com.newaura.app.MainActivity]#0(BLAST Consumer)0](id:549200000000,api:0,p:-1,c:21650) setMaxAcquiredBufferCount: 3
2026-05-05 17:31:03.950 21650-21778 HWUI                    com.newaura.app                      D  createSurface new attribs array
2026-05-05 17:31:03.951 21650-21778 libEGL                  com.newaura.app                      D  this is from skia gles
2026-05-05 17:31:03.958 21650-21650 SurfaceControl          com.newaura.app                      I   setExtendedRangeBrightness sc=Surface(name=com.newaura.app/com.newaura.app.MainActivity)/@0xf6b1ee1,currentBufferRatio=1.0,desiredRatio=1.0
2026-05-05 17:31:03.968 21650-21650 Quality                 com.newaura.app                      I  UISlowBinder:201800381
2026-05-05 17:31:04.110 21650-21902 AudioManagerExtImpl     com.newaura.app                      D  mLastUnFakeScoUid 10408 mFakeScoUid -1
2026-05-05 17:31:04.173 21650-21778 GrallocExtra            com.newaura.app                      I  gralloc_extra_query:is_SW3D 0
2026-05-05 17:31:04.174 21650-21778 BLASTBufferQueue        com.newaura.app                      D  [VRI[MainActivity][com.newaura.app/com.newaura.app.MainActivity]#0](f:0,a:1) acquireNextBufferLocked size=1080x2400 mFrameNumber=1 applyTransaction=true mTimestamp=808534372069807(auto) mPendingTransactions.size=0 graphicBufferId=92986041958400 transform=0
2026-05-05 17:31:04.176 21650-21778 VRI[MainActivity]       com.newaura.app                      D  Received frameCommittedCallback lastAttemptedDrawFrameNum=1 didProduceBuffer=true syncBuffer=false
2026-05-05 17:31:04.176 21650-22032 LibMBrainProxy          com.newaura.app                      D  Init Paramters
2026-05-05 17:31:04.176 21650-21778 ExtensionsLoader        com.newaura.app                      D  createInstance(64bit) : createExtendedFactory
2026-05-05 17:31:04.177 21650-21778 ExtensionsLoader        com.newaura.app                      D  Opened libSchedAssistExtImpl.so
2026-05-05 17:31:04.177 21650-22032 ServiceManagerCppClient com.newaura.app                      W  Failed to get isDeclared for vendor.mediatek.hardware.mbrain.IMBrain/default: Status(-1, EX_SECURITY): 'SELinux denied for service.'
2026-05-05 17:31:04.178 21650-21650 VRI[MainActivity]       com.newaura.app                      D  draw finished. seqId=0
2026-05-05 17:31:04.202 21650-21683 HWUI                    com.newaura.app                      I  Davey! duration=1750ms; Flags=1, FrameTimelineVsyncId=187872444, IntendedVsync=808532623229969, Vsync=808534052297645, InputEventId=0, HandleInputStart=808534061245884, AnimationStart=808534061258115, PerformTraversalsStart=808534063248653, DrawStart=808534156956653, FrameDeadline=808532639829969, FrameStartTime=808534060053576, FrameInterval=16617066, WorkloadTarget=16600000, SyncQueued=808534167468576, SyncStart=808534167587653, IssueDrawCommandsStart=808534167698115, SwapBuffers=808534360699345, FrameCompleted=808534374216038, DequeueBufferDuration=7976923, QueueBufferDuration=941231, GpuCompleted=808534374176884, SwapBuffersCompleted=808534374216038, DisplayPresentTime=0, CommandSubmissionCompleted=808534360699345, 
2026-05-05 17:31:04.232 21650-21650 VRI[MainActivity]       com.newaura.app                      W  handleResized, msg:, frameChanged:false, configChanged:false, displayChanged:false, attachedFrameChanged:false, compatScaleChanged:false, pendingDragResizing=false
2026-05-05 17:31:04.239 21650-21650 DynamicFra...igManager] com.newaura.app                      I  initFrameRateConfig: 
                                                                                                    	levelsFor120hz: [120, 60]
                                                                                                    	thresholdsFor120hz: [200]
                                                                                                    	levelsFor90hz: [90]
                                                                                                    	thresholdsFor90hz: []
2026-05-05 17:31:04.239 21650-21650 DynamicFra...igManager] com.newaura.app                      I  FRTCConfigManager: FRTC_CAPABILITY = 120, package name = com.newaura.app, WINDOW_ANIMATION_SPEED_RATE = 10, SCROLL_ANIMATION_SPEED_RATE = 20, PACKAGE_ENABLE = false
2026-05-05 17:31:04.239 21650-21650 DynamicFra...ontroller] com.newaura.app                      I  init info: mPackageName = com.newaura.app, mIsEnabled = false
2026-05-05 17:31:04.244 21650-21778 VRI[MainActivity]       com.newaura.app                      D  Received frameCommittedCallback lastAttemptedDrawFrameNum=3 didProduceBuffer=false syncBuffer=false
2026-05-05 17:31:04.245 21650-21650 VRI[MainActivity]       com.newaura.app                      D  draw finished. seqId=0
2026-05-05 17:31:04.355 21650-21650 VRI[MainActivity]       com.newaura.app                      D  onFocusEvent true
2026-05-05 17:31:04.384 21650-21650 InsetsController        com.newaura.app                      D  hide(ime(), fromIme=false)
2026-05-05 17:31:04.384 21650-21650 ImeTracker              com.newaura.app                      I  com.newaura.app:8f4200f: onCancelled at PHASE_CLIENT_ALREADY_HIDDEN
2026-05-05 17:31:04.636 21650-21650 com.newaura.app         com.newaura.app                      I  hiddenapi: Accessing hidden field Landroid/content/pm/ApplicationInfo;->primaryCpuAbi:Ljava/lang/String; (runtime_flags=0, domain=platform, api=unsupported) from Lorg/chromium/android_webview/SystemStateUtil; (domain=app, TargetSdkVersion=36) using reflection: allowed
2026-05-05 17:31:04.672 21650-21894 Capacitor               com.newaura.app                      D  Handling local request: https://localhost/assets/index-4A9MR12z.js
2026-05-05 17:31:04.673 21650-21905 Capacitor               com.newaura.app                      D  Handling local request: https://localhost/assets/react-DrZGHthW.js
2026-05-05 17:31:04.688 21650-21908 Capacitor               com.newaura.app                      D  Handling local request: https://localhost/assets/jsx-runtime-B5sOfCU_.js
2026-05-05 17:31:04.700 21650-21922 AudioCapabilities       com.newaura.app                      W  Unsupported mediaType audio/x-adpcm-dvi-ima
2026-05-05 17:31:04.735 21650-21922 AudioCapabilities       com.newaura.app                      W  Unsupported mediaType audio/x-adpcm-ms
2026-05-05 17:31:04.741 21650-21922 AudioCapabilities       com.newaura.app                      W  Unsupported mediaType audio/alac
2026-05-05 17:31:04.792 21650-21922 AudioCapabilities       com.newaura.app                      W  Unsupported mediaType audio/iamf
2026-05-05 17:31:04.812 21650-21893 Capacitor               com.newaura.app                      D  Handling local request: https://localhost/assets/dist-9ua5NoKv.js
2026-05-05 17:31:04.839 21650-21892 Capacitor               com.newaura.app                      D  Handling local request: https://localhost/assets/preload-helper-Cl66rQgy.js
2026-05-05 17:31:04.867 21650-21922 VideoCapabilities       com.newaura.app                      W  Unsupported mime image/vnd.android.heic
2026-05-05 17:31:04.870 21650-21922 VideoCapabilities       com.newaura.app                      W  Unsupported mime image/vnd.android.heic
2026-05-05 17:31:04.908 21650-21922 VideoCapabilities       com.newaura.app                      W  Unrecognized profile/level 32768/256 for video/mp4v-es
2026-05-05 17:31:05.042 21650-21909 Capacitor               com.newaura.app                      D  Handling local request: https://localhost/assets/index-BUCkEnj1.css
2026-05-05 17:31:05.051 21650-21922 AudioCapabilities       com.newaura.app                      W  Unsupported mime audio/x-adpcm-dvi-ima
2026-05-05 17:31:05.052 21650-21922 AudioCapabilities       com.newaura.app                      W  Unsupported mime audio/x-adpcm-dvi-ima
2026-05-05 17:31:05.053 21650-21922 AudioCapabilities       com.newaura.app                      W  Unsupported mime audio/x-adpcm-ms
2026-05-05 17:31:05.054 21650-21922 AudioCapabilities       com.newaura.app                      W  Unsupported mime audio/x-adpcm-ms
2026-05-05 17:31:05.059 21650-21922 AudioCapabilities       com.newaura.app                      W  Unsupported mime audio/alac
2026-05-05 17:31:05.059 21650-21922 AudioCapabilities       com.newaura.app                      W  Unsupported mime audio/alac
2026-05-05 17:31:05.232 21650-21922 AudioCapabilities       com.newaura.app                      W  Unsupported mime audio/iamf
2026-05-05 17:31:05.366 21650-21712 OplusScrollToTopManager com.newaura.app                      D  com.newaura.app/com.newaura.app.MainActivity,This com.android.internal.policy.DecorView{d3296c4 V.E...... R....... 0,0-1080,2400 alpha=1.0 viewInfo = }[MainActivity] change focus to true
2026-05-05 17:31:05.415 21650-21922 VideoCapabilities       com.newaura.app                      W  Unsupported mime image/vnd.android.heic
2026-05-05 17:31:05.419 21650-21922 VideoCapabilities       com.newaura.app                      W  Unsupported mime image/vnd.android.heic
2026-05-05 17:31:05.423 21650-21922 VideoCapabilities       com.newaura.app                      W  Unsupported mime image/vnd.android.heic
2026-05-05 17:31:05.518 21650-21922 VideoCapabilities       com.newaura.app                      W  Unrecognized profile/level 32768/256 for video/mp4v-es
2026-05-05 17:31:05.522 21650-21922 VideoCapabilities       com.newaura.app                      W  Unrecognized profile/level 32768/256 for video/mp4v-es
2026-05-05 17:31:05.854 21650-21650 IJankManager            com.newaura.app                      E  slideSceneEnd unknown scene 1000 mScene:-1
2026-05-05 17:31:05.854 21650-21650 AutofillManager         com.newaura.app                      V  requestHideFillUi(null): anchor = null
2026-05-05 17:31:05.867 21650-21650 ViewExtract             com.newaura.app                      D  [OplusViewExtractManager] OplusViewExtractManager init com.newaura.app
2026-05-05 17:31:05.980 21650-22220 PowerHalMgrImpl         com.newaura.app                      I  perfLockAcq is supported. 
2026-05-05 17:31:05.983 21650-22220 PowerHalMgrImpl         com.newaura.app                      I  hdl:399767, pid:21650 
2026-05-05 17:31:06.032 21650-21650 OplusInput...erInternal com.newaura.app                      D  get inputMethodManager extension: com.android.internal.view.IInputMethodManager$Stub$Proxy@95e8557
2026-05-05 17:31:06.035 21650-21650 OplusViewD...ViewHelper com.newaura.app                      D  dispatchTouchView action = 1
2026-05-05 17:31:06.036 21650-21650 ScrollIdentify          com.newaura.app                      I  on fling
2026-05-05 17:31:06.037 21650-21650 ViewRootImplExtImpl     com.newaura.app                      D  the up motion event handled by client, just return
2026-05-05 17:31:06.043 21650-22220 PowerHalMgrImpl         com.newaura.app                      I  hdl:399769, pid:21650 
2026-05-05 17:31:06.440 21650-21650 Capacitor/Console       com.newaura.app                      I  File:  - Line 349 - Msg: [object Object]
2026-05-05 17:31:06.442 21650-21650 Capacitor/Console       com.newaura.app                      I  File:  - Line 349 - Msg: [object Object]
2026-05-05 17:31:06.446 21650-21650 Capacitor/Plugin        com.newaura.app                      V  To native (Capacitor plugin): callbackId: 119520106, pluginId: StatusBar, methodName: setOverlaysWebView
2026-05-05 17:31:06.446 21650-21650 Capacitor               com.newaura.app                      V  callback: 119520106, pluginId: StatusBar, methodName: setOverlaysWebView, methodData: {"overlay":true}
2026-05-05 17:31:06.447 21650-21650 Capacitor/Plugin        com.newaura.app                      V  To native (Capacitor plugin): callbackId: 119520107, pluginId: StatusBar, methodName: setStyle
2026-05-05 17:31:06.448 21650-21650 Capacitor               com.newaura.app                      V  callback: 119520107, pluginId: StatusBar, methodName: setStyle, methodData: {"style":"DARK"}
2026-05-05 17:31:06.472 21650-21752 com.newaura.app         com.newaura.app                      E  legacy_receive_flag: 0
2026-05-05 17:31:06.472 21650-21752 com.newaura.app         com.newaura.app                      D  /proc/perfmgr_sbe/sbe_ioctl not exists: No such file or directory
2026-05-05 17:31:06.519 21650-21650 Capacitor/...sBarPlugin com.newaura.app                      V  Notifying listeners for event statusBarOverlayChanged
2026-05-05 17:31:06.519 21650-21650 Capacitor/...sBarPlugin com.newaura.app                      D  No listeners found for event statusBarOverlayChanged
2026-05-05 17:31:06.522 21650-21650 Capacitor/Console       com.newaura.app                      I  File: https://localhost/assets/index-4A9MR12z.js - Line 40 - Msg: [🔔 NOTIF] Registering service worker: /sw.js
2026-05-05 17:31:06.525 21650-21650 Capacitor/Console       com.newaura.app                      I  File:  - Line 333 - Msg: undefined
2026-05-05 17:31:06.536 21650-21650 Capacitor/Console       com.newaura.app                      I  File:  - Line 333 - Msg: undefined
2026-05-05 17:31:06.555 21650-21894 Capacitor               com.newaura.app                      D  Handling local request: https://localhost/aura-logo.png
2026-05-05 17:31:06.684 21650-21778 GPUAUX                  com.newaura.app                      E  [AUX]GuiExtAuxCheckAuxPath:682: Null anb
2026-05-05 17:31:06.685 21650-21778 GPUAUX                  com.newaura.app                      E  [AUX]GuiExtAuxCheckAuxPath:682: Null anb
2026-05-05 17:31:06.710 21650-21778 GPUAUX                  com.newaura.app                      E  [AUX]GuiExtAuxCheckAuxPath:682: Null anb
2026-05-05 17:31:06.711 21650-21778 GPUAUX                  com.newaura.app                      E  [AUX]GuiExtAuxCheckAuxPath:682: Null anb
2026-05-05 17:31:06.752 21650-21778 GPUAUX                  com.newaura.app                      E  [AUX]GuiExtAuxCheckAuxPath:682: Null anb
2026-05-05 17:31:06.754 21650-21778 QualityInfo             com.newaura.app                      I  anim_jank|cost:21201307|action:8|scene:1002
2026-05-05 17:31:06.800 21650-21892 Capacitor               com.newaura.app                      D  Handling local request: https://localhost/sw.js
2026-05-05 17:31:06.902 21650-21893 Capacitor               com.newaura.app                      D  Handling local request: https://localhost/aura-logo.png
2026-05-05 17:31:07.097 21650-21778 GPUAUX                  com.newaura.app                      E  [AUX]GuiExtAuxCheckAuxPath:682: Null anb
2026-05-05 17:31:07.099 21650-21778 GPUAUX                  com.newaura.app                      E  [AUX]GuiExtAuxCheckAuxPath:682: Null anb
2026-05-05 17:31:07.099 21650-21778 GPUAUX                  com.newaura.app                      E  [AUX]GuiExtAuxCheckAuxPath:682: Null anb
2026-05-05 17:31:07.099 21650-21778 GPUAUX                  com.newaura.app                      E  [AUX]GuiExtAuxCheckAuxPath:682: Null anb
2026-05-05 17:31:07.117 21650-21650 Capacitor/Console       com.newaura.app                      I  File: https://localhost/assets/index-4A9MR12z.js - Line 40 - Msg: [🔔 NOTIF] ✅ Service Worker registered successfully
2026-05-05 17:31:07.117 21650-21650 Capacitor/Console       com.newaura.app                      I  File: https://localhost/assets/index-4A9MR12z.js - Line 40 - Msg: [🔔 NOTIF]   scope: https://localhost/
2026-05-05 17:31:07.118 21650-21650 Capacitor/Console       com.newaura.app                      I  File: https://localhost/assets/index-4A9MR12z.js - Line 40 - Msg: [🔔 NOTIF]   active: none
2026-05-05 17:31:07.120 21650-21650 Capacitor/Console       com.newaura.app                      I  File: https://localhost/assets/index-4A9MR12z.js - Line 40 - Msg: [🔔 NOTIF]   waiting: none
2026-05-05 17:31:07.128 21650-21650 Capacitor/Console       com.newaura.app                      I  File: https://localhost/assets/index-4A9MR12z.js - Line 40 - Msg: [🔔 NOTIF] 🔄 New service worker installing...
2026-05-05 17:31:07.199 21650-21778 GPUAUX                  com.newaura.app                      E  [AUX]GuiExtAuxCheckAuxPath:682: Null anb
2026-05-05 17:31:07.204 21650-21778 GPUAUX                  com.newaura.app                      E  [AUX]GuiExtAuxCheckAuxPath:682: Null anb
2026-05-05 17:31:07.208 21650-21650 chromium                com.newaura.app                      I  [INFO:CONSOLE:9] "[🔔 SW] Service Worker INSTALLED (version: 2026-05-01)", source: https://localhost/sw.js (9)
2026-05-05 17:31:07.215 21650-21650 Capacitor/Console       com.newaura.app                      I  File: https://localhost/assets/index-4A9MR12z.js - Line 40 - Msg: [🔔 NOTIF]   New SW state: installed
2026-05-05 17:31:07.216 21650-21650 Capacitor/Console       com.newaura.app                      I  File: https://localhost/assets/index-4A9MR12z.js - Line 40 - Msg: [🔔 NOTIF]   New SW state: activating
2026-05-05 17:31:07.225 21650-21778 GPUAUX                  com.newaura.app                      E  [AUX]GuiExtAuxCheckAuxPath:682: Null anb
2026-05-05 17:31:07.226 21650-21778 GPUAUX                  com.newaura.app                      E  [AUX]GuiExtAuxCheckAuxPath:682: Null anb
2026-05-05 17:31:07.228 21650-21650 chromium                com.newaura.app                      I  [INFO:CONSOLE:14] "[🔔 SW] Service Worker ACTIVATED", source: https://localhost/sw.js (14)
2026-05-05 17:31:07.235 21650-21650 Capacitor/Console       com.newaura.app                      I  File: https://localhost/assets/index-4A9MR12z.js - Line 40 - Msg: [🔔 NOTIF]   New SW state: activated
2026-05-05 17:31:07.342 21650-21778 GPUAUX                  com.newaura.app                      E  [AUX]GuiExtAuxCheckAuxPath:682: Null anb
2026-05-05 17:31:07.349 21650-21778 GPUAUX                  com.newaura.app                      E  [AUX]GuiExtAuxCheckAuxPath:682: Null anb
2026-05-05 17:31:07.349 21650-21778 GPUAUX                  com.newaura.app                      E  [AUX]GuiExtAuxCheckAuxPath:682: Null anb
2026-05-05 17:31:07.349 21650-21778 GPUAUX                  com.newaura.app                      E  [AUX]GuiExtAuxCheckAuxPath:682: Null anb
2026-05-05 17:31:07.384 21650-21778 GPUAUX                  com.newaura.app                      E  [AUX]GuiExtAuxCheckAuxPath:682: Null anb
2026-05-05 17:31:07.384 21650-21778 GPUAUX                  com.newaura.app                      E  [AUX]GuiExtAuxCheckAuxPath:682: Null anb
2026-05-05 17:31:07.384 21650-21778 GPUAUX                  com.newaura.app                      E  [AUX]GuiExtAuxCheckAuxPath:682: Null anb
2026-05-05 17:31:07.384 21650-21778 GPUAUX                  com.newaura.app                      E  [AUX]GuiExtAuxCheckAuxPath:682: Null anb
2026-05-05 17:31:07.468 21650-21778 GPUAUX                  com.newaura.app                      E  [AUX]GuiExtAuxCheckAuxPath:682: Null anb
2026-05-05 17:31:07.468 21650-21778 GPUAUX                  com.newaura.app                      E  [AUX]GuiExtAuxCheckAuxPath:682: Null anb
2026-05-05 17:31:07.468 21650-21778 GPUAUX                  com.newaura.app                      E  [AUX]GuiExtAuxCheckAuxPath:682: Null anb
2026-05-05 17:31:07.468 21650-21778 GPUAUX                  com.newaura.app                      E  [AUX]GuiExtAuxCheckAuxPath:682: Null anb
2026-05-05 17:31:07.503 21650-21778 GPUAUX                  com.newaura.app                      E  [AUX]GuiExtAuxCheckAuxPath:682: Null anb
2026-05-05 17:31:07.503 21650-21778 GPUAUX                  com.newaura.app                      E  [AUX]GuiExtAuxCheckAuxPath:682: Null anb
2026-05-05 17:31:07.504 21650-21778 GPUAUX                  com.newaura.app                      E  [AUX]GuiExtAuxCheckAuxPath:682: Null anb
2026-05-05 17:31:07.504 21650-21778 GPUAUX                  com.newaura.app                      E  [AUX]GuiExtAuxCheckAuxPath:682: Null anb
2026-05-05 17:31:07.770 21650-21778 GPUAUX                  com.newaura.app                      E  [AUX]GuiExtAuxCheckAuxPath:682: Null anb
2026-05-05 17:31:07.771 21650-21778 GPUAUX                  com.newaura.app                      E  [AUX]GuiExtAuxCheckAuxPath:682: Null anb
2026-05-05 17:31:07.771 21650-21778 GPUAUX                  com.newaura.app                      E  [AUX]GuiExtAuxCheckAuxPath:682: Null anb
2026-05-05 17:31:07.771 21650-21778 GPUAUX                  com.newaura.app                      E  [AUX]GuiExtAuxCheckAuxPath:682: Null anb
2026-05-05 17:31:08.232 21650-21650 AutofillManager         com.newaura.app                      V  receiver results: flags=7 enabled=true, enabledForAugmentedOnly: false
2026-05-05 17:31:09.053 21650-22220 PowerHalMgrImpl         com.newaura.app                      I  hdl:399771, pid:21650 
2026-05-05 17:31:09.822 21650-22611 ProfileInstaller        com.newaura.app                      D  Installing profile for com.newaura.app
2026-05-05 17:31:09.886 21650-21677 com.newaura.app         com.newaura.app                      I  Compiler allocated 7207KB to compile void android.view.ViewRootImpl.performTraversals()
2026-05-05 17:31:10.065 21650-21683 OplusExSys...viceHelper com.newaura.app                      W  checkOplusExSystemService intent getComponent is null
2026-05-05 17:31:10.072 21650-22623 Capacitor/...ionsPlugin com.newaura.app                      V  Notifying listeners for event registration
2026-05-05 17:31:10.072 21650-22623 Capacitor/...ionsPlugin com.newaura.app                      D  No listeners found for event registration
2026-05-05 17:31:12.562 21650-21650 IJankManager            com.newaura.app                      E  slideSceneEnd unknown scene 1002 mScene:-1
