2026-05-07 17:43:36.688 26569-28193 CapacitorCookies        com.newaura.app                      I  Setting cookie '__cf_bm=.THdYwlxYnC44NDmOkyDQ8WvxIhZGSdF3TQ7kSMlRO0-1778156016.081471-1.0.1.1-dY_HTeHAS7szTZaPckRDP.QbFw4DBWq8CxubbcR3Lh76vdsHOClq0PTZPNwjs0HEB7kbYIL3bbER6JraPuiybB4Zzd74xzwQZVY1QqWEejkaVPaMBDdWI3BmKY3L_8fk; HttpOnly; Secure; Path=/; Domain=supabase.co; Expires=Thu, 07 May 2026 12:43:36 GMT' at: 'https://ugfxjjakpsngfdrjlsdr.supabase.co/rest/v1/profiles?select=id%2Cdisplay_name%2Cavatar_url%2Cavatar_key%2Cavatar_nonce%2Cpublic_key%2Cis_online%2Clast_seen%2Cstatus_message%2Ckey_history&id=neq.2dfb823f-bb93-4e46-86cd-a520c5be7868&limit=1'
2026-05-07 17:43:36.691 26569-28193 CapacitorCookies        com.newaura.app                      I  Setting cookie '__cf_bm=.THdYwlxYnC44NDmOkyDQ8WvxIhZGSdF3TQ7kSMlRO0-1778156016.081471-1.0.1.1-dY_HTeHAS7szTZaPckRDP.QbFw4DBWq8CxubbcR3Lh76vdsHOClq0PTZPNwjs0HEB7kbYIL3bbER6JraPuiybB4Zzd74xzwQZVY1QqWEejkaVPaMBDdWI3BmKY3L_8fk; HttpOnly; Secure; Path=/; Domain=supabase.co; Expires=Thu, 07 May 2026 12:43:36 GMT' at: 'https://supabase.co'
2026-05-07 17:43:36.724 26569-26658 GPUAUX                  com.newaura.app                      E  [AUX]GuiExtAuxCheckAuxPath:682: Null anb
2026-05-07 17:43:36.724 26569-26658 GPUAUX                  com.newaura.app                      E  [AUX]GuiExtAuxCheckAuxPath:682: Null anb
2026-05-07 17:43:36.724 26569-26658 GPUAUX                  com.newaura.app                      E  [AUX]GuiExtAuxCheckAuxPath:682: Null anb
2026-05-07 17:43:36.724 26569-26658 GPUAUX                  com.newaura.app                      E  [AUX]GuiExtAuxCheckAuxPath:682: Null anb
2026-05-07 17:43:36.729 26569-26658 GPUAUX                  com.newaura.app                      E  [AUX]GuiExtAuxCheckAuxPath:682: Null anb
2026-05-07 17:43:36.730 26569-26658 GPUAUX                  com.newaura.app                      E  [AUX]GuiExtAuxCheckAuxPath:682: Null anb
2026-05-07 17:43:36.730 26569-26658 GPUAUX                  com.newaura.app                      E  [AUX]GuiExtAuxCheckAuxPath:682: Null anb
2026-05-07 17:43:36.730 26569-26658 GPUAUX                  com.newaura.app                      E  [AUX]GuiExtAuxCheckAuxPath:682: Null anb
2026-05-07 17:43:36.748 26569-26569 chromium                com.newaura.app                      I  [INFO:CONSOLE:328] "%cresult %cCapacitorHttp.request (#126650807) font-style: italic; font-weight: lighter; color: gray font-style: italic; font-weight: bold; color: #444", source:  (328)
2026-05-07 17:43:36.749 26569-26569 chromium                com.newaura.app                      I  [INFO:CONSOLE:333] "{"status":204,"headers":{"alt-svc":"h3=\":443\"; ma=86400","CF-Cache-Status":"DYNAMIC","CF-Ray":"9f8023bc48fb859f-BOM","Connection":"keep-alive","Content-Range":"0-0/*","Date":"Thu, 07 May 2026 12:13:36 GMT","sb-gateway-version":"1","sb-project-ref":"ugfxjjakpsngfdrjlsdr","sb-request-id":"019e025b-91b2-7e08-93e3-21732a8f7674","Server":"cloudflare","set-cookie":"__cf_bm=9v5Zs.Jgw30JMpIipa0mDoZIS_KxkJ4qj67nikFUZeY-1778156016.0463195-1.0.1.1-PIhujseSUpplHfaErLrqrsoFkl3bOplo1HczvPL9eTChU37dzPgb3ICSuCPv3EiekbYNsduG7sYGkfh7eUwsNNQL9sOfKrGsk.cgWfm_1RwTAeCN3P5jOrN._Z_xN1kD; HttpOnly; Secure; Path=/; Domain=supabase.co; Expires=Thu, 07 May 2026 12:43:36 GMT","Strict-Transport-Security":"max-age=31536000; includeSubDomains; preload","Vary":"Accept-Encoding","X-Android-Received-Millis":"1778156016633","X-Android-Response-Source":"NETWORK 204","X-Android-Selected-Protocol":"http/1.1","X-Android-Sent-Millis":"1778156016407","X-Content-Type-Options":"nosniff","x-envoy-attempt-count":"1","x-envoy-upstream-service-time":"14"},"url":"https://ugfxjjakpsngfdrjlsdr.supabase.co/rest/v1/messages?id=in.%2824f4f2a3-d1b2-4a36-9e0e-09b86cc93671%29","data":""}", source:  (333)
2026-05-07 17:43:36.749 26569-26569 chromium                com.newaura.app                      I  [INFO:CONSOLE:335] "console.groupEnd", source:  (335)
2026-05-07 17:43:36.750 26569-26569 chromium                com.newaura.app                      I  [INFO:CONSOLE:564] "CapacitorHttp fetch 1778156015634 https://ugfxjjakpsngfdrjlsdr.supabase.co/rest/v1/messages?id=in.%2824f4f2a3-d1b2-4a36-9e0e-09b86cc93671%29: 1054.826171875 ms", source:  (564)
2026-05-07 17:43:36.751 26569-26569 chromium                com.newaura.app                      I  [INFO:CONSOLE:24] "[SUPABASE FETCH SUCCESS] Status: 204 ", source: http://localhost/assets/supabase-CLpXqyPc.js (24)
2026-05-07 17:43:36.752 26569-26569 chromium                com.newaura.app                      I  [INFO:CONSOLE:24] "[SUPABASE FETCH SUCCESS] Status: 200 OK", source: http://localhost/assets/supabase-CLpXqyPc.js (24)
2026-05-07 17:43:36.767 26569-26658 GPUAUX                  com.newaura.app                      E  [AUX]GuiExtAuxCheckAuxPath:682: Null anb
2026-05-07 17:43:36.803 26569-26658 GPUAUX                  com.newaura.app                      E  [AUX]GuiExtAuxCheckAuxPath:682: Null anb
2026-05-07 17:43:36.806 26569-26658 GPUAUX                  com.newaura.app                      E  [AUX]GuiExtAuxCheckAuxPath:682: Null anb
2026-05-07 17:43:36.806 26569-26658 GPUAUX                  com.newaura.app                      E  [AUX]GuiExtAuxCheckAuxPath:682: Null anb
2026-05-07 17:43:36.806 26569-26658 GPUAUX                  com.newaura.app                      E  [AUX]GuiExtAuxCheckAuxPath:682: Null anb
2026-05-07 17:43:36.806 26569-26658 GPUAUX                  com.newaura.app                      E  [AUX]GuiExtAuxCheckAuxPath:682: Null anb
2026-05-07 17:43:36.808 26569-26658 GPUAUX                  com.newaura.app                      E  [AUX]GuiExtAuxCheckAuxPath:682: Null anb
2026-05-07 17:43:36.809 26569-26658 GPUAUX                  com.newaura.app                      E  [AUX]GuiExtAuxCheckAuxPath:682: Null anb
2026-05-07 17:43:36.809 26569-26658 GPUAUX                  com.newaura.app                      E  [AUX]GuiExtAuxCheckAuxPath:682: Null anb
2026-05-07 17:43:36.809 26569-26658 GPUAUX                  com.newaura.app                      E  [AUX]GuiExtAuxCheckAuxPath:682: Null anb
2026-05-07 17:43:36.815 26569-28080 CapacitorCookies        com.newaura.app                      I  Setting cookie '__cf_bm=.tYQeIFe8Cg99hvZyV1E4SrXIZnOLHG5eTvhAVGMElU-1778156015.994599-1.0.1.1-xbafsm798dGsAMeyo8I2JRrOKO_mlQ1x6ZuTYUby.wxl6iU40_tow2YT_G4Bw5xWhqbUoFFpqTiRsXpFo8TCIhaIZj79suMFJcvsX3gSozqTvoqk1g7rZWXBKb6v4gm.; HttpOnly; Secure; Path=/; Domain=supabase.co; Expires=Thu, 07 May 2026 12:43:36 GMT' at: 'https://ugfxjjakpsngfdrjlsdr.supabase.co/rest/v1/profiles?select=id%2Cdisplay_name%2Cavatar_url%2Cavatar_key%2Cavatar_nonce%2Cpublic_key%2Cis_online%2Clast_seen%2Cstatus_message%2Ckey_history&id=neq.2dfb823f-bb93-4e46-86cd-a520c5be7868&limit=1'
2026-05-07 17:43:36.817 26569-28080 CapacitorCookies        com.newaura.app                      I  Setting cookie '__cf_bm=.tYQeIFe8Cg99hvZyV1E4SrXIZnOLHG5eTvhAVGMElU-1778156015.994599-1.0.1.1-xbafsm798dGsAMeyo8I2JRrOKO_mlQ1x6ZuTYUby.wxl6iU40_tow2YT_G4Bw5xWhqbUoFFpqTiRsXpFo8TCIhaIZj79suMFJcvsX3gSozqTvoqk1g7rZWXBKb6v4gm.; HttpOnly; Secure; Path=/; Domain=supabase.co; Expires=Thu, 07 May 2026 12:43:36 GMT' at: 'https://supabase.co'
2026-05-07 17:43:36.839 26569-26658 GPUAUX                  com.newaura.app                      E  [AUX]GuiExtAuxCheckAuxPath:682: Null anb
2026-05-07 17:43:36.839 26569-26658 GPUAUX                  com.newaura.app                      E  [AUX]GuiExtAuxCheckAuxPath:682: Null anb
2026-05-07 17:43:36.839 26569-26658 GPUAUX                  com.newaura.app                      E  [AUX]GuiExtAuxCheckAuxPath:682: Null anb
2026-05-07 17:43:36.839 26569-26658 GPUAUX                  com.newaura.app                      E  [AUX]GuiExtAuxCheckAuxPath:682: Null anb
2026-05-07 17:43:36.839 26569-26658 GPUAUX                  com.newaura.app                      E  [AUX]GuiExtAuxCheckAuxPath:682: Null anb
2026-05-07 17:43:36.841 26569-26658 GPUAUX                  com.newaura.app                      E  [AUX]GuiExtAuxCheckAuxPath:682: Null anb
2026-05-07 17:43:36.841 26569-26658 GPUAUX                  com.newaura.app                      E  [AUX]GuiExtAuxCheckAuxPath:682: Null anb
2026-05-07 17:43:36.841 26569-26658 GPUAUX                  com.newaura.app                      E  [AUX]GuiExtAuxCheckAuxPath:682: Null anb
2026-05-07 17:43:36.841 26569-26658 GPUAUX                  com.newaura.app                      E  [AUX]GuiExtAuxCheckAuxPath:682: Null anb
2026-05-07 17:43:36.873 26569-26569 chromium                com.newaura.app                      I  [INFO:CONSOLE:24] "[SUPABASE FETCH SUCCESS] Status: 200 OK", source: http://localhost/assets/supabase-CLpXqyPc.js (24)
2026-05-07 17:43:36.921 26569-26658 GPUAUX                  com.newaura.app                      E  [AUX]GuiExtAuxCheckAuxPath:682: Null anb
2026-05-07 17:43:36.922 26569-26658 GPUAUX                  com.newaura.app                      E  [AUX]GuiExtAuxCheckAuxPath:682: Null anb
2026-05-07 17:43:36.922 26569-26658 GPUAUX                  com.newaura.app                      E  [AUX]GuiExtAuxCheckAuxPath:682: Null anb
2026-05-07 17:43:36.922 26569-26658 GPUAUX                  com.newaura.app                      E  [AUX]GuiExtAuxCheckAuxPath:682: Null anb
2026-05-07 17:43:36.922 26569-26658 GPUAUX                  com.newaura.app                      E  [AUX]GuiExtAuxCheckAuxPath:682: Null anb
2026-05-07 17:43:36.924 26569-26658 GPUAUX                  com.newaura.app                      E  [AUX]GuiExtAuxCheckAuxPath:682: Null anb
2026-05-07 17:43:36.924 26569-26658 GPUAUX                  com.newaura.app                      E  [AUX]GuiExtAuxCheckAuxPath:682: Null anb
2026-05-07 17:43:36.924 26569-26658 GPUAUX                  com.newaura.app                      E  [AUX]GuiExtAuxCheckAuxPath:682: Null anb
2026-05-07 17:43:36.924 26569-26658 GPUAUX                  com.newaura.app                      E  [AUX]GuiExtAuxCheckAuxPath:682: Null anb
2026-05-07 17:43:36.984 26569-26658 GPUAUX                  com.newaura.app                      E  [AUX]GuiExtAuxCheckAuxPath:682: Null anb
2026-05-07 17:43:36.984 26569-26658 GPUAUX                  com.newaura.app                      E  [AUX]GuiExtAuxCheckAuxPath:682: Null anb
2026-05-07 17:43:36.985 26569-26658 GPUAUX                  com.newaura.app                      E  [AUX]GuiExtAuxCheckAuxPath:682: Null anb
2026-05-07 17:43:36.985 26569-26658 GPUAUX                  com.newaura.app                      E  [AUX]GuiExtAuxCheckAuxPath:682: Null anb
2026-05-07 17:43:36.985 26569-26658 GPUAUX                  com.newaura.app                      E  [AUX]GuiExtAuxCheckAuxPath:682: Null anb
2026-05-07 17:43:36.987 26569-26658 GPUAUX                  com.newaura.app                      E  [AUX]GuiExtAuxCheckAuxPath:682: Null anb
2026-05-07 17:43:36.987 26569-26658 GPUAUX                  com.newaura.app                      E  [AUX]GuiExtAuxCheckAuxPath:682: Null anb
2026-05-07 17:43:36.987 26569-26658 GPUAUX                  com.newaura.app                      E  [AUX]GuiExtAuxCheckAuxPath:682: Null anb
2026-05-07 17:43:36.987 26569-26658 GPUAUX                  com.newaura.app                      E  [AUX]GuiExtAuxCheckAuxPath:682: Null anb
2026-05-07 17:43:37.133 26569-28224 CapacitorCookies        com.newaura.app                      I  Setting cookie '__cf_bm=FTo4bxz4i8pl8HX7OAKs3TMxV_Jx.L5cJ_HlDSTtvX8-1778156016-1.0.1.1-DkBK5VCDYGL_A5nYeGJsFBTBNRHiZ2OMbNpVGwDuVR8zis66rAflo5uAZA0YKtZTPsmdd5foSD59nxwTuhyUBbxyBCAAzdVf4TiIT62Ht4g; path=/; expires=Thu, 07-May-26 12:43:36 GMT; domain=.supabase.co; HttpOnly; Secure; SameSite=None' at: 'https://ugfxjjakpsngfdrjlsdr.supabase.co/rest/v1/messages?select=id%2Csender_id%2Creceiver_id%2Cencrypted_content%2Cnonce%2Ctype%2Cmedia_url%2Cmedia_key%2Cmedia_nonce%2Cthumbnail_url%2Cfile_name%2Cfile_size%2Cduration%2Creaction%2Creply_to%2Cis_read%2Cis_delivered%2Cis_edited%2Cis_deleted_for_everyone%2Cis_deleted_for_sender%2Cis_deleted_for_receiver%2Cupdated_at%2Cread_at%2Cdelivered_at%2Ccreated_at%2Csender_public_key&or=%28and%28sender_id.eq.2dfb823f-bb93-4e46-86cd-a520c5be7868%2Creceiver_id.eq.8bb51234-4a86-470f-9f7d-96a95f551952%29%2Cand%28sender_id.eq.8bb51234-4a86-470f-9f7d-96a95f551952%2Creceiver_id.eq.2dfb823f-bb93-4e46-86cd-a520c5be7868%29%29&created_at=lt.2026-05-07T12%3A04%3A35.907216%2B00%3A00&order=created_at.desc&limit=25'
2026-05-07 17:43:37.137 26569-28224 CapacitorCookies        com.newaura.app                      I  Setting cookie '__cf_bm=FTo4bxz4i8pl8HX7OAKs3TMxV_Jx.L5cJ_HlDSTtvX8-1778156016-1.0.1.1-DkBK5VCDYGL_A5nYeGJsFBTBNRHiZ2OMbNpVGwDuVR8zis66rAflo5uAZA0YKtZTPsmdd5foSD59nxwTuhyUBbxyBCAAzdVf4TiIT62Ht4g; path=/; expires=Thu, 07-May-26 12:43:36 GMT; domain=.supabase.co; HttpOnly; Secure; SameSite=None' at: 'https://.supabase.co'
2026-05-07 17:43:37.168 26569-26569 chromium                com.newaura.app                      I  [INFO:CONSOLE:24] "[SUPABASE FETCH SUCCESS] Status: 200 OK", source: http://localhost/assets/supabase-CLpXqyPc.js (24)
2026-05-07 17:43:37.644 26569-26789 Capacitor               com.newaura.app                      D  Handling CapacitorHttp request: http://localhost/_capacitor_http_interceptor_?u=https%3A%2F%2Fres.cloudinary.com%2Fdel5o1vnd%2Fraw%2Fupload%2Fv1778154881%2Fuevegkwj3ra2logsoxf5.jpg
2026-05-07 17:43:37.646 26569-26789 CapacitorCookies        com.newaura.app                      I  Getting cookies at: 'https://res.cloudinary.com/del5o1vnd/raw/upload/v1778154881/uevegkwj3ra2logsoxf5.jpg'
2026-05-07 17:43:37.701  2192-2260  OplusThermalStats       system_server                        E  Error getting package info: com.newaura.app
2026-05-07 17:43:37.722 26569-26569 VRI[MainActivity]       com.newaura.app                      D  onFocusEvent true
2026-05-07 17:43:37.729 26569-26569 Capacitor               com.newaura.app                      D  Unable to find a Capacitor plugin to handle permission requestCode, trying Cordova plugins 1091445071
2026-05-07 17:43:37.748 26569-26569 ActivityThread          com.newaura.app                      D  ComponentInfo{com.newaura.app/com.newaura.app.MainActivity} checkFinished=false 4
2026-05-07 17:43:37.748 26569-26569 ResourcesManagerExtImpl com.newaura.app                      D  applyConfigurationToAppResourcesLocked app.getDisplayId() return callback.displayId:0
2026-05-07 17:43:37.748 26569-26569 AutofillCl...Controller com.newaura.app                      V  onActivityResumed()
2026-05-07 17:43:37.749 26569-26569 Capacitor/AppPlugin     com.newaura.app                      D  Firing change: true
2026-05-07 17:43:37.749 26569-26569 Capacitor/AppPlugin     com.newaura.app                      V  Notifying listeners for event appStateChange
2026-05-07 17:43:37.750 26569-26569 Capacitor/AppPlugin     com.newaura.app                      V  Notifying listeners for event resume
2026-05-07 17:43:37.750 26569-26569 Capacitor/AppPlugin     com.newaura.app                      D  No listeners found for event resume
2026-05-07 17:43:37.750 26569-26569 Capacitor               com.newaura.app                      D  App resumed
2026-05-07 17:43:37.750 26569-26569 AutofillCl...Controller com.newaura.app                      V  onActivityPostResumed()
2026-05-07 17:43:37.750 26569-26569 AutofillCl...Controller com.newaura.app                      V  onActivityPostResumed(): Relayout fix enabled
2026-05-07 17:43:37.750 26569-26569 AutofillCl...Controller com.newaura.app                      V  forResume(): Not attempting refill.
2026-05-07 17:43:37.874 26569-26658 GPUAUX                  com.newaura.app                      E  [AUX]GuiExtAuxCheckAuxPath:682: Null anb
2026-05-07 17:43:37.874 26569-26658 GPUAUX                  com.newaura.app                      E  [AUX]GuiExtAuxCheckAuxPath:682: Null anb
2026-05-07 17:43:37.874 26569-26658 GPUAUX                  com.newaura.app                      E  [AUX]GuiExtAuxCheckAuxPath:682: Null anb
2026-05-07 17:43:37.874 26569-26658 GPUAUX                  com.newaura.app                      E  [AUX]GuiExtAuxCheckAuxPath:682: Null anb
2026-05-07 17:43:37.874 26569-26658 GPUAUX                  com.newaura.app                      E  [AUX]GuiExtAuxCheckAuxPath:682: Null anb
2026-05-07 17:43:37.874 26569-26658 GPUAUX                  com.newaura.app                      E  [AUX]GuiExtAuxCheckAuxPath:682: Null anb
2026-05-07 17:43:37.874 26569-26658 GPUAUX                  com.newaura.app                      E  [AUX]GuiExtAuxCheckAuxPath:682: Null anb
2026-05-07 17:43:37.874 26569-26658 GPUAUX                  com.newaura.app                      E  [AUX]GuiExtAuxCheckAuxPath:682: Null anb
2026-05-07 17:43:37.874 26569-26658 GPUAUX                  com.newaura.app                      E  [AUX]GuiExtAuxCheckAuxPath:682: Null anb
2026-05-07 17:43:37.874 26569-26658 GPUAUX                  com.newaura.app                      E  [AUX]GuiExtAuxCheckAuxPath:682: Null anb
2026-05-07 17:43:37.897 26569-26569 chromium                com.newaura.app                      I  [INFO:CONSOLE:328] "%cresult %cPushNotifications.requestPermissions (#126650804) font-style: italic; font-weight: lighter; color: gray font-style: italic; font-weight: bold; color: #444", source:  (328)
2026-05-07 17:43:37.897 26569-26569 chromium                com.newaura.app                      I  [INFO:CONSOLE:333] "{"receive":"granted"}", source:  (333)
2026-05-07 17:43:37.897 26569-26569 chromium                com.newaura.app                      I  [INFO:CONSOLE:335] "console.groupEnd", source:  (335)
2026-05-07 17:43:37.897 26569-26569 chromium                com.newaura.app                      I  [INFO:CONSOLE:40] "[FCM] ✅ Permission granted, setting up listeners...", source: http://localhost/assets/index-Drr3j_pP.js (40)
2026-05-07 17:43:37.898 26569-26569 chromium                com.newaura.app                      I  [INFO:CONSOLE:40] "[FCM] 🚀 Registering with FCM...", source: http://localhost/assets/index-Drr3j_pP.js (40)
2026-05-07 17:43:37.898 26569-26569 chromium                com.newaura.app                      I  [INFO:CONSOLE:348] "%cnative %cPushNotifications.addListener (#126650808) font-weight: lighter; color: gray font-weight: bold; color: #000", source:  (348)
2026-05-07 17:43:37.898 26569-26569 chromium                com.newaura.app                      I  [INFO:CONSOLE:349] "[object Object]", source:  (349)
2026-05-07 17:43:37.898 26569-26569 chromium                com.newaura.app                      I  [INFO:CONSOLE:350] "console.groupEnd", source:  (350)
2026-05-07 17:43:37.898 26569-26569 chromium                com.newaura.app                      I  [INFO:CONSOLE:348] "%cnative %cPushNotifications.addListener (#126650809) font-weight: lighter; color: gray font-weight: bold; color: #000", source:  (348)
2026-05-07 17:43:37.899 26569-26569 chromium                com.newaura.app                      I  [INFO:CONSOLE:349] "[object Object]", source:  (349)
2026-05-07 17:43:37.899 26569-26569 chromium                com.newaura.app                      I  [INFO:CONSOLE:350] "console.groupEnd", source:  (350)
2026-05-07 17:43:37.899 26569-26569 chromium                com.newaura.app                      I  [INFO:CONSOLE:348] "%cnative %cPushNotifications.addListener (#126650810) font-weight: lighter; color: gray font-weight: bold; color: #000", source:  (348)
2026-05-07 17:43:37.899 26569-26569 chromium                com.newaura.app                      I  [INFO:CONSOLE:349] "[object Object]", source:  (349)
2026-05-07 17:43:37.899 26569-26569 chromium                com.newaura.app                      I  [INFO:CONSOLE:350] "console.groupEnd", source:  (350)
2026-05-07 17:43:37.900 26569-26569 chromium                com.newaura.app                      I  [INFO:CONSOLE:348] "%cnative %cPushNotifications.addListener (#126650811) font-weight: lighter; color: gray font-weight: bold; color: #000", source:  (348)
2026-05-07 17:43:37.900 26569-26569 chromium                com.newaura.app                      I  [INFO:CONSOLE:349] "[object Object]", source:  (349)
2026-05-07 17:43:37.900 26569-26569 chromium                com.newaura.app                      I  [INFO:CONSOLE:350] "console.groupEnd", source:  (350)
2026-05-07 17:43:37.900 26569-26569 chromium                com.newaura.app                      I  [INFO:CONSOLE:348] "%cnative %cPushNotifications.register (#126650812) font-weight: lighter; color: gray font-weight: bold; color: #000", source:  (348)
2026-05-07 17:43:37.901 26569-26569 chromium                com.newaura.app                      I  [INFO:CONSOLE:349] "[object Object]", source:  (349)
2026-05-07 17:43:37.901 26569-26569 chromium                com.newaura.app                      I  [INFO:CONSOLE:350] "console.groupEnd", source:  (350)
2026-05-07 17:43:37.901 26569-26569 chromium                com.newaura.app                      I  [INFO:CONSOLE:328] "%cresult %cApp.addListener (#126650799) font-style: italic; font-weight: lighter; color: gray font-style: italic; font-weight: bold; color: #444", source:  (328)
2026-05-07 17:43:37.901 26569-26569 chromium                com.newaura.app                      I  [INFO:CONSOLE:333] "{"isActive":true}", source:  (333)
2026-05-07 17:43:37.901 26569-26569 chromium                com.newaura.app                      I  [INFO:CONSOLE:335] "console.groupEnd", source:  (335)
2026-05-07 17:43:37.901 26569-26569 chromium                com.newaura.app                      I  [INFO:CONSOLE:328] "%cresult %cApp.addListener (#126650800) font-style: italic; font-weight: lighter; color: gray font-style: italic; font-weight: bold; color: #444", source:  (328)
2026-05-07 17:43:37.902 26569-26569 chromium                com.newaura.app                      I  [INFO:CONSOLE:333] "{"isActive":true}", source:  (333)
2026-05-07 17:43:37.904 26569-26569 chromium                com.newaura.app                      I  [INFO:CONSOLE:335] "console.groupEnd", source:  (335)
2026-05-07 17:43:37.916 26569-26569 ImeBackDispatcher       com.newaura.app                      E  Ime callback not found. Ignoring unregisterReceivedCallback. callbackId: 197878563
2026-05-07 17:43:37.955 26569-26569 Capacitor/Plugin        com.newaura.app                      V  To native (Capacitor plugin): callbackId: 126650808, pluginId: PushNotifications, methodName: addListener
2026-05-07 17:43:37.955 26569-26569 Capacitor               com.newaura.app                      V  callback: 126650808, pluginId: PushNotifications, methodName: addListener, methodData: {"eventName":"registration"}
2026-05-07 17:43:37.956 26569-26569 Capacitor/Plugin        com.newaura.app                      V  To native (Capacitor plugin): callbackId: 126650809, pluginId: PushNotifications, methodName: addListener
2026-05-07 17:43:37.956 26569-26569 Capacitor               com.newaura.app                      V  callback: 126650809, pluginId: PushNotifications, methodName: addListener, methodData: {"eventName":"registrationError"}
2026-05-07 17:43:37.957 26569-26569 Capacitor/Plugin        com.newaura.app                      V  To native (Capacitor plugin): callbackId: 126650810, pluginId: PushNotifications, methodName: addListener
2026-05-07 17:43:37.957 26569-26569 Capacitor               com.newaura.app                      V  callback: 126650810, pluginId: PushNotifications, methodName: addListener, methodData: {"eventName":"pushNotificationReceived"}
2026-05-07 17:43:37.959 26569-26569 Capacitor/Plugin        com.newaura.app                      V  To native (Capacitor plugin): callbackId: 126650811, pluginId: PushNotifications, methodName: addListener
2026-05-07 17:43:37.959 26569-26569 Capacitor               com.newaura.app                      V  callback: 126650811, pluginId: PushNotifications, methodName: addListener, methodData: {"eventName":"pushNotificationActionPerformed"}
2026-05-07 17:43:37.960 26569-26569 Capacitor/Plugin        com.newaura.app                      V  To native (Capacitor plugin): callbackId: 126650812, pluginId: PushNotifications, methodName: register
2026-05-07 17:43:37.960 26569-26569 Capacitor               com.newaura.app                      V  callback: 126650812, pluginId: PushNotifications, methodName: register, methodData: {}
2026-05-07 17:43:37.986 26569-26658 GPUAUX                  com.newaura.app                      E  [AUX]GuiExtAuxCheckAuxPath:682: Null anb
2026-05-07 17:43:37.986 26569-26658 GPUAUX                  com.newaura.app                      E  [AUX]GuiExtAuxCheckAuxPath:682: Null anb
2026-05-07 17:43:37.986 26569-26658 GPUAUX                  com.newaura.app                      E  [AUX]GuiExtAuxCheckAuxPath:682: Null anb
2026-05-07 17:43:37.992 26569-26869 Capacitor/...ionsPlugin com.newaura.app                      V  Notifying listeners for event registration
2026-05-07 17:43:38.001 26569-26569 chromium                com.newaura.app                      I  [INFO:CONSOLE:24] "[SUPABASE FETCH START] URL: https://ugfxjjakpsngfdrjlsdr.supabase.co/rest/v1/video_chunks?select=chunk_index%2Ctotal_chunks%2Cchunk_url%2Cchunk_key%2Cchunk_nonce%2Cduration&message_id=eq.e5c8bb9a-d782-4075-950a-1efbbbb5d489&order=chunk_index.asc OPTIONS: {"method":"GET","headers":{}}", source: http://localhost/assets/supabase-CLpXqyPc.js (24)
2026-05-07 17:43:38.036 26569-26790 Capacitor               com.newaura.app                      D  Handling CapacitorHttp request: http://localhost/_capacitor_http_interceptor_?u=https%3A%2F%2Fugfxjjakpsngfdrjlsdr.supabase.co%2Frest%2Fv1%2Fvideo_chunks%3Fselect%3Dchunk_index%252Ctotal_chunks%252Cchunk_url%252Cchunk_key%252Cchunk_nonce%252Cduration%26message_id%3Deq.e5c8bb9a-d782-4075-950a-1efbbbb5d489%26order%3Dchunk_index.asc
2026-05-07 17:43:38.041 26569-26569 chromium                com.newaura.app                      I  [INFO:CONSOLE:24] "[SUPABASE FETCH START] URL: https://ugfxjjakpsngfdrjlsdr.supabase.co/rest/v1/profiles?select=id%2Cdisplay_name%2Cavatar_url%2Cavatar_key%2Cavatar_nonce%2Cpublic_key%2Cis_online%2Clast_seen%2Cstatus_message%2Ckey_history&id=neq.2dfb823f-bb93-4e46-86cd-a520c5be7868&limit=1 OPTIONS: {"method":"GET","headers":{}}", source: http://localhost/assets/supabase-CLpXqyPc.js (24)
2026-05-07 17:43:38.043 26569-26569 chromium                com.newaura.app                      I  [INFO:CONSOLE:24] "[SUPABASE FETCH START] URL: https://ugfxjjakpsngfdrjlsdr.supabase.co/rest/v1/profiles?select=id%2Cdisplay_name%2Cavatar_url%2Cavatar_key%2Cavatar_nonce%2Cpublic_key%2Cis_online%2Clast_seen%2Cstatus_message%2Ckey_history&id=neq.2dfb823f-bb93-4e46-86cd-a520c5be7868&limit=1 OPTIONS: {"method":"GET","headers":{}}", source: http://localhost/assets/supabase-CLpXqyPc.js (24)
2026-05-07 17:43:38.044 26569-26569 chromium                com.newaura.app                      I  [INFO:CONSOLE:328] "%cresult %cPushNotifications.addListener (#126650808) font-style: italic; font-weight: lighter; color: gray font-style: italic; font-weight: bold; color: #444", source:  (328)
2026-05-07 17:43:38.044 26569-26569 chromium                com.newaura.app                      I  [INFO:CONSOLE:333] "{"value":"cH0fe3oVQ3KMHRl0aSdBkV:APA91bEfU7Mt3nlXl7qnj7mBePBI8IRr2GxlOws8URkg5IVz3Qx-onMhsLdlf-MRN2CcZicGItzqEqv_gcqNJ0aTXMQBTvUtivhuG1x7MlSI208ScRCLEyo"}", source:  (333)
2026-05-07 17:43:38.044 26569-26569 chromium                com.newaura.app                      I  [INFO:CONSOLE:335] "console.groupEnd", source:  (335)
2026-05-07 17:43:38.044 26569-26569 chromium                com.newaura.app                      I  [INFO:CONSOLE:40] "[FCM] 🔑 FCM Token received: cH0fe3oVQ3KMHRl0aSdB...", source: http://localhost/assets/index-Drr3j_pP.js (40)
2026-05-07 17:43:38.045 26569-26790 CapacitorCookies        com.newaura.app                      I  Getting cookies at: 'https://ugfxjjakpsngfdrjlsdr.supabase.co/rest/v1/video_chunks?select=chunk_index%2Ctotal_chunks%2Cchunk_url%2Cchunk_key%2Cchunk_nonce%2Cduration&message_id=eq.e5c8bb9a-d782-4075-950a-1efbbbb5d489&order=chunk_index.asc'
2026-05-07 17:43:38.045 26569-26569 chromium                com.newaura.app                      I  [INFO:CONSOLE:328] "%cresult %cPushNotifications.register (#126650812) font-style: italic; font-weight: lighter; color: gray font-style: italic; font-weight: bold; color: #444", source:  (328)
2026-05-07 17:43:38.046 26569-26569 chromium                com.newaura.app                      I  [INFO:CONSOLE:333] "undefined", source:  (333)
2026-05-07 17:43:38.046 26569-26569 chromium                com.newaura.app                      I  [INFO:CONSOLE:335] "console.groupEnd", source:  (335)
2026-05-07 17:43:38.046 26569-26569 chromium                com.newaura.app                      I  [INFO:CONSOLE:24] "[SUPABASE FETCH START] URL: https://ugfxjjakpsngfdrjlsdr.supabase.co/rest/v1/profiles?select=id%2Cdisplay_name%2Cavatar_url%2Cavatar_key%2Cavatar_nonce%2Cpublic_key%2Cis_online%2Clast_seen%2Cstatus_message%2Ckey_history&id=neq.2dfb823f-bb93-4e46-86cd-a520c5be7868&limit=1 OPTIONS: {"method":"GET","headers":{}}", source: http://localhost/assets/supabase-CLpXqyPc.js (24)
2026-05-07 17:43:38.063 26569-26791 Capacitor               com.newaura.app                      D  Handling CapacitorHttp request: http://localhost/_capacitor_http_interceptor_?u=https%3A%2F%2Fugfxjjakpsngfdrjlsdr.supabase.co%2Frest%2Fv1%2Fprofiles%3Fselect%3Did%252Cdisplay_name%252Cavatar_url%252Cavatar_key%252Cavatar_nonce%252Cpublic_key%252Cis_online%252Clast_seen%252Cstatus_message%252Ckey_history%26id%3Dneq.2dfb823f-bb93-4e46-86cd-a520c5be7868%26limit%3D1
2026-05-07 17:43:38.068 26569-26791 CapacitorCookies        com.newaura.app                      I  Getting cookies at: 'https://ugfxjjakpsngfdrjlsdr.supabase.co/rest/v1/profiles?select=id%2Cdisplay_name%2Cavatar_url%2Cavatar_key%2Cavatar_nonce%2Cpublic_key%2Cis_online%2Clast_seen%2Cstatus_message%2Ckey_history&id=neq.2dfb823f-bb93-4e46-86cd-a520c5be7868&limit=1'
2026-05-07 17:43:38.103 26569-26796 Capacitor               com.newaura.app                      D  Handling CapacitorHttp request: http://localhost/_capacitor_http_interceptor_?u=https%3A%2F%2Fugfxjjakpsngfdrjlsdr.supabase.co%2Frest%2Fv1%2Fprofiles%3Fselect%3Did%252Cdisplay_name%252Cavatar_url%252Cavatar_key%252Cavatar_nonce%252Cpublic_key%252Cis_online%252Clast_seen%252Cstatus_message%252Ckey_history%26id%3Dneq.2dfb823f-bb93-4e46-86cd-a520c5be7868%26limit%3D1
2026-05-07 17:43:38.106 26569-26798 Capacitor               com.newaura.app                      D  Handling CapacitorHttp request: http://localhost/_capacitor_http_interceptor_?u=https%3A%2F%2Fugfxjjakpsngfdrjlsdr.supabase.co%2Frest%2Fv1%2Fprofiles%3Fselect%3Did%252Cdisplay_name%252Cavatar_url%252Cavatar_key%252Cavatar_nonce%252Cpublic_key%252Cis_online%252Clast_seen%252Cstatus_message%252Ckey_history%26id%3Dneq.2dfb823f-bb93-4e46-86cd-a520c5be7868%26limit%3D1
2026-05-07 17:43:38.106 26569-26658 GPUAUX                  com.newaura.app                      E  [AUX]GuiExtAuxCheckAuxPath:682: Null anb
2026-05-07 17:43:38.106 26569-26658 GPUAUX                  com.newaura.app                      E  [AUX]GuiExtAuxCheckAuxPath:682: Null anb
2026-05-07 17:43:38.106 26569-26658 GPUAUX                  com.newaura.app                      E  [AUX]GuiExtAuxCheckAuxPath:682: Null anb
2026-05-07 17:43:38.106 26569-26658 GPUAUX                  com.newaura.app                      E  [AUX]GuiExtAuxCheckAuxPath:682: Null anb
2026-05-07 17:43:38.106 26569-26658 GPUAUX                  com.newaura.app                      E  [AUX]GuiExtAuxCheckAuxPath:682: Null anb
2026-05-07 17:43:38.107 26569-26797 Capacitor               com.newaura.app                      D  Handling CapacitorHttp request: http://localhost/_capacitor_http_interceptor_?u=https%3A%2F%2Fugfxjjakpsngfdrjlsdr.supabase.co%2Frest%2Fv1%2Fprofiles%3Fselect%3Did%252Cdisplay_name%252Cavatar_url%252Cavatar_key%252Cavatar_nonce%252Cpublic_key%252Cis_online%252Clast_seen%252Cstatus_message%252Ckey_history%26id%3Dneq.2dfb823f-bb93-4e46-86cd-a520c5be7868%26limit%3D1
2026-05-07 17:43:38.109 26569-26796 CapacitorCookies        com.newaura.app                      I  Getting cookies at: 'https://ugfxjjakpsngfdrjlsdr.supabase.co/rest/v1/profiles?select=id%2Cdisplay_name%2Cavatar_url%2Cavatar_key%2Cavatar_nonce%2Cpublic_key%2Cis_online%2Clast_seen%2Cstatus_message%2Ckey_history&id=neq.2dfb823f-bb93-4e46-86cd-a520c5be7868&limit=1'
2026-05-07 17:43:38.112 26569-26798 CapacitorCookies        com.newaura.app                      I  Getting cookies at: 'https://ugfxjjakpsngfdrjlsdr.supabase.co/rest/v1/profiles?select=id%2Cdisplay_name%2Cavatar_url%2Cavatar_key%2Cavatar_nonce%2Cpublic_key%2Cis_online%2Clast_seen%2Cstatus_message%2Ckey_history&id=neq.2dfb823f-bb93-4e46-86cd-a520c5be7868&limit=1'
2026-05-07 17:43:38.116 26569-26797 CapacitorCookies        com.newaura.app                      I  Getting cookies at: 'https://ugfxjjakpsngfdrjlsdr.supabase.co/rest/v1/profiles?select=id%2Cdisplay_name%2Cavatar_url%2Cavatar_key%2Cavatar_nonce%2Cpublic_key%2Cis_online%2Clast_seen%2Cstatus_message%2Ckey_history&id=neq.2dfb823f-bb93-4e46-86cd-a520c5be7868&limit=1'
2026-05-07 17:43:38.121 26569-26569 chromium                com.newaura.app                      I  [INFO:CONSOLE:24] "[SUPABASE FETCH START] URL: https://ugfxjjakpsngfdrjlsdr.supabase.co/rest/v1/profiles?select=id%2Cdisplay_name%2Cavatar_url%2Cavatar_key%2Cavatar_nonce%2Cpublic_key%2Cis_online%2Clast_seen%2Cstatus_message%2Ckey_history&id=neq.2dfb823f-bb93-4e46-86cd-a520c5be7868&limit=1 OPTIONS: {"method":"GET","headers":{}}", source: http://localhost/assets/supabase-CLpXqyPc.js (24)
2026-05-07 17:43:38.123 26569-26569 Capacitor/...ionsPlugin com.newaura.app                      V  Notifying listeners for event registration
2026-05-07 17:43:38.142 26569-27094 Capacitor               com.newaura.app                      D  Handling CapacitorHttp request: http://localhost/_capacitor_http_interceptor_?u=https%3A%2F%2Fugfxjjakpsngfdrjlsdr.supabase.co%2Frest%2Fv1%2Fprofiles%3Fselect%3Did%252Cdisplay_name%252Cavatar_url%252Cavatar_key%252Cavatar_nonce%252Cpublic_key%252Cis_online%252Clast_seen%252Cstatus_message%252Ckey_history%26id%3Dneq.2dfb823f-bb93-4e46-86cd-a520c5be7868%26limit%3D1
2026-05-07 17:43:38.146 26569-27094 CapacitorCookies        com.newaura.app                      I  Getting cookies at: 'https://ugfxjjakpsngfdrjlsdr.supabase.co/rest/v1/profiles?select=id%2Cdisplay_name%2Cavatar_url%2Cavatar_key%2Cavatar_nonce%2Cpublic_key%2Cis_online%2Clast_seen%2Cstatus_message%2Ckey_history&id=neq.2dfb823f-bb93-4e46-86cd-a520c5be7868&limit=1'
2026-05-07 17:43:38.155 26569-26658 GPUAUX                  com.newaura.app                      E  [AUX]GuiExtAuxCheckAuxPath:682: Null anb
2026-05-07 17:43:38.177 26569-26569 chromium                com.newaura.app                      I  [INFO:CONSOLE:24] "[SUPABASE FETCH START] URL: https://ugfxjjakpsngfdrjlsdr.supabase.co/rest/v1/profiles?select=id%2Cdisplay_name%2Cavatar_url%2Cavatar_key%2Cavatar_nonce%2Cpublic_key%2Cis_online%2Clast_seen%2Cstatus_message%2Ckey_history&id=neq.2dfb823f-bb93-4e46-86cd-a520c5be7868&limit=1 OPTIONS: {"method":"GET","headers":{}}", source: http://localhost/assets/supabase-CLpXqyPc.js (24)
2026-05-07 17:43:38.177 26569-26569 chromium                com.newaura.app                      I  [INFO:CONSOLE:328] "%cresult %cPushNotifications.addListener (#126650808) font-style: italic; font-weight: lighter; color: gray font-style: italic; font-weight: bold; color: #444", source:  (328)
2026-05-07 17:43:38.178 26569-26569 chromium                com.newaura.app                      I  [INFO:CONSOLE:333] "{"value":"cH0fe3oVQ3KMHRl0aSdBkV:APA91bEfU7Mt3nlXl7qnj7mBePBI8IRr2GxlOws8URkg5IVz3Qx-onMhsLdlf-MRN2CcZicGItzqEqv_gcqNJ0aTXMQBTvUtivhuG1x7MlSI208ScRCLEyo"}", source:  (333)
2026-05-07 17:43:38.178 26569-26569 chromium                com.newaura.app                      I  [INFO:CONSOLE:335] "console.groupEnd", source:  (335)
2026-05-07 17:43:38.178 26569-26569 chromium                com.newaura.app                      I  [INFO:CONSOLE:40] "[FCM] ℹ️ Duplicate token event ignored (already saved)", source: http://localhost/assets/index-Drr3j_pP.js (40)
2026-05-07 17:43:38.187 26569-26658 GPUAUX                  com.newaura.app                      E  [AUX]GuiExtAuxCheckAuxPath:682: Null anb
2026-05-07 17:43:38.188 26569-26658 GPUAUX                  com.newaura.app                      E  [AUX]GuiExtAuxCheckAuxPath:682: Null anb
2026-05-07 17:43:38.188 26569-26658 GPUAUX                  com.newaura.app                      E  [AUX]GuiExtAuxCheckAuxPath:682: Null anb
2026-05-07 17:43:38.188 26569-26658 GPUAUX                  com.newaura.app                      E  [AUX]GuiExtAuxCheckAuxPath:682: Null anb
2026-05-07 17:43:38.191 26569-27895 Capacitor               com.newaura.app                      D  Handling CapacitorHttp request: http://localhost/_capacitor_http_interceptor_?u=https%3A%2F%2Fugfxjjakpsngfdrjlsdr.supabase.co%2Frest%2Fv1%2Fprofiles%3Fselect%3Did%252Cdisplay_name%252Cavatar_url%252Cavatar_key%252Cavatar_nonce%252Cpublic_key%252Cis_online%252Clast_seen%252Cstatus_message%252Ckey_history%26id%3Dneq.2dfb823f-bb93-4e46-86cd-a520c5be7868%26limit%3D1
2026-05-07 17:43:38.197 26569-27895 CapacitorCookies        com.newaura.app                      I  Getting cookies at: 'https://ugfxjjakpsngfdrjlsdr.supabase.co/rest/v1/profiles?select=id%2Cdisplay_name%2Cavatar_url%2Cavatar_key%2Cavatar_nonce%2Cpublic_key%2Cis_online%2Clast_seen%2Cstatus_message%2Ckey_history&id=neq.2dfb823f-bb93-4e46-86cd-a520c5be7868&limit=1'
2026-05-07 17:43:38.222 26569-26569 chromium                com.newaura.app                      I  [INFO:CONSOLE:24] "[SUPABASE FETCH START] URL: https://ugfxjjakpsngfdrjlsdr.supabase.co/rest/v1/profiles?select=id%2Cdisplay_name%2Cavatar_url%2Cavatar_key%2Cavatar_nonce%2Cpublic_key%2Cis_online%2Clast_seen%2Cstatus_message%2Ckey_history&id=neq.2dfb823f-bb93-4e46-86cd-a520c5be7868&limit=1 OPTIONS: {"method":"GET","headers":{}}", source: http://localhost/assets/supabase-CLpXqyPc.js (24)
2026-05-07 17:43:38.275 26569-26658 GPUAUX                  com.newaura.app                      E  [AUX]GuiExtAuxCheckAuxPath:682: Null anb
2026-05-07 17:43:38.275 26569-26658 GPUAUX                  com.newaura.app                      E  [AUX]GuiExtAuxCheckAuxPath:682: Null anb
2026-05-07 17:43:38.275 26569-26658 GPUAUX                  com.newaura.app                      E  [AUX]GuiExtAuxCheckAuxPath:682: Null anb
2026-05-07 17:43:38.276 26569-26658 GPUAUX                  com.newaura.app                      E  [AUX]GuiExtAuxCheckAuxPath:682: Null anb
2026-05-07 17:43:38.276 26569-26658 GPUAUX                  com.newaura.app                      E  [AUX]GuiExtAuxCheckAuxPath:682: Null anb
2026-05-07 17:43:38.276 26569-26658 GPUAUX                  com.newaura.app                      E  [AUX]GuiExtAuxCheckAuxPath:682: Null anb
2026-05-07 17:43:38.282 26569-26790 CapacitorCookies        com.newaura.app                      I  Setting cookie '__cf_bm=ioB3dG5cMWBck4m_o3wHlSKoQHS3AW94kOEGpZTU74U-1778156017.7399251-1.0.1.1-PwkNdpbqholDciIRBqrm4idibFvO5V5bs0VgVWhQ.jdedWHvsSbEAV6JY_u363R3xD_3b5McHuoA4lHYlTvO9GrEG0E7.RfMq32EdWShBt8P2YnSLqUT3JH_vfHpl2uL; HttpOnly; Secure; Path=/; Domain=supabase.co; Expires=Thu, 07 May 2026 12:43:37 GMT' at: 'https://ugfxjjakpsngfdrjlsdr.supabase.co/rest/v1/video_chunks?select=chunk_index%2Ctotal_chunks%2Cchunk_url%2Cchunk_key%2Cchunk_nonce%2Cduration&message_id=eq.e5c8bb9a-d782-4075-950a-1efbbbb5d489&order=chunk_index.asc'
2026-05-07 17:43:38.299 26569-26569 chromium                com.newaura.app                      I  [INFO:CONSOLE:24] "[SUPABASE FETCH START] URL: https://ugfxjjakpsngfdrjlsdr.supabase.co/rest/v1/profiles?select=id%2Cdisplay_name%2Cavatar_url%2Cavatar_key%2Cavatar_nonce%2Cpublic_key%2Cis_online%2Clast_seen%2Cstatus_message%2Ckey_history&id=neq.2dfb823f-bb93-4e46-86cd-a520c5be7868&limit=1 OPTIONS: {"method":"GET","headers":{}}", source: http://localhost/assets/supabase-CLpXqyPc.js (24)
2026-05-07 17:43:38.312 26569-26658 GPUAUX                  com.newaura.app                      E  [AUX]GuiExtAuxCheckAuxPath:682: Null anb
2026-05-07 17:43:38.312 26569-26658 GPUAUX                  com.newaura.app                      E  [AUX]GuiExtAuxCheckAuxPath:682: Null anb
2026-05-07 17:43:38.320 26569-26791 CapacitorCookies        com.newaura.app                      I  Setting cookie '__cf_bm=KH_o30z8f3h06Kt4UXGrNcaMu9RZVs6aLm2j0FBsXpg-1778156017.744999-1.0.1.1-q1clfmpR4vbrQwxHYBuvEqqcGTDsd7EU4mpLV9l.BPIrT9hLVtzJDemUmXrA0KTjedm12DL_2jMLPv3OK.QxfkgFtqDcgNTGwKYalwhjx8seQThKEjO.zfAFHFGYyVSp; HttpOnly; Secure; Path=/; Domain=supabase.co; Expires=Thu, 07 May 2026 12:43:37 GMT' at: 'https://ugfxjjakpsngfdrjlsdr.supabase.co/rest/v1/profiles?select=id%2Cdisplay_name%2Cavatar_url%2Cavatar_key%2Cavatar_nonce%2Cpublic_key%2Cis_online%2Clast_seen%2Cstatus_message%2Ckey_history&id=neq.2dfb823f-bb93-4e46-86cd-a520c5be7868&limit=1'
2026-05-07 17:43:38.321 26569-26796 CapacitorCookies        com.newaura.app                      I  Setting cookie '__cf_bm=m9g.xInGAMB4oGB9k0lEReX2FuYyd9VPc7EWQ5LETd0-1778156017.7553146-1.0.1.1-RkbpsvMpv14j2vLiMpNQ0xgJIRWtzbIac7zBaKEACdmtXqG6BZQLk_9MKgvXjPzEbExCrTzXYK3y7yW9M2vKPHE2mWl6KbtwXlVsZcG1aCbznjosaiG2qhLRR7nVFPiT; HttpOnly; Secure; Path=/; Domain=supabase.co; Expires=Thu, 07 May 2026 12:43:37 GMT' at: 'https://ugfxjjakpsngfdrjlsdr.supabase.co/rest/v1/profiles?select=id%2Cdisplay_name%2Cavatar_url%2Cavatar_key%2Cavatar_nonce%2Cpublic_key%2Cis_online%2Clast_seen%2Cstatus_message%2Ckey_history&id=neq.2dfb823f-bb93-4e46-86cd-a520c5be7868&limit=1'
2026-05-07 17:43:38.344 26569-27900 Capacitor               com.newaura.app                      D  Handling CapacitorHttp request: http://localhost/_capacitor_http_interceptor_?u=https%3A%2F%2Fugfxjjakpsngfdrjlsdr.supabase.co%2Frest%2Fv1%2Fprofiles%3Fselect%3Did%252Cdisplay_name%252Cavatar_url%252Cavatar_key%252Cavatar_nonce%252Cpublic_key%252Cis_online%252Clast_seen%252Cstatus_message%252Ckey_history%26id%3Dneq.2dfb823f-bb93-4e46-86cd-a520c5be7868%26limit%3D1
2026-05-07 17:43:38.347 26569-26796 CapacitorCookies        com.newaura.app                      I  Setting cookie '__cf_bm=m9g.xInGAMB4oGB9k0lEReX2FuYyd9VPc7EWQ5LETd0-1778156017.7553146-1.0.1.1-RkbpsvMpv14j2vLiMpNQ0xgJIRWtzbIac7zBaKEACdmtXqG6BZQLk_9MKgvXjPzEbExCrTzXYK3y7yW9M2vKPHE2mWl6KbtwXlVsZcG1aCbznjosaiG2qhLRR7nVFPiT; HttpOnly; Secure; Path=/; Domain=supabase.co; Expires=Thu, 07 May 2026 12:43:37 GMT' at: 'https://supabase.co'
2026-05-07 17:43:38.348 26569-26790 CapacitorCookies        com.newaura.app                      I  Setting cookie '__cf_bm=ioB3dG5cMWBck4m_o3wHlSKoQHS3AW94kOEGpZTU74U-1778156017.7399251-1.0.1.1-PwkNdpbqholDciIRBqrm4idibFvO5V5bs0VgVWhQ.jdedWHvsSbEAV6JY_u363R3xD_3b5McHuoA4lHYlTvO9GrEG0E7.RfMq32EdWShBt8P2YnSLqUT3JH_vfHpl2uL; HttpOnly; Secure; Path=/; Domain=supabase.co; Expires=Thu, 07 May 2026 12:43:37 GMT' at: 'https://supabase.co'
2026-05-07 17:43:38.349 26569-27900 CapacitorCookies        com.newaura.app                      I  Getting cookies at: 'https://ugfxjjakpsngfdrjlsdr.supabase.co/rest/v1/profiles?select=id%2Cdisplay_name%2Cavatar_url%2Cavatar_key%2Cavatar_nonce%2Cpublic_key%2Cis_online%2Clast_seen%2Cstatus_message%2Ckey_history&id=neq.2dfb823f-bb93-4e46-86cd-a520c5be7868&limit=1'
2026-05-07 17:43:38.349 26569-26569 chromium                com.newaura.app                      I  [INFO:CONSOLE:24] "[SUPABASE FETCH START] URL: https://ugfxjjakpsngfdrjlsdr.supabase.co/rest/v1/profiles?select=id%2Cdisplay_name%2Cavatar_url%2Cavatar_key%2Cavatar_nonce%2Cpublic_key%2Cis_online%2Clast_seen%2Cstatus_message%2Ckey_history&id=neq.2dfb823f-bb93-4e46-86cd-a520c5be7868&limit=1 OPTIONS: {"method":"GET","headers":{}}", source: http://localhost/assets/supabase-CLpXqyPc.js (24)
2026-05-07 17:43:38.350 26569-26569 VRI[MainActivity]       com.newaura.app                      W  handleResized abandoned!
2026-05-07 17:43:38.354 26569-26569 chromium                com.newaura.app                      I  [INFO:CONSOLE:24] "[SUPABASE FETCH START] URL: https://ugfxjjakpsngfdrjlsdr.supabase.co/rest/v1/profiles?select=id%2Cdisplay_name%2Cavatar_url%2Cavatar_key%2Cavatar_nonce%2Cpublic_key%2Cis_online%2Clast_seen%2Cstatus_message%2Ckey_history&id=neq.2dfb823f-bb93-4e46-86cd-a520c5be7868&limit=1 OPTIONS: {"method":"GET","headers":{}}", source: http://localhost/assets/supabase-CLpXqyPc.js (24)
2026-05-07 17:43:38.355 26569-26569 VRI[MainActivity]       com.newaura.app                      W  handleResized abandoned!
2026-05-07 17:43:38.356 26569-27896 Capacitor               com.newaura.app                      D  Handling CapacitorHttp request: http://localhost/_capacitor_http_interceptor_?u=https%3A%2F%2Fugfxjjakpsngfdrjlsdr.supabase.co%2Frest%2Fv1%2Fprofiles%3Fselect%3Did%252Cdisplay_name%252Cavatar_url%252Cavatar_key%252Cavatar_nonce%252Cpublic_key%252Cis_online%252Clast_seen%252Cstatus_message%252Ckey_history%26id%3Dneq.2dfb823f-bb93-4e46-86cd-a520c5be7868%26limit%3D1
2026-05-07 17:43:38.363 26569-26798 CapacitorCookies        com.newaura.app                      I  Setting cookie '__cf_bm=OMbqOfD5X.Maj8NHTU8azsBYXksDYL_OmFZHZay5wM8-1778156017.7711575-1.0.1.1-kOLdRwEkVX2yxzt.adn.TDq2Qvzxibaiso44sjn8657o8i_Mk.1mqLZWq6BX0xyiCXE4cLT4seHwQCVt3zKxd_wbHMX1S_pCFGu7vNZmSerUzqfrQutZNsqqDBUvEPfq; HttpOnly; Secure; Path=/; Domain=supabase.co; Expires=Thu, 07 May 2026 12:43:37 GMT' at: 'https://ugfxjjakpsngfdrjlsdr.supabase.co/rest/v1/profiles?select=id%2Cdisplay_name%2Cavatar_url%2Cavatar_key%2Cavatar_nonce%2Cpublic_key%2Cis_online%2Clast_seen%2Cstatus_message%2Ckey_history&id=neq.2dfb823f-bb93-4e46-86cd-a520c5be7868&limit=1'
2026-05-07 17:43:38.378 26569-26791 CapacitorCookies        com.newaura.app                      I  Setting cookie '__cf_bm=KH_o30z8f3h06Kt4UXGrNcaMu9RZVs6aLm2j0FBsXpg-1778156017.744999-1.0.1.1-q1clfmpR4vbrQwxHYBuvEqqcGTDsd7EU4mpLV9l.BPIrT9hLVtzJDemUmXrA0KTjedm12DL_2jMLPv3OK.QxfkgFtqDcgNTGwKYalwhjx8seQThKEjO.zfAFHFGYyVSp; HttpOnly; Secure; Path=/; Domain=supabase.co; Expires=Thu, 07 May 2026 12:43:37 GMT' at: 'https://supabase.co'
2026-05-07 17:43:38.379 26569-26797 CapacitorCookies        com.newaura.app                      I  Setting cookie '__cf_bm=OPVS0dO4tzqxcgI3iteRyzplOb4ew517o.8bhi3VjqA-1778156017.7718925-1.0.1.1-5KwBabZ1Xqpk4ZHpli4TuZhU6KS.YM7YVsBqTFexOcnfKMEXgfJ_fvINgSd0kIUbg3azrPY3cIh5wO5aBOAjLFUicpGB1FXdNOUmYvRNlq7FkIvJ5PXMSxahQ50vEDB6; HttpOnly; Secure; Path=/; Domain=supabase.co; Expires=Thu, 07 May 2026 12:43:37 GMT' at: 'https://ugfxjjakpsngfdrjlsdr.supabase.co/rest/v1/profiles?select=id%2Cdisplay_name%2Cavatar_url%2Cavatar_key%2Cavatar_nonce%2Cpublic_key%2Cis_online%2Clast_seen%2Cstatus_message%2Ckey_history&id=neq.2dfb823f-bb93-4e46-86cd-a520c5be7868&limit=1'
2026-05-07 17:43:38.380 26569-27896 CapacitorCookies        com.newaura.app                      I  Getting cookies at: 'https://ugfxjjakpsngfdrjlsdr.supabase.co/rest/v1/profiles?select=id%2Cdisplay_name%2Cavatar_url%2Cavatar_key%2Cavatar_nonce%2Cpublic_key%2Cis_online%2Clast_seen%2Cstatus_message%2Ckey_history&id=neq.2dfb823f-bb93-4e46-86cd-a520c5be7868&limit=1'
2026-05-07 17:43:38.385 26569-27933 Capacitor               com.newaura.app                      D  Handling CapacitorHttp request: http://localhost/_capacitor_http_interceptor_?u=https%3A%2F%2Fugfxjjakpsngfdrjlsdr.supabase.co%2Frest%2Fv1%2Fprofiles%3Fselect%3Did%252Cdisplay_name%252Cavatar_url%252Cavatar_key%252Cavatar_nonce%252Cpublic_key%252Cis_online%252Clast_seen%252Cstatus_message%252Ckey_history%26id%3Dneq.2dfb823f-bb93-4e46-86cd-a520c5be7868%26limit%3D1
2026-05-07 17:43:38.388 26569-27995 Capacitor               com.newaura.app                      D  Handling CapacitorHttp request: http://localhost/_capacitor_http_interceptor_?u=https%3A%2F%2Fugfxjjakpsngfdrjlsdr.supabase.co%2Frest%2Fv1%2Fprofiles%3Fselect%3Did%252Cdisplay_name%252Cavatar_url%252Cavatar_key%252Cavatar_nonce%252Cpublic_key%252Cis_online%252Clast_seen%252Cstatus_message%252Ckey_history%26id%3Dneq.2dfb823f-bb93-4e46-86cd-a520c5be7868%26limit%3D1
2026-05-07 17:43:38.389 26569-26798 CapacitorCookies        com.newaura.app                      I  Setting cookie '__cf_bm=OMbqOfD5X.Maj8NHTU8azsBYXksDYL_OmFZHZay5wM8-1778156017.7711575-1.0.1.1-kOLdRwEkVX2yxzt.adn.TDq2Qvzxibaiso44sjn8657o8i_Mk.1mqLZWq6BX0xyiCXE4cLT4seHwQCVt3zKxd_wbHMX1S_pCFGu7vNZmSerUzqfrQutZNsqqDBUvEPfq; HttpOnly; Secure; Path=/; Domain=supabase.co; Expires=Thu, 07 May 2026 12:43:37 GMT' at: 'https://supabase.co'
2026-05-07 17:43:38.389 26569-27933 CapacitorCookies        com.newaura.app                      I  Getting cookies at: 'https://ugfxjjakpsngfdrjlsdr.supabase.co/rest/v1/profiles?select=id%2Cdisplay_name%2Cavatar_url%2Cavatar_key%2Cavatar_nonce%2Cpublic_key%2Cis_online%2Clast_seen%2Cstatus_message%2Ckey_history&id=neq.2dfb823f-bb93-4e46-86cd-a520c5be7868&limit=1'
2026-05-07 17:43:38.392 26569-27995 CapacitorCookies        com.newaura.app                      I  Getting cookies at: 'https://ugfxjjakpsngfdrjlsdr.supabase.co/rest/v1/profiles?select=id%2Cdisplay_name%2Cavatar_url%2Cavatar_key%2Cavatar_nonce%2Cpublic_key%2Cis_online%2Clast_seen%2Cstatus_message%2Ckey_history&id=neq.2dfb823f-bb93-4e46-86cd-a520c5be7868&limit=1'
2026-05-07 17:43:38.396 26569-26797 CapacitorCookies        com.newaura.app                      I  Setting cookie '__cf_bm=OPVS0dO4tzqxcgI3iteRyzplOb4ew517o.8bhi3VjqA-1778156017.7718925-1.0.1.1-5KwBabZ1Xqpk4ZHpli4TuZhU6KS.YM7YVsBqTFexOcnfKMEXgfJ_fvINgSd0kIUbg3azrPY3cIh5wO5aBOAjLFUicpGB1FXdNOUmYvRNlq7FkIvJ5PXMSxahQ50vEDB6; HttpOnly; Secure; Path=/; Domain=supabase.co; Expires=Thu, 07 May 2026 12:43:37 GMT' at: 'https://supabase.co'
