2026-05-05 19:37:00.676  1872-1872  OPLUS_KEVENT_RECORD     oplus_kevent                         E  OPLUS_KEVENT payload:10410,path@@/data/data/com.newaura.app/code_cache/install_server-dced2491
2026-05-05 19:37:01.058  2192-2243  QosSceneRe...tartScene] system_server                        E  notifyActivityStart get launchedFromUid failed through AppManager! launchedFromPackage: com.android.shell, pkg: com.newaura.app
2026-05-05 19:37:01.210 27936-27936 com.newaura.app         com.newaura.app                      E  Unknown bits set in runtime_flags: 0x40000000
2026-05-05 19:37:01.210 27936-27936 com.newaura.app         com.newaura.app                      I  Using CollectorTypeCMC GC.
2026-05-05 19:37:01.225 27936-27936 nativeloader            com.newaura.app                      D  Load libframework-connectivity-tiramisu-jni.so using APEX ns com_android_tethering for caller /apex/com.android.tethering/javalib/framework-connectivity-t.jar: ok
2026-05-05 19:37:01.240 27936-27936 OplusActiv...eadExtImpl com.newaura.app                      D  java.lang.NoSuchMethodException: dalvik.system.VMRuntime.SupressionGC [int, int]
2026-05-05 19:37:01.241 27936-27936 OneTrace                com.newaura.app                      I  Mark active for pid=27936? true
2026-05-05 19:37:01.241 27936-27936 cutils-dev              com.newaura.app                      D  otrace_set_tracing_enabled? true tag:0
2026-05-05 19:37:01.241 27936-27941 cutils-dev              com.newaura.app                      D  properties changed in otrace_seq_number_changed!
2026-05-05 19:37:01.274  2192-2260  OplusThermalStats       system_server                        E  Error getting package info: com.newaura.app
2026-05-05 19:37:01.282 27936-27947 OplusActivityManager    com.newaura.app                      D  get AMS extension: android.os.BinderProxy@afa9d1e
2026-05-05 19:37:01.285 27936-27947 OplusAppHeapManager     com.newaura.app                      D  java.lang.NoSuchMethodException: dalvik.system.VMRuntime.updateProcessValue [int, int, int]
2026-05-05 19:37:01.286 27936-27947 SurfaceSyncGroup        com.newaura.app                      D  preCreateSurfaceSyncGroupTimerThread
2026-05-05 19:37:01.298 27936-27936 re-initialized>         com.newaura.app                      W  type=1400 audit(0.0:459970): avc:  granted  { execute } for  path="/data/data/com.newaura.app/code_cache/startup_agents/dced2491-agent.so" dev="dm-104" ino=846167 scontext=u:r:untrusted_app:s0:c154,c257,c512,c768 tcontext=u:object_r:app_data_file:s0:c154,c257,c512,c768 tclass=file app=com.newaura.app
2026-05-05 19:37:01.306 27936-27936 nativeloader            com.newaura.app                      D  Load /data/user/0/com.newaura.app/code_cache/startup_agents/dced2491-agent.so using system ns (caller=<unknown>): ok
2026-05-05 19:37:01.313 27936-27936 com.newaura.app         com.newaura.app                      W  hiddenapi: DexFile /data/data/com.newaura.app/code_cache/.studio/instruments-fa4e8d6d.jar is in boot class path but is not in a known location
2026-05-05 19:37:01.758 27936-27936 com.newaura.app         com.newaura.app                      W  Redefining intrinsic method java.lang.Thread java.lang.Thread.currentThread(). This may cause the unexpected use of the original definition of java.lang.Thread java.lang.Thread.currentThread()in methods that have already been compiled.
2026-05-05 19:37:01.758 27936-27936 com.newaura.app         com.newaura.app                      W  Redefining intrinsic method boolean java.lang.Thread.interrupted(). This may cause the unexpected use of the original definition of boolean java.lang.Thread.interrupted()in methods that have already been compiled.
2026-05-05 19:37:01.773 27936-27936 CompactWindowAppManager com.newaura.app                      D  initCompactApplicationInfo CompactMode: , NormalMode: 
2026-05-05 19:37:01.786 27936-27936 Configuration           com.newaura.app                      V  Updating configuration, locales updated from [] to [en_GB]
2026-05-05 19:37:01.790 27936-27936 OplusScrollToTopManager com.newaura.app                      D  setIsInWhiteList false
2026-05-05 19:37:01.791 27936-27936 OplusViewDebugManager   com.newaura.app                      D  OplusViewDebugManager Constructor android.view.debug.OplusViewDebugManager@170771b [mHasViewDebugProperty true] [mHasMsgDebugProperty false] [DEBUG false] [EXTRAINFOENABLE false] [LIGHT_OS true]
2026-05-05 19:37:01.800 27936-27936 libc                    com.newaura.app                      W  Access denied finding property "ro.odm.prev.product.name"
---------------------------- PROCESS STARTED (27936) for package com.newaura.app ----------------------------
2026-05-05 19:37:01.801 27936-27936 libc                    com.newaura.app                      W  Access denied finding property "ro.vendor.oplus.gundam"
2026-05-05 19:37:02.031 27936-27936 nativeloader            com.newaura.app                      D  Configuring clns-9 for other apk /data/app/~~tTRO59l9TZYw3DjKITwz-Q==/com.newaura.app-xZOe_T1UmPySxrtShasglw==/base.apk. target_sdk_version=36, uses_libraries=, library_path=/data/app/~~tTRO59l9TZYw3DjKITwz-Q==/com.newaura.app-xZOe_T1UmPySxrtShasglw==/lib/arm64:/data/app/~~tTRO59l9TZYw3DjKITwz-Q==/com.newaura.app-xZOe_T1UmPySxrtShasglw==/base.apk!/lib/arm64-v8a, permitted_path=/data:/mnt/expand:/data/user/0/com.newaura.app
2026-05-05 19:37:02.037 27936-27936 com.newaura.app         com.newaura.app                      I  AssetManager2(0xb4000078db870128) locale list changing from [] to [en-GB]
2026-05-05 19:37:02.040 27936-27936 com.newaura.app         com.newaura.app                      I  AssetManager2(0xb4000078db985a28) locale list changing from [] to [en-GB]
2026-05-05 19:37:02.054 27936-27936 GraphicsEnvironment     com.newaura.app                      V  Currently set values for:
2026-05-05 19:37:02.054 27936-27936 GraphicsEnvironment     com.newaura.app                      V    angle_gl_driver_selection_pkgs=[]
2026-05-05 19:37:02.054 27936-27936 GraphicsEnvironment     com.newaura.app                      V    angle_gl_driver_selection_values=[]
2026-05-05 19:37:02.054 27936-27936 GraphicsEnvironment     com.newaura.app                      V  com.newaura.app is not listed in per-application setting
2026-05-05 19:37:02.054 27936-27936 GraphicsEnvironment     com.newaura.app                      V  ANGLE allowlist from config: 
2026-05-05 19:37:02.054 27936-27936 GraphicsEnvironment     com.newaura.app                      V  com.newaura.app is not listed in ANGLE allowlist or settings, returning default
2026-05-05 19:37:02.054 27936-27936 GraphicsEnvironment     com.newaura.app                      V  Neither updatable production driver nor prerelease driver is supported.
2026-05-05 19:37:02.059 27936-27936 ResourcesManagerExtImpl com.newaura.app                      D  applyConfigurationToAppResourcesLocked app.getDisplayId() return callback.displayId:-1
2026-05-05 19:37:02.094 27936-27936 FirebaseApp             com.newaura.app                      I  Device unlocked: initializing all Firebase APIs for app [DEFAULT]
2026-05-05 19:37:02.112 27936-27936 FirebaseInitProvider    com.newaura.app                      I  FirebaseApp initialization successful
2026-05-05 19:37:02.120 27936-27936 OplusGraphicsEvent      com.newaura.app                      D  OplusGraphicsEventListener create now!
2026-05-05 19:37:02.121 27936-27936 OplusGraphicsEvent      com.newaura.app                      D  addEventListener success!
2026-05-05 19:37:02.123 27936-27936 [UAH_CLIENT]            com.newaura.app                      E  uahInit enter
2026-05-05 19:37:02.127 27936-27936 com.newaura.app         com.newaura.app                      W  AIBinder_linkToDeath is being called with a non-null cookie and no onUnlink callback set. This might not be intended. AIBinder_DeathRecipient_setOnUnlinked should be called first.
2026-05-05 19:37:02.128 27936-27936 [UAH_CLIENT]            com.newaura.app                      I  UahGetFeatureStatus enter
2026-05-05 19:37:02.132 27936-27936 nativeloader            com.newaura.app                      D  Load libpowerhalwrap_jni.so using system ns (caller=/system_ext/framework/mediatek-framework.jar): ok
2026-05-05 19:37:02.133 27936-27936 PowerHalWrapper         com.newaura.app                      I  PowerHalWrapper.getInstance 
2026-05-05 19:37:02.133 27936-27936 PowerHalWrapper         com.newaura.app                      I  PowerHalWrapper.getInstance 
2026-05-05 19:37:02.133 27936-27936 M-ProMotion             com.newaura.app                      I  M-ProMotion is disabled
2026-05-05 19:37:02.157 27936-27936 HWUI                    com.newaura.app                      I  SupportApps size 0
2026-05-05 19:37:02.157 27936-27936 ExtensionsLoader        com.newaura.app                      D  createInstance(64bit) : createExtendedFactory
2026-05-05 19:37:02.158 27936-27936 ExtensionsLoader        com.newaura.app                      D  Opened libSchedAssistExtImpl.so
2026-05-05 19:37:02.158 27936-27936 SchedAssist             com.newaura.app                      E  open sharedFd failed with error=Permission denied
2026-05-05 19:37:02.158 27936-27936 SchedAssist             com.newaura.app                      E  open sharedFd failed with error=Permission denied
2026-05-05 19:37:02.158 27936-27936 SchedAssist             com.newaura.app                      E  open sharedFd failed with error=Permission denied
2026-05-05 19:37:02.159 27936-27972 ExtensionsLoader        com.newaura.app                      D  createInstance(64bit) : createExtendedFactory
2026-05-05 19:37:02.161 27936-27972 ExtensionsLoader        com.newaura.app                      D  Opened libSchedAssistExtImpl.so
2026-05-05 19:37:02.161 27936-27972 DisplayManager          com.newaura.app                      I  Choreographer implicitly registered for the refresh rate.
2026-05-05 19:37:02.163 27936-27936 com.newaura.app         com.newaura.app                      I  AssetManager2(0xb4000077b247e328) locale list changing from [] to [en-GB]
2026-05-05 19:37:02.164 27936-27936 ResourcesManagerExtImpl com.newaura.app                      D  applyConfigurationToAppResourcesLocked app.getDisplayId() return callback.displayId:0
2026-05-05 19:37:02.198 27936-27936 AppCompatDelegate       com.newaura.app                      D  Checking for metadata for AppLocalesMetadataHolderService : Service not found
2026-05-05 19:37:02.199 27936-27936 com.newaura.app         com.newaura.app                      I  AssetManager2(0xb4000077b247e928) locale list changing from [] to [en-GB]
2026-05-05 19:37:02.199 27936-27972 ExtensionsLoader        com.newaura.app                      D  createInstance(64bit) : createExtendedFactory
2026-05-05 19:37:02.200 27936-27972 ExtensionsLoader        com.newaura.app                      D  Opened libeglextimpl.so
2026-05-05 19:37:02.200 27936-27972 PreCache                com.newaura.app                      D  [IPreCacheRus]loadRUSConfigs#102 failed to transact: -22 prc:com.newaura.app
2026-05-05 19:37:02.207 27936-27936 ashmem                  com.newaura.app                      E  Pinning is deprecated since Android Q. Please use trim or other methods.
2026-05-05 19:37:02.231 27936-27936 OplusPredi...Controller com.newaura.app                      E   NoSuchMethodException 
2026-05-05 19:37:02.231 27936-27936 OplusPredi...Controller com.newaura.app                      E   NoSuchMethodException 
2026-05-05 19:37:02.231 27936-27936 OplusPredi...Controller com.newaura.app                      E   NoSuchMethodException 
2026-05-05 19:37:02.231 27936-27936 OplusPredi...Controller com.newaura.app                      E   NoSuchMethodException 
2026-05-05 19:37:02.231 27936-27936 OplusPredi...Controller com.newaura.app                      D  should not HookOnBackInvokedCallbackEnabled for application com.newaura.app.MainActivity@dcba80d sdk: 36
2026-05-05 19:37:02.231 27936-27936 OplusPredi...Controller com.newaura.app                      D  initPredictiveBackConfig for com.newaura.app.MainActivity@dcba80d initPredictiveBackConfig mShouldInterceptKeyEvent false
2026-05-05 19:37:02.231 27936-27936 OplusPredi...Controller com.newaura.app                      D  should not HookOnBackInvokedCallbackEnabled for application com.newaura.app.MainActivity@dcba80d sdk: 36
2026-05-05 19:37:02.238 27936-27936 oplus.andr...actoryImpl com.newaura.app                      I  Unknow feature:IOplusTextViewRTLUtilForUG
2026-05-05 19:37:02.249 27936-27936 CompatChangeReporter    com.newaura.app                      D  Compat change id reported: 377864165; UID 10410; state: ENABLED
2026-05-05 19:37:02.252 27936-27936 DesktopModeFlags        com.newaura.app                      D  Toggle override initialized to: OVERRIDE_UNSET
2026-05-05 19:37:02.281 27936-27936 com.newaura.app         com.newaura.app                      I  hiddenapi: Accessing hidden method Landroid/view/ViewGroup;->makeOptionalFitsSystemWindows()V (runtime_flags=0, domain=platform, api=unsupported) from Landroidx/appcompat/widget/ViewUtils; (domain=app, TargetSdkVersion=36) using reflection: allowed
2026-05-05 19:37:02.296 27936-27936 com.newaura.app         com.newaura.app                      I  AssetManager2(0xb4000077b247ef28) locale list changing from [] to [en-GB]
2026-05-05 19:37:02.297 27936-27936 WebViewFactory          com.newaura.app                      I  Loading com.google.android.webview version 147.0.7727.137 (code 772713703)
2026-05-05 19:37:02.303 27936-27936 ApplicationLoaders      com.newaura.app                      D  Returning zygote-cached class loader: /system/framework/android.test.base.jar
2026-05-05 19:37:02.303 27936-27936 ApplicationLoaders      com.newaura.app                      D  Returning zygote-cached class loader: /system_ext/framework/androidx.window.extensions.jar
2026-05-05 19:37:02.307 27936-27936 com.newaura.app         com.newaura.app                      W  Loading /data/app/~~YvlUSTaim5b0YuQtCfU6lA==/com.google.android.webview-_VyjwodP8yNcdaKQyQvxWA==/oat/arm64/base.odex non-executable as it requires an image which we failed to load
2026-05-05 19:37:02.310 27936-27936 nativeloader            com.newaura.app                      D  Configuring clns-10 for other apk /data/app/~~YvlUSTaim5b0YuQtCfU6lA==/com.google.android.webview-_VyjwodP8yNcdaKQyQvxWA==/base.apk. target_sdk_version=36, uses_libraries=, library_path=/data/app/~~YvlUSTaim5b0YuQtCfU6lA==/com.google.android.webview-_VyjwodP8yNcdaKQyQvxWA==/lib/arm64:/data/app/~~YvlUSTaim5b0YuQtCfU6lA==/com.google.android.webview-_VyjwodP8yNcdaKQyQvxWA==/base.apk!/lib/arm64-v8a, permitted_path=/data:/mnt/expand
2026-05-05 19:37:02.377 27936-27936 cr_WVCFactoryProvider   com.newaura.app                      I  version=147.0.7727.137 (772713703) minSdkVersion=29 multiprocess=true packageId=2 splits=<none>
2026-05-05 19:37:02.418 27936-27936 nativeloader            com.newaura.app                      D  Load /data/app/~~YvlUSTaim5b0YuQtCfU6lA==/com.google.android.webview-_VyjwodP8yNcdaKQyQvxWA==/base.apk!/lib/arm64-v8a/libwebviewchromium.so using class loader ns clns-10 (caller=/data/app/~~YvlUSTaim5b0YuQtCfU6lA==/com.google.android.webview-_VyjwodP8yNcdaKQyQvxWA==/base.apk): ok
2026-05-05 19:37:02.495 27936-27936 nativeloader            com.newaura.app                      D  Load /system/lib64/libwebviewchromium_plat_support.so using class loader ns clns-10 (caller=/data/app/~~YvlUSTaim5b0YuQtCfU6lA==/com.google.android.webview-_VyjwodP8yNcdaKQyQvxWA==/base.apk): ok
2026-05-05 19:37:02.505 27936-27936 com.newaura.app         com.newaura.app                      I  AssetManager2(0xb4000078db985d28) locale list changing from [] to [en-GB]
2026-05-05 19:37:02.507 27936-27936 com.newaura.app         com.newaura.app                      I  AssetManager2(0xb4000077b247f528) locale list changing from [] to [en-GB]
2026-05-05 19:37:02.508 27936-27936 com.newaura.app         com.newaura.app                      I  AssetManager2(0xb4000077b247f828) locale list changing from [] to [en-GB]
2026-05-05 19:37:02.510 27936-27936 com.newaura.app         com.newaura.app                      I  AssetManager2(0xb4000077b247fb28) locale list changing from [] to [en-GB]
2026-05-05 19:37:02.522 27936-27936 cr_LibraryLoader        com.newaura.app                      I  Successfully loaded native library
2026-05-05 19:37:02.524 27936-27936 cr_CachingUmaRecorder   com.newaura.app                      I  Flushed 22 samples from 21 histograms, 0 samples were dropped.
2026-05-05 19:37:02.529 27936-27936 cr_ChildProcLH          com.newaura.app                      I  ScopedServiceBindingBatch.tryActivate: false
2026-05-05 19:37:02.531 27936-27936 cr_CombinedPProvider    com.newaura.app                      I  #registerProvider() provider:WV.yk@421fcf6 isPolicyCacheEnabled:false policyProvidersSize:0
2026-05-05 19:37:02.533 27936-27936 cr_PolicyProvider       com.newaura.app                      I  #setManagerAndSource() 0
2026-05-05 19:37:02.540 27936-27936 cr_DisplayManager       com.newaura.app                      I  Is Display Topology available: false
2026-05-05 19:37:02.541 27936-27936 com.newaura.app         com.newaura.app                      I  AssetManager2(0xb4000077b247fe28) locale list changing from [] to [en-GB]
2026-05-05 19:37:02.542 27936-27936 WindowContextController com.newaura.app                      D  attachToDisplayArea  type = 2 ,displayId = 0 ,options = null ,mToken = android.window.WindowTokenClient@b37b4ce
2026-05-05 19:37:02.544 27936-27936 com.newaura.app         com.newaura.app                      I  AssetManager2(0xb4000077b2480128) locale list changing from [] to [en-GB]
2026-05-05 19:37:02.570 27936-27936 cr_CombinedPProvider    com.newaura.app                      I  #linkNativeInternal() 1
2026-05-05 19:37:02.571 27936-27936 cr_AppResProvider       com.newaura.app                      I  #getApplicationRestrictionsFromUserManager() Bundle[EMPTY_PARCEL]
2026-05-05 19:37:02.571 27936-27936 cr_PolicyProvider       com.newaura.app                      I  #notifySettingsAvailable() 0
2026-05-05 19:37:02.571 27936-27936 cr_CombinedPProvider    com.newaura.app                      I  #onSettingsAvailable() 0
2026-05-05 19:37:02.571 27936-27936 cr_CombinedPProvider    com.newaura.app                      I  #flushPolicies()
2026-05-05 19:37:02.638 27936-27936 chromium                com.newaura.app                      W  [WARNING:android_webview/browser/network_service/net_helpers.cc:137] HTTP Cache size is: 20971520
2026-05-05 19:37:02.742 27936-27936 Quality                 com.newaura.app                      I  InflateViewInfo:459385000,androidx.coordinatorlayout.widget.CoordinatorLayout
2026-05-05 19:37:02.748 27936-27936 Capacitor               com.newaura.app                      D  Starting BridgeActivity
2026-05-05 19:37:02.752 27936-28010 OplusInputMethodUtil    com.newaura.app                      D  init sDebug to false, init sDebugIme to false, init sAlwaysOn to false
2026-05-05 19:37:02.753 27936-28010 OplusInputMethodUtil    com.newaura.app                      D  updateDebugToClass InputMethodManager.DEBUG = false
2026-05-05 19:37:02.753 27936-28010 OplusInputMethodUtil    com.newaura.app                      D  updateDebugToClass ImeFocusController.DEBUG = false
2026-05-05 19:37:02.753 27936-28010 OplusInputMethodUtil    com.newaura.app                      D  updateDebugToClass OnBackInvokedDispatcher.DEBUG = false
2026-05-05 19:37:02.753 27936-28010 OplusInputMethodUtil    com.newaura.app                      D  updateDebugToClass InsetsController.DEBUG = false
2026-05-05 19:37:02.753 27936-28010 OplusInputMethodUtil    com.newaura.app                      D  updateDebugToClass BaseInputConnection.DEBUG = false
2026-05-05 19:37:02.777 27936-27936 Capacitor               com.newaura.app                      D  Registering plugin instance: CapacitorCookies
2026-05-05 19:37:02.784 27936-27936 Capacitor               com.newaura.app                      D  Registering plugin instance: WebView
2026-05-05 19:37:02.786 27936-27936 Capacitor               com.newaura.app                      D  Registering plugin instance: CapacitorHttp
2026-05-05 19:37:02.789 27936-27936 Capacitor               com.newaura.app                      D  Registering plugin instance: SystemBars
2026-05-05 19:37:02.793 27936-27936 Capacitor               com.newaura.app                      D  Registering plugin instance: Camera
2026-05-05 19:37:02.808 27936-27936 Capacitor               com.newaura.app                      D  Registering plugin instance: PushNotifications
2026-05-05 19:37:02.812 27936-27936 Capacitor               com.newaura.app                      D  Registering plugin instance: StatusBar
2026-05-05 19:37:02.817 27936-27936 Capacitor/...sBarPlugin com.newaura.app                      V  Notifying listeners for event statusBarOverlayChanged
2026-05-05 19:37:02.817 27936-27936 Capacitor/...sBarPlugin com.newaura.app                      D  No listeners found for event statusBarOverlayChanged
2026-05-05 19:37:02.818 27936-27936 Capacitor/...sBarPlugin com.newaura.app                      V  Notifying listeners for event statusBarOverlayChanged
2026-05-05 19:37:02.818 27936-27936 Capacitor/...sBarPlugin com.newaura.app                      D  No listeners found for event statusBarOverlayChanged
2026-05-05 19:37:02.883 27936-27936 Capacitor               com.newaura.app                      W  Unable to read file at path public/plugins
2026-05-05 19:37:02.891 27936-27936 Capacitor               com.newaura.app                      D  Loading app at https://localhost
2026-05-05 19:37:02.937 27936-28020 cr_media                com.newaura.app                      W  BLUETOOTH_CONNECT permission is missing.
2026-05-05 19:37:02.939 27936-28020 cr_media                com.newaura.app                      W  getBluetoothAdapter() requires BLUETOOTH permission
2026-05-05 19:37:02.939 27936-28020 cr_media                com.newaura.app                      W  registerBluetoothIntentsIfNeeded: Requires BLUETOOTH permission
2026-05-05 19:37:02.950 27936-28041 colorx                  com.newaura.app                      D  VulkanExtImpl Init
2026-05-05 19:37:02.951 27936-28041 vulkan                  com.newaura.app                      D  searching for layers in '/data/app/~~tTRO59l9TZYw3DjKITwz-Q==/com.newaura.app-xZOe_T1UmPySxrtShasglw==/lib/arm64'
2026-05-05 19:37:02.952 27936-28041 vulkan                  com.newaura.app                      D  searching for layers in '/data/app/~~tTRO59l9TZYw3DjKITwz-Q==/com.newaura.app-xZOe_T1UmPySxrtShasglw==/base.apk!/lib/arm64-v8a'
2026-05-05 19:37:02.952 27936-28041 colorx                  com.newaura.app                      D  I can't find colorx layer , let's enumerate colorx layers first.
2026-05-05 19:37:02.954 27936-27936 Capacitor               com.newaura.app                      D  App started
2026-05-05 19:37:02.957 27936-27936 ActivityThread          com.newaura.app                      D  ComponentInfo{com.newaura.app/com.newaura.app.MainActivity} checkFinished=false 2
2026-05-05 19:37:02.957 27936-27936 ResourcesManagerExtImpl com.newaura.app                      D  applyConfigurationToAppResourcesLocked app.getDisplayId() return callback.displayId:0
2026-05-05 19:37:02.958 27936-27936 AutofillCl...Controller com.newaura.app                      V  onActivityResumed()
2026-05-05 19:37:02.958 27936-27936 Capacitor               com.newaura.app                      D  App resumed
2026-05-05 19:37:02.959 27936-27936 AutofillCl...Controller com.newaura.app                      V  onActivityPostResumed()
2026-05-05 19:37:02.959 27936-27936 AutofillCl...Controller com.newaura.app                      V  onActivityPostResumed(): Relayout fix enabled
2026-05-05 19:37:02.959 27936-27936 AutofillCl...Controller com.newaura.app                      V  forResume(): Not attempting refill.
2026-05-05 19:37:02.960 27936-28020 AudioSystem             com.newaura.app                      D  onNewService: media.audio_policy service obtained 0xb40000758ec7ac40
2026-05-05 19:37:02.964 27936-27936 SurfaceFactory          com.newaura.app                      I  [static] sSurfaceFactory = com.mediatek.view.impl.SurfaceFactoryImpl@d770dd7
2026-05-05 19:37:02.966 27936-27965 PowerHalWrapper         com.newaura.app                      I  PowerHalWrapper.getInstance 
2026-05-05 19:37:02.969 27936-28020 AudioSystem             com.newaura.app                      D  getService: IAudioPolicyService retrieved: 0xb40000758ec7ac40  cached: 0xb40000758ec7ac40
2026-05-05 19:37:02.979 27936-27936 WindowManager           com.newaura.app                      D  Add to mViews: com.android.internal.policy.DecorView{db91e3a I.E...... R.....ID 0,0-0,0 alpha=1.0 viewInfo = }[MainActivity],pkg= com.newaura.app
2026-05-05 19:37:02.981 27936-27936 HWUI                    com.newaura.app                      W  Unknown dataspace 0
2026-05-05 19:37:02.981 27936-27972 ExtensionsLoader        com.newaura.app                      D  createInstance(64bit) : createExtendedFactory
2026-05-05 19:37:02.986 27936-27972 ExtensionsLoader        com.newaura.app                      D  Opened libhwuiextimpl.so
2026-05-05 19:37:02.988 27936-27972 skia                    com.newaura.app                      D  setRusSupported enable 0
2026-05-05 19:37:03.003 27936-27936 ViewRootImplExtImpl     com.newaura.app                      D  onDisplayChanged -1 for VRI android.view.ViewRootImpl@3c11ac7
2026-05-05 19:37:03.020 27936-28060 CameraManagerExtImpl    com.newaura.app                      I  packagename is com.newaura.app
2026-05-05 19:37:03.021 27936-28022 Capacitor               com.newaura.app                      D  Handling local request: https://localhost/
2026-05-05 19:37:03.026 27936-27936 ResourcesManagerExtImpl com.newaura.app                      D  applyConfigurationToAppResourcesLocked app.getDisplayId() return callback.displayId:0
2026-05-05 19:37:03.028 27936-27936 Choreographer           com.newaura.app                      I  Skipped 53 frames!  The application may be doing too much work on its main thread.
2026-05-05 19:37:03.031 27936-28060 OplusCameraManager      com.newaura.app                      I  saveOpPackageName, mOpPackageName: com.newaura.app
2026-05-05 19:37:03.035 27936-28020 AudioManagerExtImpl     com.newaura.app                      D  mLastUnFakeScoUid 10410 mFakeScoUid -1
2026-05-05 19:37:03.041 27936-27936 OplusBracketLog         com.newaura.app                      E  [OplusViewMirrorManager] updateHostViewRootIfNeeded, not support android.view.ViewRootImpl@3c11ac7
2026-05-05 19:37:03.049 27936-28060 OplusCamer...agerGlobal com.newaura.app                      I  setClientInfo, packageName: com.newaura.app, uid: 10410, pid: 27936
2026-05-05 19:37:03.049 27936-28060 OplusCamer...agerGlobal com.newaura.app                      I  Connecting to camera service
2026-05-05 19:37:03.054 27936-28032 AudioCapabilities       com.newaura.app                      W  Unsupported mediaType audio/x-adpcm-dvi-ima
2026-05-05 19:37:03.056 27936-28032 AudioCapabilities       com.newaura.app                      W  Unsupported mediaType audio/x-adpcm-ms
2026-05-05 19:37:03.057 27936-27936 OplusPredi...Controller com.newaura.app                      D  should not HookOnBackInvokedCallbackEnabled for application com.newaura.app.MainActivity@dcba80d sdk: 36
2026-05-05 19:37:03.057 27936-28032 AudioCapabilities       com.newaura.app                      W  Unsupported mediaType audio/alac
2026-05-05 19:37:03.059 27936-27936 ViewRootImplExtImpl     com.newaura.app                      D  wrapConfigInfoIntoFlags rotation=0, smallestScreenWidthDp=0, residentWS=false, scenario=0, bounds=Rect(0, 0 - 1080, 2400), relayoutAsync=false, flags=0, newFlags=1258291200, title=com.newaura.app/com.newaura.app.MainActivity
2026-05-05 19:37:03.063 27936-28060 CameraManagerGlobal     com.newaura.app                      I  Connecting to camera service
2026-05-05 19:37:03.070 27936-28032 AudioCapabilities       com.newaura.app                      W  Unsupported mediaType audio/iamf
2026-05-05 19:37:03.080 27936-27936 VRI[MainActivity]       com.newaura.app                      D  relayoutWindow result, sizeChanged:true, surfaceControlChanged:true, transformHintChanged:false, mSurfaceSize:Point(1080, 2400), mLastSurfaceSize:Point(0, 0), mWidth:-1, mHeight:-1, requestedWidth:1080, requestedHeight:2400, transformHint:0, installOrientation:0, displayRotation:0, isSurfaceValid:true, attr.flag:-2122252032, tmpFrames:ClientWindowFrames{frame=[0,0][1080,2400] display=[0,0][1080,2400] parentFrame=[0,0][0,0]}, relayoutAsync:false, mSyncSeqId:0
2026-05-05 19:37:03.080 27936-27936 VRI[MainActivity]       com.newaura.app                      W  updateBlastSurfaceIfNeeded, surfaceSize:Point(1080, 2400), lastSurfaceSize:Point(0, 0), format:-1, blastBufferQueue:null
2026-05-05 19:37:03.083 27936-27936 com.newaura.app         com.newaura.app                      E  [perfctl] 27936 27936 FPSGO ver:0
2026-05-05 19:37:03.083 27936-27936 com.newaura.app         com.newaura.app                      E  [perfctl] 0 0 0 0
2026-05-05 19:37:03.083 27936-27936 BufferQueueConsumer     com.newaura.app                      D  [](id:6d2000000000,api:0,p:-1,c:27936) connect: controlledByApp=false
2026-05-05 19:37:03.083 27936-27936 BufferQueueConsumer     com.newaura.app                      D  [VRI[MainActivity][com.newaura.app/com.newaura.app.MainActivity]#0(BLAST Consumer)0](id:6d2000000000,api:0,p:-1,c:27936) setMaxAcquiredBufferCount: 3
2026-05-05 19:37:03.086 27936-28032 VideoCapabilities       com.newaura.app                      W  Unsupported mime image/vnd.android.heic
2026-05-05 19:37:03.087 27936-28032 VideoCapabilities       com.newaura.app                      W  Unsupported mime image/vnd.android.heic
2026-05-05 19:37:03.087 27936-27972 HWUI                    com.newaura.app                      D  createSurface new attribs array
2026-05-05 19:37:03.088 27936-27972 libEGL                  com.newaura.app                      D  this is from skia gles
2026-05-05 19:37:03.094 27936-27936 SurfaceControl          com.newaura.app                      I   setExtendedRangeBrightness sc=Surface(name=com.newaura.app/com.newaura.app.MainActivity)/@0x4882a89,currentBufferRatio=1.0,desiredRatio=1.0
2026-05-05 19:37:03.099 27936-27936 Quality                 com.newaura.app                      I  UISlowBinder:121731227
2026-05-05 19:37:03.117 27936-28032 VideoCapabilities       com.newaura.app                      W  Unrecognized profile/level 32768/256 for video/mp4v-es
2026-05-05 19:37:03.164 27936-28032 AudioCapabilities       com.newaura.app                      W  Unsupported mime audio/x-adpcm-dvi-ima
2026-05-05 19:37:03.165 27936-28032 AudioCapabilities       com.newaura.app                      W  Unsupported mime audio/x-adpcm-dvi-ima
2026-05-05 19:37:03.166 27936-28032 AudioCapabilities       com.newaura.app                      W  Unsupported mime audio/x-adpcm-ms
2026-05-05 19:37:03.168 27936-28032 AudioCapabilities       com.newaura.app                      W  Unsupported mime audio/x-adpcm-ms
2026-05-05 19:37:03.169 27936-28032 AudioCapabilities       com.newaura.app                      W  Unsupported mime audio/alac
2026-05-05 19:37:03.171 27936-27972 GrallocExtra            com.newaura.app                      I  gralloc_extra_query:is_SW3D 0
2026-05-05 19:37:03.171 27936-28032 AudioCapabilities       com.newaura.app                      W  Unsupported mime audio/alac
2026-05-05 19:37:03.172 27936-27972 BLASTBufferQueue        com.newaura.app                      D  [VRI[MainActivity][com.newaura.app/com.newaura.app.MainActivity]#0](f:0,a:1) acquireNextBufferLocked size=1080x2400 mFrameNumber=1 applyTransaction=true mTimestamp=814540784671626(auto) mPendingTransactions.size=0 graphicBufferId=119984206381056 transform=0
2026-05-05 19:37:03.173 27936-27972 VRI[MainActivity]       com.newaura.app                      D  Received frameCommittedCallback lastAttemptedDrawFrameNum=1 didProduceBuffer=true syncBuffer=false
2026-05-05 19:37:03.174 27936-27972 ExtensionsLoader        com.newaura.app                      D  createInstance(64bit) : createExtendedFactory
2026-05-05 19:37:03.174 27936-27972 ExtensionsLoader        com.newaura.app                      D  Opened libSchedAssistExtImpl.so
2026-05-05 19:37:03.175 27936-27936 VRI[MainActivity]       com.newaura.app                      D  draw finished. seqId=0
2026-05-05 19:37:03.203 27936-28068 LibMBrainProxy          com.newaura.app                      D  Init Paramters
2026-05-05 19:37:03.204 27936-28068 ServiceManagerCppClient com.newaura.app                      W  Failed to get isDeclared for vendor.mediatek.hardware.mbrain.IMBrain/default: Status(-1, EX_SECURITY): 'SELinux denied for service.'
2026-05-05 19:37:03.206 27936-27946 HWUI                    com.newaura.app                      I  Davey! duration=1030ms; Flags=1, FrameTimelineVsyncId=189371086, IntendedVsync=814539755811620, Vsync=814540636418333, InputEventId=0, HandleInputStart=814540643686703, AnimationStart=814540643697780, PerformTraversalsStart=814540654358011, DrawStart=814540708050934, FrameDeadline=814539772411620, FrameStartTime=814540641911857, FrameInterval=16615221, WorkloadTarget=16600000, SyncQueued=814540712935626, SyncStart=814540713068857, IssueDrawCommandsStart=814540713422088, SwapBuffers=814540779602011, FrameCompleted=814540786918934, DequeueBufferDuration=124693, QueueBufferDuration=882769, GpuCompleted=814540786918934, SwapBuffersCompleted=814540786765473, DisplayPresentTime=0, CommandSubmissionCompleted=814540779602011, 
2026-05-05 19:37:03.258 27936-27936 VRI[MainActivity]       com.newaura.app                      D  onFocusEvent true
2026-05-05 19:37:03.259 27936-27936 VRI[MainActivity]       com.newaura.app                      W  handleResized, msg:, frameChanged:false, configChanged:false, displayChanged:false, attachedFrameChanged:false, compatScaleChanged:false, pendingDragResizing=false
2026-05-05 19:37:03.265 27936-27936 DynamicFra...igManager] com.newaura.app                      I  initFrameRateConfig: 
                                                                                                    	levelsFor120hz: [120, 60]
                                                                                                    	thresholdsFor120hz: [200]
                                                                                                    	levelsFor90hz: [90]
                                                                                                    	thresholdsFor90hz: []
2026-05-05 19:37:03.265 27936-27936 DynamicFra...igManager] com.newaura.app                      I  FRTCConfigManager: FRTC_CAPABILITY = 120, package name = com.newaura.app, WINDOW_ANIMATION_SPEED_RATE = 10, SCROLL_ANIMATION_SPEED_RATE = 20, PACKAGE_ENABLE = false
2026-05-05 19:37:03.265 27936-27936 DynamicFra...ontroller] com.newaura.app                      I  init info: mPackageName = com.newaura.app, mIsEnabled = false
2026-05-05 19:37:03.271 27936-27972 VRI[MainActivity]       com.newaura.app                      D  Received frameCommittedCallback lastAttemptedDrawFrameNum=3 didProduceBuffer=false syncBuffer=false
2026-05-05 19:37:03.272 27936-27936 VRI[MainActivity]       com.newaura.app                      D  draw finished. seqId=0
2026-05-05 19:37:03.285 27936-28032 AudioCapabilities       com.newaura.app                      W  Unsupported mime audio/iamf
2026-05-05 19:37:03.336 27936-27936 InsetsController        com.newaura.app                      D  hide(ime(), fromIme=false)
2026-05-05 19:37:03.337 27936-27936 ImeTracker              com.newaura.app                      I  com.newaura.app:9e14810c: onCancelled at PHASE_CLIENT_ALREADY_HIDDEN
2026-05-05 19:37:03.365 27936-28032 VideoCapabilities       com.newaura.app                      W  Unsupported mime image/vnd.android.heic
2026-05-05 19:37:03.367 27936-28032 VideoCapabilities       com.newaura.app                      W  Unsupported mime image/vnd.android.heic
2026-05-05 19:37:03.368 27936-28032 VideoCapabilities       com.newaura.app                      W  Unsupported mime image/vnd.android.heic
2026-05-05 19:37:03.380 27936-28022 Capacitor               com.newaura.app                      D  Handling local request: https://localhost/assets/index-B2L1_G6r.js
2026-05-05 19:37:03.383 27936-28023 Capacitor               com.newaura.app                      D  Handling local request: https://localhost/assets/supabase-CvekN1aB.js
2026-05-05 19:37:03.384 27936-28024 Capacitor               com.newaura.app                      D  Handling local request: https://localhost/assets/jsx-runtime-D5h6yHgh.js
2026-05-05 19:37:03.394 27936-28012 Capacitor               com.newaura.app                      D  Handling local request: https://localhost/assets/react-DrZGHthW.js
2026-05-05 19:37:03.409 27936-28032 VideoCapabilities       com.newaura.app                      W  Unrecognized profile/level 32768/256 for video/mp4v-es
2026-05-05 19:37:03.413 27936-28010 Capacitor               com.newaura.app                      D  Handling local request: https://localhost/assets/preload-helper-D8yfepxK.js
2026-05-05 19:37:03.424 27936-28032 VideoCapabilities       com.newaura.app                      W  Unrecognized profile/level 32768/256 for video/mp4v-es
2026-05-05 19:37:03.445 27936-27936 com.newaura.app         com.newaura.app                      I  hiddenapi: Accessing hidden field Landroid/content/pm/ApplicationInfo;->primaryCpuAbi:Ljava/lang/String; (runtime_flags=0, domain=platform, api=unsupported) from Lorg/chromium/android_webview/SystemStateUtil; (domain=app, TargetSdkVersion=36) using reflection: allowed
2026-05-05 19:37:03.446 27936-28009 Capacitor               com.newaura.app                      D  Handling local request: https://localhost/assets/dist-9ua5NoKv.js
2026-05-05 19:37:03.592 27936-28023 Capacitor               com.newaura.app                      D  Handling local request: https://localhost/assets/index-COhJZJZG.css
2026-05-05 19:37:04.279 27936-27954 OplusScrollToTopManager com.newaura.app                      D  com.newaura.app/com.newaura.app.MainActivity,This com.android.internal.policy.DecorView{db91e3a V.E...... R....... 0,0-1080,2400 alpha=1.0 viewInfo = }[MainActivity] change focus to true
2026-05-05 19:37:04.909 27936-27936 Capacitor/Console       com.newaura.app                      I  File:  - Line 349 - Msg: [object Object]
2026-05-05 19:37:04.910 27936-27936 Capacitor/Console       com.newaura.app                      I  File:  - Line 349 - Msg: [object Object]
2026-05-05 19:37:04.914 27936-27936 Capacitor/Plugin        com.newaura.app                      V  To native (Capacitor plugin): callbackId: 121746333, pluginId: StatusBar, methodName: setOverlaysWebView
2026-05-05 19:37:04.915 27936-27936 Capacitor               com.newaura.app                      V  callback: 121746333, pluginId: StatusBar, methodName: setOverlaysWebView, methodData: {"overlay":true}
2026-05-05 19:37:04.916 27936-27936 Capacitor/Plugin        com.newaura.app                      V  To native (Capacitor plugin): callbackId: 121746334, pluginId: StatusBar, methodName: setStyle
2026-05-05 19:37:04.916 27936-27936 Capacitor               com.newaura.app                      V  callback: 121746334, pluginId: StatusBar, methodName: setStyle, methodData: {"style":"DARK"}
2026-05-05 19:37:04.918 27936-27936 Capacitor/...sBarPlugin com.newaura.app                      V  Notifying listeners for event statusBarOverlayChanged
2026-05-05 19:37:04.918 27936-27936 Capacitor/...sBarPlugin com.newaura.app                      D  No listeners found for event statusBarOverlayChanged
2026-05-05 19:37:04.933 27936-27936 Capacitor/Console       com.newaura.app                      I  File: https://localhost/assets/index-B2L1_G6r.js - Line 40 - Msg: [🔔 NOTIF] Registering service worker: /sw.js
2026-05-05 19:37:04.953 27936-27936 Capacitor/Console       com.newaura.app                      I  File:  - Line 333 - Msg: undefined
2026-05-05 19:37:04.954 27936-27936 Capacitor/Console       com.newaura.app                      I  File:  - Line 333 - Msg: undefined
2026-05-05 19:37:04.965 27936-27936 Capacitor/Console       com.newaura.app                      I  File: https://localhost/assets/index-B2L1_G6r.js - Line 40 - Msg: [🔔 NOTIF] ✅ Service Worker registered successfully
2026-05-05 19:37:04.965 27936-27936 Capacitor/Console       com.newaura.app                      I  File: https://localhost/assets/index-B2L1_G6r.js - Line 40 - Msg: [🔔 NOTIF]   scope: https://localhost/
2026-05-05 19:37:04.966 27936-27936 Capacitor/Console       com.newaura.app                      I  File: https://localhost/assets/index-B2L1_G6r.js - Line 40 - Msg: [🔔 NOTIF]   active: activated
2026-05-05 19:37:04.966 27936-27936 Capacitor/Console       com.newaura.app                      I  File: https://localhost/assets/index-B2L1_G6r.js - Line 40 - Msg: [🔔 NOTIF]   waiting: none
2026-05-05 19:37:04.972 27936-28009 Capacitor               com.newaura.app                      D  Handling local request: https://localhost/aura-logo.png
2026-05-05 19:37:05.000 27936-28009 Capacitor               com.newaura.app                      D  Handling local request: https://localhost/aura-logo.png
2026-05-05 19:37:05.091 27936-27941 com.newaura.app         com.newaura.app                      I  Compiler allocated 7207KB to compile void android.view.ViewRootImpl.performTraversals()
2026-05-05 19:37:05.092 27936-27972 GPUAUX                  com.newaura.app                      E  [AUX]GuiExtAuxCheckAuxPath:682: Null anb
2026-05-05 19:37:05.093 27936-27972 GPUAUX                  com.newaura.app                      E  [AUX]GuiExtAuxCheckAuxPath:682: Null anb
2026-05-05 19:37:05.196 27936-27972 GPUAUX                  com.newaura.app                      E  [AUX]GuiExtAuxCheckAuxPath:682: Null anb
2026-05-05 19:37:05.197 27936-27972 GPUAUX                  com.newaura.app                      E  [AUX]GuiExtAuxCheckAuxPath:682: Null anb
2026-05-05 19:37:05.197 27936-27972 GPUAUX                  com.newaura.app                      E  [AUX]GuiExtAuxCheckAuxPath:682: Null anb
2026-05-05 19:37:05.197 27936-27972 GPUAUX                  com.newaura.app                      E  [AUX]GuiExtAuxCheckAuxPath:682: Null anb
2026-05-05 19:37:05.223 27936-27972 GPUAUX                  com.newaura.app                      E  [AUX]GuiExtAuxCheckAuxPath:682: Null anb
2026-05-05 19:37:05.223 27936-27972 GPUAUX                  com.newaura.app                      E  [AUX]GuiExtAuxCheckAuxPath:682: Null anb
2026-05-05 19:37:05.361 27936-27972 GPUAUX                  com.newaura.app                      E  [AUX]GuiExtAuxCheckAuxPath:682: Null anb
2026-05-05 19:37:05.364 27936-27972 GPUAUX                  com.newaura.app                      E  [AUX]GuiExtAuxCheckAuxPath:682: Null anb
2026-05-05 19:37:05.364 27936-27972 GPUAUX                  com.newaura.app                      E  [AUX]GuiExtAuxCheckAuxPath:682: Null anb
2026-05-05 19:37:05.364 27936-27972 GPUAUX                  com.newaura.app                      E  [AUX]GuiExtAuxCheckAuxPath:682: Null anb
2026-05-05 19:37:05.471 27936-27972 GPUAUX                  com.newaura.app                      E  [AUX]GuiExtAuxCheckAuxPath:682: Null anb
2026-05-05 19:37:05.472 27936-27972 GPUAUX                  com.newaura.app                      E  [AUX]GuiExtAuxCheckAuxPath:682: Null anb
2026-05-05 19:37:05.472 27936-27972 GPUAUX                  com.newaura.app                      E  [AUX]GuiExtAuxCheckAuxPath:682: Null anb
2026-05-05 19:37:05.472 27936-27972 GPUAUX                  com.newaura.app                      E  [AUX]GuiExtAuxCheckAuxPath:682: Null anb
2026-05-05 19:37:05.586 27936-27972 GPUAUX                  com.newaura.app                      E  [AUX]GuiExtAuxCheckAuxPath:682: Null anb
2026-05-05 19:37:05.586 27936-27972 GPUAUX                  com.newaura.app                      E  [AUX]GuiExtAuxCheckAuxPath:682: Null anb
2026-05-05 19:37:05.586 27936-27972 GPUAUX                  com.newaura.app                      E  [AUX]GuiExtAuxCheckAuxPath:682: Null anb
2026-05-05 19:37:05.586 27936-27972 GPUAUX                  com.newaura.app                      E  [AUX]GuiExtAuxCheckAuxPath:682: Null anb
2026-05-05 19:37:05.701 27936-27972 GPUAUX                  com.newaura.app                      E  [AUX]GuiExtAuxCheckAuxPath:682: Null anb
2026-05-05 19:37:05.701 27936-27972 GPUAUX                  com.newaura.app                      E  [AUX]GuiExtAuxCheckAuxPath:682: Null anb
2026-05-05 19:37:05.701 27936-27972 GPUAUX                  com.newaura.app                      E  [AUX]GuiExtAuxCheckAuxPath:682: Null anb
2026-05-05 19:37:05.701 27936-27972 GPUAUX                  com.newaura.app                      E  [AUX]GuiExtAuxCheckAuxPath:682: Null anb
2026-05-05 19:37:06.091 27936-27936 IJankManager            com.newaura.app                      E  slideSceneEnd unknown scene 1000 mScene:-1
2026-05-05 19:37:06.091 27936-27936 AutofillManager         com.newaura.app                      V  requestHideFillUi(null): anchor = null
2026-05-05 19:37:06.110 27936-27936 ViewExtract             com.newaura.app                      D  [OplusViewExtractManager] OplusViewExtractManager init com.newaura.app
2026-05-05 19:37:06.141 27936-27936 OplusInput...erInternal com.newaura.app                      D  get inputMethodManager extension: com.android.internal.view.IInputMethodManager$Stub$Proxy@e6e3e88
2026-05-05 19:37:06.143 27936-27936 OplusViewD...ViewHelper com.newaura.app                      D  dispatchTouchView action = 1
2026-05-05 19:37:06.144 27936-27936 ViewRootImplExtImpl     com.newaura.app                      D  the up motion event handled by client, just return
2026-05-05 19:37:06.160 27936-27936 AutofillManager         com.newaura.app                      V  receiver results: flags=7 enabled=true, enabledForAugmentedOnly: false
2026-05-05 19:37:06.164 27936-27936 AutofillManager         com.newaura.app                      V  startSessionLocked(): id=1073741824:i65536, bounds=Rect(72, 1296 - 1008, 1455), value=null, flags=0, state=UNKNOWN, compatMode=false, augmentedOnly=false, enabledAugmentedOnly=false, enteredIds=null
2026-05-05 19:37:06.191 27936-27936 ImeTracker              com.newaura.app                      I  com.newaura.app:6d7ab5b9: onRequestShow at ORIGIN_CLIENT reason SHOW_SOFT_INPUT fromUser false
2026-05-05 19:37:06.193 27936-27936 InsetsController        com.newaura.app                      D  show(ime(), fromIme=false)
2026-05-05 19:37:06.194 27936-27936 InsetsController        com.newaura.app                      D  Setting requestedVisibleTypes to -1 (was -9)
2026-05-05 19:37:06.216 27936-27936 AssistStructure         com.newaura.app                      I  Flattened final assist data: 2980 bytes, containing 1 windows, 6 views
2026-05-05 19:37:06.225 27936-27936 VRI[MainActivity]       com.newaura.app                      W  handleResized abandoned!
2026-05-05 19:37:06.241 27936-27972 GPUAUX                  com.newaura.app                      E  [AUX]GuiExtAuxCheckAuxPath:682: Null anb
2026-05-05 19:37:06.242 27936-27972 GPUAUX                  com.newaura.app                      E  [AUX]GuiExtAuxCheckAuxPath:682: Null anb
2026-05-05 19:37:06.242 27936-27972 GPUAUX                  com.newaura.app                      E  [AUX]GuiExtAuxCheckAuxPath:682: Null anb
2026-05-05 19:37:06.473 27936-27936 VRI[MainActivity]       com.newaura.app                      W  handleResized abandoned!
2026-05-05 19:37:06.554 27936-27936 VRI[MainActivity]       com.newaura.app                      W  handleResized abandoned!
2026-05-05 19:37:06.596 27936-28108 OplusWindowManager      com.newaura.app                      D  get WMS extension: android.os.BinderProxy@c567391
2026-05-05 19:37:06.606 27936-27972 GPUAUX                  com.newaura.app                      E  [AUX]GuiExtAuxCheckAuxPath:682: Null anb
2026-05-05 19:37:06.607 27936-27972 GPUAUX                  com.newaura.app                      E  [AUX]GuiExtAuxCheckAuxPath:682: Null anb
2026-05-05 19:37:06.607 27936-27972 GPUAUX                  com.newaura.app                      E  [AUX]GuiExtAuxCheckAuxPath:682: Null anb
2026-05-05 19:37:06.608 27936-27947 cr_AutofillHintsService com.newaura.app                      E  onViewTypeAvailable  (Fix with AI)
                                                                                                    java.lang.NullPointerException: Attempt to get length of null array
                                                                                                    	at android.os.Parcel.createExceptionOrNull(Parcel.java:3375)
                                                                                                    	at android.os.Parcel.createException(Parcel.java:3353)
                                                                                                    	at android.os.Parcel.readException(Parcel.java:3336)
                                                                                                    	at android.os.Parcel.readException(Parcel.java:3278)
                                                                                                    	at WV.t11.l(chromium-SystemWebViewGoogle6432.aab-stable-772713703:59)
                                                                                                    	at WV.ke.onTransact(chromium-SystemWebViewGoogle6432.aab-stable-772713703:70)
                                                                                                    	at android.os.Binder.execTransactInternal(Binder.java:1444)
