2026-05-07 17:43:41.949 26569-26569 InsetsController        com.newaura.app                      D  show(ime(), fromIme=false)
2026-05-07 17:43:41.950 26569-26569 InsetsController        com.newaura.app                      D  Setting requestedVisibleTypes to -1 (was -9)
2026-05-07 17:43:41.951 26569-26569 ImeTracker              com.newaura.app                      I  com.newaura.app:2f367c1f: onCancelled at PHASE_CLIENT_ANIMATION_CANCEL
2026-05-07 17:43:42.024 26569-26658 GPUAUX                  com.newaura.app                      E  [AUX]GuiExtAuxCheckAuxPath:682: Null anb
2026-05-07 17:43:42.025 26569-26658 GPUAUX                  com.newaura.app                      E  [AUX]GuiExtAuxCheckAuxPath:682: Null anb
2026-05-07 17:43:42.025 26569-26658 GPUAUX                  com.newaura.app                      E  [AUX]GuiExtAuxCheckAuxPath:682: Null anb
2026-05-07 17:43:42.025 26569-26658 GPUAUX                  com.newaura.app                      E  [AUX]GuiExtAuxCheckAuxPath:682: Null anb
2026-05-07 17:43:42.025 26569-26658 GPUAUX                  com.newaura.app                      E  [AUX]GuiExtAuxCheckAuxPath:682: Null anb
2026-05-07 17:43:42.025 26569-26658 GPUAUX                  com.newaura.app                      E  [AUX]GuiExtAuxCheckAuxPath:682: Null anb
2026-05-07 17:43:42.052 26569-26578 com.newaura.app         com.newaura.app                      W  Suspending all threads took: 61.000ms
2026-05-07 17:43:42.065 26569-26569 AssistStructure         com.newaura.app                      I  Flattened final assist data: 1964 bytes, containing 1 windows, 5 views
2026-05-07 17:43:42.111 26569-26578 com.newaura.app         com.newaura.app                      I  Background young concurrent mark compact GC freed 6559KB AllocSpace bytes, 4(80KB) LOS objects, 40% free, 10113KB/16MB, paused 62.432ms,15.748ms total 166.685ms
2026-05-07 17:43:42.139 26569-26658 GPUAUX                  com.newaura.app                      E  [AUX]GuiExtAuxCheckAuxPath:682: Null anb
2026-05-07 17:43:42.140 26569-26658 GPUAUX                  com.newaura.app                      E  [AUX]GuiExtAuxCheckAuxPath:682: Null anb
2026-05-07 17:43:42.140 26569-26658 GPUAUX                  com.newaura.app                      E  [AUX]GuiExtAuxCheckAuxPath:682: Null anb
2026-05-07 17:43:42.140 26569-26658 GPUAUX                  com.newaura.app                      E  [AUX]GuiExtAuxCheckAuxPath:682: Null anb
2026-05-07 17:43:42.140 26569-26658 GPUAUX                  com.newaura.app                      E  [AUX]GuiExtAuxCheckAuxPath:682: Null anb
2026-05-07 17:43:42.140 26569-26658 GPUAUX                  com.newaura.app                      E  [AUX]GuiExtAuxCheckAuxPath:682: Null anb
2026-05-07 17:43:42.140 26569-26658 GPUAUX                  com.newaura.app                      E  [AUX]GuiExtAuxCheckAuxPath:682: Null anb
2026-05-07 17:43:42.140 26569-26658 GPUAUX                  com.newaura.app                      E  [AUX]GuiExtAuxCheckAuxPath:682: Null anb
2026-05-07 17:43:42.142 26569-26658 GPUAUX                  com.newaura.app                      E  [AUX]GuiExtAuxCheckAuxPath:682: Null anb
2026-05-07 17:43:42.142 26569-26658 GPUAUX                  com.newaura.app                      E  [AUX]GuiExtAuxCheckAuxPath:682: Null anb
2026-05-07 17:43:42.142 26569-26658 GPUAUX                  com.newaura.app                      E  [AUX]GuiExtAuxCheckAuxPath:682: Null anb
2026-05-07 17:43:42.155 26569-26569 VRI[MainActivity]       com.newaura.app                      W  handleResized abandoned!
2026-05-07 17:43:42.156 26569-26569 ImeTracker              com.newaura.app                      I  system_server:7ae865b5: onCancelled at PHASE_CLIENT_ON_CONTROLS_CHANGED
2026-05-07 17:43:42.157 26569-26658 GPUAUX                  com.newaura.app                      E  [AUX]GuiExtAuxCheckAuxPath:682: Null anb
2026-05-07 17:43:42.157 26569-26658 GPUAUX                  com.newaura.app                      E  [AUX]GuiExtAuxCheckAuxPath:682: Null anb
2026-05-07 17:43:42.157 26569-26658 GPUAUX                  com.newaura.app                      E  [AUX]GuiExtAuxCheckAuxPath:682: Null anb
2026-05-07 17:43:42.177 26569-26658 GPUAUX                  com.newaura.app                      E  [AUX]GuiExtAuxCheckAuxPath:682: Null anb
2026-05-07 17:43:42.177 26569-26658 GPUAUX                  com.newaura.app                      E  [AUX]GuiExtAuxCheckAuxPath:682: Null anb
2026-05-07 17:43:42.177 26569-26658 GPUAUX                  com.newaura.app                      E  [AUX]GuiExtAuxCheckAuxPath:682: Null anb
2026-05-07 17:43:42.177 26569-26658 GPUAUX                  com.newaura.app                      E  [AUX]GuiExtAuxCheckAuxPath:682: Null anb
2026-05-07 17:43:42.178 26569-26658 GPUAUX                  com.newaura.app                      E  [AUX]GuiExtAuxCheckAuxPath:682: Null anb
2026-05-07 17:43:42.178 26569-26658 GPUAUX                  com.newaura.app                      E  [AUX]GuiExtAuxCheckAuxPath:682: Null anb
2026-05-07 17:43:42.178 26569-26658 GPUAUX                  com.newaura.app                      E  [AUX]GuiExtAuxCheckAuxPath:682: Null anb
2026-05-07 17:43:42.178 26569-26658 GPUAUX                  com.newaura.app                      E  [AUX]GuiExtAuxCheckAuxPath:682: Null anb
2026-05-07 17:43:42.180 26569-26658 GPUAUX                  com.newaura.app                      E  [AUX]GuiExtAuxCheckAuxPath:682: Null anb
2026-05-07 17:43:42.180 26569-26658 GPUAUX                  com.newaura.app                      E  [AUX]GuiExtAuxCheckAuxPath:682: Null anb
2026-05-07 17:43:42.180 26569-26658 GPUAUX                  com.newaura.app                      E  [AUX]GuiExtAuxCheckAuxPath:682: Null anb
2026-05-07 17:43:42.180 26569-26658 GPUAUX                  com.newaura.app                      E  [AUX]GuiExtAuxCheckAuxPath:682: Null anb
2026-05-07 17:43:42.255 26569-26658 GPUAUX                  com.newaura.app                      E  [AUX]GuiExtAuxCheckAuxPath:682: Null anb
2026-05-07 17:43:42.255 26569-26658 GPUAUX                  com.newaura.app                      E  [AUX]GuiExtAuxCheckAuxPath:682: Null anb
2026-05-07 17:43:42.256 26569-26658 GPUAUX                  com.newaura.app                      E  [AUX]GuiExtAuxCheckAuxPath:682: Null anb
2026-05-07 17:43:42.279 26569-26658 GPUAUX                  com.newaura.app                      E  [AUX]GuiExtAuxCheckAuxPath:682: Null anb
2026-05-07 17:43:42.279 26569-26658 GPUAUX                  com.newaura.app                      E  [AUX]GuiExtAuxCheckAuxPath:682: Null anb
2026-05-07 17:43:42.282 26569-26658 GPUAUX                  com.newaura.app                      E  [AUX]GuiExtAuxCheckAuxPath:682: Null anb
2026-05-07 17:43:42.282 26569-26658 GPUAUX                  com.newaura.app                      E  [AUX]GuiExtAuxCheckAuxPath:682: Null anb
2026-05-07 17:43:42.282 26569-26658 GPUAUX                  com.newaura.app                      E  [AUX]GuiExtAuxCheckAuxPath:682: Null anb
2026-05-07 17:43:42.282 26569-26658 GPUAUX                  com.newaura.app                      E  [AUX]GuiExtAuxCheckAuxPath:682: Null anb
2026-05-07 17:43:42.282 26569-26658 GPUAUX                  com.newaura.app                      E  [AUX]GuiExtAuxCheckAuxPath:682: Null anb
2026-05-07 17:43:42.282 26569-26658 GPUAUX                  com.newaura.app                      E  [AUX]GuiExtAuxCheckAuxPath:682: Null anb
2026-05-07 17:43:42.282 26569-26658 GPUAUX                  com.newaura.app                      E  [AUX]GuiExtAuxCheckAuxPath:682: Null anb
2026-05-07 17:43:42.282 26569-26658 GPUAUX                  com.newaura.app                      E  [AUX]GuiExtAuxCheckAuxPath:682: Null anb
2026-05-07 17:43:42.283 26569-26658 GPUAUX                  com.newaura.app                      E  [AUX]GuiExtAuxCheckAuxPath:682: Null anb
2026-05-07 17:43:42.283 26569-26658 GPUAUX                  com.newaura.app                      E  [AUX]GuiExtAuxCheckAuxPath:682: Null anb
2026-05-07 17:43:42.283 26569-26658 GPUAUX                  com.newaura.app                      E  [AUX]GuiExtAuxCheckAuxPath:682: Null anb
2026-05-07 17:43:42.283 26569-26658 GPUAUX                  com.newaura.app                      E  [AUX]GuiExtAuxCheckAuxPath:682: Null anb
2026-05-07 17:43:42.329 26569-26658 GPUAUX                  com.newaura.app                      E  [AUX]GuiExtAuxCheckAuxPath:682: Null anb
2026-05-07 17:43:42.329 26569-26658 GPUAUX                  com.newaura.app                      E  [AUX]GuiExtAuxCheckAuxPath:682: Null anb
2026-05-07 17:43:42.329 26569-26658 GPUAUX                  com.newaura.app                      E  [AUX]GuiExtAuxCheckAuxPath:682: Null anb
2026-05-07 17:43:42.363 26569-26658 GPUAUX                  com.newaura.app                      E  [AUX]GuiExtAuxCheckAuxPath:682: Null anb
2026-05-07 17:43:42.363 26569-26658 GPUAUX                  com.newaura.app                      E  [AUX]GuiExtAuxCheckAuxPath:682: Null anb
2026-05-07 17:43:42.363 26569-26658 GPUAUX                  com.newaura.app                      E  [AUX]GuiExtAuxCheckAuxPath:682: Null anb
2026-05-07 17:43:42.363 26569-26658 GPUAUX                  com.newaura.app                      E  [AUX]GuiExtAuxCheckAuxPath:682: Null anb
2026-05-07 17:43:42.365 26569-26658 GPUAUX                  com.newaura.app                      E  [AUX]GuiExtAuxCheckAuxPath:682: Null anb
2026-05-07 17:43:42.365 26569-26658 GPUAUX                  com.newaura.app                      E  [AUX]GuiExtAuxCheckAuxPath:682: Null anb
2026-05-07 17:43:42.365 26569-26658 GPUAUX                  com.newaura.app                      E  [AUX]GuiExtAuxCheckAuxPath:682: Null anb
2026-05-07 17:43:42.365 26569-26658 GPUAUX                  com.newaura.app                      E  [AUX]GuiExtAuxCheckAuxPath:682: Null anb
2026-05-07 17:43:42.418 26569-26658 GPUAUX                  com.newaura.app                      E  [AUX]GuiExtAuxCheckAuxPath:682: Null anb
2026-05-07 17:43:42.418 26569-26658 GPUAUX                  com.newaura.app                      E  [AUX]GuiExtAuxCheckAuxPath:682: Null anb
2026-05-07 17:43:42.418 26569-26658 GPUAUX                  com.newaura.app                      E  [AUX]GuiExtAuxCheckAuxPath:682: Null anb
2026-05-07 17:43:42.426 26569-26658 GPUAUX                  com.newaura.app                      E  [AUX]GuiExtAuxCheckAuxPath:682: Null anb
2026-05-07 17:43:42.426 26569-26658 GPUAUX                  com.newaura.app                      E  [AUX]GuiExtAuxCheckAuxPath:682: Null anb
2026-05-07 17:43:42.426 26569-26658 GPUAUX                  com.newaura.app                      E  [AUX]GuiExtAuxCheckAuxPath:682: Null anb
2026-05-07 17:43:42.426 26569-26658 GPUAUX                  com.newaura.app                      E  [AUX]GuiExtAuxCheckAuxPath:682: Null anb
2026-05-07 17:43:42.428 26569-26658 GPUAUX                  com.newaura.app                      E  [AUX]GuiExtAuxCheckAuxPath:682: Null anb
2026-05-07 17:43:42.428 26569-26658 GPUAUX                  com.newaura.app                      E  [AUX]GuiExtAuxCheckAuxPath:682: Null anb
2026-05-07 17:43:42.428 26569-26658 GPUAUX                  com.newaura.app                      E  [AUX]GuiExtAuxCheckAuxPath:682: Null anb
2026-05-07 17:43:42.428 26569-26658 GPUAUX                  com.newaura.app                      E  [AUX]GuiExtAuxCheckAuxPath:682: Null anb
2026-05-07 17:43:42.515 26569-26658 GPUAUX                  com.newaura.app                      E  [AUX]GuiExtAuxCheckAuxPath:682: Null anb
2026-05-07 17:43:42.516 26569-26658 GPUAUX                  com.newaura.app                      E  [AUX]GuiExtAuxCheckAuxPath:682: Null anb
2026-05-07 17:43:42.516 26569-26658 GPUAUX                  com.newaura.app                      E  [AUX]GuiExtAuxCheckAuxPath:682: Null anb
2026-05-07 17:43:42.516 26569-26658 GPUAUX                  com.newaura.app                      E  [AUX]GuiExtAuxCheckAuxPath:682: Null anb
2026-05-07 17:43:42.517 26569-26658 GPUAUX                  com.newaura.app                      E  [AUX]GuiExtAuxCheckAuxPath:682: Null anb
2026-05-07 17:43:42.517 26569-26658 GPUAUX                  com.newaura.app                      E  [AUX]GuiExtAuxCheckAuxPath:682: Null anb
2026-05-07 17:43:42.518 26569-26658 GPUAUX                  com.newaura.app                      E  [AUX]GuiExtAuxCheckAuxPath:682: Null anb
2026-05-07 17:43:42.518 26569-26658 GPUAUX                  com.newaura.app                      E  [AUX]GuiExtAuxCheckAuxPath:682: Null anb
2026-05-07 17:43:42.528 26569-26569 ImeTracker              com.newaura.app                      I  com.newaura.app:d968511b: onShown
2026-05-07 17:43:42.528 26569-26569 WindowOnBackDispatcher  com.newaura.app                      W  sendCancelIfRunning: isInProgress=false callback=ImeCallback=ImeOnBackInvokedCallback@197878563 hash=249463934 Callback=android.window.IOnBackInvokedCallback$Stub$Proxy@21943e4
2026-05-07 17:43:42.533 26569-26569 VRI[MainActivity]       com.newaura.app                      W  handleResized abandoned!
2026-05-07 17:43:42.535 26569-26569 ImeTracker              com.newaura.app                      I  com.newaura.app:d968511b: onCancelled at PHASE_CLIENT_ON_CONTROLS_CHANGED
2026-05-07 17:43:42.553 26569-26658 GPUAUX                  com.newaura.app                      E  [AUX]GuiExtAuxCheckAuxPath:682: Null anb
2026-05-07 17:43:42.553 26569-26658 GPUAUX                  com.newaura.app                      E  [AUX]GuiExtAuxCheckAuxPath:682: Null anb
2026-05-07 17:43:42.553 26569-26658 GPUAUX                  com.newaura.app                      E  [AUX]GuiExtAuxCheckAuxPath:682: Null anb
2026-05-07 17:43:42.554 26569-26658 GPUAUX                  com.newaura.app                      E  [AUX]GuiExtAuxCheckAuxPath:682: Null anb
2026-05-07 17:43:42.554 26569-26658 GPUAUX                  com.newaura.app                      E  [AUX]GuiExtAuxCheckAuxPath:682: Null anb
2026-05-07 17:43:42.554 26569-26658 GPUAUX                  com.newaura.app                      E  [AUX]GuiExtAuxCheckAuxPath:682: Null anb
2026-05-07 17:43:42.555 26569-26658 GPUAUX                  com.newaura.app                      E  [AUX]GuiExtAuxCheckAuxPath:682: Null anb
2026-05-07 17:43:42.555 26569-26658 GPUAUX                  com.newaura.app                      E  [AUX]GuiExtAuxCheckAuxPath:682: Null anb
2026-05-07 17:43:42.555 26569-26658 GPUAUX                  com.newaura.app                      E  [AUX]GuiExtAuxCheckAuxPath:682: Null anb
2026-05-07 17:43:42.555 26569-26658 GPUAUX                  com.newaura.app                      E  [AUX]GuiExtAuxCheckAuxPath:682: Null anb
2026-05-07 17:43:42.555 26569-26658 GPUAUX                  com.newaura.app                      E  [AUX]GuiExtAuxCheckAuxPath:682: Null anb
2026-05-07 17:43:42.555 26569-26658 GPUAUX                  com.newaura.app                      E  [AUX]GuiExtAuxCheckAuxPath:682: Null anb
2026-05-07 17:43:42.555 26569-26658 GPUAUX                  com.newaura.app                      E  [AUX]GuiExtAuxCheckAuxPath:682: Null anb
2026-05-07 17:43:42.555 26569-26658 GPUAUX                  com.newaura.app                      E  [AUX]GuiExtAuxCheckAuxPath:682: Null anb
2026-05-07 17:43:42.555 26569-26658 GPUAUX                  com.newaura.app                      E  [AUX]GuiExtAuxCheckAuxPath:682: Null anb
2026-05-07 17:43:42.562 26569-26658 GPUAUX                  com.newaura.app                      E  [AUX]GuiExtAuxCheckAuxPath:682: Null anb
2026-05-07 17:43:42.562 26569-26658 GPUAUX                  com.newaura.app                      E  [AUX]GuiExtAuxCheckAuxPath:682: Null anb
2026-05-07 17:43:42.562 26569-26658 GPUAUX                  com.newaura.app                      E  [AUX]GuiExtAuxCheckAuxPath:682: Null anb
2026-05-07 17:43:42.562 26569-26658 GPUAUX                  com.newaura.app                      E  [AUX]GuiExtAuxCheckAuxPath:682: Null anb
2026-05-07 17:43:42.562 26569-26658 GPUAUX                  com.newaura.app                      E  [AUX]GuiExtAuxCheckAuxPath:682: Null anb
2026-05-07 17:43:42.723 26569-26658 GPUAUX                  com.newaura.app                      E  [AUX]GuiExtAuxCheckAuxPath:682: Null anb
2026-05-07 17:43:42.723 26569-26658 GPUAUX                  com.newaura.app                      E  [AUX]GuiExtAuxCheckAuxPath:682: Null anb
2026-05-07 17:43:42.723 26569-26658 GPUAUX                  com.newaura.app                      E  [AUX]GuiExtAuxCheckAuxPath:682: Null anb
2026-05-07 17:43:42.728 26569-26658 GPUAUX                  com.newaura.app                      E  [AUX]GuiExtAuxCheckAuxPath:682: Null anb
2026-05-07 17:43:42.728 26569-26658 GPUAUX                  com.newaura.app                      E  [AUX]GuiExtAuxCheckAuxPath:682: Null anb
2026-05-07 17:43:42.728 26569-26658 GPUAUX                  com.newaura.app                      E  [AUX]GuiExtAuxCheckAuxPath:682: Null anb
2026-05-07 17:43:42.767 26569-26658 GPUAUX                  com.newaura.app                      E  [AUX]GuiExtAuxCheckAuxPath:682: Null anb
2026-05-07 17:43:42.767 26569-26658 GPUAUX                  com.newaura.app                      E  [AUX]GuiExtAuxCheckAuxPath:682: Null anb
2026-05-07 17:43:42.768 26569-26658 GPUAUX                  com.newaura.app                      E  [AUX]GuiExtAuxCheckAuxPath:682: Null anb
2026-05-07 17:43:42.768 26569-26658 GPUAUX                  com.newaura.app                      E  [AUX]GuiExtAuxCheckAuxPath:682: Null anb
2026-05-07 17:43:42.768 26569-26658 GPUAUX                  com.newaura.app                      E  [AUX]GuiExtAuxCheckAuxPath:682: Null anb
2026-05-07 17:43:42.768 26569-26658 GPUAUX                  com.newaura.app                      E  [AUX]GuiExtAuxCheckAuxPath:682: Null anb
2026-05-07 17:43:42.768 26569-26658 GPUAUX                  com.newaura.app                      E  [AUX]GuiExtAuxCheckAuxPath:682: Null anb
2026-05-07 17:43:42.768 26569-26658 GPUAUX                  com.newaura.app                      E  [AUX]GuiExtAuxCheckAuxPath:682: Null anb
2026-05-07 17:43:42.769 26569-26658 GPUAUX                  com.newaura.app                      E  [AUX]GuiExtAuxCheckAuxPath:682: Null anb
2026-05-07 17:43:42.769 26569-26658 GPUAUX                  com.newaura.app                      E  [AUX]GuiExtAuxCheckAuxPath:682: Null anb
2026-05-07 17:43:42.770 26569-26658 GPUAUX                  com.newaura.app                      E  [AUX]GuiExtAuxCheckAuxPath:682: Null anb
2026-05-07 17:43:42.770 26569-26658 GPUAUX                  com.newaura.app                      E  [AUX]GuiExtAuxCheckAuxPath:682: Null anb
2026-05-07 17:43:42.804 26569-26569 AutofillManager         com.newaura.app                      V  notifyNoFillUi(): sessionFinishedState=2
2026-05-07 17:43:42.804 26569-26569 AutofillManager         com.newaura.app                      V  notifyCallback(): sessionId=1683286918, autofillId=1073741824:i327680@1683286918, event=3
2026-05-07 17:43:42.804 26569-26569 AutofillManager         com.newaura.app                      V  setSessionFinished(): from ACTIVE to FINISHED; autofillableIds=null
2026-05-07 17:43:42.849 26569-26658 GPUAUX                  com.newaura.app                      E  [AUX]GuiExtAuxCheckAuxPath:682: Null anb
2026-05-07 17:43:42.849 26569-26658 GPUAUX                  com.newaura.app                      E  [AUX]GuiExtAuxCheckAuxPath:682: Null anb
2026-05-07 17:43:42.849 26569-26658 GPUAUX                  com.newaura.app                      E  [AUX]GuiExtAuxCheckAuxPath:682: Null anb
2026-05-07 17:43:42.849 26569-26658 GPUAUX                  com.newaura.app                      E  [AUX]GuiExtAuxCheckAuxPath:682: Null anb
2026-05-07 17:43:42.850 26569-26658 GPUAUX                  com.newaura.app                      E  [AUX]GuiExtAuxCheckAuxPath:682: Null anb
2026-05-07 17:43:42.850 26569-26658 GPUAUX                  com.newaura.app                      E  [AUX]GuiExtAuxCheckAuxPath:682: Null anb
2026-05-07 17:43:42.850 26569-26658 GPUAUX                  com.newaura.app                      E  [AUX]GuiExtAuxCheckAuxPath:682: Null anb
2026-05-07 17:43:42.850 26569-26658 GPUAUX                  com.newaura.app                      E  [AUX]GuiExtAuxCheckAuxPath:682: Null anb
2026-05-07 17:43:42.890 26569-26658 GPUAUX                  com.newaura.app                      E  [AUX]GuiExtAuxCheckAuxPath:682: Null anb
2026-05-07 17:43:42.890 26569-26658 GPUAUX                  com.newaura.app                      E  [AUX]GuiExtAuxCheckAuxPath:682: Null anb
2026-05-07 17:43:42.890 26569-26658 GPUAUX                  com.newaura.app                      E  [AUX]GuiExtAuxCheckAuxPath:682: Null anb
2026-05-07 17:43:42.890 26569-26658 GPUAUX                  com.newaura.app                      E  [AUX]GuiExtAuxCheckAuxPath:682: Null anb
2026-05-07 17:43:42.892 26569-26658 GPUAUX                  com.newaura.app                      E  [AUX]GuiExtAuxCheckAuxPath:682: Null anb
2026-05-07 17:43:42.892 26569-26658 GPUAUX                  com.newaura.app                      E  [AUX]GuiExtAuxCheckAuxPath:682: Null anb
2026-05-07 17:43:42.892 26569-26658 GPUAUX                  com.newaura.app                      E  [AUX]GuiExtAuxCheckAuxPath:682: Null anb
2026-05-07 17:43:42.892 26569-26658 GPUAUX                  com.newaura.app                      E  [AUX]GuiExtAuxCheckAuxPath:682: Null anb
2026-05-07 17:43:42.940 26569-26658 GPUAUX                  com.newaura.app                      E  [AUX]GuiExtAuxCheckAuxPath:682: Null anb
2026-05-07 17:43:42.940 26569-26658 GPUAUX                  com.newaura.app                      E  [AUX]GuiExtAuxCheckAuxPath:682: Null anb
2026-05-07 17:43:42.940 26569-26658 GPUAUX                  com.newaura.app                      E  [AUX]GuiExtAuxCheckAuxPath:682: Null anb
2026-05-07 17:43:42.941 26569-26658 GPUAUX                  com.newaura.app                      E  [AUX]GuiExtAuxCheckAuxPath:682: Null anb
2026-05-07 17:43:42.942 26569-26658 GPUAUX                  com.newaura.app                      E  [AUX]GuiExtAuxCheckAuxPath:682: Null anb
2026-05-07 17:43:42.942 26569-26658 GPUAUX                  com.newaura.app                      E  [AUX]GuiExtAuxCheckAuxPath:682: Null anb
2026-05-07 17:43:42.943 26569-26658 GPUAUX                  com.newaura.app                      E  [AUX]GuiExtAuxCheckAuxPath:682: Null anb
2026-05-07 17:43:42.943 26569-26658 GPUAUX                  com.newaura.app                      E  [AUX]GuiExtAuxCheckAuxPath:682: Null anb
2026-05-07 17:43:42.970 26569-26658 GPUAUX                  com.newaura.app                      E  [AUX]GuiExtAuxCheckAuxPath:682: Null anb
2026-05-07 17:43:42.970 26569-26658 GPUAUX                  com.newaura.app                      E  [AUX]GuiExtAuxCheckAuxPath:682: Null anb
2026-05-07 17:43:42.970 26569-26658 GPUAUX                  com.newaura.app                      E  [AUX]GuiExtAuxCheckAuxPath:682: Null anb
2026-05-07 17:43:42.970 26569-26658 GPUAUX                  com.newaura.app                      E  [AUX]GuiExtAuxCheckAuxPath:682: Null anb
2026-05-07 17:43:42.970 26569-26658 GPUAUX                  com.newaura.app                      E  [AUX]GuiExtAuxCheckAuxPath:682: Null anb
2026-05-07 17:43:42.972 26569-26658 GPUAUX                  com.newaura.app                      E  [AUX]GuiExtAuxCheckAuxPath:682: Null anb
2026-05-07 17:43:42.972 26569-26658 GPUAUX                  com.newaura.app                      E  [AUX]GuiExtAuxCheckAuxPath:682: Null anb
2026-05-07 17:43:42.972 26569-26658 GPUAUX                  com.newaura.app                      E  [AUX]GuiExtAuxCheckAuxPath:682: Null anb
2026-05-07 17:43:42.972 26569-26658 GPUAUX                  com.newaura.app                      E  [AUX]GuiExtAuxCheckAuxPath:682: Null anb
2026-05-07 17:43:43.000 26569-26658 GPUAUX                  com.newaura.app                      E  [AUX]GuiExtAuxCheckAuxPath:682: Null anb
2026-05-07 17:43:43.000 26569-26658 GPUAUX                  com.newaura.app                      E  [AUX]GuiExtAuxCheckAuxPath:682: Null anb
2026-05-07 17:43:43.000 26569-26658 GPUAUX                  com.newaura.app                      E  [AUX]GuiExtAuxCheckAuxPath:682: Null anb
2026-05-07 17:43:43.000 26569-26658 GPUAUX                  com.newaura.app                      E  [AUX]GuiExtAuxCheckAuxPath:682: Null anb
2026-05-07 17:43:43.003 26569-26658 GPUAUX                  com.newaura.app                      E  [AUX]GuiExtAuxCheckAuxPath:682: Null anb
2026-05-07 17:43:43.003 26569-26658 GPUAUX                  com.newaura.app                      E  [AUX]GuiExtAuxCheckAuxPath:682: Null anb
2026-05-07 17:43:43.003 26569-26658 GPUAUX                  com.newaura.app                      E  [AUX]GuiExtAuxCheckAuxPath:682: Null anb
2026-05-07 17:43:43.003 26569-26658 GPUAUX                  com.newaura.app                      E  [AUX]GuiExtAuxCheckAuxPath:682: Null anb
2026-05-07 17:43:43.036 26569-26658 GPUAUX                  com.newaura.app                      E  [AUX]GuiExtAuxCheckAuxPath:682: Null anb
2026-05-07 17:43:43.036 26569-26658 GPUAUX                  com.newaura.app                      E  [AUX]GuiExtAuxCheckAuxPath:682: Null anb
2026-05-07 17:43:43.036 26569-26658 GPUAUX                  com.newaura.app                      E  [AUX]GuiExtAuxCheckAuxPath:682: Null anb
2026-05-07 17:43:43.037 26569-26658 GPUAUX                  com.newaura.app                      E  [AUX]GuiExtAuxCheckAuxPath:682: Null anb
2026-05-07 17:43:43.039 26569-26658 GPUAUX                  com.newaura.app                      E  [AUX]GuiExtAuxCheckAuxPath:682: Null anb
2026-05-07 17:43:43.039 26569-26658 GPUAUX                  com.newaura.app                      E  [AUX]GuiExtAuxCheckAuxPath:682: Null anb
2026-05-07 17:43:43.039 26569-26658 GPUAUX                  com.newaura.app                      E  [AUX]GuiExtAuxCheckAuxPath:682: Null anb
2026-05-07 17:43:43.039 26569-26658 GPUAUX                  com.newaura.app                      E  [AUX]GuiExtAuxCheckAuxPath:682: Null anb
2026-05-07 17:43:43.069 26569-26658 GPUAUX                  com.newaura.app                      E  [AUX]GuiExtAuxCheckAuxPath:682: Null anb
2026-05-07 17:43:43.069 26569-26658 GPUAUX                  com.newaura.app                      E  [AUX]GuiExtAuxCheckAuxPath:682: Null anb
2026-05-07 17:43:43.069 26569-26658 GPUAUX                  com.newaura.app                      E  [AUX]GuiExtAuxCheckAuxPath:682: Null anb
2026-05-07 17:43:43.069 26569-26658 GPUAUX                  com.newaura.app                      E  [AUX]GuiExtAuxCheckAuxPath:682: Null anb
2026-05-07 17:43:43.071 26569-26658 GPUAUX                  com.newaura.app                      E  [AUX]GuiExtAuxCheckAuxPath:682: Null anb
2026-05-07 17:43:43.072 26569-26658 GPUAUX                  com.newaura.app                      E  [AUX]GuiExtAuxCheckAuxPath:682: Null anb
2026-05-07 17:43:43.072 26569-26658 GPUAUX                  com.newaura.app                      E  [AUX]GuiExtAuxCheckAuxPath:682: Null anb
2026-05-07 17:43:43.072 26569-26658 GPUAUX                  com.newaura.app                      E  [AUX]GuiExtAuxCheckAuxPath:682: Null anb
2026-05-07 17:43:43.101 26569-26658 GPUAUX                  com.newaura.app                      E  [AUX]GuiExtAuxCheckAuxPath:682: Null anb
2026-05-07 17:43:43.101 26569-26658 GPUAUX                  com.newaura.app                      E  [AUX]GuiExtAuxCheckAuxPath:682: Null anb
2026-05-07 17:43:43.102 26569-26658 GPUAUX                  com.newaura.app                      E  [AUX]GuiExtAuxCheckAuxPath:682: Null anb
2026-05-07 17:43:43.102 26569-26658 GPUAUX                  com.newaura.app                      E  [AUX]GuiExtAuxCheckAuxPath:682: Null anb
2026-05-07 17:43:43.104 26569-26658 GPUAUX                  com.newaura.app                      E  [AUX]GuiExtAuxCheckAuxPath:682: Null anb
2026-05-07 17:43:43.105 26569-26658 GPUAUX                  com.newaura.app                      E  [AUX]GuiExtAuxCheckAuxPath:682: Null anb
2026-05-07 17:43:43.105 26569-26658 GPUAUX                  com.newaura.app                      E  [AUX]GuiExtAuxCheckAuxPath:682: Null anb
2026-05-07 17:43:43.105 26569-26658 GPUAUX                  com.newaura.app                      E  [AUX]GuiExtAuxCheckAuxPath:682: Null anb
2026-05-07 17:43:43.135 26569-26658 GPUAUX                  com.newaura.app                      E  [AUX]GuiExtAuxCheckAuxPath:682: Null anb
2026-05-07 17:43:43.135 26569-26658 GPUAUX                  com.newaura.app                      E  [AUX]GuiExtAuxCheckAuxPath:682: Null anb
2026-05-07 17:43:43.135 26569-26658 GPUAUX                  com.newaura.app                      E  [AUX]GuiExtAuxCheckAuxPath:682: Null anb
2026-05-07 17:43:43.135 26569-26658 GPUAUX                  com.newaura.app                      E  [AUX]GuiExtAuxCheckAuxPath:682: Null anb
2026-05-07 17:43:43.138 26569-26658 GPUAUX                  com.newaura.app                      E  [AUX]GuiExtAuxCheckAuxPath:682: Null anb
2026-05-07 17:43:43.138 26569-26658 GPUAUX                  com.newaura.app                      E  [AUX]GuiExtAuxCheckAuxPath:682: Null anb
2026-05-07 17:43:43.138 26569-26658 GPUAUX                  com.newaura.app                      E  [AUX]GuiExtAuxCheckAuxPath:682: Null anb
2026-05-07 17:43:43.138 26569-26658 GPUAUX                  com.newaura.app                      E  [AUX]GuiExtAuxCheckAuxPath:682: Null anb
2026-05-07 17:43:43.166 26569-26658 GPUAUX                  com.newaura.app                      E  [AUX]GuiExtAuxCheckAuxPath:682: Null anb
2026-05-07 17:43:43.166 26569-26658 GPUAUX                  com.newaura.app                      E  [AUX]GuiExtAuxCheckAuxPath:682: Null anb
2026-05-07 17:43:43.166 26569-26658 GPUAUX                  com.newaura.app                      E  [AUX]GuiExtAuxCheckAuxPath:682: Null anb
2026-05-07 17:43:43.166 26569-26658 GPUAUX                  com.newaura.app                      E  [AUX]GuiExtAuxCheckAuxPath:682: Null anb
2026-05-07 17:43:43.169 26569-26658 GPUAUX                  com.newaura.app                      E  [AUX]GuiExtAuxCheckAuxPath:682: Null anb
2026-05-07 17:43:43.169 26569-26658 GPUAUX                  com.newaura.app                      E  [AUX]GuiExtAuxCheckAuxPath:682: Null anb
2026-05-07 17:43:43.169 26569-26658 GPUAUX                  com.newaura.app                      E  [AUX]GuiExtAuxCheckAuxPath:682: Null anb
2026-05-07 17:43:43.169 26569-26658 GPUAUX                  com.newaura.app                      E  [AUX]GuiExtAuxCheckAuxPath:682: Null anb
2026-05-07 17:43:43.200 26569-26658 GPUAUX                  com.newaura.app                      E  [AUX]GuiExtAuxCheckAuxPath:682: Null anb
2026-05-07 17:43:43.200 26569-26658 GPUAUX                  com.newaura.app                      E  [AUX]GuiExtAuxCheckAuxPath:682: Null anb
2026-05-07 17:43:43.200 26569-26658 GPUAUX                  com.newaura.app                      E  [AUX]GuiExtAuxCheckAuxPath:682: Null anb
2026-05-07 17:43:43.200 26569-26658 GPUAUX                  com.newaura.app                      E  [AUX]GuiExtAuxCheckAuxPath:682: Null anb
2026-05-07 17:43:43.203 26569-26658 GPUAUX                  com.newaura.app                      E  [AUX]GuiExtAuxCheckAuxPath:682: Null anb
2026-05-07 17:43:43.203 26569-26658 GPUAUX                  com.newaura.app                      E  [AUX]GuiExtAuxCheckAuxPath:682: Null anb
2026-05-07 17:43:43.203 26569-26658 GPUAUX                  com.newaura.app                      E  [AUX]GuiExtAuxCheckAuxPath:682: Null anb
2026-05-07 17:43:43.204 26569-26658 GPUAUX                  com.newaura.app                      E  [AUX]GuiExtAuxCheckAuxPath:682: Null anb
2026-05-07 17:43:43.234 26569-26658 GPUAUX                  com.newaura.app                      E  [AUX]GuiExtAuxCheckAuxPath:682: Null anb
2026-05-07 17:43:43.234 26569-26658 GPUAUX                  com.newaura.app                      E  [AUX]GuiExtAuxCheckAuxPath:682: Null anb
2026-05-07 17:43:43.235 26569-26658 GPUAUX                  com.newaura.app                      E  [AUX]GuiExtAuxCheckAuxPath:682: Null anb
2026-05-07 17:43:43.235 26569-26658 GPUAUX                  com.newaura.app                      E  [AUX]GuiExtAuxCheckAuxPath:682: Null anb
2026-05-07 17:43:43.237 26569-26658 GPUAUX                  com.newaura.app                      E  [AUX]GuiExtAuxCheckAuxPath:682: Null anb
2026-05-07 17:43:43.237 26569-26658 GPUAUX                  com.newaura.app                      E  [AUX]GuiExtAuxCheckAuxPath:682: Null anb
2026-05-07 17:43:43.237 26569-26658 GPUAUX                  com.newaura.app                      E  [AUX]GuiExtAuxCheckAuxPath:682: Null anb
2026-05-07 17:43:43.237 26569-26658 GPUAUX                  com.newaura.app                      E  [AUX]GuiExtAuxCheckAuxPath:682: Null anb
2026-05-07 17:43:43.265 26569-26658 GPUAUX                  com.newaura.app                      E  [AUX]GuiExtAuxCheckAuxPath:682: Null anb
2026-05-07 17:43:43.265 26569-26658 GPUAUX                  com.newaura.app                      E  [AUX]GuiExtAuxCheckAuxPath:682: Null anb
2026-05-07 17:43:43.265 26569-26658 GPUAUX                  com.newaura.app                      E  [AUX]GuiExtAuxCheckAuxPath:682: Null anb
2026-05-07 17:43:43.265 26569-26658 GPUAUX                  com.newaura.app                      E  [AUX]GuiExtAuxCheckAuxPath:682: Null anb
2026-05-07 17:43:43.267 26569-26658 GPUAUX                  com.newaura.app                      E  [AUX]GuiExtAuxCheckAuxPath:682: Null anb
2026-05-07 17:43:43.268 26569-26658 GPUAUX                  com.newaura.app                      E  [AUX]GuiExtAuxCheckAuxPath:682: Null anb
2026-05-07 17:43:43.268 26569-26658 GPUAUX                  com.newaura.app                      E  [AUX]GuiExtAuxCheckAuxPath:682: Null anb
2026-05-07 17:43:43.268 26569-26658 GPUAUX                  com.newaura.app                      E  [AUX]GuiExtAuxCheckAuxPath:682: Null anb
2026-05-07 17:43:43.301 26569-26658 GPUAUX                  com.newaura.app                      E  [AUX]GuiExtAuxCheckAuxPath:682: Null anb
2026-05-07 17:43:43.301 26569-26658 GPUAUX                  com.newaura.app                      E  [AUX]GuiExtAuxCheckAuxPath:682: Null anb
2026-05-07 17:43:43.301 26569-26658 GPUAUX                  com.newaura.app                      E  [AUX]GuiExtAuxCheckAuxPath:682: Null anb
2026-05-07 17:43:43.301 26569-26658 GPUAUX                  com.newaura.app                      E  [AUX]GuiExtAuxCheckAuxPath:682: Null anb
2026-05-07 17:43:43.304 26569-26658 GPUAUX                  com.newaura.app                      E  [AUX]GuiExtAuxCheckAuxPath:682: Null anb
2026-05-07 17:43:43.304 26569-26658 GPUAUX                  com.newaura.app                      E  [AUX]GuiExtAuxCheckAuxPath:682: Null anb
2026-05-07 17:43:43.304 26569-26658 GPUAUX                  com.newaura.app                      E  [AUX]GuiExtAuxCheckAuxPath:682: Null anb
2026-05-07 17:43:43.304 26569-26658 GPUAUX                  com.newaura.app                      E  [AUX]GuiExtAuxCheckAuxPath:682: Null anb
2026-05-07 17:43:43.332 26569-26658 GPUAUX                  com.newaura.app                      E  [AUX]GuiExtAuxCheckAuxPath:682: Null anb
2026-05-07 17:43:43.333 26569-26658 GPUAUX                  com.newaura.app                      E  [AUX]GuiExtAuxCheckAuxPath:682: Null anb
2026-05-07 17:43:43.333 26569-26658 GPUAUX                  com.newaura.app                      E  [AUX]GuiExtAuxCheckAuxPath:682: Null anb
2026-05-07 17:43:43.335 26569-26658 GPUAUX                  com.newaura.app                      E  [AUX]GuiExtAuxCheckAuxPath:682: Null anb
2026-05-07 17:43:43.335 26569-26658 GPUAUX                  com.newaura.app                      E  [AUX]GuiExtAuxCheckAuxPath:682: Null anb
2026-05-07 17:43:43.335 26569-26658 GPUAUX                  com.newaura.app                      E  [AUX]GuiExtAuxCheckAuxPath:682: Null anb
2026-05-07 17:43:43.335 26569-26658 GPUAUX                  com.newaura.app                      E  [AUX]GuiExtAuxCheckAuxPath:682: Null anb
2026-05-07 17:43:43.366 26569-26658 GPUAUX                  com.newaura.app                      E  [AUX]GuiExtAuxCheckAuxPath:682: Null anb
2026-05-07 17:43:43.366 26569-26658 GPUAUX                  com.newaura.app                      E  [AUX]GuiExtAuxCheckAuxPath:682: Null anb
2026-05-07 17:43:43.366 26569-26658 GPUAUX                  com.newaura.app                      E  [AUX]GuiExtAuxCheckAuxPath:682: Null anb
2026-05-07 17:43:43.368 26569-26658 GPUAUX                  com.newaura.app                      E  [AUX]GuiExtAuxCheckAuxPath:682: Null anb
2026-05-07 17:43:43.368 26569-26658 GPUAUX                  com.newaura.app                      E  [AUX]GuiExtAuxCheckAuxPath:682: Null anb
2026-05-07 17:43:43.368 26569-26658 GPUAUX                  com.newaura.app                      E  [AUX]GuiExtAuxCheckAuxPath:682: Null anb
2026-05-07 17:43:43.368 26569-26658 GPUAUX                  com.newaura.app                      E  [AUX]GuiExtAuxCheckAuxPath:682: Null anb
2026-05-07 17:43:43.939 26569-26569 chromium                com.newaura.app                      I  [INFO:CONSOLE:24] "[SUPABASE FETCH START] URL: https://ugfxjjakpsngfdrjlsdr.supabase.co/rest/v1/messages?id=in.%28796dc1ef-fa9e-4684-88aa-d421c8033872%29 OPTIONS: {"method":"PATCH","headers":{},"body":"{\"is_read\":true,\"is_delivered\":true,\"read_at\":\"2026-05-07T12:13:43.799Z\"}"}", source: http://localhost/assets/supabase-CLpXqyPc.js (24)
2026-05-07 17:43:43.939 26569-26569 chromium                com.newaura.app                      I  [INFO:CONSOLE:348] "%cnative %cCapacitorHttp.request (#126650817) font-weight: lighter; color: gray font-weight: bold; color: #000", source:  (348)
2026-05-07 17:43:43.939 26569-26569 chromium                com.newaura.app                      I  [INFO:CONSOLE:349] "[object Object]", source:  (349)
2026-05-07 17:43:43.940 26569-26569 chromium                com.newaura.app                      I  [INFO:CONSOLE:350] "console.groupEnd", source:  (350)
2026-05-07 17:43:43.941 26569-26569 Capacitor/Plugin        com.newaura.app                      V  To native (Capacitor plugin): callbackId: 126650817, pluginId: CapacitorHttp, methodName: request
2026-05-07 17:43:43.941 26569-26569 Capacitor               com.newaura.app                      V  callback: 126650817, pluginId: CapacitorHttp, methodName: request, methodData: {"url":"https:\/\/ugfxjjakpsngfdrjlsdr.supabase.co\/rest\/v1\/messages?id=in.%28796dc1ef-fa9e-4684-88aa-d421c8033872%29","method":"PATCH","data":"{\"is_read\":true,\"is_delivered\":true,\"read_at\":\"2026-05-07T12:13:43.799Z\"}","dataType":"json","headers":{"apikey":"eyJhbGciOiJIUzI1NiIsInR5cCI6IkpXVCJ9.eyJpc3MiOiJzdXBhYmFzZSIsInJlZiI6InVnZnhqamFrcHNuZ2Zkcmpsc2RyIiwicm9sZSI6ImFub24iLCJpYXQiOjE3NzQzNDY3NzQsImV4cCI6MjA4OTkyMjc3NH0.KiA-8YqdsgO1Is2Fumh4mqmfQY8i1O_K8RnQtBcjuGo","authorization":"Bearer eyJhbGciOiJFUzI1NiIsImtpZCI6IjRlMGRhZGY0LWM1MGYtNDMyNS1iMjQ3LWM4NTViMmRmNGE4YSIsInR5cCI6IkpXVCJ9.eyJpc3MiOiJodHRwczovL3VnZnhqamFrcHNuZ2Zkcmpsc2RyLnN1cGFiYXNlLmNvL2F1dGgvdjEiLCJzdWIiOiIyZGZiODIzZi1iYjkzLTRlNDYtODZjZC1hNTIwYzViZTc4NjgiLCJhdWQiOiJhdXRoZW50aWNhdGVkIiwiZXhwIjoxNzc4MTU5NTk1LCJpYXQiOjE3NzgxNTU5OTUsImVtYWlsIjoiZmlyc3R1c2VyQGdtYWlsLmNvbSIsInBob25lIjoiIiwiYXBwX21ldGFkYXRhIjp7InByb3ZpZGVyIjoiZW1haWwiLCJwcm92aWRlcnMiOlsiZW1haWwiXX0sInVzZXJfbWV0YWRhdGEiOnsiYXZhdGFyX2tleSI6WzExMSw0MywyMTcsMjUsMTc4LDEyMCwyNDYsODIsMTQ2LDIzMSwxMjUsMTU3LDE3MiwxNDYsOTcsNjUsOTQsODEsMjE3LDU4LDIzOCwyMzIsNzIsNzIsNDQsMjI3LDQ2LDU3LDExOCwxNTUsMjAwLDgxXSwiYXZhdGFyX25vbmNlIjpbMTUwLDE3LDE3MCwyNTAsMjEsMTksOTAsMjA5LDEzMSw5OCwxNiwxNzcsODksMTEwLDEyMiw5LDIzMiwxMTMsNjQsMiwyNyw0NiwyNTQsNDddLCJhdmF0YXJfdXJsIjoiaHR0cHM6Ly9yZXMuY2xvdWRpbmFyeS5jb20vZGVsNW8xdm5kL3Jhdy91cGxvYWQvdjE3NzU3NDkzMDIvZXd1NWF5dnd3OWx0YnJpYnBqNnkucmF3IiwiZGlzcGxheV9uYW1lIjoiUmlmZnUga2EgQWJ18J-QpfCfmYgiLCJlbWFpbF92ZXJpZmllZCI6dHJ1ZX0sInJvbGUiOiJhdXRoZW50aWNhdGVkIiwiYWFsIjoiYWFsMSIsImFtciI6W3sibWV0aG9kIjoicGFzc3dvcmQiLCJ0aW1lc3RhbXAiOjE3NzgxNTU5OTV9XSwic2Vzc2lvbl9pZCI6IjMwMTc1OTY1LTEyNjUtNDZjZC1iNjZmLWU0MDRjNDU4ZjMwZiIsImlzX2Fub255bW91cyI6ZmFsc2V9.CNdU8GxY4E98dHe4vKJLy9rGjUm9_EMuOoQWkWOzi0hftugA9sQOIOw4lW-fcwVsBfeMFymDZqTlQuSMVTYS_Q","content-profile":"public","content-type":"application\/json","x-client-info":"supabase-js-web\/2.100.0"}}
2026-05-07 17:43:43.948 26569-27762 CapacitorCookies        com.newaura.app                      I  Getting cookies at: 'https://ugfxjjakpsngfdrjlsdr.supabase.co/rest/v1/messages?id=in.%28796dc1ef-fa9e-4684-88aa-d421c8033872%29'
2026-05-07 17:43:44.164 26569-26569 IJankManager            com.newaura.app                      E  slideSceneEnd unknown scene 1002 mScene:-1
2026-05-07 17:43:44.164 26569-26569 AutofillManager         com.newaura.app                      V  requestHideFillUi(null): anchor = null
2026-05-07 17:43:44.197 26569-27762 CapacitorCookies        com.newaura.app                      I  Setting cookie '__cf_bm=GrYesh0p5GAoklzNKYs_Voh54QHnxmenr9NuWwS_O.Q-1778156023.6450012-1.0.1.1-7bnpfbCPs_6cBUzjgqDOe3Y2qnpgV60HAdUulUvoZWVuHR.2e55Ds423PZMWnrTwkGh9YkUhyp3fLFxTXt2v1HHF1eE40SyLbx0zABOfFmxHrmfG.nHIUCWwN2pnODja; HttpOnly; Secure; Path=/; Domain=supabase.co; Expires=Thu, 07 May 2026 12:43:43 GMT' at: 'https://ugfxjjakpsngfdrjlsdr.supabase.co/rest/v1/messages?id=in.%28796dc1ef-fa9e-4684-88aa-d421c8033872%29'
2026-05-07 17:43:44.200 26569-27762 CapacitorCookies        com.newaura.app                      I  Setting cookie '__cf_bm=GrYesh0p5GAoklzNKYs_Voh54QHnxmenr9NuWwS_O.Q-1778156023.6450012-1.0.1.1-7bnpfbCPs_6cBUzjgqDOe3Y2qnpgV60HAdUulUvoZWVuHR.2e55Ds423PZMWnrTwkGh9YkUhyp3fLFxTXt2v1HHF1eE40SyLbx0zABOfFmxHrmfG.nHIUCWwN2pnODja; HttpOnly; Secure; Path=/; Domain=supabase.co; Expires=Thu, 07 May 2026 12:43:43 GMT' at: 'https://supabase.co'
2026-05-07 17:43:44.210 26569-26569 chromium                com.newaura.app                      I  [INFO:CONSOLE:328] "%cresult %cCapacitorHttp.request (#126650817) font-style: italic; font-weight: lighter; color: gray font-style: italic; font-weight: bold; color: #444", source:  (328)
2026-05-07 17:43:44.210 26569-26569 chromium                com.newaura.app                      I  [INFO:CONSOLE:333] "{"status":204,"headers":{"alt-svc":"h3=\":443\"; ma=86400","CF-Cache-Status":"DYNAMIC","CF-Ray":"9f8023ebca926145-BOM","Connection":"keep-alive","Content-Range":"0-0/*","Date":"Thu, 07 May 2026 12:13:43 GMT","sb-gateway-version":"1","sb-project-ref":"ugfxjjakpsngfdrjlsdr","sb-request-id":"019e025b-af60-7f06-96d6-7a03c02a0930","Server":"cloudflare","set-cookie":"__cf_bm=GrYesh0p5GAoklzNKYs_Voh54QHnxmenr9NuWwS_O.Q-1778156023.6450012-1.0.1.1-7bnpfbCPs_6cBUzjgqDOe3Y2qnpgV60HAdUulUvoZWVuHR.2e55Ds423PZMWnrTwkGh9YkUhyp3fLFxTXt2v1HHF1eE40SyLbx0zABOfFmxHrmfG.nHIUCWwN2pnODja; HttpOnly; Secure; Path=/; Domain=supabase.co; Expires=Thu, 07 May 2026 12:43:43 GMT","Strict-Transport-Security":"max-age=31536000; includeSubDomains; preload","Vary":"Accept-Encoding","X-Android-Received-Millis":"1778156024197","X-Android-Response-Source":"NETWORK 204","X-Android-Selected-Protocol":"http/1.1","X-Android-Sent-Millis":"1778156023954","X-Content-Type-Options":"nosniff","x-envoy-attempt-count":"1","x-envoy-upstream-service-time":"23"},"url":"https://ugfxjjakpsngfdrjlsdr.supabase.co/rest/v1/messages?id=in.%28796dc1ef-fa9e-4684-88aa-d421c8033872%29","data":""}", source:  (333)
2026-05-07 17:43:44.210 26569-26569 chromium                com.newaura.app                      I  [INFO:CONSOLE:335] "console.groupEnd", source:  (335)
2026-05-07 17:43:44.210 26569-26569 chromium                com.newaura.app                      I  [INFO:CONSOLE:564] "CapacitorHttp fetch 1778156023936 https://ugfxjjakpsngfdrjlsdr.supabase.co/rest/v1/messages?id=in.%28796dc1ef-fa9e-4684-88aa-d421c8033872%29: 273.998046875 ms", source:  (564)
2026-05-07 17:43:44.210 26569-26569 chromium                com.newaura.app                      I  [INFO:CONSOLE:24] "[SUPABASE FETCH SUCCESS] Status: 204 ", source: http://localhost/assets/supabase-CLpXqyPc.js (24)
2026-05-07 17:43:44.228 26569-26569 OplusViewD...ViewHelper com.newaura.app                      D  dispatchTouchView action = 1
2026-05-07 17:43:44.228 26569-26569 ViewRootImplExtImpl     com.newaura.app                      D  the up motion event handled by client, just return
2026-05-07 17:43:44.242 26569-26569 AutofillManager         com.newaura.app                      V  notifyViewExited(1073741824, 327680
2026-05-07 17:43:44.265 26569-26569 ExtensionsLoader        com.newaura.app                      D  createInstance(64bit) : createExtendedFactory
2026-05-07 17:43:44.267 26569-26569 ExtensionsLoader        com.newaura.app                      D  Opened libsensorextimpl.so
2026-05-07 17:43:44.275 26569-26789 Capacitor               com.newaura.app                      D  Handling local request: http://localhost/assets/camera.worker-CxzZym72.js
2026-05-07 17:43:44.293 26569-26569 ImeTracker              com.newaura.app                      I  com.newaura.app:438f0271: onRequestHide at ORIGIN_CLIENT reason HIDE_SOFT_INPUT fromUser false
2026-05-07 17:43:44.294 26569-26569 InsetsController        com.newaura.app                      D  hide(ime(), fromIme=false)
2026-05-07 17:43:44.294 26569-26569 WindowOnBackDispatcher  com.newaura.app                      W  sendCancelIfRunning: isInProgress=false callback=ImeCallback=ImeOnBackInvokedCallback@197878563 hash=36515852 Callback=android.window.IOnBackInvokedCallback$Stub$Proxy@7038209
2026-05-07 17:43:44.294 26569-26569 InsetsController        com.newaura.app                      D  Setting requestedVisibleTypes to -9 (was -1)
2026-05-07 17:43:44.312 26569-26658 GPUAUX                  com.newaura.app                      E  [AUX]GuiExtAuxCheckAuxPath:682: Null anb
2026-05-07 17:43:44.312 26569-26658 GPUAUX                  com.newaura.app                      E  [AUX]GuiExtAuxCheckAuxPath:682: Null anb
2026-05-07 17:43:44.312 26569-26658 GPUAUX                  com.newaura.app                      E  [AUX]GuiExtAuxCheckAuxPath:682: Null anb
2026-05-07 17:43:44.313 26569-26658 GPUAUX                  com.newaura.app                      E  [AUX]GuiExtAuxCheckAuxPath:682: Null anb
2026-05-07 17:43:44.313 26569-26658 GPUAUX                  com.newaura.app                      E  [AUX]GuiExtAuxCheckAuxPath:682: Null anb
2026-05-07 17:43:44.313 26569-26658 GPUAUX                  com.newaura.app                      E  [AUX]GuiExtAuxCheckAuxPath:682: Null anb
2026-05-07 17:43:44.313 26569-26658 GPUAUX                  com.newaura.app                      E  [AUX]GuiExtAuxCheckAuxPath:682: Null anb
2026-05-07 17:43:44.313 26569-26658 GPUAUX                  com.newaura.app                      E  [AUX]GuiExtAuxCheckAuxPath:682: Null anb
2026-05-07 17:43:44.313 26569-26658 GPUAUX                  com.newaura.app                      E  [AUX]GuiExtAuxCheckAuxPath:682: Null anb
2026-05-07 17:43:44.313 26569-26658 GPUAUX                  com.newaura.app                      E  [AUX]GuiExtAuxCheckAuxPath:682: Null anb
2026-05-07 17:43:44.314 26569-26658 GPUAUX                  com.newaura.app                      E  [AUX]GuiExtAuxCheckAuxPath:682: Null anb
2026-05-07 17:43:44.314 26569-26658 GPUAUX                  com.newaura.app                      E  [AUX]GuiExtAuxCheckAuxPath:682: Null anb
2026-05-07 17:43:44.314 26569-26658 GPUAUX                  com.newaura.app                      E  [AUX]GuiExtAuxCheckAuxPath:682: Null anb
2026-05-07 17:43:44.314 26569-26658 GPUAUX                  com.newaura.app                      E  [AUX]GuiExtAuxCheckAuxPath:682: Null anb
2026-05-07 17:43:44.314 26569-26658 GPUAUX                  com.newaura.app                      E  [AUX]GuiExtAuxCheckAuxPath:682: Null anb
2026-05-07 17:43:44.314 26569-26658 GPUAUX                  com.newaura.app                      E  [AUX]GuiExtAuxCheckAuxPath:682: Null anb
2026-05-07 17:43:44.315 26569-26789 SystemSens...gerExtImpl com.newaura.app                      V  RegisterListener game_rotvec type:15 delay:16666us by org.chromium.device.sensors.PlatformSensor@b765c27 from com.newaura.app
2026-05-07 17:43:44.316 26569-26658 GPUAUX                  com.newaura.app                      E  [AUX]GuiExtAuxCheckAuxPath:682: Null anb
2026-05-07 17:43:44.316 26569-26658 GPUAUX                  com.newaura.app                      E  [AUX]GuiExtAuxCheckAuxPath:682: Null anb
2026-05-07 17:43:44.316 26569-26658 GPUAUX                  com.newaura.app                      E  [AUX]GuiExtAuxCheckAuxPath:682: Null anb
2026-05-07 17:43:44.316 26569-26658 GPUAUX                  com.newaura.app                      E  [AUX]GuiExtAuxCheckAuxPath:682: Null anb
2026-05-07 17:43:44.316 26569-26658 GPUAUX                  com.newaura.app                      E  [AUX]GuiExtAuxCheckAuxPath:682: Null anb
2026-05-07 17:43:44.329 26569-26569 VRI[MainActivity]       com.newaura.app                      W  handleResized abandoned!
2026-05-07 17:43:44.373 26569-26658 GPUAUX                  com.newaura.app                      E  [AUX]GuiExtAuxCheckAuxPath:682: Null anb
2026-05-07 17:43:44.373 26569-26658 GPUAUX                  com.newaura.app                      E  [AUX]GuiExtAuxCheckAuxPath:682: Null anb
2026-05-07 17:43:44.373 26569-26658 GPUAUX                  com.newaura.app                      E  [AUX]GuiExtAuxCheckAuxPath:682: Null anb
2026-05-07 17:43:44.404 26569-26658 GPUAUX                  com.newaura.app                      E  [AUX]GuiExtAuxCheckAuxPath:682: Null anb
2026-05-07 17:43:44.404 26569-26658 GPUAUX                  com.newaura.app                      E  [AUX]GuiExtAuxCheckAuxPath:682: Null anb
2026-05-07 17:43:44.404 26569-26658 GPUAUX                  com.newaura.app                      E  [AUX]GuiExtAuxCheckAuxPath:682: Null anb
2026-05-07 17:43:44.404 26569-26658 GPUAUX                  com.newaura.app                      E  [AUX]GuiExtAuxCheckAuxPath:682: Null anb
2026-05-07 17:43:44.451 26569-26658 GPUAUX                  com.newaura.app                      E  [AUX]GuiExtAuxCheckAuxPath:682: Null anb
