2026-05-06 00:37:42.817 12018-12052 GPUAUX                  com.newaura.app                      E  [AUX]GuiExtAuxCheckAuxPath:682: Null anb
2026-05-06 00:37:42.817 12018-12052 GPUAUX                  com.newaura.app                      E  [AUX]GuiExtAuxCheckAuxPath:682: Null anb
2026-05-06 00:37:42.834 12018-12052 GPUAUX                  com.newaura.app                      E  [AUX]GuiExtAuxCheckAuxPath:682: Null anb
2026-05-06 00:37:42.850 12018-12101 Capacitor               com.newaura.app                      D  Handling local request: https://localhost/aura-logo.png
2026-05-06 00:37:42.961 12018-12052 GPUAUX                  com.newaura.app                      E  [AUX]GuiExtAuxCheckAuxPath:682: Null anb
2026-05-06 00:37:42.963 12018-12052 GPUAUX                  com.newaura.app                      E  [AUX]GuiExtAuxCheckAuxPath:682: Null anb
2026-05-06 00:37:42.963 12018-12052 GPUAUX                  com.newaura.app                      E  [AUX]GuiExtAuxCheckAuxPath:682: Null anb
2026-05-06 00:37:42.963 12018-12052 GPUAUX                  com.newaura.app                      E  [AUX]GuiExtAuxCheckAuxPath:682: Null anb
2026-05-06 00:37:42.991 12018-12052 GPUAUX                  com.newaura.app                      E  [AUX]GuiExtAuxCheckAuxPath:682: Null anb
2026-05-06 00:37:42.991 12018-12052 GPUAUX                  com.newaura.app                      E  [AUX]GuiExtAuxCheckAuxPath:682: Null anb
2026-05-06 00:37:43.043 12018-12036 OplusScrollToTopManager com.newaura.app                      D  com.newaura.app/com.newaura.app.MainActivity,This com.android.internal.policy.DecorView{5546dde V.E...... R....... 0,0-1080,2400 alpha=1.0 viewInfo = }[MainActivity] change focus to true
2026-05-06 00:37:43.832 12018-12018 IJankManager            com.newaura.app                      E  slideSceneEnd unknown scene 1000 mScene:-1
2026-05-06 00:37:43.832 12018-12018 AutofillManager         com.newaura.app                      V  requestHideFillUi(null): anchor = null
2026-05-06 00:37:43.846 12018-12018 ViewExtract             com.newaura.app                      D  [OplusViewExtractManager] OplusViewExtractManager init com.newaura.app
2026-05-06 00:37:43.890 12018-12018 OplusInput...erInternal com.newaura.app                      D  get inputMethodManager extension: com.android.internal.view.IInputMethodManager$Stub$Proxy@6d9b170
2026-05-06 00:37:43.893 12018-12018 OplusViewD...ViewHelper com.newaura.app                      D  dispatchTouchView action = 1
2026-05-06 00:37:43.894 12018-12018 ViewRootImplExtImpl     com.newaura.app                      D  the up motion event handled by client, just return
2026-05-06 00:37:43.912 12018-12018 AutofillManager         com.newaura.app                      V  receiver results: flags=7 enabled=true, enabledForAugmentedOnly: false
2026-05-06 00:37:43.917 12018-12018 AutofillManager         com.newaura.app                      V  startSessionLocked(): id=1073741824:i65536, bounds=Rect(72, 1296 - 1008, 1455), value=null, flags=0, state=UNKNOWN, compatMode=false, augmentedOnly=false, enabledAugmentedOnly=false, enteredIds=null
2026-05-06 00:37:43.967 12018-12018 ImeTracker              com.newaura.app                      I  com.newaura.app:816ab347: onRequestShow at ORIGIN_CLIENT reason SHOW_SOFT_INPUT fromUser false
2026-05-06 00:37:43.970 12018-12018 InsetsController        com.newaura.app                      D  show(ime(), fromIme=false)
2026-05-06 00:37:43.971 12018-12018 InsetsController        com.newaura.app                      D  Setting requestedVisibleTypes to -1 (was -9)
2026-05-06 00:37:43.994 12018-12018 AssistStructure         com.newaura.app                      I  Flattened final assist data: 2980 bytes, containing 1 windows, 6 views
2026-05-06 00:37:44.006 12018-12018 VRI[MainActivity]       com.newaura.app                      W  handleResized abandoned!
2026-05-06 00:37:44.030 12018-12052 GPUAUX                  com.newaura.app                      E  [AUX]GuiExtAuxCheckAuxPath:682: Null anb
2026-05-06 00:37:44.030 12018-12052 GPUAUX                  com.newaura.app                      E  [AUX]GuiExtAuxCheckAuxPath:682: Null anb
2026-05-06 00:37:44.031 12018-12052 GPUAUX                  com.newaura.app                      E  [AUX]GuiExtAuxCheckAuxPath:682: Null anb
2026-05-06 00:37:44.373 12018-12018 VRI[MainActivity]       com.newaura.app                      W  handleResized abandoned!
2026-05-06 00:37:44.465 12018-12018 VRI[MainActivity]       com.newaura.app                      W  handleResized abandoned!
2026-05-06 00:37:44.520 12018-12036 ImfJankInfo             com.newaura.app                      D  reportImfJank: {"client":"com.newaura.app","system_pressure":{"cpu":false,"mem":false,"thermal":false},"ime_package_name":"com.google.android.inputmethod.latin"}
2026-05-06 00:37:44.524 12018-12453 OplusWindowManager      com.newaura.app                      D  get WMS extension: android.os.BinderProxy@96dd259
2026-05-06 00:37:44.532 12018-12052 GPUAUX                  com.newaura.app                      E  [AUX]GuiExtAuxCheckAuxPath:682: Null anb
2026-05-06 00:37:44.532 12018-12052 GPUAUX                  com.newaura.app                      E  [AUX]GuiExtAuxCheckAuxPath:682: Null anb
2026-05-06 00:37:44.532 12018-12052 GPUAUX                  com.newaura.app                      E  [AUX]GuiExtAuxCheckAuxPath:682: Null anb
2026-05-06 00:37:44.550 12018-12453 InteractionJankMonitor  com.newaura.app                      W  Initializing without READ_DEVICE_CONFIG permission. enabled=false, interval=1, missedFrameThreshold=3, frameTimeThreshold=64, package=com.newaura.app
2026-05-06 00:37:44.563 12018-12018 DynamicFra...igManager] com.newaura.app                      I  initFrameRateConfig: 
                                                                                                    	levelsFor120hz: [120, 60]
                                                                                                    	thresholdsFor120hz: [200]
                                                                                                    	levelsFor90hz: [90]
                                                                                                    	thresholdsFor90hz: []
2026-05-06 00:37:44.563 12018-12018 DynamicFra...igManager] com.newaura.app                      I  FRTCConfigManager: FRTC_CAPABILITY = 120, package name = com.newaura.app, WINDOW_ANIMATION_SPEED_RATE = 10, SCROLL_ANIMATION_SPEED_RATE = 20, PACKAGE_ENABLE = false
2026-05-06 00:37:44.563 12018-12018 DynamicFra...ontroller] com.newaura.app                      I  init info: mPackageName = com.newaura.app, mIsEnabled = false
2026-05-06 00:37:44.604 12018-12052 GPUAUX                  com.newaura.app                      E  [AUX]GuiExtAuxCheckAuxPath:682: Null anb
2026-05-06 00:37:44.607 12018-12052 GPUAUX                  com.newaura.app                      E  [AUX]GuiExtAuxCheckAuxPath:682: Null anb
2026-05-06 00:37:44.608 12018-12052 GPUAUX                  com.newaura.app                      E  [AUX]GuiExtAuxCheckAuxPath:682: Null anb
2026-05-06 00:37:44.608 12018-12052 GPUAUX                  com.newaura.app                      E  [AUX]GuiExtAuxCheckAuxPath:682: Null anb
2026-05-06 00:37:44.608 12018-12052 GPUAUX                  com.newaura.app                      E  [AUX]GuiExtAuxCheckAuxPath:682: Null anb
2026-05-06 00:37:44.619 12018-12018 AutofillManager         com.newaura.app                      V  notifyNoFillUi(): sessionFinishedState=2
2026-05-06 00:37:44.619 12018-12018 AutofillManager         com.newaura.app                      V  notifyCallback(): sessionId=1442310012, autofillId=1073741824:i65536@1442310012, event=3
2026-05-06 00:37:44.619 12018-12018 AutofillManager         com.newaura.app                      V  setSessionFinished(): from ACTIVE to FINISHED; autofillableIds=null
2026-05-06 00:37:44.758 12018-12018 ImeTracker              com.newaura.app                      I  com.newaura.app:816ab347: onShown
2026-05-06 00:37:44.834 12018-12101 Capacitor               com.newaura.app                      D  Handling local request: https://localhost/sw.js
2026-05-06 00:37:45.169 12018-12018 AutofillManager         com.newaura.app                      V  notifyViewExited(1073741824, 65536
2026-05-06 00:37:45.169 12018-12018 AutofillManager         com.newaura.app                      V  ignoring notifyViewEntered(flags=0, view=1073741824:i65536) on state FINISHED because view was already entered: {1073741824:i65536}
2026-05-06 00:37:45.169 12018-12018 AutofillManager         com.newaura.app                      V  notifyValueChanged(1073741824:65536): ignoring on state FINISHED
2026-05-06 00:37:45.194 12018-12052 GPUAUX                  com.newaura.app                      E  [AUX]GuiExtAuxCheckAuxPath:682: Null anb
2026-05-06 00:37:45.257 12018-12018 AutofillManager         com.newaura.app                      V  notifyValueChanged(1073741824:65536): ignoring on state FINISHED
2026-05-06 00:37:45.276 12018-12052 GPUAUX                  com.newaura.app                      E  [AUX]GuiExtAuxCheckAuxPath:682: Null anb
2026-05-06 00:37:45.321 12018-12018 AutofillManager         com.newaura.app                      V  notifyValueChanged(1073741824:65536): ignoring on state FINISHED
2026-05-06 00:37:45.342 12018-12052 GPUAUX                  com.newaura.app                      E  [AUX]GuiExtAuxCheckAuxPath:682: Null anb
2026-05-06 00:37:45.407 12018-12024 com.newaura.app         com.newaura.app                      I  Compiler allocated 7207KB to compile void android.view.ViewRootImpl.performTraversals()
2026-05-06 00:37:45.508 12018-12018 AutofillManager         com.newaura.app                      V  notifyValueChanged(1073741824:65536): ignoring on state FINISHED
2026-05-06 00:37:45.541 12018-12052 GPUAUX                  com.newaura.app                      E  [AUX]GuiExtAuxCheckAuxPath:682: Null anb
2026-05-06 00:37:45.564 12018-12018 AutofillManager         com.newaura.app                      V  notifyValueChanged(1073741824:65536): ignoring on state FINISHED
2026-05-06 00:37:45.592 12018-12052 GPUAUX                  com.newaura.app                      E  [AUX]GuiExtAuxCheckAuxPath:682: Null anb
2026-05-06 00:37:46.011 12018-12018 AutofillManager         com.newaura.app                      V  notifyValueChanged(1073741824:65536): ignoring on state FINISHED
2026-05-06 00:37:46.024 12018-12052 GPUAUX                  com.newaura.app                      E  [AUX]GuiExtAuxCheckAuxPath:682: Null anb
2026-05-06 00:37:46.260 12018-12018 IJankManager            com.newaura.app                      E  slideSceneEnd unknown scene 1002 mScene:-1
2026-05-06 00:37:46.261 12018-12018 AutofillManager         com.newaura.app                      V  requestHideFillUi(null): anchor = null
2026-05-06 00:37:46.324 12018-12018 OplusViewD...ViewHelper com.newaura.app                      D  dispatchTouchView action = 1
2026-05-06 00:37:46.325 12018-12018 ViewRootImplExtImpl     com.newaura.app                      D  the up motion event handled by client, just return
2026-05-06 00:37:46.343 12018-12018 AutofillManager         com.newaura.app                      V  notifyViewExited(1073741824, 65536
2026-05-06 00:37:46.344 12018-12018 AutofillManager         com.newaura.app                      V  startSessionLocked(): id=1073741824:i65537, bounds=Rect(72, 1155 - 1008, 1314), value=null, flags=128, state=FINISHED, compatMode=false, augmentedOnly=false, enabledAugmentedOnly=false, enteredIds={1073741824:i65536}
2026-05-06 00:37:46.360 12018-12018 AutofillManager         com.newaura.app                      V  updateSessionLocked(): id=1073741824:i65537, bounds=null, value=[type=1, value=0_chars], action=4, flags=128
2026-05-06 00:37:46.369 12018-12018 ImeTracker              com.newaura.app                      I  com.newaura.app:bcf3c043: onRequestShow at ORIGIN_CLIENT reason SHOW_SOFT_INPUT fromUser false
2026-05-06 00:37:46.370 12018-12018 InsetsController        com.newaura.app                      D  show(ime(), fromIme=false)
2026-05-06 00:37:46.370 12018-12018 ImeTracker              com.newaura.app                      I  com.newaura.app:bcf3c043: onCancelled at PHASE_CLIENT_APPLY_ANIMATION
2026-05-06 00:37:46.397 12018-12052 GPUAUX                  com.newaura.app                      E  [AUX]GuiExtAuxCheckAuxPath:682: Null anb
2026-05-06 00:37:46.397 12018-12052 GPUAUX                  com.newaura.app                      E  [AUX]GuiExtAuxCheckAuxPath:682: Null anb
2026-05-06 00:37:46.397 12018-12052 GPUAUX                  com.newaura.app                      E  [AUX]GuiExtAuxCheckAuxPath:682: Null anb
2026-05-06 00:37:46.403 12018-12018 AssistStructure         com.newaura.app                      I  Flattened final assist data: 2996 bytes, containing 1 windows, 6 views
2026-05-06 00:37:46.627 12018-12018 VRI[MainActivity]       com.newaura.app                      W  handleResized abandoned!
2026-05-06 00:37:46.638 12018-12052 GPUAUX                  com.newaura.app                      E  [AUX]GuiExtAuxCheckAuxPath:682: Null anb
2026-05-06 00:37:46.639 12018-12052 GPUAUX                  com.newaura.app                      E  [AUX]GuiExtAuxCheckAuxPath:682: Null anb
2026-05-06 00:37:46.639 12018-12052 GPUAUX                  com.newaura.app                      E  [AUX]GuiExtAuxCheckAuxPath:682: Null anb
2026-05-06 00:37:46.639 12018-12052 GPUAUX                  com.newaura.app                      E  [AUX]GuiExtAuxCheckAuxPath:682: Null anb
2026-05-06 00:37:46.639 12018-12052 GPUAUX                  com.newaura.app                      E  [AUX]GuiExtAuxCheckAuxPath:682: Null anb
2026-05-06 00:37:46.711 12018-12052 GPUAUX                  com.newaura.app                      E  [AUX]GuiExtAuxCheckAuxPath:682: Null anb
2026-05-06 00:37:46.711 12018-12052 GPUAUX                  com.newaura.app                      E  [AUX]GuiExtAuxCheckAuxPath:682: Null anb
2026-05-06 00:37:46.711 12018-12052 GPUAUX                  com.newaura.app                      E  [AUX]GuiExtAuxCheckAuxPath:682: Null anb
2026-05-06 00:37:46.712 12018-12052 GPUAUX                  com.newaura.app                      E  [AUX]GuiExtAuxCheckAuxPath:682: Null anb
2026-05-06 00:37:46.720 12018-12018 ImeTracker              com.newaura.app                      I  com.newaura.app:48093e4: onCancelled at PHASE_CLIENT_ON_CONTROLS_CHANGED
2026-05-06 00:37:46.729 12018-12706 ProfileInstaller        com.newaura.app                      D  Installing profile for com.newaura.app
2026-05-06 00:37:46.730 12018-12018 AutofillManager         com.newaura.app                      V  notifyNoFillUi(): sessionFinishedState=2
2026-05-06 00:37:46.730 12018-12018 AutofillManager         com.newaura.app                      V  notifyCallback(): sessionId=1063348609, autofillId=1073741824:i65537@1063348609, event=3
2026-05-06 00:37:46.730 12018-12018 AutofillManager         com.newaura.app                      V  setSessionFinished(): from ACTIVE to FINISHED; autofillableIds=null
2026-05-06 00:37:46.862 12018-12018 IJankManager            com.newaura.app                      E  slideSceneEnd unknown scene 1002 mScene:-1
2026-05-06 00:37:47.814 12018-12018 AutofillManager         com.newaura.app                      V  notifyViewExited(1073741824, 65537
2026-05-06 00:37:47.815 12018-12018 AutofillManager         com.newaura.app                      V  ignoring notifyViewEntered(flags=0, view=1073741824:i65537) on state FINISHED because view was already entered: {1073741824:i65536, 1073741824:i65537}
2026-05-06 00:37:47.815 12018-12018 AutofillManager         com.newaura.app                      V  notifyValueChanged(1073741824:65537): ignoring on state FINISHED
2026-05-06 00:37:47.838 12018-12052 GPUAUX                  com.newaura.app                      E  [AUX]GuiExtAuxCheckAuxPath:682: Null anb
2026-05-06 00:37:47.996 12018-12018 AutofillManager         com.newaura.app                      V  notifyValueChanged(1073741824:65537): ignoring on state FINISHED
2026-05-06 00:37:48.017 12018-12052 GPUAUX                  com.newaura.app                      E  [AUX]GuiExtAuxCheckAuxPath:682: Null anb
2026-05-06 00:37:48.164 12018-12018 AutofillManager         com.newaura.app                      V  notifyValueChanged(1073741824:65537): ignoring on state FINISHED
2026-05-06 00:37:48.200 12018-12052 GPUAUX                  com.newaura.app                      E  [AUX]GuiExtAuxCheckAuxPath:682: Null anb
2026-05-06 00:37:48.400 12018-12018 AutofillManager         com.newaura.app                      V  notifyValueChanged(1073741824:65537): ignoring on state FINISHED
2026-05-06 00:37:48.415 12018-12052 GPUAUX                  com.newaura.app                      E  [AUX]GuiExtAuxCheckAuxPath:682: Null anb
2026-05-06 00:37:48.507 12018-12018 AutofillManager         com.newaura.app                      V  notifyValueChanged(1073741824:65537): ignoring on state FINISHED
2026-05-06 00:37:48.533 12018-12052 GPUAUX                  com.newaura.app                      E  [AUX]GuiExtAuxCheckAuxPath:682: Null anb
2026-05-06 00:37:49.216 12018-12018 AutofillManager         com.newaura.app                      V  notifyValueChanged(1073741824:65537): ignoring on state FINISHED
2026-05-06 00:37:49.249 12018-12052 GPUAUX                  com.newaura.app                      E  [AUX]GuiExtAuxCheckAuxPath:682: Null anb
2026-05-06 00:37:49.736 12018-12018 AutofillManager         com.newaura.app                      V  notifyValueChanged(1073741824:65537): ignoring on state FINISHED
2026-05-06 00:37:49.764 12018-12052 GPUAUX                  com.newaura.app                      E  [AUX]GuiExtAuxCheckAuxPath:682: Null anb
2026-05-06 00:37:49.953 12018-12018 AutofillManager         com.newaura.app                      V  notifyValueChanged(1073741824:65537): ignoring on state FINISHED
2026-05-06 00:37:49.979 12018-12052 GPUAUX                  com.newaura.app                      E  [AUX]GuiExtAuxCheckAuxPath:682: Null anb
2026-05-06 00:37:50.178 12018-12018 AutofillManager         com.newaura.app                      V  notifyValueChanged(1073741824:65537): ignoring on state FINISHED
2026-05-06 00:37:50.197 12018-12052 GPUAUX                  com.newaura.app                      E  [AUX]GuiExtAuxCheckAuxPath:682: Null anb
2026-05-06 00:37:50.260 12018-12025 com.newaura.app         com.newaura.app                      W  userfaultfd: MOVE ioctl seems unsupported: Connection timed out
2026-05-06 00:37:50.281 12018-12025 com.newaura.app         com.newaura.app                      I  Background concurrent mark compact GC freed 11MB AllocSpace bytes, 54(1720KB) LOS objects, 55% free, 5008KB/10MB, paused 489us,3.793ms total 290.804ms
2026-05-06 00:37:50.320 12018-12018 AutofillManager         com.newaura.app                      V  notifyValueChanged(1073741824:65537): ignoring on state FINISHED
2026-05-06 00:37:50.344 12018-12052 GPUAUX                  com.newaura.app                      E  [AUX]GuiExtAuxCheckAuxPath:682: Null anb
2026-05-06 00:37:51.016 12018-12018 IJankManager            com.newaura.app                      E  slideSceneEnd unknown scene 1002 mScene:-1
2026-05-06 00:37:51.016 12018-12018 AutofillManager         com.newaura.app                      V  requestHideFillUi(null): anchor = null
2026-05-06 00:37:51.078 12018-12018 OplusViewD...ViewHelper com.newaura.app                      D  dispatchTouchView action = 1
2026-05-06 00:37:51.079 12018-12018 ViewRootImplExtImpl     com.newaura.app                      D  the up motion event handled by client, just return
2026-05-06 00:37:51.087 12018-12018 AutofillManager         com.newaura.app                      V  notifyViewExited(1073741824, 65537
2026-05-06 00:37:51.092 12018-12018 ImeTracker              com.newaura.app                      I  com.newaura.app:4959d9f0: onRequestHide at ORIGIN_CLIENT reason HIDE_SOFT_INPUT fromUser false
2026-05-06 00:37:51.092 12018-12018 InsetsController        com.newaura.app                      D  hide(ime(), fromIme=false)
2026-05-06 00:37:51.093 12018-12018 WindowOnBackDispatcher  com.newaura.app                      W  sendCancelIfRunning: isInProgress=false callback=ImeCallback=ImeOnBackInvokedCallback@197878563 hash=185449821 Callback=android.window.IOnBackInvokedCallback$Stub$Proxy@17a9bfb
2026-05-06 00:37:51.094 12018-12018 InsetsController        com.newaura.app                      D  Setting requestedVisibleTypes to -9 (was -1)
2026-05-06 00:37:51.095 12018-12018 CompatChangeReporter    com.newaura.app                      D  Compat change id reported: 395521150; UID 10411; state: ENABLED
2026-05-06 00:37:51.115 12018-12052 GPUAUX                  com.newaura.app                      E  [AUX]GuiExtAuxCheckAuxPath:682: Null anb
2026-05-06 00:37:51.115 12018-12052 GPUAUX                  com.newaura.app                      E  [AUX]GuiExtAuxCheckAuxPath:682: Null anb
2026-05-06 00:37:51.116 12018-12052 GPUAUX                  com.newaura.app                      E  [AUX]GuiExtAuxCheckAuxPath:682: Null anb
2026-05-06 00:37:51.116 12018-12052 GPUAUX                  com.newaura.app                      E  [AUX]GuiExtAuxCheckAuxPath:682: Null anb
2026-05-06 00:37:51.135 12018-12018 VRI[MainActivity]       com.newaura.app                      W  handleResized abandoned!
2026-05-06 00:37:51.184 12018-12018 ImeTracker              com.newaura.app                      I  system_server:5c03478b: onCancelled at PHASE_CLIENT_ON_CONTROLS_CHANGED
2026-05-06 00:37:51.188 12018-12052 GPUAUX                  com.newaura.app                      E  [AUX]GuiExtAuxCheckAuxPath:682: Null anb
2026-05-06 00:37:51.200 12018-12052 GPUAUX                  com.newaura.app                      E  [AUX]GuiExtAuxCheckAuxPath:682: Null anb
2026-05-06 00:37:51.200 12018-12052 GPUAUX                  com.newaura.app                      E  [AUX]GuiExtAuxCheckAuxPath:682: Null anb
2026-05-06 00:37:51.200 12018-12052 GPUAUX                  com.newaura.app                      E  [AUX]GuiExtAuxCheckAuxPath:682: Null anb
2026-05-06 00:37:51.348 12018-12052 GPUAUX                  com.newaura.app                      E  [AUX]GuiExtAuxCheckAuxPath:682: Null anb
2026-05-06 00:37:51.393 12018-12018 VRI[MainActivity]       com.newaura.app                      W  handleResized abandoned!
2026-05-06 00:37:51.418 12018-12018 VRI[MainActivity]       com.newaura.app                      W  handleResized abandoned!
2026-05-06 00:37:51.683 12018-12018 IJankManager            com.newaura.app                      E  slideSceneEnd unknown scene 1002 mScene:-1
2026-05-06 00:37:51.683 12018-12018 AutofillManager         com.newaura.app                      V  requestHideFillUi(null): anchor = null
2026-05-06 00:37:51.750 12018-12018 OplusViewD...ViewHelper com.newaura.app                      D  dispatchTouchView action = 1
2026-05-06 00:37:51.751 12018-12018 ViewRootImplExtImpl     com.newaura.app                      D  the up motion event handled by client, just return
2026-05-06 00:37:51.764 12018-12018 AutofillManager         com.newaura.app                      V  notifyValueChanged(1073741824:65536): ignoring on state FINISHED
2026-05-06 00:37:51.764 12018-12018 AutofillManager         com.newaura.app                      V  notifyValueChanged(1073741824:65537): ignoring on state FINISHED
2026-05-06 00:37:51.764 12018-12018 AutofillManager         com.newaura.app                      V  commit() called by app
2026-05-06 00:37:51.764 12018-12018 AutofillManager         com.newaura.app                      V  finishSessionLocked(): FINISHED
2026-05-06 00:37:51.765 12018-12018 AutofillManager         com.newaura.app                      V  cancel() called by app or augmented autofill service
2026-05-06 00:37:51.765 12018-12018 AutofillManager         com.newaura.app                      V  cancelSessionLocked(): FINISHED
2026-05-06 00:37:51.769 12018-12018 Capacitor/Console       com.newaura.app                      I  File: https://localhost/assets/supabase-CLpXqyPc.js - Line 24 - Msg: [SUPABASE FETCH START] URL: https://ugfxjjakpsngfdrjlsdr.supabase.co/auth/v1/token?grant_type=password OPTIONS: {"method":"POST","headers":{"Content-Type":"application/json;charset=UTF-8","Authorization":"Bearer eyJhbGciOiJIUzI1NiIsInR5cCI6IkpXVCJ9.eyJpc3MiOiJzdXBhYmFzZSIsInJlZiI6InVnZnhqamFrcHNuZ2Zkcmpsc2RyIiwicm9sZSI6ImFub24iLCJpYXQiOjE3NzQzNDY3NzQsImV4cCI6MjA4OTkyMjc3NH0.KiA-8YqdsgO1Is2Fumh4mqmfQY8i1O_K8RnQtBcjuGo","apikey":"eyJhbGciOiJIUzI1NiIsInR5cCI6IkpXVCJ9.eyJpc3MiOiJzdXBhYmFzZSIsInJlZiI6InVnZnhqamFrcHNuZ2Zkcmpsc2RyIiwicm9sZSI6ImFub24iLCJpYXQiOjE3NzQzNDY3NzQsImV4cCI6MjA4OTkyMjc3NH0.KiA-8YqdsgO1Is2Fumh4mqmfQY8i1O_K8RnQtBcjuGo","X-Client-Info":"supabase-js-web/2.100.0","X-Supabase-Api-Version":"2024-01-01"},"body":"{\"email\":\"firstuser@gmail.com\",\"password\":\"First_user\",\"gotrue_meta_security\":{}}"}
2026-05-06 00:37:51.784 12018-12018 Capacitor/Console       com.newaura.app                      I  File:  - Line 349 - Msg: [object Object]
2026-05-06 00:37:51.786 12018-12018 Capacitor/Plugin        com.newaura.app                      V  To native (Capacitor plugin): callbackId: 113922711, pluginId: CapacitorHttp, methodName: request
2026-05-06 00:37:51.787 12018-12018 Capacitor               com.newaura.app                      V  callback: 113922711, pluginId: CapacitorHttp, methodName: request, methodData: {"url":"https:\/\/ugfxjjakpsngfdrjlsdr.supabase.co\/auth\/v1\/token?grant_type=password","method":"POST","data":"{\"email\":\"firstuser@gmail.com\",\"password\":\"First_user\",\"gotrue_meta_security\":{}}","dataType":"json","headers":{"apikey":"eyJhbGciOiJIUzI1NiIsInR5cCI6IkpXVCJ9.eyJpc3MiOiJzdXBhYmFzZSIsInJlZiI6InVnZnhqamFrcHNuZ2Zkcmpsc2RyIiwicm9sZSI6ImFub24iLCJpYXQiOjE3NzQzNDY3NzQsImV4cCI6MjA4OTkyMjc3NH0.KiA-8YqdsgO1Is2Fumh4mqmfQY8i1O_K8RnQtBcjuGo","authorization":"Bearer eyJhbGciOiJIUzI1NiIsInR5cCI6IkpXVCJ9.eyJpc3MiOiJzdXBhYmFzZSIsInJlZiI6InVnZnhqamFrcHNuZ2Zkcmpsc2RyIiwicm9sZSI6ImFub24iLCJpYXQiOjE3NzQzNDY3NzQsImV4cCI6MjA4OTkyMjc3NH0.KiA-8YqdsgO1Is2Fumh4mqmfQY8i1O_K8RnQtBcjuGo","content-type":"application\/json;charset=UTF-8","x-client-info":"supabase-js-web\/2.100.0","x-supabase-api-version":"2024-01-01"}}
2026-05-06 00:37:51.792 12018-13253 CapacitorCookies        com.newaura.app                      I  Getting cookies at: 'https://ugfxjjakpsngfdrjlsdr.supabase.co/auth/v1/token?grant_type=password'
2026-05-06 00:37:51.798 12018-13253 Capacitor/Plugin        com.newaura.app                      E  Unable to resolve host "ugfxjjakpsngfdrjlsdr.supabase.co": No address associated with hostname
2026-05-06 00:37:51.798 12018-13253 Capacitor               com.newaura.app                      D  Sending plugin error: {"save":false,"callbackId":"113922711","pluginId":"CapacitorHttp","methodName":"request","success":false,"error":{"message":"Unable to resolve host \"ugfxjjakpsngfdrjlsdr.supabase.co\": No address associated with hostname","code":"UnknownHostException"}}
2026-05-06 00:37:51.804 12018-12018 Capacitor/Console       com.newaura.app                      E  File:  - Line 330 - Msg: [object Object]
2026-05-06 00:37:51.804 12018-12018 Capacitor/Console       com.newaura.app                      D  File:  - Line 568 - Msg: CapacitorHttp fetch 1778008071773 https://ugfxjjakpsngfdrjlsdr.supabase.co/auth/v1/token?grant_type=password: 27.46484375 ms
2026-05-06 00:37:51.805 12018-12018 Capacitor/Console       com.newaura.app                      E  File: https://localhost/assets/supabase-CLpXqyPc.js - Line 24 - Msg: [SUPABASE FETCH ERROR] URL: https://ugfxjjakpsngfdrjlsdr.supabase.co/auth/v1/token?grant_type=password
2026-05-06 00:37:51.806 12018-12018 Capacitor/Console       com.newaura.app                      E  File: https://localhost/assets/supabase-CLpXqyPc.js - Line 24 - Msg: [SUPABASE FETCH ERROR] Message: Unable to resolve host "ugfxjjakpsngfdrjlsdr.supabase.co": No address associated with hostname
2026-05-06 00:37:51.806 12018-12018 Capacitor/Console       com.newaura.app                      E  File: https://localhost/assets/supabase-CLpXqyPc.js - Line 24 - Msg: [SUPABASE FETCH ERROR] Stack: Error (Fix with AI)
                                                                                                        at returnResult (<anonymous>:961:32)
                                                                                                        at win.androidBridge.onmessage (<anonymous>:936:21)
2026-05-06 00:37:51.807 12018-12018 Capacitor/Console       com.newaura.app                      E  File: https://localhost/assets/supabase-CLpXqyPc.js - Line 21 - Msg: Error: Unable to resolve host "ugfxjjakpsngfdrjlsdr.supabase.co": No address associated with hostname
2026-05-06 00:37:51.807 12018-12052 GPUAUX                  com.newaura.app                      E  [AUX]GuiExtAuxCheckAuxPath:682: Null anb
2026-05-06 00:37:51.873 12018-12052 GPUAUX                  com.newaura.app                      E  [AUX]GuiExtAuxCheckAuxPath:682: Null anb
2026-05-06 00:37:51.873 12018-12052 GPUAUX                  com.newaura.app                      E  [AUX]GuiExtAuxCheckAuxPath:682: Null anb
2026-05-06 00:37:51.873 12018-12052 GPUAUX                  com.newaura.app                      E  [AUX]GuiExtAuxCheckAuxPath:682: Null anb
2026-05-06 00:37:51.874 12018-12052 GPUAUX                  com.newaura.app                      E  [AUX]GuiExtAuxCheckAuxPath:682: Null anb
2026-05-06 00:37:51.884 12018-12052 GPUAUX                  com.newaura.app                      E  [AUX]GuiExtAuxCheckAuxPath:682: Null anb
2026-05-06 00:37:51.884 12018-12052 GPUAUX                  com.newaura.app                      E  [AUX]GuiExtAuxCheckAuxPath:682: Null anb
2026-05-06 00:37:51.885 12018-12052 GPUAUX                  com.newaura.app                      E  [AUX]GuiExtAuxCheckAuxPath:682: Null anb
2026-05-06 00:37:51.891 12018-12052 GPUAUX                  com.newaura.app                      E  [AUX]GuiExtAuxCheckAuxPath:682: Null anb
2026-05-06 00:37:51.918 12018-12052 GPUAUX                  com.newaura.app                      E  [AUX]GuiExtAuxCheckAuxPath:682: Null anb
2026-05-06 00:37:51.956 12018-12052 GPUAUX                  com.newaura.app                      E  [AUX]GuiExtAuxCheckAuxPath:682: Null anb
2026-05-06 00:37:51.976 12018-12052 GPUAUX                  com.newaura.app                      E  [AUX]GuiExtAuxCheckAuxPath:682: Null anb
2026-05-06 00:37:51.989 12018-12052 GPUAUX                  com.newaura.app                      E  [AUX]GuiExtAuxCheckAuxPath:682: Null anb
2026-05-06 00:37:52.288 12018-12052 GPUAUX                  com.newaura.app                      E  [AUX]GuiExtAuxCheckAuxPath:682: Null anb
2026-05-06 00:37:52.288 12018-12052 GPUAUX                  com.newaura.app                      E  [AUX]GuiExtAuxCheckAuxPath:682: Null anb
2026-05-06 00:37:52.288 12018-12052 GPUAUX                  com.newaura.app                      E  [AUX]GuiExtAuxCheckAuxPath:682: Null anb
2026-05-06 00:37:54.996 12018-12018 VRI[MainActivity]       com.newaura.app                      D  onFocusEvent false
2026-05-06 00:37:55.520 12018-12018 PowerHalMgrImpl         com.newaura.app                      I  perfLockAcq is supported. 
2026-05-06 00:37:55.523 12018-12018 Capacitor/AppPlugin     com.newaura.app                      V  Notifying listeners for event pause
2026-05-06 00:37:55.524 12018-12018 Capacitor/AppPlugin     com.newaura.app                      D  No listeners found for event pause
2026-05-06 00:37:55.525 12018-12018 Capacitor               com.newaura.app                      D  App paused
2026-05-06 00:37:55.527 12018-12018 WindowOnBackDispatcher  com.newaura.app                      W  sendCancelIfRunning: isInProgress=false callback=androidx.activity.OnBackPressedDispatcher$Api34Impl$createOnBackAnimationCallback$1@9e60a8e
2026-05-06 00:37:55.529 12018-12018 VRI[MainActivity]       com.newaura.app                      D  setWindowStopped stopped:true
2026-05-06 00:37:55.531 12018-12018 AutofillManager         com.newaura.app                      I  onInvisibleForAutofill(): expiringResponse
2026-05-06 00:37:55.531 12018-12018 AutofillManager         com.newaura.app                      V  updateSessionLocked(): id=null, bounds=null, value=null, action=5, flags=0
2026-05-06 00:37:55.533 12018-12018 Capacitor/AppPlugin     com.newaura.app                      D  Firing change: false
2026-05-06 00:37:55.533 12018-12018 Capacitor/AppPlugin     com.newaura.app                      V  Notifying listeners for event appStateChange
2026-05-06 00:37:55.533 12018-12018 Capacitor/AppPlugin     com.newaura.app                      D  No listeners found for event appStateChange
2026-05-06 00:37:55.533 12018-12018 Capacitor               com.newaura.app                      D  App stopped
2026-05-06 00:37:55.540 12018-12018 Capacitor               com.newaura.app                      D  Saving instance state!
2026-05-06 00:37:55.618 12018-12018 HWUI                    com.newaura.app                      D  RenderProxy::destroy: this=0xb4000077b4c80400, mContext=0xb4000077993e5bc0
2026-05-06 00:37:55.619 12018-12052 HWUI                    com.newaura.app                      D  SkiaOpenGLPipeline::setSurface: this=0xb4000078a2852680, surface=NULL
2026-05-06 00:37:55.621 12018-12052 BLASTBufferQueue        com.newaura.app                      D  [VRI[MainActivity][com.newaura.app/com.newaura.app.MainActivity]#0](f:0,a:3) destructor()
2026-05-06 00:37:55.622 12018-12052 BufferQueueConsumer     com.newaura.app                      D  [VRI[MainActivity][com.newaura.app/com.newaura.app.MainActivity]#0(BLAST Consumer)0](id:2ef200000000,api:0,p:-1,c:12018) disconnect
2026-05-06 00:37:55.625 12018-12018 ViewRootImplExtImpl     com.newaura.app                      D  wrapConfigInfoIntoFlags rotation=0, smallestScreenWidthDp=360, residentWS=false, scenario=0, bounds=Rect(0, 0 - 1080, 2400), relayoutAsync=false, flags=0, newFlags=1258302720, title=com.newaura.app/com.newaura.app.MainActivity
2026-05-06 00:37:55.734 12018-12018 VRI[MainActivity]       com.newaura.app                      D  relayoutWindow result, sizeChanged:false, surfaceControlChanged:true, transformHintChanged:false, mSurfaceSize:Point(1080, 2400), mLastSurfaceSize:Point(1080, 2400), mWidth:1080, mHeight:2400, requestedWidth:1080, requestedHeight:2400, transformHint:0, installOrientation:0, displayRotation:0, isSurfaceValid:false, attr.flag:-2122252032, tmpFrames:ClientWindowFrames{frame=[0,0][1080,2400] display=[0,0][1080,2400] parentFrame=[0,0][0,0]}, relayoutAsync:false, mSyncSeqId:0
2026-05-06 00:37:55.773 12018-12034 VRI[MainActivity]       com.newaura.app                      D  dispatchAppVisibility visible:false mUpcomingWindowFocus:false
2026-05-06 00:37:56.002 12018-12036 OplusScrollToTopManager com.newaura.app                      D  com.newaura.app/com.newaura.app.MainActivity,This com.android.internal.policy.DecorView{5546dde I.E...... R....... 0,0-1080,2400 aid=0 alpha=1.0 viewInfo = }[MainActivity] change focus to false
---------------------------- PROCESS ENDED (12018) for package com.newaura.app ----------------------------
