2026-05-06 12:52:29.943 12748-12759 OplusActivityManager    com.newaura.app                      D  get AMS extension: android.os.BinderProxy@afa9d1e
2026-05-06 12:52:29.948 12748-12759 OplusAppHeapManager     com.newaura.app                      D  java.lang.NoSuchMethodException: dalvik.system.VMRuntime.updateProcessValue [int, int, int]
2026-05-06 12:52:29.950 12748-12759 SurfaceSyncGroup        com.newaura.app                      D  preCreateSurfaceSyncGroupTimerThread
2026-05-06 12:52:29.952 12748-12748 CompactWindowAppManager com.newaura.app                      D  initCompactApplicationInfo CompactMode: , NormalMode: 
2026-05-06 12:52:29.963 12748-12748 Configuration           com.newaura.app                      V  Updating configuration, locales updated from [] to [en_GB]
2026-05-06 12:52:29.966 12748-12748 OplusScrollToTopManager com.newaura.app                      D  setIsInWhiteList false
2026-05-06 12:52:29.967 12748-12748 OplusViewDebugManager   com.newaura.app                      D  OplusViewDebugManager Constructor android.view.debug.OplusViewDebugManager@2693cc [mHasViewDebugProperty true] [mHasMsgDebugProperty false] [DEBUG false] [EXTRAINFOENABLE false] [LIGHT_OS true]
---------------------------- PROCESS STARTED (12748) for package com.newaura.app ----------------------------
2026-05-06 12:52:29.989 12748-12748 libc                    com.newaura.app                      W  Access denied finding property "ro.odm.prev.product.name"
2026-05-06 12:52:29.989 12748-12748 libc                    com.newaura.app                      W  Access denied finding property "ro.vendor.oplus.gundam"
2026-05-06 12:52:30.361 12748-12748 nativeloader            com.newaura.app                      D  Configuring clns-9 for other apk /data/app/~~UasmIIHYdcMUqYrDSXQXRg==/com.newaura.app-iqNhH5N4N_DJfLzVqA0chQ==/base.apk. target_sdk_version=36, uses_libraries=, library_path=/data/app/~~UasmIIHYdcMUqYrDSXQXRg==/com.newaura.app-iqNhH5N4N_DJfLzVqA0chQ==/lib/arm64:/data/app/~~UasmIIHYdcMUqYrDSXQXRg==/com.newaura.app-iqNhH5N4N_DJfLzVqA0chQ==/base.apk!/lib/arm64-v8a, permitted_path=/data:/mnt/expand:/data/user/0/com.newaura.app
2026-05-06 12:52:30.371 12748-12748 com.newaura.app         com.newaura.app                      I  AssetManager2(0xb4000078db870128) locale list changing from [] to [en-GB]
2026-05-06 12:52:30.389 12748-12748 GraphicsEnvironment     com.newaura.app                      V  Currently set values for:
2026-05-06 12:52:30.389 12748-12748 GraphicsEnvironment     com.newaura.app                      V    angle_gl_driver_selection_pkgs=[]
2026-05-06 12:52:30.389 12748-12748 GraphicsEnvironment     com.newaura.app                      V    angle_gl_driver_selection_values=[]
2026-05-06 12:52:30.389 12748-12748 GraphicsEnvironment     com.newaura.app                      V  com.newaura.app is not listed in per-application setting
2026-05-06 12:52:30.390 12748-12748 GraphicsEnvironment     com.newaura.app                      V  ANGLE allowlist from config: 
2026-05-06 12:52:30.390 12748-12748 GraphicsEnvironment     com.newaura.app                      V  com.newaura.app is not listed in ANGLE allowlist or settings, returning default
2026-05-06 12:52:30.390 12748-12748 GraphicsEnvironment     com.newaura.app                      V  Neither updatable production driver nor prerelease driver is supported.
2026-05-06 12:52:30.395 12748-12748 ResourcesManagerExtImpl com.newaura.app                      D  applyConfigurationToAppResourcesLocked app.getDisplayId() return callback.displayId:-1
2026-05-06 12:52:30.440 12748-12748 FirebaseApp             com.newaura.app                      I  Device unlocked: initializing all Firebase APIs for app [DEFAULT]
2026-05-06 12:52:30.464 12748-12748 FirebaseInitProvider    com.newaura.app                      I  FirebaseApp initialization successful
2026-05-06 12:52:30.486 12748-12748 OplusGraphicsEvent      com.newaura.app                      D  OplusGraphicsEventListener create now!
2026-05-06 12:52:30.487 12748-12748 OplusGraphicsEvent      com.newaura.app                      D  addEventListener success!
2026-05-06 12:52:30.490 12748-12748 [UAH_CLIENT]            com.newaura.app                      E  uahInit enter
2026-05-06 12:52:30.495 12748-12748 com.newaura.app         com.newaura.app                      W  AIBinder_linkToDeath is being called with a non-null cookie and no onUnlink callback set. This might not be intended. AIBinder_DeathRecipient_setOnUnlinked should be called first.
2026-05-06 12:52:30.495 12748-12748 [UAH_CLIENT]            com.newaura.app                      I  UahGetFeatureStatus enter
2026-05-06 12:52:30.503 12748-12748 nativeloader            com.newaura.app                      D  Load libpowerhalwrap_jni.so using system ns (caller=/system_ext/framework/mediatek-framework.jar): ok
2026-05-06 12:52:30.503 12748-12748 PowerHalWrapper         com.newaura.app                      I  PowerHalWrapper.getInstance 
2026-05-06 12:52:30.503 12748-12748 PowerHalWrapper         com.newaura.app                      I  PowerHalWrapper.getInstance 
2026-05-06 12:52:30.504 12748-12748 M-ProMotion             com.newaura.app                      I  M-ProMotion is disabled
2026-05-06 12:52:30.522 12748-12748 HWUI                    com.newaura.app                      I  SupportApps size 0
2026-05-06 12:52:30.523 12748-12748 ExtensionsLoader        com.newaura.app                      D  createInstance(64bit) : createExtendedFactory
2026-05-06 12:52:30.523 12748-12748 ExtensionsLoader        com.newaura.app                      D  Opened libSchedAssistExtImpl.so
2026-05-06 12:52:30.524 12748-12748 SchedAssist             com.newaura.app                      E  open sharedFd failed with error=Permission denied
2026-05-06 12:52:30.524 12748-12748 SchedAssist             com.newaura.app                      E  open sharedFd failed with error=Permission denied
2026-05-06 12:52:30.524 12748-12748 SchedAssist             com.newaura.app                      E  open sharedFd failed with error=Permission denied
2026-05-06 12:52:30.525 12748-12778 ExtensionsLoader        com.newaura.app                      D  createInstance(64bit) : createExtendedFactory
2026-05-06 12:52:30.526 12748-12778 ExtensionsLoader        com.newaura.app                      D  Opened libSchedAssistExtImpl.so
2026-05-06 12:52:30.526 12748-12778 DisplayManager          com.newaura.app                      I  Choreographer implicitly registered for the refresh rate.
2026-05-06 12:52:30.534 12748-12748 com.newaura.app         com.newaura.app                      I  AssetManager2(0xb4000078db985d28) locale list changing from [] to [en-GB]
2026-05-06 12:52:30.536 12748-12748 ResourcesManagerExtImpl com.newaura.app                      D  applyConfigurationToAppResourcesLocked app.getDisplayId() return callback.displayId:0
2026-05-06 12:52:30.564 12748-12778 ExtensionsLoader        com.newaura.app                      D  createInstance(64bit) : createExtendedFactory
2026-05-06 12:52:30.565 12748-12778 ExtensionsLoader        com.newaura.app                      D  Opened libeglextimpl.so
2026-05-06 12:52:30.565 12748-12778 PreCache                com.newaura.app                      D  [IPreCacheRus]loadRUSConfigs#102 failed to transact: -22 prc:com.newaura.app
2026-05-06 12:52:30.580 12748-12748 AppCompatDelegate       com.newaura.app                      D  Checking for metadata for AppLocalesMetadataHolderService : Service not found
2026-05-06 12:52:30.582 12748-12748 com.newaura.app         com.newaura.app                      I  AssetManager2(0xb4000077b6e6c328) locale list changing from [] to [en-GB]
2026-05-06 12:52:30.591 12748-12748 ashmem                  com.newaura.app                      E  Pinning is deprecated since Android Q. Please use trim or other methods.
2026-05-06 12:52:30.628 12748-12748 OplusPredi...Controller com.newaura.app                      E   NoSuchMethodException 
2026-05-06 12:52:30.628 12748-12748 OplusPredi...Controller com.newaura.app                      E   NoSuchMethodException 
2026-05-06 12:52:30.628 12748-12748 OplusPredi...Controller com.newaura.app                      E   NoSuchMethodException 
2026-05-06 12:52:30.628 12748-12748 OplusPredi...Controller com.newaura.app                      E   NoSuchMethodException 
2026-05-06 12:52:30.628 12748-12748 OplusPredi...Controller com.newaura.app                      D  should not HookOnBackInvokedCallbackEnabled for application com.newaura.app.MainActivity@e87a212 sdk: 36
2026-05-06 12:52:30.628 12748-12748 OplusPredi...Controller com.newaura.app                      D  initPredictiveBackConfig for com.newaura.app.MainActivity@e87a212 initPredictiveBackConfig mShouldInterceptKeyEvent false
2026-05-06 12:52:30.629 12748-12748 OplusPredi...Controller com.newaura.app                      D  should not HookOnBackInvokedCallbackEnabled for application com.newaura.app.MainActivity@e87a212 sdk: 36
2026-05-06 12:52:30.635 12748-12748 oplus.andr...actoryImpl com.newaura.app                      I  Unknow feature:IOplusTextViewRTLUtilForUG
2026-05-06 12:52:30.649 12748-12748 CompatChangeReporter    com.newaura.app                      D  Compat change id reported: 377864165; UID 10413; state: ENABLED
2026-05-06 12:52:30.652 12748-12748 DesktopModeFlags        com.newaura.app                      D  Toggle override initialized to: OVERRIDE_UNSET
2026-05-06 12:52:30.690 12748-12748 com.newaura.app         com.newaura.app                      I  hiddenapi: Accessing hidden method Landroid/view/ViewGroup;->makeOptionalFitsSystemWindows()V (runtime_flags=0, domain=platform, api=unsupported) from Landroidx/appcompat/widget/ViewUtils; (domain=app, TargetSdkVersion=36) using reflection: allowed
2026-05-06 12:52:30.709 12748-12748 com.newaura.app         com.newaura.app                      I  AssetManager2(0xb4000077b6e6c928) locale list changing from [] to [en-GB]
2026-05-06 12:52:30.710 12748-12748 WebViewFactory          com.newaura.app                      I  Loading com.google.android.webview version 147.0.7727.137 (code 772713703)
2026-05-06 12:52:30.724 12748-12748 ApplicationLoaders      com.newaura.app                      D  Returning zygote-cached class loader: /system/framework/android.test.base.jar
2026-05-06 12:52:30.724 12748-12748 ApplicationLoaders      com.newaura.app                      D  Returning zygote-cached class loader: /system_ext/framework/androidx.window.extensions.jar
2026-05-06 12:52:30.741 12748-12748 com.newaura.app         com.newaura.app                      W  Loading /data/app/~~YvlUSTaim5b0YuQtCfU6lA==/com.google.android.webview-_VyjwodP8yNcdaKQyQvxWA==/oat/arm64/base.odex non-executable as it requires an image which we failed to load
2026-05-06 12:52:30.745 12748-12748 nativeloader            com.newaura.app                      D  Configuring clns-10 for other apk /data/app/~~YvlUSTaim5b0YuQtCfU6lA==/com.google.android.webview-_VyjwodP8yNcdaKQyQvxWA==/base.apk. target_sdk_version=36, uses_libraries=, library_path=/data/app/~~YvlUSTaim5b0YuQtCfU6lA==/com.google.android.webview-_VyjwodP8yNcdaKQyQvxWA==/lib/arm64:/data/app/~~YvlUSTaim5b0YuQtCfU6lA==/com.google.android.webview-_VyjwodP8yNcdaKQyQvxWA==/base.apk!/lib/arm64-v8a, permitted_path=/data:/mnt/expand
2026-05-06 12:52:30.815 12748-12748 cr_WVCFactoryProvider   com.newaura.app                      I  version=147.0.7727.137 (772713703) minSdkVersion=29 multiprocess=true packageId=2 splits=<none>
2026-05-06 12:52:30.851 12748-12748 nativeloader            com.newaura.app                      D  Load /data/app/~~YvlUSTaim5b0YuQtCfU6lA==/com.google.android.webview-_VyjwodP8yNcdaKQyQvxWA==/base.apk!/lib/arm64-v8a/libwebviewchromium.so using class loader ns clns-10 (caller=/data/app/~~YvlUSTaim5b0YuQtCfU6lA==/com.google.android.webview-_VyjwodP8yNcdaKQyQvxWA==/base.apk): ok
2026-05-06 12:52:30.854 12748-12748 nativeloader            com.newaura.app                      D  Load /system/lib64/libwebviewchromium_plat_support.so using class loader ns clns-10 (caller=/data/app/~~YvlUSTaim5b0YuQtCfU6lA==/com.google.android.webview-_VyjwodP8yNcdaKQyQvxWA==/base.apk): ok
2026-05-06 12:52:30.865 12748-12748 com.newaura.app         com.newaura.app                      I  AssetManager2(0xb4000078db985728) locale list changing from [] to [en-GB]
2026-05-06 12:52:30.868 12748-12748 com.newaura.app         com.newaura.app                      I  AssetManager2(0xb4000077b6e6cf28) locale list changing from [] to [en-GB]
2026-05-06 12:52:30.871 12748-12748 com.newaura.app         com.newaura.app                      I  AssetManager2(0xb4000077b6e6d228) locale list changing from [] to [en-GB]
2026-05-06 12:52:30.882 12748-12748 cr_LibraryLoader        com.newaura.app                      I  Successfully loaded native library
2026-05-06 12:52:30.884 12748-12748 cr_CachingUmaRecorder   com.newaura.app                      I  Flushed 22 samples from 21 histograms, 0 samples were dropped.
2026-05-06 12:52:30.887 12748-12748 cr_ChildProcLH          com.newaura.app                      I  ScopedServiceBindingBatch.tryActivate: false
2026-05-06 12:52:30.891 12748-12748 cr_CombinedPProvider    com.newaura.app                      I  #registerProvider() provider:WV.yk@93fe76e isPolicyCacheEnabled:false policyProvidersSize:0
2026-05-06 12:52:30.893 12748-12748 cr_PolicyProvider       com.newaura.app                      I  #setManagerAndSource() 0
2026-05-06 12:52:30.906 12748-12748 cr_DisplayManager       com.newaura.app                      I  Is Display Topology available: false
2026-05-06 12:52:30.908 12748-12748 com.newaura.app         com.newaura.app                      I  AssetManager2(0xb4000077b6e6d528) locale list changing from [] to [en-GB]
2026-05-06 12:52:30.909 12748-12748 WindowContextController com.newaura.app                      D  attachToDisplayArea  type = 2 ,displayId = 0 ,options = null ,mToken = android.window.WindowTokenClient@4e97646
2026-05-06 12:52:30.912 12748-12748 com.newaura.app         com.newaura.app                      I  AssetManager2(0xb4000077b6e6d828) locale list changing from [] to [en-GB]
2026-05-06 12:52:30.952 12748-12748 cr_CombinedPProvider    com.newaura.app                      I  #linkNativeInternal() 1
2026-05-06 12:52:30.954 12748-12748 cr_AppResProvider       com.newaura.app                      I  #getApplicationRestrictionsFromUserManager() Bundle[EMPTY_PARCEL]
2026-05-06 12:52:30.954 12748-12748 cr_PolicyProvider       com.newaura.app                      I  #notifySettingsAvailable() 0
2026-05-06 12:52:30.954 12748-12748 cr_CombinedPProvider    com.newaura.app                      I  #onSettingsAvailable() 0
2026-05-06 12:52:30.954 12748-12748 cr_CombinedPProvider    com.newaura.app                      I  #flushPolicies()
2026-05-06 12:52:31.046 12748-12748 chromium                com.newaura.app                      W  [WARNING:android_webview/browser/network_service/net_helpers.cc:137] HTTP Cache size is: 20971520
2026-05-06 12:52:31.181 12748-12748 Quality                 com.newaura.app                      I  InflateViewInfo:488310539,androidx.coordinatorlayout.widget.CoordinatorLayout
2026-05-06 12:52:31.189 12748-12748 Capacitor               com.newaura.app                      D  Starting BridgeActivity
2026-05-06 12:52:31.193 12748-12817 OplusInputMethodUtil    com.newaura.app                      D  init sDebug to false, init sDebugIme to false, init sAlwaysOn to false
2026-05-06 12:52:31.193 12748-12817 OplusInputMethodUtil    com.newaura.app                      D  updateDebugToClass InputMethodManager.DEBUG = false
2026-05-06 12:52:31.194 12748-12817 OplusInputMethodUtil    com.newaura.app                      D  updateDebugToClass ImeFocusController.DEBUG = false
2026-05-06 12:52:31.194 12748-12817 OplusInputMethodUtil    com.newaura.app                      D  updateDebugToClass OnBackInvokedDispatcher.DEBUG = false
2026-05-06 12:52:31.194 12748-12817 OplusInputMethodUtil    com.newaura.app                      D  updateDebugToClass InsetsController.DEBUG = false
2026-05-06 12:52:31.194 12748-12817 OplusInputMethodUtil    com.newaura.app                      D  updateDebugToClass BaseInputConnection.DEBUG = false
2026-05-06 12:52:31.228 12748-12748 Capacitor               com.newaura.app                      D  Registering plugin instance: CapacitorCookies
2026-05-06 12:52:31.235 12748-12748 Capacitor               com.newaura.app                      D  Registering plugin instance: WebView
2026-05-06 12:52:31.238 12748-12748 Capacitor               com.newaura.app                      D  Registering plugin instance: CapacitorHttp
2026-05-06 12:52:31.241 12748-12748 Capacitor               com.newaura.app                      D  Registering plugin instance: SystemBars
2026-05-06 12:52:31.247 12748-12748 Capacitor               com.newaura.app                      D  Registering plugin instance: App
2026-05-06 12:52:31.250 12748-12748 Capacitor               com.newaura.app                      D  Registering plugin instance: Camera
2026-05-06 12:52:31.271 12748-12748 Capacitor               com.newaura.app                      D  Registering plugin instance: PushNotifications
2026-05-06 12:52:31.276 12748-12748 Capacitor               com.newaura.app                      D  Registering plugin instance: StatusBar
2026-05-06 12:52:31.284 12748-12748 Capacitor/...sBarPlugin com.newaura.app                      V  Notifying listeners for event statusBarOverlayChanged
2026-05-06 12:52:31.284 12748-12748 Capacitor/...sBarPlugin com.newaura.app                      D  No listeners found for event statusBarOverlayChanged
2026-05-06 12:52:31.286 12748-12748 Capacitor/...sBarPlugin com.newaura.app                      V  Notifying listeners for event statusBarOverlayChanged
2026-05-06 12:52:31.286 12748-12748 Capacitor/...sBarPlugin com.newaura.app                      D  No listeners found for event statusBarOverlayChanged
2026-05-06 12:52:31.326 12748-12748 Capacitor               com.newaura.app                      W  Unable to read file at path public/plugins
2026-05-06 12:52:31.333 12748-12748 Capacitor               com.newaura.app                      D  Loading app at http://localhost
2026-05-06 12:52:31.388 12748-12748 Capacitor               com.newaura.app                      D  App started
2026-05-06 12:52:31.389 12748-12748 OplusPredi...Controller com.newaura.app                      D  should not HookOnBackInvokedCallbackEnabled for application com.newaura.app.MainActivity@e87a212 sdk: 36
2026-05-06 12:52:31.391 12748-12849 colorx                  com.newaura.app                      D  VulkanExtImpl Init
2026-05-06 12:52:31.392 12748-12748 ActivityThread          com.newaura.app                      D  ComponentInfo{com.newaura.app/com.newaura.app.MainActivity} checkFinished=false 2
2026-05-06 12:52:31.392 12748-12748 ResourcesManagerExtImpl com.newaura.app                      D  applyConfigurationToAppResourcesLocked app.getDisplayId() return callback.displayId:0
2026-05-06 12:52:31.392 12748-12849 vulkan                  com.newaura.app                      D  searching for layers in '/data/app/~~UasmIIHYdcMUqYrDSXQXRg==/com.newaura.app-iqNhH5N4N_DJfLzVqA0chQ==/lib/arm64'
2026-05-06 12:52:31.393 12748-12748 AutofillCl...Controller com.newaura.app                      V  onActivityResumed()
2026-05-06 12:52:31.393 12748-12849 vulkan                  com.newaura.app                      D  searching for layers in '/data/app/~~UasmIIHYdcMUqYrDSXQXRg==/com.newaura.app-iqNhH5N4N_DJfLzVqA0chQ==/base.apk!/lib/arm64-v8a'
2026-05-06 12:52:31.393 12748-12748 Capacitor/AppPlugin     com.newaura.app                      D  Firing change: true
2026-05-06 12:52:31.393 12748-12748 Capacitor/AppPlugin     com.newaura.app                      V  Notifying listeners for event appStateChange
2026-05-06 12:52:31.393 12748-12748 Capacitor/AppPlugin     com.newaura.app                      D  No listeners found for event appStateChange
2026-05-06 12:52:31.394 12748-12748 Capacitor               com.newaura.app                      D  App resumed
2026-05-06 12:52:31.395 12748-12748 AutofillCl...Controller com.newaura.app                      V  onActivityPostResumed()
2026-05-06 12:52:31.395 12748-12748 AutofillCl...Controller com.newaura.app                      V  onActivityPostResumed(): Relayout fix enabled
2026-05-06 12:52:31.395 12748-12748 AutofillCl...Controller com.newaura.app                      V  forResume(): Not attempting refill.
2026-05-06 12:52:31.397 12748-12829 cr_media                com.newaura.app                      W  BLUETOOTH_CONNECT permission is missing.
2026-05-06 12:52:31.399 12748-12829 cr_media                com.newaura.app                      W  getBluetoothAdapter() requires BLUETOOTH permission
2026-05-06 12:52:31.399 12748-12829 cr_media                com.newaura.app                      W  registerBluetoothIntentsIfNeeded: Requires BLUETOOTH permission
2026-05-06 12:52:31.400 12748-12748 SurfaceFactory          com.newaura.app                      I  [static] sSurfaceFactory = com.mediatek.view.impl.SurfaceFactoryImpl@9b3db0b
2026-05-06 12:52:31.400 12748-12849 colorx                  com.newaura.app                      D  I can't find colorx layer , let's enumerate colorx layers first.
2026-05-06 12:52:31.403 12748-12775 PowerHalWrapper         com.newaura.app                      I  PowerHalWrapper.getInstance 
2026-05-06 12:52:31.417 12748-12748 WindowManager           com.newaura.app                      D  Add to mViews: com.android.internal.policy.DecorView{5107200 I.E...... R.....ID 0,0-0,0 alpha=1.0 viewInfo = }[MainActivity],pkg= com.newaura.app
2026-05-06 12:52:31.420 12748-12748 HWUI                    com.newaura.app                      W  Unknown dataspace 0
2026-05-06 12:52:31.421 12748-12778 ExtensionsLoader        com.newaura.app                      D  createInstance(64bit) : createExtendedFactory
2026-05-06 12:52:31.424 12748-12778 ExtensionsLoader        com.newaura.app                      D  Opened libhwuiextimpl.so
2026-05-06 12:52:31.425 12748-12778 skia                    com.newaura.app                      D  setRusSupported enable 0
2026-05-06 12:52:31.428 12748-12829 AudioSystem             com.newaura.app                      D  onNewService: media.audio_policy service obtained 0xb400007595c5fe80
2026-05-06 12:52:31.447 12748-12748 ViewRootImplExtImpl     com.newaura.app                      D  onDisplayChanged -1 for VRI android.view.ViewRootImpl@ddbfe8a
2026-05-06 12:52:31.463 12748-12819 Capacitor               com.newaura.app                      D  Handling local request: http://localhost/
2026-05-06 12:52:31.467 12748-12748 ResourcesManagerExtImpl com.newaura.app                      D  applyConfigurationToAppResourcesLocked app.getDisplayId() return callback.displayId:0
2026-05-06 12:52:31.471 12748-12869 CameraManagerExtImpl    com.newaura.app                      I  packagename is com.newaura.app
2026-05-06 12:52:31.471 12748-12869 OplusCameraManager      com.newaura.app                      I  saveOpPackageName, mOpPackageName: com.newaura.app
2026-05-06 12:52:31.472 12748-12748 Choreographer           com.newaura.app                      I  Skipped 58 frames!  The application may be doing too much work on its main thread.
2026-05-06 12:52:31.477 12748-12748 OplusBracketLog         com.newaura.app                      E  [OplusViewMirrorManager] updateHostViewRootIfNeeded, not support android.view.ViewRootImpl@ddbfe8a
2026-05-06 12:52:31.479 12748-12748 OplusPredi...Controller com.newaura.app                      D  should not HookOnBackInvokedCallbackEnabled for application com.newaura.app.MainActivity@e87a212 sdk: 36
2026-05-06 12:52:31.484 12748-12829 AudioSystem             com.newaura.app                      D  getService: IAudioPolicyService retrieved: 0xb400007595c5fe80  cached: 0xb400007595c5fe80
2026-05-06 12:52:31.488 12748-12840 AudioCapabilities       com.newaura.app                      W  Unsupported mediaType audio/x-adpcm-dvi-ima
2026-05-06 12:52:31.489 12748-12840 AudioCapabilities       com.newaura.app                      W  Unsupported mediaType audio/x-adpcm-ms
2026-05-06 12:52:31.489 12748-12840 AudioCapabilities       com.newaura.app                      W  Unsupported mediaType audio/alac
2026-05-06 12:52:31.492 12748-12869 OplusCamer...agerGlobal com.newaura.app                      I  setClientInfo, packageName: com.newaura.app, uid: 10413, pid: 12748
2026-05-06 12:52:31.492 12748-12869 OplusCamer...agerGlobal com.newaura.app                      I  Connecting to camera service
2026-05-06 12:52:31.496 12748-12840 AudioCapabilities       com.newaura.app                      W  Unsupported mediaType audio/iamf
2026-05-06 12:52:31.497 12748-12748 OplusPredi...Controller com.newaura.app                      D  should not HookOnBackInvokedCallbackEnabled for application com.newaura.app.MainActivity@e87a212 sdk: 36
2026-05-06 12:52:31.500 12748-12748 ViewRootImplExtImpl     com.newaura.app                      D  wrapConfigInfoIntoFlags rotation=0, smallestScreenWidthDp=0, residentWS=false, scenario=0, bounds=Rect(0, 0 - 1080, 2400), relayoutAsync=false, flags=0, newFlags=1258291200, title=com.newaura.app/com.newaura.app.MainActivity
2026-05-06 12:52:31.501 12748-12869 CameraManagerGlobal     com.newaura.app                      I  Connecting to camera service
2026-05-06 12:52:31.522 12748-12748 VRI[MainActivity]       com.newaura.app                      D  relayoutWindow result, sizeChanged:true, surfaceControlChanged:true, transformHintChanged:false, mSurfaceSize:Point(1080, 2400), mLastSurfaceSize:Point(0, 0), mWidth:-1, mHeight:-1, requestedWidth:1080, requestedHeight:2400, transformHint:0, installOrientation:0, displayRotation:0, isSurfaceValid:true, attr.flag:-2122252032, tmpFrames:ClientWindowFrames{frame=[0,0][1080,2400] display=[0,0][1080,2400] parentFrame=[0,0][0,0]}, relayoutAsync:false, mSyncSeqId:0
2026-05-06 12:52:31.523 12748-12748 VRI[MainActivity]       com.newaura.app                      W  updateBlastSurfaceIfNeeded, surfaceSize:Point(1080, 2400), lastSurfaceSize:Point(0, 0), format:-1, blastBufferQueue:null
2026-05-06 12:52:31.525 12748-12748 com.newaura.app         com.newaura.app                      E  [perfctl] 12748 12748 FPSGO ver:0
2026-05-06 12:52:31.525 12748-12748 com.newaura.app         com.newaura.app                      E  [perfctl] 0 0 0 0
2026-05-06 12:52:31.525 12748-12748 BufferQueueConsumer     com.newaura.app                      D  [](id:31cc00000000,api:0,p:-1,c:12748) connect: controlledByApp=false
2026-05-06 12:52:31.526 12748-12748 BufferQueueConsumer     com.newaura.app                      D  [VRI[MainActivity][com.newaura.app/com.newaura.app.MainActivity]#0(BLAST Consumer)0](id:31cc00000000,api:0,p:-1,c:12748) setMaxAcquiredBufferCount: 3
2026-05-06 12:52:31.535 12748-12778 HWUI                    com.newaura.app                      D  createSurface new attribs array
2026-05-06 12:52:31.537 12748-12778 libEGL                  com.newaura.app                      D  this is from skia gles
2026-05-06 12:52:31.541 12748-12748 SurfaceControl          com.newaura.app                      I   setExtendedRangeBrightness sc=Surface(name=com.newaura.app/com.newaura.app.MainActivity)/@0xc4b38f4,currentBufferRatio=1.0,desiredRatio=1.0
2026-05-06 12:52:31.548 12748-12748 Quality                 com.newaura.app                      I  UISlowBinder:147470845
2026-05-06 12:52:31.549 12748-12840 VideoCapabilities       com.newaura.app                      W  Unsupported mime image/vnd.android.heic
2026-05-06 12:52:31.550 12748-12840 VideoCapabilities       com.newaura.app                      W  Unsupported mime image/vnd.android.heic
2026-05-06 12:52:31.569 12748-12840 VideoCapabilities       com.newaura.app                      W  Unrecognized profile/level 32768/256 for video/mp4v-es
2026-05-06 12:52:31.583 12748-12829 AudioManagerExtImpl     com.newaura.app                      D  mLastUnFakeScoUid 10413 mFakeScoUid -1
2026-05-06 12:52:31.608 12748-12778 GrallocExtra            com.newaura.app                      I  gralloc_extra_query:is_SW3D 0
2026-05-06 12:52:31.608 12748-12778 BLASTBufferQueue        com.newaura.app                      D  [VRI[MainActivity][com.newaura.app/com.newaura.app.MainActivity]#0](f:0,a:1) acquireNextBufferLocked size=1080x2400 mFrameNumber=1 applyTransaction=true mTimestamp=841197093472292(auto) mPendingTransactions.size=0 graphicBufferId=54752243089408 transform=0
2026-05-06 12:52:31.610 12748-12778 VRI[MainActivity]       com.newaura.app                      D  Received frameCommittedCallback lastAttemptedDrawFrameNum=1 didProduceBuffer=true syncBuffer=false
2026-05-06 12:52:31.611 12748-12778 ExtensionsLoader        com.newaura.app                      D  createInstance(64bit) : createExtendedFactory
2026-05-06 12:52:31.612 12748-12778 ExtensionsLoader        com.newaura.app                      D  Opened libSchedAssistExtImpl.so
2026-05-06 12:52:31.613 12748-12748 VRI[MainActivity]       com.newaura.app                      D  draw finished. seqId=0
2026-05-06 12:52:31.618 12748-12840 AudioCapabilities       com.newaura.app                      W  Unsupported mime audio/x-adpcm-dvi-ima
2026-05-06 12:52:31.619 12748-12840 AudioCapabilities       com.newaura.app                      W  Unsupported mime audio/x-adpcm-dvi-ima
2026-05-06 12:52:31.619 12748-12840 AudioCapabilities       com.newaura.app                      W  Unsupported mime audio/x-adpcm-ms
2026-05-06 12:52:31.626 12748-12840 AudioCapabilities       com.newaura.app                      W  Unsupported mime audio/x-adpcm-ms
2026-05-06 12:52:31.636 12748-12758 HWUI                    com.newaura.app                      I  Davey! duration=1103ms; Flags=1, FrameTimelineVsyncId=196145410, IntendedVsync=841195992036703, Vsync=841196955723639, InputEventId=0, HandleInputStart=841196959556600, AnimationStart=841196959572523, PerformTraversalsStart=841196961992523, DrawStart=841197026856292, FrameDeadline=841196008636703, FrameStartTime=841196957442754, FrameInterval=16615292, WorkloadTarget=16600000, SyncQueued=841197033783369, SyncStart=841197033944908, IssueDrawCommandsStart=841197034353138, SwapBuffers=841197090215292, FrameCompleted=841197095606677, DequeueBufferDuration=991077, QueueBufferDuration=865846, GpuCompleted=841197095422754, SwapBuffersCompleted=841197095606677, DisplayPresentTime=0, CommandSubmissionCompleted=841197090215292, 
2026-05-06 12:52:31.641 12748-12840 AudioCapabilities       com.newaura.app                      W  Unsupported mime audio/alac
2026-05-06 12:52:31.645 12748-12840 AudioCapabilities       com.newaura.app                      W  Unsupported mime audio/alac
2026-05-06 12:52:31.689 12748-12818 Capacitor               com.newaura.app                      D  Handling local request: http://localhost/assets/index-C7bTAsAO.js
2026-05-06 12:52:31.692 12748-12748 VRI[MainActivity]       com.newaura.app                      W  handleResized, msg:, frameChanged:false, configChanged:false, displayChanged:false, attachedFrameChanged:false, compatScaleChanged:false, pendingDragResizing=false
2026-05-06 12:52:31.696 12748-12877 LibMBrainProxy          com.newaura.app                      D  Init Paramters
2026-05-06 12:52:31.697 12748-12877 ServiceManagerCppClient com.newaura.app                      W  Failed to get isDeclared for vendor.mediatek.hardware.mbrain.IMBrain/default: Status(-1, EX_SECURITY): 'SELinux denied for service.'
2026-05-06 12:52:31.697 12748-12748 VRI[MainActivity]       com.newaura.app                      D  onFocusEvent true
2026-05-06 12:52:31.700 12748-12748 DynamicFra...igManager] com.newaura.app                      I  initFrameRateConfig: 
                                                                                                    	levelsFor120hz: [120, 60]
                                                                                                    	thresholdsFor120hz: [200]
                                                                                                    	levelsFor90hz: [90]
                                                                                                    	thresholdsFor90hz: []
2026-05-06 12:52:31.701 12748-12748 DynamicFra...igManager] com.newaura.app                      I  FRTCConfigManager: FRTC_CAPABILITY = 120, package name = com.newaura.app, WINDOW_ANIMATION_SPEED_RATE = 10, SCROLL_ANIMATION_SPEED_RATE = 20, PACKAGE_ENABLE = false
2026-05-06 12:52:31.701 12748-12748 DynamicFra...ontroller] com.newaura.app                      I  init info: mPackageName = com.newaura.app, mIsEnabled = false
2026-05-06 12:52:31.709 12748-12778 VRI[MainActivity]       com.newaura.app                      D  Received frameCommittedCallback lastAttemptedDrawFrameNum=3 didProduceBuffer=false syncBuffer=false
2026-05-06 12:52:31.710 12748-12748 VRI[MainActivity]       com.newaura.app                      D  draw finished. seqId=0
2026-05-06 12:52:31.728 12748-12748 InsetsController        com.newaura.app                      D  hide(ime(), fromIme=false)
2026-05-06 12:52:31.729 12748-12748 ImeTracker              com.newaura.app                      I  com.newaura.app:2fd7ec8b: onCancelled at PHASE_CLIENT_ALREADY_HIDDEN
2026-05-06 12:52:31.754 12748-12840 AudioCapabilities       com.newaura.app                      W  Unsupported mime audio/iamf
2026-05-06 12:52:31.762 12748-12832 Capacitor               com.newaura.app                      D  Handling local request: http://localhost/assets/react-DrZGHthW.js
2026-05-06 12:52:31.777 12748-12831 Capacitor               com.newaura.app                      D  Handling local request: http://localhost/assets/supabase-CLpXqyPc.js
2026-05-06 12:52:31.803 12748-12819 Capacitor               com.newaura.app                      D  Handling local request: http://localhost/assets/jsx-runtime-D5h6yHgh.js
2026-05-06 12:52:31.815 12748-12833 Capacitor               com.newaura.app                      D  Handling local request: http://localhost/assets/preload-helper-C5_3CBPA.js
2026-05-06 12:52:31.816 12748-12748 com.newaura.app         com.newaura.app                      I  hiddenapi: Accessing hidden field Landroid/content/pm/ApplicationInfo;->primaryCpuAbi:Ljava/lang/String; (runtime_flags=0, domain=platform, api=unsupported) from Lorg/chromium/android_webview/SystemStateUtil; (domain=app, TargetSdkVersion=36) using reflection: allowed
2026-05-06 12:52:31.863 12748-12817 Capacitor               com.newaura.app                      D  Handling local request: http://localhost/assets/dist-DWkOspaK.js
2026-05-06 12:52:31.866 12748-12840 VideoCapabilities       com.newaura.app                      W  Unsupported mime image/vnd.android.heic
2026-05-06 12:52:31.867 12748-12840 VideoCapabilities       com.newaura.app                      W  Unsupported mime image/vnd.android.heic
2026-05-06 12:52:31.868 12748-12840 VideoCapabilities       com.newaura.app                      W  Unsupported mime image/vnd.android.heic
2026-05-06 12:52:31.882 12748-12840 VideoCapabilities       com.newaura.app                      W  Unrecognized profile/level 32768/256 for video/mp4v-es
2026-05-06 12:52:31.887 12748-12840 VideoCapabilities       com.newaura.app                      W  Unrecognized profile/level 32768/256 for video/mp4v-es
2026-05-06 12:52:32.053 12748-12818 Capacitor               com.newaura.app                      D  Handling local request: http://localhost/assets/dist-9ua5NoKv.js
2026-05-06 12:52:32.055 12748-12832 Capacitor               com.newaura.app                      D  Handling local request: http://localhost/assets/index-COhJZJZG.css
2026-05-06 12:52:32.168 12748-12748 Capacitor/Console       com.newaura.app                      I  File:  - Line 349 - Msg: [object Object]
2026-05-06 12:52:32.170 12748-12748 Capacitor/Console       com.newaura.app                      I  File:  - Line 349 - Msg: [object Object]
2026-05-06 12:52:32.174 12748-12748 Capacitor/Plugin        com.newaura.app                      V  To native (Capacitor plugin): callbackId: 108845700, pluginId: StatusBar, methodName: setOverlaysWebView
2026-05-06 12:52:32.175 12748-12748 Capacitor               com.newaura.app                      V  callback: 108845700, pluginId: StatusBar, methodName: setOverlaysWebView, methodData: {"overlay":true}
2026-05-06 12:52:32.178 12748-12748 Capacitor/Console       com.newaura.app                      I  File: http://localhost/assets/index-C7bTAsAO.js - Line 40 - Msg: [🔔 NOTIF] Registering service worker: /sw.js
2026-05-06 12:52:32.181 12748-12748 Capacitor/Plugin        com.newaura.app                      V  To native (Capacitor plugin): callbackId: 108845701, pluginId: StatusBar, methodName: setStyle
2026-05-06 12:52:32.181 12748-12748 Capacitor               com.newaura.app                      V  callback: 108845701, pluginId: StatusBar, methodName: setStyle, methodData: {"style":"DARK"}
2026-05-06 12:52:32.185 12748-12748 Capacitor/...sBarPlugin com.newaura.app                      V  Notifying listeners for event statusBarOverlayChanged
2026-05-06 12:52:32.185 12748-12748 Capacitor/...sBarPlugin com.newaura.app                      D  No listeners found for event statusBarOverlayChanged
2026-05-06 12:52:32.208 12748-12748 Capacitor/Console       com.newaura.app                      I  File: http://localhost/assets/index-C7bTAsAO.js - Line 40 - Msg: [🔔 NOTIF] ✅ Service Worker registered successfully
2026-05-06 12:52:32.209 12748-12748 Capacitor/Console       com.newaura.app                      I  File: http://localhost/assets/index-C7bTAsAO.js - Line 40 - Msg: [🔔 NOTIF]   scope: http://localhost/
2026-05-06 12:52:32.210 12748-12748 Capacitor/Console       com.newaura.app                      I  File: http://localhost/assets/index-C7bTAsAO.js - Line 40 - Msg: [🔔 NOTIF]   active: activated
2026-05-06 12:52:32.210 12748-12748 Capacitor/Console       com.newaura.app                      I  File: http://localhost/assets/index-C7bTAsAO.js - Line 40 - Msg: [🔔 NOTIF]   waiting: none
2026-05-06 12:52:32.211 12748-12748 Capacitor/Console       com.newaura.app                      I  File:  - Line 333 - Msg: undefined
2026-05-06 12:52:32.212 12748-12748 Capacitor/Console       com.newaura.app                      I  File:  - Line 333 - Msg: undefined
2026-05-06 12:52:32.253 12748-12818 Capacitor               com.newaura.app                      D  Handling local request: http://localhost/aura-logo.png
2026-05-06 12:52:32.270 12748-12778 GPUAUX                  com.newaura.app                      E  [AUX]GuiExtAuxCheckAuxPath:682: Null anb
2026-05-06 12:52:32.270 12748-12778 GPUAUX                  com.newaura.app                      E  [AUX]GuiExtAuxCheckAuxPath:682: Null anb
2026-05-06 12:52:32.277 12748-12778 GPUAUX                  com.newaura.app                      E  [AUX]GuiExtAuxCheckAuxPath:682: Null anb
2026-05-06 12:52:32.277 12748-12778 GPUAUX                  com.newaura.app                      E  [AUX]GuiExtAuxCheckAuxPath:682: Null anb
2026-05-06 12:52:32.291 12748-12748 Capacitor/Console       com.newaura.app                      I  File: http://localhost/assets/supabase-CLpXqyPc.js - Line 24 - Msg: [SUPABASE FETCH START] URL: https://ugfxjjakpsngfdrjlsdr.supabase.co/rest/v1/profiles?select=public_key%2Cbackup_secret_key&id=eq.2dfb823f-bb93-4e46-86cd-a520c5be7868 OPTIONS: {"method":"GET","headers":{}}
2026-05-06 12:52:32.297 12748-12817 Capacitor               com.newaura.app                      D  Handling CapacitorHttp request: http://localhost/_capacitor_http_interceptor_?u=https%3A%2F%2Fugfxjjakpsngfdrjlsdr.supabase.co%2Frest%2Fv1%2Fprofiles%3Fselect%3Dpublic_key%252Cbackup_secret_key%26id%3Deq.2dfb823f-bb93-4e46-86cd-a520c5be7868
2026-05-06 12:52:32.299 12748-12748 Capacitor/Console       com.newaura.app                      I  File: http://localhost/assets/supabase-CLpXqyPc.js - Line 24 - Msg: [SUPABASE FETCH START] URL: https://ugfxjjakpsngfdrjlsdr.supabase.co/rest/v1/profiles?select=id%2Cdisplay_name%2Cavatar_url%2Cavatar_key%2Cavatar_nonce%2Cpublic_key%2Cis_online%2Clast_seen%2Cstatus_message%2Ckey_history&id=neq.2dfb823f-bb93-4e46-86cd-a520c5be7868&limit=1 OPTIONS: {"method":"GET","headers":{}}
2026-05-06 12:52:32.303 12748-12818 Capacitor               com.newaura.app                      D  Handling CapacitorHttp request: http://localhost/_capacitor_http_interceptor_?u=https%3A%2F%2Fugfxjjakpsngfdrjlsdr.supabase.co%2Frest%2Fv1%2Fprofiles%3Fselect%3Did%252Cdisplay_name%252Cavatar_url%252Cavatar_key%252Cavatar_nonce%252Cpublic_key%252Cis_online%252Clast_seen%252Cstatus_message%252Ckey_history%26id%3Dneq.2dfb823f-bb93-4e46-86cd-a520c5be7868%26limit%3D1
2026-05-06 12:52:32.303 12748-12748 Capacitor/Console       com.newaura.app                      I  File: http://localhost/assets/supabase-CLpXqyPc.js - Line 24 - Msg: [SUPABASE FETCH START] URL: https://ugfxjjakpsngfdrjlsdr.supabase.co/rest/v1/streaks?select=id%2Cuser1_id%2Cuser2_id%2Ccurrent_streak%2Clongest_streak&or=%28user1_id.eq.2dfb823f-bb93-4e46-86cd-a520c5be7868%2Cuser2_id.eq.2dfb823f-bb93-4e46-86cd-a520c5be7868%29 OPTIONS: {"method":"GET","headers":{}}
2026-05-06 12:52:32.315 12748-12748 Capacitor/Console       com.newaura.app                      I  File: http://localhost/assets/supabase-CLpXqyPc.js - Line 24 - Msg: [SUPABASE FETCH START] URL: https://ugfxjjakpsngfdrjlsdr.supabase.co/rest/v1/profiles?select=public_key%2Cbackup_secret_key&id=eq.2dfb823f-bb93-4e46-86cd-a520c5be7868 OPTIONS: {"method":"GET","headers":{}}
2026-05-06 12:52:32.322 12748-12831 Capacitor               com.newaura.app                      D  Handling CapacitorHttp request: http://localhost/_capacitor_http_interceptor_?u=https%3A%2F%2Fugfxjjakpsngfdrjlsdr.supabase.co%2Frest%2Fv1%2Fstreaks%3Fselect%3Did%252Cuser1_id%252Cuser2_id%252Ccurrent_streak%252Clongest_streak%26or%3D%2528user1_id.eq.2dfb823f-bb93-4e46-86cd-a520c5be7868%252Cuser2_id.eq.2dfb823f-bb93-4e46-86cd-a520c5be7868%2529
2026-05-06 12:52:32.326 12748-12778 GPUAUX                  com.newaura.app                      E  [AUX]GuiExtAuxCheckAuxPath:682: Null anb
2026-05-06 12:52:32.326 12748-12778 GPUAUX                  com.newaura.app                      E  [AUX]GuiExtAuxCheckAuxPath:682: Null anb
2026-05-06 12:52:32.334 12748-12833 Capacitor               com.newaura.app                      D  Handling CapacitorHttp request: http://localhost/_capacitor_http_interceptor_?u=https%3A%2F%2Fugfxjjakpsngfdrjlsdr.supabase.co%2Frest%2Fv1%2Fprofiles%3Fselect%3Dpublic_key%252Cbackup_secret_key%26id%3Deq.2dfb823f-bb93-4e46-86cd-a520c5be7868
2026-05-06 12:52:32.396 12748-12817 CapacitorCookies        com.newaura.app                      I  Getting cookies at: 'https://ugfxjjakpsngfdrjlsdr.supabase.co/rest/v1/profiles?select=public_key%2Cbackup_secret_key&id=eq.2dfb823f-bb93-4e46-86cd-a520c5be7868'
2026-05-06 12:52:32.405 12748-12833 CapacitorCookies        com.newaura.app                      I  Getting cookies at: 'https://ugfxjjakpsngfdrjlsdr.supabase.co/rest/v1/profiles?select=public_key%2Cbackup_secret_key&id=eq.2dfb823f-bb93-4e46-86cd-a520c5be7868'
2026-05-06 12:52:32.415 12748-12831 CapacitorCookies        com.newaura.app                      I  Getting cookies at: 'https://ugfxjjakpsngfdrjlsdr.supabase.co/rest/v1/streaks?select=id%2Cuser1_id%2Cuser2_id%2Ccurrent_streak%2Clongest_streak&or=%28user1_id.eq.2dfb823f-bb93-4e46-86cd-a520c5be7868%2Cuser2_id.eq.2dfb823f-bb93-4e46-86cd-a520c5be7868%29'
2026-05-06 12:52:32.417 12748-12818 CapacitorCookies        com.newaura.app                      I  Getting cookies at: 'https://ugfxjjakpsngfdrjlsdr.supabase.co/rest/v1/profiles?select=id%2Cdisplay_name%2Cavatar_url%2Cavatar_key%2Cavatar_nonce%2Cpublic_key%2Cis_online%2Clast_seen%2Cstatus_message%2Ckey_history&id=neq.2dfb823f-bb93-4e46-86cd-a520c5be7868&limit=1'
2026-05-06 12:52:32.716 12748-12764 OplusScrollToTopManager com.newaura.app                      D  com.newaura.app/com.newaura.app.MainActivity,This com.android.internal.policy.DecorView{5107200 V.E...... R....... 0,0-1080,2400 alpha=1.0 viewInfo = }[MainActivity] change focus to true
2026-05-06 12:52:34.719 12748-12753 com.newaura.app         com.newaura.app                      I  Compiler allocated 7207KB to compile void android.view.ViewRootImpl.performTraversals()
2026-05-06 12:52:35.723 12748-12817 CapacitorCookies        com.newaura.app                      I  Setting cookie '__cf_bm=fPaACOxhcN1mQ.8T1ffyqicuIvX_pkO4lZiIQxDIUl8-1778052152.612757-1.0.1.1-YQakpGGxiGSuPCnGqFQsHnSYD0CKlnnV_rBVTAHnI7p.vrAoCFI8DyxLVVg0JfGP.R6CxfkvNZZElyrQ_JJNUUOvSyhHeTftPzPN6k1vASy4pCC2tBYWXhBqpLa1udA3; HttpOnly; Secure; Path=/; Domain=supabase.co; Expires=Wed, 06 May 2026 07:52:35 GMT' at: 'https://ugfxjjakpsngfdrjlsdr.supabase.co/rest/v1/profiles?select=public_key%2Cbackup_secret_key&id=eq.2dfb823f-bb93-4e46-86cd-a520c5be7868'
2026-05-06 12:52:35.727 12748-12817 CapacitorCookies        com.newaura.app                      I  Setting cookie '__cf_bm=fPaACOxhcN1mQ.8T1ffyqicuIvX_pkO4lZiIQxDIUl8-1778052152.612757-1.0.1.1-YQakpGGxiGSuPCnGqFQsHnSYD0CKlnnV_rBVTAHnI7p.vrAoCFI8DyxLVVg0JfGP.R6CxfkvNZZElyrQ_JJNUUOvSyhHeTftPzPN6k1vASy4pCC2tBYWXhBqpLa1udA3; HttpOnly; Secure; Path=/; Domain=supabase.co; Expires=Wed, 06 May 2026 07:52:35 GMT' at: 'https://supabase.co'
2026-05-06 12:52:35.746 12748-12818 CapacitorCookies        com.newaura.app                      I  Setting cookie '__cf_bm=xiHVC1DDHNexvnoWVUSLNR2OzXmDp44abp_wLrVf8A4-1778052152.6276696-1.0.1.1-Rl43horktGWboYv8wOlwz.CyaqIw3NOX5ngiM.5I6Dh4n2y_IWvH4BEIPY9MK9r_cF4Mz08RiL4s7AdJDTWdSDmI8uIDZz_dk7CoLhcQkvbiX9II_hZsUUXjAsJDgzWV; HttpOnly; Secure; Path=/; Domain=supabase.co; Expires=Wed, 06 May 2026 07:52:35 GMT' at: 'https://ugfxjjakpsngfdrjlsdr.supabase.co/rest/v1/profiles?select=id%2Cdisplay_name%2Cavatar_url%2Cavatar_key%2Cavatar_nonce%2Cpublic_key%2Cis_online%2Clast_seen%2Cstatus_message%2Ckey_history&id=neq.2dfb823f-bb93-4e46-86cd-a520c5be7868&limit=1'
2026-05-06 12:52:35.753 12748-12748 Capacitor/Console       com.newaura.app                      I  File: http://localhost/assets/supabase-CLpXqyPc.js - Line 24 - Msg: [SUPABASE FETCH SUCCESS] Status: 200 OK
2026-05-06 12:52:35.754 12748-12818 CapacitorCookies        com.newaura.app                      I  Setting cookie '__cf_bm=xiHVC1DDHNexvnoWVUSLNR2OzXmDp44abp_wLrVf8A4-1778052152.6276696-1.0.1.1-Rl43horktGWboYv8wOlwz.CyaqIw3NOX5ngiM.5I6Dh4n2y_IWvH4BEIPY9MK9r_cF4Mz08RiL4s7AdJDTWdSDmI8uIDZz_dk7CoLhcQkvbiX9II_hZsUUXjAsJDgzWV; HttpOnly; Secure; Path=/; Domain=supabase.co; Expires=Wed, 06 May 2026 07:52:35 GMT' at: 'https://supabase.co'
2026-05-06 12:52:35.757 12748-12748 Capacitor/Console       com.newaura.app                      I  File: http://localhost/assets/supabase-CLpXqyPc.js - Line 24 - Msg: [SUPABASE FETCH START] URL: https://ugfxjjakpsngfdrjlsdr.supabase.co/rest/v1/profiles?select=public_key%2Ckey_history&id=eq.2dfb823f-bb93-4e46-86cd-a520c5be7868 OPTIONS: {"method":"GET","headers":{}}
2026-05-06 12:52:35.761 12748-12817 Capacitor               com.newaura.app                      D  Handling CapacitorHttp request: http://localhost/_capacitor_http_interceptor_?u=https%3A%2F%2Fugfxjjakpsngfdrjlsdr.supabase.co%2Frest%2Fv1%2Fprofiles%3Fselect%3Dpublic_key%252Ckey_history%26id%3Deq.2dfb823f-bb93-4e46-86cd-a520c5be7868
2026-05-06 12:52:35.771 12748-12748 Capacitor/Console       com.newaura.app                      I  File: http://localhost/assets/supabase-CLpXqyPc.js - Line 24 - Msg: [SUPABASE FETCH SUCCESS] Status: 200 OK
2026-05-06 12:52:35.773 12748-12817 CapacitorCookies        com.newaura.app                      I  Getting cookies at: 'https://ugfxjjakpsngfdrjlsdr.supabase.co/rest/v1/profiles?select=public_key%2Ckey_history&id=eq.2dfb823f-bb93-4e46-86cd-a520c5be7868'
2026-05-06 12:52:36.167 12748-12833 CapacitorCookies        com.newaura.app                      I  Setting cookie '__cf_bm=JIgtxdh7UsGYxIOvqzcO_CCAeyoWDEFIu6bD2N5MqzQ-1778052152.6275008-1.0.1.1-qSpJcdHxYpVVyt8JW9yDD8QrjRYBzLjcs_6Jy3uHcUEzee9iUd8wNinEWqO99l84kXCYxjnUhWxwRqZ7C6LhBkXYNBlpdcrB7gh3GIkCb7zeb7V2M14n2jBBXVZXy7tq; HttpOnly; Secure; Path=/; Domain=supabase.co; Expires=Wed, 06 May 2026 07:52:35 GMT' at: 'https://ugfxjjakpsngfdrjlsdr.supabase.co/rest/v1/profiles?select=public_key%2Cbackup_secret_key&id=eq.2dfb823f-bb93-4e46-86cd-a520c5be7868'
2026-05-06 12:52:36.167 12748-12831 CapacitorCookies        com.newaura.app                      I  Setting cookie '__cf_bm=Ulwd8iq3jYduvU_eZyNoxqTDsviHwvdNKnDtMsJER0o-1778052152.617828-1.0.1.1-umjYmsYd5WiiNNun6X8eXziMF5N5mHtdDPLO22qO6pf4fraarUfk_dzu1vn9xB6DGX9CeIjXVwzkhOyN2LA75TqueXp23zeagKnukf4IiNBZRmLHoRxJgCJ096CDQa1K; HttpOnly; Secure; Path=/; Domain=supabase.co; Expires=Wed, 06 May 2026 07:52:35 GMT' at: 'https://ugfxjjakpsngfdrjlsdr.supabase.co/rest/v1/streaks?select=id%2Cuser1_id%2Cuser2_id%2Ccurrent_streak%2Clongest_streak&or=%28user1_id.eq.2dfb823f-bb93-4e46-86cd-a520c5be7868%2Cuser2_id.eq.2dfb823f-bb93-4e46-86cd-a520c5be7868%29'
2026-05-06 12:52:36.171 12748-12833 CapacitorCookies        com.newaura.app                      I  Setting cookie '__cf_bm=JIgtxdh7UsGYxIOvqzcO_CCAeyoWDEFIu6bD2N5MqzQ-1778052152.6275008-1.0.1.1-qSpJcdHxYpVVyt8JW9yDD8QrjRYBzLjcs_6Jy3uHcUEzee9iUd8wNinEWqO99l84kXCYxjnUhWxwRqZ7C6LhBkXYNBlpdcrB7gh3GIkCb7zeb7V2M14n2jBBXVZXy7tq; HttpOnly; Secure; Path=/; Domain=supabase.co; Expires=Wed, 06 May 2026 07:52:35 GMT' at: 'https://supabase.co'
