2026-05-06 12:52:21.477 10278-10422 GPUAUX                  com.newaura.app                      E  [AUX]GuiExtAuxCheckAuxPath:682: Null anb
2026-05-06 12:52:21.496 10278-10422 GPUAUX                  com.newaura.app                      E  [AUX]GuiExtAuxCheckAuxPath:682: Null anb
2026-05-06 12:52:21.498 10278-11368 PowerHalMgrImpl         com.newaura.app                      I  hdl:423904, pid:10278 
2026-05-06 12:52:21.527 10278-10422 GPUAUX                  com.newaura.app                      E  [AUX]GuiExtAuxCheckAuxPath:682: Null anb
2026-05-06 12:52:21.553 10278-11312 CapacitorCookies        com.newaura.app                      I  Setting cookie '__cf_bm=e1jXigQxmJJ0VOyZiJeXWL06iMz7gjwR3iBNCqNtRBo-1778052139.613194-1.0.1.1-ENsCYYt_bl6WiIDcfSZ8pXsdTMKoQox5rjVsgYIqXSlpVclPp.SooSzhL.X8Cool.G0qiGOp7XB6m3aoNbw9hohLMbK4xPxou0tZIu1AwhEaPQWhw_gOuKebkJHAX9cp; HttpOnly; Secure; Path=/; Domain=supabase.co; Expires=Wed, 06 May 2026 07:52:21 GMT' at: 'https://ugfxjjakpsngfdrjlsdr.supabase.co/rest/v1/profiles?id=eq.2dfb823f-bb93-4e46-86cd-a520c5be7868'
2026-05-06 12:52:21.568 10278-10422 QualityInfo             com.newaura.app                      I  anim_jank|cost:16952000|action:8|scene:1002
2026-05-06 12:52:21.578 10278-10422 GPUAUX                  com.newaura.app                      E  [AUX]GuiExtAuxCheckAuxPath:682: Null anb
2026-05-06 12:52:21.594 10278-10422 GPUAUX                  com.newaura.app                      E  [AUX]GuiExtAuxCheckAuxPath:682: Null anb
2026-05-06 12:52:21.605 10278-11312 CapacitorCookies        com.newaura.app                      I  Setting cookie '__cf_bm=e1jXigQxmJJ0VOyZiJeXWL06iMz7gjwR3iBNCqNtRBo-1778052139.613194-1.0.1.1-ENsCYYt_bl6WiIDcfSZ8pXsdTMKoQox5rjVsgYIqXSlpVclPp.SooSzhL.X8Cool.G0qiGOp7XB6m3aoNbw9hohLMbK4xPxou0tZIu1AwhEaPQWhw_gOuKebkJHAX9cp; HttpOnly; Secure; Path=/; Domain=supabase.co; Expires=Wed, 06 May 2026 07:52:21 GMT' at: 'https://supabase.co'
2026-05-06 12:52:21.612 10278-10422 GPUAUX                  com.newaura.app                      E  [AUX]GuiExtAuxCheckAuxPath:682: Null anb
2026-05-06 12:52:21.627 10278-10422 GPUAUX                  com.newaura.app                      E  [AUX]GuiExtAuxCheckAuxPath:682: Null anb
2026-05-06 12:52:21.645 10278-10422 GPUAUX                  com.newaura.app                      E  [AUX]GuiExtAuxCheckAuxPath:682: Null anb
2026-05-06 12:52:21.659 10278-10422 GPUAUX                  com.newaura.app                      E  [AUX]GuiExtAuxCheckAuxPath:682: Null anb
2026-05-06 12:52:21.667 10278-10278 Capacitor/Console       com.newaura.app                      I  File:  - Line 333 - Msg: {"status":204,"headers":{"alt-svc":"h3=\":443\"; ma=86400","CF-Cache-Status":"DYNAMIC","CF-Ray":"9f763bb09c19444f-BOM","Connection":"keep-alive","Content-Range":"0-0/*","Date":"Wed, 06 May 2026 07:22:21 GMT","sb-gateway-version":"1","sb-project-ref":"ugfxjjakpsngfdrjlsdr","sb-request-id":"019dfc2a-8a62-7053-9bf7-7e35921b77ae","Server":"cloudflare","set-cookie":"__cf_bm=e1jXigQxmJJ0VOyZiJeXWL06iMz7gjwR3iBNCqNtRBo-1778052139.613194-1.0.1.1-ENsCYYt_bl6WiIDcfSZ8pXsdTMKoQox5rjVsgYIqXSlpVclPp.SooSzhL.X8Cool.G0qiGOp7XB6m3aoNbw9hohLMbK4xPxou0tZIu1AwhEaPQWhw_gOuKebkJHAX9cp; HttpOnly; Secure; Path=/; Domain=supabase.co; Expires=Wed, 06 May 2026 07:52:21 GMT","Strict-Transport-Security":"max-age=31536000; includeSubDomains; preload","Vary":"Accept-Encoding","X-Android-Received-Millis":"1778052141551","X-Android-Response-Source":"NETWORK 204","X-Android-Selected-Protocol":"http/1.1","X-Android-Sent-Millis":"1778052139965","X-Content-Type-Options":"nosniff","x-envoy-attempt-count":"1","x-envoy-upstream-service-time":"511"},"url":"https://ugfxjjakpsngfdrjlsdr.supabase.co/rest/v1/profiles?id=eq.2dfb823f-bb93-4e46-86cd-a520c5be7868","data":""}
2026-05-06 12:52:21.668 10278-10278 Capacitor/Console       com.newaura.app                      D  File:  - Line 564 - Msg: CapacitorHttp fetch 1778052139952 https://ugfxjjakpsngfdrjlsdr.supabase.co/rest/v1/profiles?id=eq.2dfb823f-bb93-4e46-86cd-a520c5be7868: 1700.675048828125 ms
2026-05-06 12:52:21.668 10278-10278 Capacitor/Console       com.newaura.app                      I  File: http://localhost/assets/supabase-CLpXqyPc.js - Line 24 - Msg: [SUPABASE FETCH SUCCESS] Status: 204 
2026-05-06 12:52:21.999 10278-10278 IJankManager            com.newaura.app                      E  slideSceneEnd unknown scene 1002 mScene:-1
2026-05-06 12:52:21.999 10278-10278 AutofillManager         com.newaura.app                      V  requestHideFillUi(null): anchor = null
2026-05-06 12:52:22.015 10278-10278 OplusViewD...ViewHelper com.newaura.app                      D  dispatchTouchView action = 1
2026-05-06 12:52:22.016 10278-10278 ViewRootImplExtImpl     com.newaura.app                      D  the up motion event handled by client, just return
2026-05-06 12:52:22.173 10278-10422 GPUAUX                  com.newaura.app                      E  [AUX]GuiExtAuxCheckAuxPath:682: Null anb
2026-05-06 12:52:22.173 10278-10422 GPUAUX                  com.newaura.app                      E  [AUX]GuiExtAuxCheckAuxPath:682: Null anb
2026-05-06 12:52:22.173 10278-10422 GPUAUX                  com.newaura.app                      E  [AUX]GuiExtAuxCheckAuxPath:682: Null anb
2026-05-06 12:52:22.173 10278-10422 GPUAUX                  com.newaura.app                      E  [AUX]GuiExtAuxCheckAuxPath:682: Null anb
2026-05-06 12:52:22.185 10278-10422 GPUAUX                  com.newaura.app                      E  [AUX]GuiExtAuxCheckAuxPath:682: Null anb
2026-05-06 12:52:22.185 10278-10422 GPUAUX                  com.newaura.app                      E  [AUX]GuiExtAuxCheckAuxPath:682: Null anb
2026-05-06 12:52:22.185 10278-10422 GPUAUX                  com.newaura.app                      E  [AUX]GuiExtAuxCheckAuxPath:682: Null anb
2026-05-06 12:52:22.188 10278-10422 GPUAUX                  com.newaura.app                      E  [AUX]GuiExtAuxCheckAuxPath:682: Null anb
2026-05-06 12:52:22.188 10278-10422 GPUAUX                  com.newaura.app                      E  [AUX]GuiExtAuxCheckAuxPath:682: Null anb
2026-05-06 12:52:22.188 10278-10422 GPUAUX                  com.newaura.app                      E  [AUX]GuiExtAuxCheckAuxPath:682: Null anb
2026-05-06 12:52:22.188 10278-10422 GPUAUX                  com.newaura.app                      E  [AUX]GuiExtAuxCheckAuxPath:682: Null anb
2026-05-06 12:52:22.188 10278-10422 GPUAUX                  com.newaura.app                      E  [AUX]GuiExtAuxCheckAuxPath:682: Null anb
2026-05-06 12:52:22.189 10278-10422 GPUAUX                  com.newaura.app                      E  [AUX]GuiExtAuxCheckAuxPath:682: Null anb
2026-05-06 12:52:22.190 10278-10422 GPUAUX                  com.newaura.app                      E  [AUX]GuiExtAuxCheckAuxPath:682: Null anb
2026-05-06 12:52:22.226 10278-10422 GPUAUX                  com.newaura.app                      E  [AUX]GuiExtAuxCheckAuxPath:682: Null anb
2026-05-06 12:52:22.227 10278-10422 GPUAUX                  com.newaura.app                      E  [AUX]GuiExtAuxCheckAuxPath:682: Null anb
2026-05-06 12:52:22.250 10278-10278 AutofillManager         com.newaura.app                      V  startSessionLocked(): id=1073741824:i262145, bounds=Rect(171, 2217 - 561, 2292), value=null, flags=0, state=FINISHED, compatMode=false, augmentedOnly=false, enabledAugmentedOnly=false, enteredIds={1073741824:i65536, 1073741824:i65537, 1073741824:i131072, 1073741824:i196608}
2026-05-06 12:52:22.253 10278-10422 GPUAUX                  com.newaura.app                      E  [AUX]GuiExtAuxCheckAuxPath:682: Null anb
2026-05-06 12:52:22.253 10278-10422 GPUAUX                  com.newaura.app                      E  [AUX]GuiExtAuxCheckAuxPath:682: Null anb
2026-05-06 12:52:22.253 10278-10422 GPUAUX                  com.newaura.app                      E  [AUX]GuiExtAuxCheckAuxPath:682: Null anb
2026-05-06 12:52:22.262 10278-10278 AutofillManager         com.newaura.app                      V  updateSessionLocked(): id=1073741824:i262145, bounds=null, value=[type=1, value=0_chars], action=4, flags=0
2026-05-06 12:52:22.275 10278-10278 ImeTracker              com.newaura.app                      I  com.newaura.app:80a66031: onRequestShow at ORIGIN_CLIENT reason SHOW_SOFT_INPUT fromUser false
2026-05-06 12:52:22.276 10278-10278 InsetsController        com.newaura.app                      D  show(ime(), fromIme=false)
2026-05-06 12:52:22.276 10278-10278 InsetsController        com.newaura.app                      D  Setting requestedVisibleTypes to -1 (was -9)
2026-05-06 12:52:22.297 10278-10422 GPUAUX                  com.newaura.app                      E  [AUX]GuiExtAuxCheckAuxPath:682: Null anb
2026-05-06 12:52:22.297 10278-10422 GPUAUX                  com.newaura.app                      E  [AUX]GuiExtAuxCheckAuxPath:682: Null anb
2026-05-06 12:52:22.297 10278-10422 GPUAUX                  com.newaura.app                      E  [AUX]GuiExtAuxCheckAuxPath:682: Null anb
2026-05-06 12:52:22.310 10278-10278 AssistStructure         com.newaura.app                      I  Flattened final assist data: 3048 bytes, containing 1 windows, 6 views
2026-05-06 12:52:22.320 10278-10278 VRI[MainActivity]       com.newaura.app                      W  handleResized abandoned!
2026-05-06 12:52:22.330 10278-10422 GPUAUX                  com.newaura.app                      E  [AUX]GuiExtAuxCheckAuxPath:682: Null anb
2026-05-06 12:52:22.330 10278-10422 GPUAUX                  com.newaura.app                      E  [AUX]GuiExtAuxCheckAuxPath:682: Null anb
2026-05-06 12:52:22.330 10278-10422 GPUAUX                  com.newaura.app                      E  [AUX]GuiExtAuxCheckAuxPath:682: Null anb
2026-05-06 12:52:22.375 10278-10422 GPUAUX                  com.newaura.app                      E  [AUX]GuiExtAuxCheckAuxPath:682: Null anb
2026-05-06 12:52:22.376 10278-10422 GPUAUX                  com.newaura.app                      E  [AUX]GuiExtAuxCheckAuxPath:682: Null anb
2026-05-06 12:52:22.376 10278-10422 GPUAUX                  com.newaura.app                      E  [AUX]GuiExtAuxCheckAuxPath:682: Null anb
2026-05-06 12:52:22.400 10278-10422 GPUAUX                  com.newaura.app                      E  [AUX]GuiExtAuxCheckAuxPath:682: Null anb
2026-05-06 12:52:22.400 10278-10422 GPUAUX                  com.newaura.app                      E  [AUX]GuiExtAuxCheckAuxPath:682: Null anb
2026-05-06 12:52:22.400 10278-10422 GPUAUX                  com.newaura.app                      E  [AUX]GuiExtAuxCheckAuxPath:682: Null anb
2026-05-06 12:52:22.402 10278-10422 GPUAUX                  com.newaura.app                      E  [AUX]GuiExtAuxCheckAuxPath:682: Null anb
2026-05-06 12:52:22.402 10278-10422 GPUAUX                  com.newaura.app                      E  [AUX]GuiExtAuxCheckAuxPath:682: Null anb
2026-05-06 12:52:22.436 10278-10278 Capacitor/Console       com.newaura.app                      I  File: http://localhost/assets/supabase-CLpXqyPc.js - Line 24 - Msg: [SUPABASE FETCH START] URL: https://ugfxjjakpsngfdrjlsdr.supabase.co/rest/v1/profiles?id=eq.2dfb823f-bb93-4e46-86cd-a520c5be7868 OPTIONS: {"method":"PATCH","headers":{},"body":"{\"is_online\":true,\"last_seen\":\"2026-05-06T07:22:22.411Z\"}"}
2026-05-06 12:52:22.436 10278-10278 Capacitor/Console       com.newaura.app                      I  File:  - Line 349 - Msg: [object Object]
2026-05-06 12:52:22.467 10278-10278 Capacitor/Plugin        com.newaura.app                      V  To native (Capacitor plugin): callbackId: 58469837, pluginId: CapacitorHttp, methodName: request
2026-05-06 12:52:22.467 10278-10278 Capacitor               com.newaura.app                      V  callback: 58469837, pluginId: CapacitorHttp, methodName: request, methodData: {"url":"https:\/\/ugfxjjakpsngfdrjlsdr.supabase.co\/rest\/v1\/profiles?id=eq.2dfb823f-bb93-4e46-86cd-a520c5be7868","method":"PATCH","data":"{\"is_online\":true,\"last_seen\":\"2026-05-06T07:22:22.411Z\"}","dataType":"json","headers":{"apikey":"eyJhbGciOiJIUzI1NiIsInR5cCI6IkpXVCJ9.eyJpc3MiOiJzdXBhYmFzZSIsInJlZiI6InVnZnhqamFrcHNuZ2Zkcmpsc2RyIiwicm9sZSI6ImFub24iLCJpYXQiOjE3NzQzNDY3NzQsImV4cCI6MjA4OTkyMjc3NH0.KiA-8YqdsgO1Is2Fumh4mqmfQY8i1O_K8RnQtBcjuGo","authorization":"Bearer eyJhbGciOiJFUzI1NiIsImtpZCI6IjRlMGRhZGY0LWM1MGYtNDMyNS1iMjQ3LWM4NTViMmRmNGE4YSIsInR5cCI6IkpXVCJ9.eyJpc3MiOiJodHRwczovL3VnZnhqamFrcHNuZ2Zkcmpsc2RyLnN1cGFiYXNlLmNvL2F1dGgvdjEiLCJzdWIiOiIyZGZiODIzZi1iYjkzLTRlNDYtODZjZC1hNTIwYzViZTc4NjgiLCJhdWQiOiJhdXRoZW50aWNhdGVkIiwiZXhwIjoxNzc4MDU1Njk3LCJpYXQiOjE3NzgwNTIwOTcsImVtYWlsIjoiZmlyc3R1c2VyQGdtYWlsLmNvbSIsInBob25lIjoiIiwiYXBwX21ldGFkYXRhIjp7InByb3ZpZGVyIjoiZW1haWwiLCJwcm92aWRlcnMiOlsiZW1haWwiXX0sInVzZXJfbWV0YWRhdGEiOnsiYXZhdGFyX2tleSI6WzExMSw0MywyMTcsMjUsMTc4LDEyMCwyNDYsODIsMTQ2LDIzMSwxMjUsMTU3LDE3MiwxNDYsOTcsNjUsOTQsODEsMjE3LDU4LDIzOCwyMzIsNzIsNzIsNDQsMjI3LDQ2LDU3LDExOCwxNTUsMjAwLDgxXSwiYXZhdGFyX25vbmNlIjpbMTUwLDE3LDE3MCwyNTAsMjEsMTksOTAsMjA5LDEzMSw5OCwxNiwxNzcsODksMTEwLDEyMiw5LDIzMiwxMTMsNjQsMiwyNyw0NiwyNTQsNDddLCJhdmF0YXJfdXJsIjoiaHR0cHM6Ly9yZXMuY2xvdWRpbmFyeS5jb20vZGVsNW8xdm5kL3Jhdy91cGxvYWQvdjE3NzU3NDkzMDIvZXd1NWF5dnd3OWx0YnJpYnBqNnkucmF3IiwiZGlzcGxheV9uYW1lIjoiUmlmZnUga2EgQWJ18J-QpfCfmYgiLCJlbWFpbF92ZXJpZmllZCI6dHJ1ZX0sInJvbGUiOiJhdXRoZW50aWNhdGVkIiwiYWFsIjoiYWFsMSIsImFtciI6W3sibWV0aG9kIjoicGFzc3dvcmQiLCJ0aW1lc3RhbXAiOjE3NzgwNTIwOTd9XSwic2Vzc2lvbl9pZCI6ImExY2QxZGQ0LTFmYWYtNGY5Zi1iNGU3LTI0YjFjOTBiNjU1OCIsImlzX2Fub255bW91cyI6ZmFsc2V9.xP9VfQJwtBkWhpRUu_F0x2hfnRHrVrKUZFL1pD7eIjFXVmaBrYQ8oUvRXoRXWjxoC--R_OJyii9U08C-VJWzZw","content-profile":"public","content-type":"application\/json","x-client-info":"supabase-js-web\/2.100.0"}}
2026-05-06 12:52:22.468 10278-10422 GPUAUX                  com.newaura.app                      E  [AUX]GuiExtAuxCheckAuxPath:682: Null anb
2026-05-06 12:52:22.468 10278-10422 GPUAUX                  com.newaura.app                      E  [AUX]GuiExtAuxCheckAuxPath:682: Null anb
2026-05-06 12:52:22.468 10278-10422 GPUAUX                  com.newaura.app                      E  [AUX]GuiExtAuxCheckAuxPath:682: Null anb
2026-05-06 12:52:22.494 10278-11312 CapacitorCookies        com.newaura.app                      I  Getting cookies at: 'https://ugfxjjakpsngfdrjlsdr.supabase.co/rest/v1/profiles?id=eq.2dfb823f-bb93-4e46-86cd-a520c5be7868'
2026-05-06 12:52:22.495 10278-10422 GPUAUX                  com.newaura.app                      E  [AUX]GuiExtAuxCheckAuxPath:682: Null anb
2026-05-06 12:52:22.496 10278-10422 GPUAUX                  com.newaura.app                      E  [AUX]GuiExtAuxCheckAuxPath:682: Null anb
2026-05-06 12:52:22.496 10278-10422 GPUAUX                  com.newaura.app                      E  [AUX]GuiExtAuxCheckAuxPath:682: Null anb
2026-05-06 12:52:22.523 10278-10278 VRI[MainActivity]       com.newaura.app                      W  handleResized abandoned!
2026-05-06 12:52:22.549 10278-10278 VRI[MainActivity]       com.newaura.app                      W  handleResized abandoned!
2026-05-06 12:52:22.553 10278-10422 GPUAUX                  com.newaura.app                      E  [AUX]GuiExtAuxCheckAuxPath:682: Null anb
2026-05-06 12:52:22.553 10278-10422 GPUAUX                  com.newaura.app                      E  [AUX]GuiExtAuxCheckAuxPath:682: Null anb
2026-05-06 12:52:22.553 10278-10422 GPUAUX                  com.newaura.app                      E  [AUX]GuiExtAuxCheckAuxPath:682: Null anb
2026-05-06 12:52:22.607 10278-11099 ImfJankInfo             com.newaura.app                      D  reportImfJank: skip because time elapsed since last report < 5 minutes
2026-05-06 12:52:22.625 10278-10422 GPUAUX                  com.newaura.app                      E  [AUX]GuiExtAuxCheckAuxPath:682: Null anb
2026-05-06 12:52:22.626 10278-10422 GPUAUX                  com.newaura.app                      E  [AUX]GuiExtAuxCheckAuxPath:682: Null anb
2026-05-06 12:52:22.626 10278-10422 GPUAUX                  com.newaura.app                      E  [AUX]GuiExtAuxCheckAuxPath:682: Null anb
2026-05-06 12:52:22.626 10278-10422 GPUAUX                  com.newaura.app                      E  [AUX]GuiExtAuxCheckAuxPath:682: Null anb
2026-05-06 12:52:22.626 10278-10422 GPUAUX                  com.newaura.app                      E  [AUX]GuiExtAuxCheckAuxPath:682: Null anb
2026-05-06 12:52:22.628 10278-10422 GPUAUX                  com.newaura.app                      E  [AUX]GuiExtAuxCheckAuxPath:682: Null anb
2026-05-06 12:52:22.713 10278-10422 GPUAUX                  com.newaura.app                      E  [AUX]GuiExtAuxCheckAuxPath:682: Null anb
2026-05-06 12:52:22.713 10278-10422 GPUAUX                  com.newaura.app                      E  [AUX]GuiExtAuxCheckAuxPath:682: Null anb
2026-05-06 12:52:22.713 10278-10422 GPUAUX                  com.newaura.app                      E  [AUX]GuiExtAuxCheckAuxPath:682: Null anb
2026-05-06 12:52:22.723 10278-10422 GPUAUX                  com.newaura.app                      E  [AUX]GuiExtAuxCheckAuxPath:682: Null anb
2026-05-06 12:52:22.723 10278-10422 GPUAUX                  com.newaura.app                      E  [AUX]GuiExtAuxCheckAuxPath:682: Null anb
2026-05-06 12:52:22.723 10278-10422 GPUAUX                  com.newaura.app                      E  [AUX]GuiExtAuxCheckAuxPath:682: Null anb
2026-05-06 12:52:22.723 10278-10422 GPUAUX                  com.newaura.app                      E  [AUX]GuiExtAuxCheckAuxPath:682: Null anb
2026-05-06 12:52:22.723 10278-10422 GPUAUX                  com.newaura.app                      E  [AUX]GuiExtAuxCheckAuxPath:682: Null anb
2026-05-06 12:52:22.723 10278-10422 GPUAUX                  com.newaura.app                      E  [AUX]GuiExtAuxCheckAuxPath:682: Null anb
2026-05-06 12:52:22.723 10278-10422 GPUAUX                  com.newaura.app                      E  [AUX]GuiExtAuxCheckAuxPath:682: Null anb
2026-05-06 12:52:22.749 10278-10422 GPUAUX                  com.newaura.app                      E  [AUX]GuiExtAuxCheckAuxPath:682: Null anb
2026-05-06 12:52:22.749 10278-10422 GPUAUX                  com.newaura.app                      E  [AUX]GuiExtAuxCheckAuxPath:682: Null anb
2026-05-06 12:52:22.749 10278-10422 GPUAUX                  com.newaura.app                      E  [AUX]GuiExtAuxCheckAuxPath:682: Null anb
2026-05-06 12:52:22.749 10278-10422 GPUAUX                  com.newaura.app                      E  [AUX]GuiExtAuxCheckAuxPath:682: Null anb
2026-05-06 12:52:22.749 10278-10422 GPUAUX                  com.newaura.app                      E  [AUX]GuiExtAuxCheckAuxPath:682: Null anb
2026-05-06 12:52:22.786 10278-10422 GPUAUX                  com.newaura.app                      E  [AUX]GuiExtAuxCheckAuxPath:682: Null anb
2026-05-06 12:52:22.786 10278-10422 GPUAUX                  com.newaura.app                      E  [AUX]GuiExtAuxCheckAuxPath:682: Null anb
2026-05-06 12:52:22.786 10278-10422 GPUAUX                  com.newaura.app                      E  [AUX]GuiExtAuxCheckAuxPath:682: Null anb
2026-05-06 12:52:22.808 10278-10422 GPUAUX                  com.newaura.app                      E  [AUX]GuiExtAuxCheckAuxPath:682: Null anb
2026-05-06 12:52:22.808 10278-10422 GPUAUX                  com.newaura.app                      E  [AUX]GuiExtAuxCheckAuxPath:682: Null anb
2026-05-06 12:52:22.808 10278-10422 GPUAUX                  com.newaura.app                      E  [AUX]GuiExtAuxCheckAuxPath:682: Null anb
2026-05-06 12:52:22.809 10278-10422 GPUAUX                  com.newaura.app                      E  [AUX]GuiExtAuxCheckAuxPath:682: Null anb
2026-05-06 12:52:22.821 10278-10422 GPUAUX                  com.newaura.app                      E  [AUX]GuiExtAuxCheckAuxPath:682: Null anb
2026-05-06 12:52:22.822 10278-10422 GPUAUX                  com.newaura.app                      E  [AUX]GuiExtAuxCheckAuxPath:682: Null anb
2026-05-06 12:52:22.822 10278-10422 GPUAUX                  com.newaura.app                      E  [AUX]GuiExtAuxCheckAuxPath:682: Null anb
2026-05-06 12:52:22.822 10278-10422 GPUAUX                  com.newaura.app                      E  [AUX]GuiExtAuxCheckAuxPath:682: Null anb
2026-05-06 12:52:22.844 10278-10278 ImeTracker              com.newaura.app                      I  com.newaura.app:80a66031: onShown
2026-05-06 12:52:22.844 10278-10278 AutofillManager         com.newaura.app                      V  notifyNoFillUi(): sessionFinishedState=2
2026-05-06 12:52:22.844 10278-10278 AutofillManager         com.newaura.app                      V  notifyCallback(): sessionId=822503791, autofillId=1073741824:i262145@822503791, event=3
2026-05-06 12:52:22.844 10278-10278 AutofillManager         com.newaura.app                      V  setSessionFinished(): from ACTIVE to FINISHED; autofillableIds=null
2026-05-06 12:52:22.847 10278-10422 GPUAUX                  com.newaura.app                      E  [AUX]GuiExtAuxCheckAuxPath:682: Null anb
2026-05-06 12:52:22.848 10278-10422 GPUAUX                  com.newaura.app                      E  [AUX]GuiExtAuxCheckAuxPath:682: Null anb
2026-05-06 12:52:22.848 10278-10422 GPUAUX                  com.newaura.app                      E  [AUX]GuiExtAuxCheckAuxPath:682: Null anb
2026-05-06 12:52:22.848 10278-10422 GPUAUX                  com.newaura.app                      E  [AUX]GuiExtAuxCheckAuxPath:682: Null anb
2026-05-06 12:52:22.893 10278-10422 GPUAUX                  com.newaura.app                      E  [AUX]GuiExtAuxCheckAuxPath:682: Null anb
2026-05-06 12:52:22.894 10278-10422 GPUAUX                  com.newaura.app                      E  [AUX]GuiExtAuxCheckAuxPath:682: Null anb
2026-05-06 12:52:22.894 10278-10422 GPUAUX                  com.newaura.app                      E  [AUX]GuiExtAuxCheckAuxPath:682: Null anb
2026-05-06 12:52:22.894 10278-10422 GPUAUX                  com.newaura.app                      E  [AUX]GuiExtAuxCheckAuxPath:682: Null anb
2026-05-06 12:52:22.894 10278-10422 GPUAUX                  com.newaura.app                      E  [AUX]GuiExtAuxCheckAuxPath:682: Null anb
2026-05-06 12:52:22.894 10278-10422 GPUAUX                  com.newaura.app                      E  [AUX]GuiExtAuxCheckAuxPath:682: Null anb
2026-05-06 12:52:22.894 10278-10422 GPUAUX                  com.newaura.app                      E  [AUX]GuiExtAuxCheckAuxPath:682: Null anb
2026-05-06 12:52:22.928 10278-10422 GPUAUX                  com.newaura.app                      E  [AUX]GuiExtAuxCheckAuxPath:682: Null anb
2026-05-06 12:52:22.928 10278-10422 GPUAUX                  com.newaura.app                      E  [AUX]GuiExtAuxCheckAuxPath:682: Null anb
2026-05-06 12:52:22.928 10278-10422 GPUAUX                  com.newaura.app                      E  [AUX]GuiExtAuxCheckAuxPath:682: Null anb
2026-05-06 12:52:22.928 10278-10422 GPUAUX                  com.newaura.app                      E  [AUX]GuiExtAuxCheckAuxPath:682: Null anb
2026-05-06 12:52:22.928 10278-10422 GPUAUX                  com.newaura.app                      E  [AUX]GuiExtAuxCheckAuxPath:682: Null anb
2026-05-06 12:52:22.929 10278-10422 GPUAUX                  com.newaura.app                      E  [AUX]GuiExtAuxCheckAuxPath:682: Null anb
2026-05-06 12:52:22.929 10278-10422 GPUAUX                  com.newaura.app                      E  [AUX]GuiExtAuxCheckAuxPath:682: Null anb
2026-05-06 12:52:22.929 10278-10422 GPUAUX                  com.newaura.app                      E  [AUX]GuiExtAuxCheckAuxPath:682: Null anb
2026-05-06 12:52:22.942 10278-10422 GPUAUX                  com.newaura.app                      E  [AUX]GuiExtAuxCheckAuxPath:682: Null anb
2026-05-06 12:52:22.943 10278-10422 GPUAUX                  com.newaura.app                      E  [AUX]GuiExtAuxCheckAuxPath:682: Null anb
2026-05-06 12:52:22.943 10278-10422 GPUAUX                  com.newaura.app                      E  [AUX]GuiExtAuxCheckAuxPath:682: Null anb
2026-05-06 12:52:22.943 10278-10422 GPUAUX                  com.newaura.app                      E  [AUX]GuiExtAuxCheckAuxPath:682: Null anb
2026-05-06 12:52:22.956 10278-10422 GPUAUX                  com.newaura.app                      E  [AUX]GuiExtAuxCheckAuxPath:682: Null anb
2026-05-06 12:52:22.956 10278-10422 GPUAUX                  com.newaura.app                      E  [AUX]GuiExtAuxCheckAuxPath:682: Null anb
2026-05-06 12:52:22.956 10278-10422 GPUAUX                  com.newaura.app                      E  [AUX]GuiExtAuxCheckAuxPath:682: Null anb
2026-05-06 12:52:22.956 10278-10422 GPUAUX                  com.newaura.app                      E  [AUX]GuiExtAuxCheckAuxPath:682: Null anb
2026-05-06 12:52:22.973 10278-10422 GPUAUX                  com.newaura.app                      E  [AUX]GuiExtAuxCheckAuxPath:682: Null anb
2026-05-06 12:52:22.973 10278-10422 GPUAUX                  com.newaura.app                      E  [AUX]GuiExtAuxCheckAuxPath:682: Null anb
2026-05-06 12:52:22.973 10278-10422 GPUAUX                  com.newaura.app                      E  [AUX]GuiExtAuxCheckAuxPath:682: Null anb
2026-05-06 12:52:22.973 10278-10422 GPUAUX                  com.newaura.app                      E  [AUX]GuiExtAuxCheckAuxPath:682: Null anb
2026-05-06 12:52:22.976 10278-11312 CapacitorCookies        com.newaura.app                      I  Setting cookie '__cf_bm=lZKJ4lx.2qp.LwPumEzhHZLiOyEngzUJm1NAr92TswA-1778052142.2227552-1.0.1.1-tSJnj9ADs8g6rpCak9W8IZ9ERKJjTSR61brs2JT9FgzQp.iKc3DKJ48AoUVnjzUHnF125dKsC8lw7GoeUnJXkH5rR546S0H3M_NK1cT0WFEIvaVqHJhOLBqiqCE7iW.W; HttpOnly; Secure; Path=/; Domain=supabase.co; Expires=Wed, 06 May 2026 07:52:22 GMT' at: 'https://ugfxjjakpsngfdrjlsdr.supabase.co/rest/v1/profiles?id=eq.2dfb823f-bb93-4e46-86cd-a520c5be7868'
2026-05-06 12:52:22.978 10278-10422 GPUAUX                  com.newaura.app                      E  [AUX]GuiExtAuxCheckAuxPath:682: Null anb
2026-05-06 12:52:22.979 10278-11312 CapacitorCookies        com.newaura.app                      I  Setting cookie '__cf_bm=lZKJ4lx.2qp.LwPumEzhHZLiOyEngzUJm1NAr92TswA-1778052142.2227552-1.0.1.1-tSJnj9ADs8g6rpCak9W8IZ9ERKJjTSR61brs2JT9FgzQp.iKc3DKJ48AoUVnjzUHnF125dKsC8lw7GoeUnJXkH5rR546S0H3M_NK1cT0WFEIvaVqHJhOLBqiqCE7iW.W; HttpOnly; Secure; Path=/; Domain=supabase.co; Expires=Wed, 06 May 2026 07:52:22 GMT' at: 'https://supabase.co'
2026-05-06 12:52:22.992 10278-10422 GPUAUX                  com.newaura.app                      E  [AUX]GuiExtAuxCheckAuxPath:682: Null anb
2026-05-06 12:52:22.993 10278-10422 GPUAUX                  com.newaura.app                      E  [AUX]GuiExtAuxCheckAuxPath:682: Null anb
2026-05-06 12:52:22.993 10278-10422 GPUAUX                  com.newaura.app                      E  [AUX]GuiExtAuxCheckAuxPath:682: Null anb
2026-05-06 12:52:22.993 10278-10422 GPUAUX                  com.newaura.app                      E  [AUX]GuiExtAuxCheckAuxPath:682: Null anb
2026-05-06 12:52:22.995 10278-10422 GPUAUX                  com.newaura.app                      E  [AUX]GuiExtAuxCheckAuxPath:682: Null anb
2026-05-06 12:52:23.010 10278-10278 Capacitor/Console       com.newaura.app                      I  File:  - Line 333 - Msg: {"status":204,"headers":{"alt-svc":"h3=\":443\"; ma=86400","CF-Cache-Status":"DYNAMIC","CF-Ray":"9f763bc0ef44444f-BOM","Connection":"keep-alive","Content-Range":"0-0/*","Date":"Wed, 06 May 2026 07:22:22 GMT","sb-gateway-version":"1","sb-project-ref":"ugfxjjakpsngfdrjlsdr","sb-request-id":"019dfc2a-9493-7be9-975c-f31c2befbf61","Server":"cloudflare","set-cookie":"__cf_bm=lZKJ4lx.2qp.LwPumEzhHZLiOyEngzUJm1NAr92TswA-1778052142.2227552-1.0.1.1-tSJnj9ADs8g6rpCak9W8IZ9ERKJjTSR61brs2JT9FgzQp.iKc3DKJ48AoUVnjzUHnF125dKsC8lw7GoeUnJXkH5rR546S0H3M_NK1cT0WFEIvaVqHJhOLBqiqCE7iW.W; HttpOnly; Secure; Path=/; Domain=supabase.co; Expires=Wed, 06 May 2026 07:52:22 GMT","Strict-Transport-Security":"max-age=31536000; includeSubDomains; preload","Vary":"Accept-Encoding","X-Android-Received-Millis":"1778052142976","X-Android-Response-Source":"NETWORK 204","X-Android-Selected-Protocol":"http/1.1","X-Android-Sent-Millis":"1778052142566","X-Content-Type-Options":"nosniff","x-envoy-attempt-count":"1","x-envoy-upstream-service-time":"159"},"url":"https://ugfxjjakpsngfdrjlsdr.supabase.co/rest/v1/profiles?id=eq.2dfb823f-bb93-4e46-86cd-a520c5be7868","data":""}
2026-05-06 12:52:23.011 10278-10278 Capacitor/Console       com.newaura.app                      D  File:  - Line 564 - Msg: CapacitorHttp fetch 1778052142420 https://ugfxjjakpsngfdrjlsdr.supabase.co/rest/v1/profiles?id=eq.2dfb823f-bb93-4e46-86cd-a520c5be7868: 589.06884765625 ms
2026-05-06 12:52:23.011 10278-10278 Capacitor/Console       com.newaura.app                      I  File: http://localhost/assets/supabase-CLpXqyPc.js - Line 24 - Msg: [SUPABASE FETCH SUCCESS] Status: 204 
2026-05-06 12:52:23.016 10278-10422 GPUAUX                  com.newaura.app                      E  [AUX]GuiExtAuxCheckAuxPath:682: Null anb
2026-05-06 12:52:23.016 10278-10422 GPUAUX                  com.newaura.app                      E  [AUX]GuiExtAuxCheckAuxPath:682: Null anb
2026-05-06 12:52:23.016 10278-10422 GPUAUX                  com.newaura.app                      E  [AUX]GuiExtAuxCheckAuxPath:682: Null anb
2026-05-06 12:52:23.016 10278-10422 GPUAUX                  com.newaura.app                      E  [AUX]GuiExtAuxCheckAuxPath:682: Null anb
2026-05-06 12:52:23.018 10278-10422 GPUAUX                  com.newaura.app                      E  [AUX]GuiExtAuxCheckAuxPath:682: Null anb
2026-05-06 12:52:23.032 10278-10422 GPUAUX                  com.newaura.app                      E  [AUX]GuiExtAuxCheckAuxPath:682: Null anb
2026-05-06 12:52:23.032 10278-10422 GPUAUX                  com.newaura.app                      E  [AUX]GuiExtAuxCheckAuxPath:682: Null anb
2026-05-06 12:52:23.032 10278-10422 GPUAUX                  com.newaura.app                      E  [AUX]GuiExtAuxCheckAuxPath:682: Null anb
2026-05-06 12:52:23.032 10278-10422 GPUAUX                  com.newaura.app                      E  [AUX]GuiExtAuxCheckAuxPath:682: Null anb
2026-05-06 12:52:23.032 10278-10422 GPUAUX                  com.newaura.app                      E  [AUX]GuiExtAuxCheckAuxPath:682: Null anb
2026-05-06 12:52:23.032 10278-10422 GPUAUX                  com.newaura.app                      E  [AUX]GuiExtAuxCheckAuxPath:682: Null anb
2026-05-06 12:52:23.032 10278-10422 GPUAUX                  com.newaura.app                      E  [AUX]GuiExtAuxCheckAuxPath:682: Null anb
2026-05-06 12:52:23.037 10278-10422 GPUAUX                  com.newaura.app                      E  [AUX]GuiExtAuxCheckAuxPath:682: Null anb
2026-05-06 12:52:23.050 10278-10422 GPUAUX                  com.newaura.app                      E  [AUX]GuiExtAuxCheckAuxPath:682: Null anb
2026-05-06 12:52:23.050 10278-10422 GPUAUX                  com.newaura.app                      E  [AUX]GuiExtAuxCheckAuxPath:682: Null anb
2026-05-06 12:52:23.050 10278-10422 GPUAUX                  com.newaura.app                      E  [AUX]GuiExtAuxCheckAuxPath:682: Null anb
2026-05-06 12:52:23.051 10278-10422 GPUAUX                  com.newaura.app                      E  [AUX]GuiExtAuxCheckAuxPath:682: Null anb
2026-05-06 12:52:23.067 10278-10422 GPUAUX                  com.newaura.app                      E  [AUX]GuiExtAuxCheckAuxPath:682: Null anb
2026-05-06 12:52:23.067 10278-10422 GPUAUX                  com.newaura.app                      E  [AUX]GuiExtAuxCheckAuxPath:682: Null anb
2026-05-06 12:52:23.067 10278-10422 GPUAUX                  com.newaura.app                      E  [AUX]GuiExtAuxCheckAuxPath:682: Null anb
2026-05-06 12:52:23.067 10278-10422 GPUAUX                  com.newaura.app                      E  [AUX]GuiExtAuxCheckAuxPath:682: Null anb
2026-05-06 12:52:23.081 10278-10422 GPUAUX                  com.newaura.app                      E  [AUX]GuiExtAuxCheckAuxPath:682: Null anb
2026-05-06 12:52:23.082 10278-10422 GPUAUX                  com.newaura.app                      E  [AUX]GuiExtAuxCheckAuxPath:682: Null anb
2026-05-06 12:52:23.082 10278-10422 GPUAUX                  com.newaura.app                      E  [AUX]GuiExtAuxCheckAuxPath:682: Null anb
2026-05-06 12:52:23.082 10278-10422 GPUAUX                  com.newaura.app                      E  [AUX]GuiExtAuxCheckAuxPath:682: Null anb
2026-05-06 12:52:23.098 10278-10422 GPUAUX                  com.newaura.app                      E  [AUX]GuiExtAuxCheckAuxPath:682: Null anb
2026-05-06 12:52:23.098 10278-10422 GPUAUX                  com.newaura.app                      E  [AUX]GuiExtAuxCheckAuxPath:682: Null anb
2026-05-06 12:52:23.098 10278-10422 GPUAUX                  com.newaura.app                      E  [AUX]GuiExtAuxCheckAuxPath:682: Null anb
2026-05-06 12:52:23.098 10278-10422 GPUAUX                  com.newaura.app                      E  [AUX]GuiExtAuxCheckAuxPath:682: Null anb
2026-05-06 12:52:23.111 10278-10422 GPUAUX                  com.newaura.app                      E  [AUX]GuiExtAuxCheckAuxPath:682: Null anb
2026-05-06 12:52:23.111 10278-10422 GPUAUX                  com.newaura.app                      E  [AUX]GuiExtAuxCheckAuxPath:682: Null anb
2026-05-06 12:52:23.112 10278-10422 GPUAUX                  com.newaura.app                      E  [AUX]GuiExtAuxCheckAuxPath:682: Null anb
2026-05-06 12:52:23.112 10278-10422 GPUAUX                  com.newaura.app                      E  [AUX]GuiExtAuxCheckAuxPath:682: Null anb
2026-05-06 12:52:23.127 10278-10422 GPUAUX                  com.newaura.app                      E  [AUX]GuiExtAuxCheckAuxPath:682: Null anb
2026-05-06 12:52:23.127 10278-10422 GPUAUX                  com.newaura.app                      E  [AUX]GuiExtAuxCheckAuxPath:682: Null anb
2026-05-06 12:52:23.127 10278-10422 GPUAUX                  com.newaura.app                      E  [AUX]GuiExtAuxCheckAuxPath:682: Null anb
2026-05-06 12:52:23.127 10278-10422 GPUAUX                  com.newaura.app                      E  [AUX]GuiExtAuxCheckAuxPath:682: Null anb
2026-05-06 12:52:23.144 10278-10422 GPUAUX                  com.newaura.app                      E  [AUX]GuiExtAuxCheckAuxPath:682: Null anb
2026-05-06 12:52:23.144 10278-10422 GPUAUX                  com.newaura.app                      E  [AUX]GuiExtAuxCheckAuxPath:682: Null anb
2026-05-06 12:52:23.144 10278-10422 GPUAUX                  com.newaura.app                      E  [AUX]GuiExtAuxCheckAuxPath:682: Null anb
2026-05-06 12:52:23.144 10278-10422 GPUAUX                  com.newaura.app                      E  [AUX]GuiExtAuxCheckAuxPath:682: Null anb
2026-05-06 12:52:23.159 10278-10422 GPUAUX                  com.newaura.app                      E  [AUX]GuiExtAuxCheckAuxPath:682: Null anb
2026-05-06 12:52:23.159 10278-10422 GPUAUX                  com.newaura.app                      E  [AUX]GuiExtAuxCheckAuxPath:682: Null anb
2026-05-06 12:52:23.159 10278-10422 GPUAUX                  com.newaura.app                      E  [AUX]GuiExtAuxCheckAuxPath:682: Null anb
2026-05-06 12:52:23.159 10278-10422 GPUAUX                  com.newaura.app                      E  [AUX]GuiExtAuxCheckAuxPath:682: Null anb
2026-05-06 12:52:23.174 10278-10422 GPUAUX                  com.newaura.app                      E  [AUX]GuiExtAuxCheckAuxPath:682: Null anb
2026-05-06 12:52:23.174 10278-10422 GPUAUX                  com.newaura.app                      E  [AUX]GuiExtAuxCheckAuxPath:682: Null anb
2026-05-06 12:52:23.174 10278-10422 GPUAUX                  com.newaura.app                      E  [AUX]GuiExtAuxCheckAuxPath:682: Null anb
2026-05-06 12:52:23.174 10278-10422 GPUAUX                  com.newaura.app                      E  [AUX]GuiExtAuxCheckAuxPath:682: Null anb
2026-05-06 12:52:23.188 10278-10422 GPUAUX                  com.newaura.app                      E  [AUX]GuiExtAuxCheckAuxPath:682: Null anb
2026-05-06 12:52:23.189 10278-10422 GPUAUX                  com.newaura.app                      E  [AUX]GuiExtAuxCheckAuxPath:682: Null anb
2026-05-06 12:52:23.189 10278-10422 GPUAUX                  com.newaura.app                      E  [AUX]GuiExtAuxCheckAuxPath:682: Null anb
2026-05-06 12:52:23.189 10278-10422 GPUAUX                  com.newaura.app                      E  [AUX]GuiExtAuxCheckAuxPath:682: Null anb
2026-05-06 12:52:23.205 10278-10422 GPUAUX                  com.newaura.app                      E  [AUX]GuiExtAuxCheckAuxPath:682: Null anb
2026-05-06 12:52:23.205 10278-10422 GPUAUX                  com.newaura.app                      E  [AUX]GuiExtAuxCheckAuxPath:682: Null anb
2026-05-06 12:52:23.205 10278-10422 GPUAUX                  com.newaura.app                      E  [AUX]GuiExtAuxCheckAuxPath:682: Null anb
2026-05-06 12:52:23.206 10278-10422 GPUAUX                  com.newaura.app                      E  [AUX]GuiExtAuxCheckAuxPath:682: Null anb
2026-05-06 12:52:23.222 10278-10422 GPUAUX                  com.newaura.app                      E  [AUX]GuiExtAuxCheckAuxPath:682: Null anb
2026-05-06 12:52:23.222 10278-10422 GPUAUX                  com.newaura.app                      E  [AUX]GuiExtAuxCheckAuxPath:682: Null anb
2026-05-06 12:52:23.222 10278-10422 GPUAUX                  com.newaura.app                      E  [AUX]GuiExtAuxCheckAuxPath:682: Null anb
2026-05-06 12:52:23.223 10278-10422 GPUAUX                  com.newaura.app                      E  [AUX]GuiExtAuxCheckAuxPath:682: Null anb
2026-05-06 12:52:23.243 10278-10422 GPUAUX                  com.newaura.app                      E  [AUX]GuiExtAuxCheckAuxPath:682: Null anb
2026-05-06 12:52:23.243 10278-10422 GPUAUX                  com.newaura.app                      E  [AUX]GuiExtAuxCheckAuxPath:682: Null anb
2026-05-06 12:52:23.243 10278-10422 GPUAUX                  com.newaura.app                      E  [AUX]GuiExtAuxCheckAuxPath:682: Null anb
2026-05-06 12:52:23.243 10278-10422 GPUAUX                  com.newaura.app                      E  [AUX]GuiExtAuxCheckAuxPath:682: Null anb
2026-05-06 12:52:23.261 10278-10422 GPUAUX                  com.newaura.app                      E  [AUX]GuiExtAuxCheckAuxPath:682: Null anb
2026-05-06 12:52:23.261 10278-10422 GPUAUX                  com.newaura.app                      E  [AUX]GuiExtAuxCheckAuxPath:682: Null anb
2026-05-06 12:52:23.261 10278-10422 GPUAUX                  com.newaura.app                      E  [AUX]GuiExtAuxCheckAuxPath:682: Null anb
2026-05-06 12:52:23.261 10278-10422 GPUAUX                  com.newaura.app                      E  [AUX]GuiExtAuxCheckAuxPath:682: Null anb
2026-05-06 12:52:23.275 10278-10422 GPUAUX                  com.newaura.app                      E  [AUX]GuiExtAuxCheckAuxPath:682: Null anb
2026-05-06 12:52:23.275 10278-10422 GPUAUX                  com.newaura.app                      E  [AUX]GuiExtAuxCheckAuxPath:682: Null anb
2026-05-06 12:52:23.275 10278-10422 GPUAUX                  com.newaura.app                      E  [AUX]GuiExtAuxCheckAuxPath:682: Null anb
2026-05-06 12:52:23.275 10278-10422 GPUAUX                  com.newaura.app                      E  [AUX]GuiExtAuxCheckAuxPath:682: Null anb
2026-05-06 12:52:23.288 10278-10422 GPUAUX                  com.newaura.app                      E  [AUX]GuiExtAuxCheckAuxPath:682: Null anb
2026-05-06 12:52:23.288 10278-10422 GPUAUX                  com.newaura.app                      E  [AUX]GuiExtAuxCheckAuxPath:682: Null anb
2026-05-06 12:52:23.288 10278-10422 GPUAUX                  com.newaura.app                      E  [AUX]GuiExtAuxCheckAuxPath:682: Null anb
2026-05-06 12:52:23.288 10278-10422 GPUAUX                  com.newaura.app                      E  [AUX]GuiExtAuxCheckAuxPath:682: Null anb
2026-05-06 12:52:23.306 10278-10422 GPUAUX                  com.newaura.app                      E  [AUX]GuiExtAuxCheckAuxPath:682: Null anb
2026-05-06 12:52:23.306 10278-10422 GPUAUX                  com.newaura.app                      E  [AUX]GuiExtAuxCheckAuxPath:682: Null anb
2026-05-06 12:52:23.306 10278-10422 GPUAUX                  com.newaura.app                      E  [AUX]GuiExtAuxCheckAuxPath:682: Null anb
2026-05-06 12:52:23.306 10278-10422 GPUAUX                  com.newaura.app                      E  [AUX]GuiExtAuxCheckAuxPath:682: Null anb
2026-05-06 12:52:23.323 10278-10422 GPUAUX                  com.newaura.app                      E  [AUX]GuiExtAuxCheckAuxPath:682: Null anb
2026-05-06 12:52:23.323 10278-10422 GPUAUX                  com.newaura.app                      E  [AUX]GuiExtAuxCheckAuxPath:682: Null anb
2026-05-06 12:52:23.323 10278-10422 GPUAUX                  com.newaura.app                      E  [AUX]GuiExtAuxCheckAuxPath:682: Null anb
2026-05-06 12:52:23.323 10278-10422 GPUAUX                  com.newaura.app                      E  [AUX]GuiExtAuxCheckAuxPath:682: Null anb
2026-05-06 12:52:23.339 10278-10422 GPUAUX                  com.newaura.app                      E  [AUX]GuiExtAuxCheckAuxPath:682: Null anb
2026-05-06 12:52:23.339 10278-10422 GPUAUX                  com.newaura.app                      E  [AUX]GuiExtAuxCheckAuxPath:682: Null anb
2026-05-06 12:52:23.339 10278-10422 GPUAUX                  com.newaura.app                      E  [AUX]GuiExtAuxCheckAuxPath:682: Null anb
2026-05-06 12:52:23.339 10278-10422 GPUAUX                  com.newaura.app                      E  [AUX]GuiExtAuxCheckAuxPath:682: Null anb
2026-05-06 12:52:23.355 10278-10422 GPUAUX                  com.newaura.app                      E  [AUX]GuiExtAuxCheckAuxPath:682: Null anb
2026-05-06 12:52:23.355 10278-10422 GPUAUX                  com.newaura.app                      E  [AUX]GuiExtAuxCheckAuxPath:682: Null anb
2026-05-06 12:52:23.356 10278-10422 GPUAUX                  com.newaura.app                      E  [AUX]GuiExtAuxCheckAuxPath:682: Null anb
2026-05-06 12:52:23.833 10278-10278 VRI[MainActivity]       com.newaura.app                      D  onFocusEvent false
2026-05-06 12:52:23.847 10278-10278 ImeTracker              com.newaura.app                      I  system_server:c563cf75: onCancelled at PHASE_CLIENT_ON_CONTROLS_CHANGED
2026-05-06 12:52:24.519 10278-11368 PowerHalMgrImpl         com.newaura.app                      I  hdl:423919, pid:10278 
2026-05-06 12:52:24.524 10278-10278 Capacitor/AppPlugin     com.newaura.app                      V  Notifying listeners for event pause
2026-05-06 12:52:24.524 10278-10278 Capacitor/AppPlugin     com.newaura.app                      D  No listeners found for event pause
2026-05-06 12:52:24.525 10278-10278 Capacitor               com.newaura.app                      D  App paused
2026-05-06 12:52:24.544 10278-10312 VRI[MainActivity]       com.newaura.app                      D  dispatchAppVisibility visible:false mUpcomingWindowFocus:false
2026-05-06 12:52:24.545 10278-10278 VRI[MainActivity]       com.newaura.app                      D  visibilityChanged oldVisibility=true newVisibility=false
2026-05-06 12:52:24.846 10278-10319 OplusScrollToTopManager com.newaura.app                      D  com.newaura.app/com.newaura.app.MainActivity,This com.android.internal.policy.DecorView{1e88251 V.E...... R....... 0,0-1080,2400 aid=0 alpha=1.0 viewInfo = }[MainActivity] change focus to false
2026-05-06 12:52:24.855 10278-10278 HWUI                    com.newaura.app                      D  RenderProxy::destroy: this=0xb4000077b5e58e00, mContext=0xb40000758dccb8c0
2026-05-06 12:52:24.855 10278-10422 HWUI                    com.newaura.app                      D  SkiaOpenGLPipeline::setSurface: this=0xb4000077984d3340, surface=NULL
2026-05-06 12:52:24.882 10278-10278 ViewRootImplExtImpl     com.newaura.app                      D  wrapConfigInfoIntoFlags rotation=0, smallestScreenWidthDp=360, residentWS=false, scenario=0, bounds=Rect(0, 0 - 1080, 2400), relayoutAsync=false, flags=0, newFlags=1258302720, title=com.newaura.app/com.newaura.app.MainActivity
2026-05-06 12:52:24.913 10278-10278 VRI[MainActivity]       com.newaura.app                      D  relayoutWindow result, sizeChanged:false, surfaceControlChanged:true, transformHintChanged:false, mSurfaceSize:Point(1080, 2400), mLastSurfaceSize:Point(1080, 2400), mWidth:1080, mHeight:2400, requestedWidth:1080, requestedHeight:2400, transformHint:0, installOrientation:0, displayRotation:0, isSurfaceValid:false, attr.flag:-2122252032, tmpFrames:ClientWindowFrames{frame=[0,0][1080,2400] display=[0,0][1080,2400] parentFrame=[0,0][0,0]}, relayoutAsync:false, mSyncSeqId:0
2026-05-06 12:52:24.961 10278-10290 com.newaura.app         com.newaura.app                      W  Suspending all threads took: 35.645ms
2026-05-06 12:52:24.971 10278-10278 BLASTBufferQueue        com.newaura.app                      D  [VRI[MainActivity][com.newaura.app/com.newaura.app.MainActivity]#0](f:0,a:3) destructor()
2026-05-06 12:52:24.972 10278-10278 BufferQueueConsumer     com.newaura.app                      D  [VRI[MainActivity][com.newaura.app/com.newaura.app.MainActivity]#0(BLAST Consumer)0](id:282600000000,api:0,p:-1,c:10278) disconnect
2026-05-06 12:52:25.195 10278-10278 VRI[MainActivity]       com.newaura.app                      D  setWindowStopped stopped:true
2026-05-06 12:52:25.199 10278-10278 AutofillManager         com.newaura.app                      I  onInvisibleForAutofill(): expiringResponse
2026-05-06 12:52:25.199 10278-10278 AutofillManager         com.newaura.app                      V  updateSessionLocked(): id=null, bounds=null, value=null, action=5, flags=0
2026-05-06 12:52:25.201 10278-10278 Capacitor/AppPlugin     com.newaura.app                      D  Firing change: false
2026-05-06 12:52:25.201 10278-10278 Capacitor/AppPlugin     com.newaura.app                      V  Notifying listeners for event appStateChange
2026-05-06 12:52:25.201 10278-10278 Capacitor/AppPlugin     com.newaura.app                      D  No listeners found for event appStateChange
2026-05-06 12:52:25.201 10278-10278 Capacitor               com.newaura.app                      D  App stopped
2026-05-06 12:52:25.280 10278-10278 Capacitor               com.newaura.app                      D  Saving instance state!
2026-05-06 12:52:25.288 10278-10278 WindowOnBackDispatcher  com.newaura.app                      W  sendCancelIfRunning: isInProgress=false callback=ImeCallback=ImeOnBackInvokedCallback@197878563 hash=202765716 Callback=android.window.IOnBackInvokedCallback$Stub$Proxy@fc37fe1
2026-05-06 12:52:25.292 10278-10278 ViewRootImplExtImpl     com.newaura.app                      D  wrapConfigInfoIntoFlags rotation=0, smallestScreenWidthDp=360, residentWS=false, scenario=0, bounds=Rect(0, 0 - 1080, 2400), relayoutAsync=false, flags=0, newFlags=1258302720, title=com.newaura.app/com.newaura.app.MainActivity
2026-05-06 12:52:25.302 10278-10278 VRI[MainActivity]       com.newaura.app                      D  relayoutWindow result, sizeChanged:false, surfaceControlChanged:true, transformHintChanged:false, mSurfaceSize:Point(1080, 2400), mLastSurfaceSize:Point(1080, 2400), mWidth:1080, mHeight:2400, requestedWidth:1080, requestedHeight:2400, transformHint:0, installOrientation:0, displayRotation:0, isSurfaceValid:false, attr.flag:-2122252032, tmpFrames:ClientWindowFrames{frame=[0,0][1080,2400] display=[0,0][1080,2400] parentFrame=[0,0][0,0]}, relayoutAsync:false, mSyncSeqId:0
2026-05-06 12:52:26.014 10278-10278 AutofillManager         com.newaura.app                      D  onActivityFinishing(): calling cancelLocked()
2026-05-06 12:52:26.014 10278-10278 AutofillManager         com.newaura.app                      V  cancelSessionLocked(): FINISHED
2026-05-06 12:52:26.015 10278-10278 WindowOnBackDispatcher  com.newaura.app                      W  sendCancelIfRunning: isInProgress=false callback=android.app.Activity$2@4882a89
2026-05-06 12:52:26.019 10278-10278 Capacitor               com.newaura.app                      D  App destroyed
2026-05-06 12:52:26.022 10278-10278 OplusScrollToTopManager com.newaura.app                      D  com.newaura.app/com.newaura.app.MainActivity,window dying
2026-05-06 12:52:26.023 10278-10278 OplusScrollToTopManager com.newaura.app                      D  com.newaura.app/com.newaura.app.MainActivity,unregisterSystemUIBroadcastReceiver 
2026-05-06 12:52:26.026 10278-10278 OplusScrollToTopManager com.newaura.app                      D  com.newaura.app/com.newaura.app.MainActivity, unregisterSystemUIBroadcastReceiver failed java.lang.IllegalArgumentException: Receiver not registered: android.view.OplusScrollToTopManager$2@5f34a19
---------------------------- PROCESS ENDED (10278) for package com.newaura.app ----------------------------
2026-05-06 12:52:29.659  2192-4273  OplusAppQu...Controller system_server                        E  notifyStartActivity intent:Intent { act=android.intent.action.MAIN cat=[android.intent.category.LAUNCHER] flg=0x10200000 xflg=0x4 cmp=com.newaura.app/.MainActivity bnds=[549,917][781,1217] (has extras) }
2026-05-06 12:52:29.816  2192-2235  OplusAppQu...Controller system_server                        E  scheduleHideStartingSurface addAfterPrepareSurface for:ActivityRecord{3746134 u0 com.newaura.app/.MainActivity
2026-05-06 12:52:29.883 12748-12748 nativeloader            com.newaura.app                      D  Load libframework-connectivity-tiramisu-jni.so using APEX ns com_android_tethering for caller /apex/com.android.tethering/javalib/framework-connectivity-t.jar: ok
2026-05-06 12:52:29.892 12748-12748 OplusActiv...eadExtImpl com.newaura.app                      D  java.lang.NoSuchMethodException: dalvik.system.VMRuntime.SupressionGC [int, int]
2026-05-06 12:52:29.894 12748-12748 OneTrace                com.newaura.app                      I  Mark active for pid=12748? true
2026-05-06 12:52:29.894 12748-12748 cutils-dev              com.newaura.app                      D  otrace_set_tracing_enabled? true tag:0
2026-05-06 12:52:29.895 12748-12753 cutils-dev              com.newaura.app                      D  properties changed in otrace_seq_number_changed!
2026-05-06 12:52:29.938  2192-2260  OplusThermalStats       system_server                        E  Error getting package info: com.newaura.app
