2026-05-07 20:43:37.529 30453-30515 GPUAUX                  com.newaura.app                      E  [AUX]GuiExtAuxCheckAuxPath:682: Null anb
2026-05-07 20:43:37.530 30453-30515 GPUAUX                  com.newaura.app                      E  [AUX]GuiExtAuxCheckAuxPath:682: Null anb
2026-05-07 20:43:37.535 30453-30515 GPUAUX                  com.newaura.app                      E  [AUX]GuiExtAuxCheckAuxPath:682: Null anb
2026-05-07 20:43:37.535 30453-30515 GPUAUX                  com.newaura.app                      E  [AUX]GuiExtAuxCheckAuxPath:682: Null anb
2026-05-07 20:43:37.569 30453-30515 GPUAUX                  com.newaura.app                      E  [AUX]GuiExtAuxCheckAuxPath:682: Null anb
2026-05-07 20:43:37.611 30453-30515 GPUAUX                  com.newaura.app                      E  [AUX]GuiExtAuxCheckAuxPath:682: Null anb
2026-05-07 20:43:37.614 30453-30515 GPUAUX                  com.newaura.app                      E  [AUX]GuiExtAuxCheckAuxPath:682: Null anb
2026-05-07 20:43:37.614 30453-30515 GPUAUX                  com.newaura.app                      E  [AUX]GuiExtAuxCheckAuxPath:682: Null anb
2026-05-07 20:43:37.659 30453-30515 GPUAUX                  com.newaura.app                      E  [AUX]GuiExtAuxCheckAuxPath:682: Null anb
2026-05-07 20:43:37.662 30453-30515 GPUAUX                  com.newaura.app                      E  [AUX]GuiExtAuxCheckAuxPath:682: Null anb
2026-05-07 20:43:37.663 30453-30515 GPUAUX                  com.newaura.app                      E  [AUX]GuiExtAuxCheckAuxPath:682: Null anb
2026-05-07 20:43:37.707 30453-30515 GPUAUX                  com.newaura.app                      E  [AUX]GuiExtAuxCheckAuxPath:682: Null anb
2026-05-07 20:43:37.707 30453-30515 GPUAUX                  com.newaura.app                      E  [AUX]GuiExtAuxCheckAuxPath:682: Null anb
2026-05-07 20:43:37.716 30453-30515 GPUAUX                  com.newaura.app                      E  [AUX]GuiExtAuxCheckAuxPath:682: Null anb
2026-05-07 20:43:37.748 30453-30515 GPUAUX                  com.newaura.app                      E  [AUX]GuiExtAuxCheckAuxPath:682: Null anb
2026-05-07 20:43:37.749 30453-30515 GPUAUX                  com.newaura.app                      E  [AUX]GuiExtAuxCheckAuxPath:682: Null anb
2026-05-07 20:43:37.791 30453-30515 GPUAUX                  com.newaura.app                      E  [AUX]GuiExtAuxCheckAuxPath:682: Null anb
2026-05-07 20:43:37.791 30453-30515 GPUAUX                  com.newaura.app                      E  [AUX]GuiExtAuxCheckAuxPath:682: Null anb
2026-05-07 20:43:40.566 30453-30515 GPUAUX                  com.newaura.app                      E  [AUX]GuiExtAuxCheckAuxPath:682: Null anb
2026-05-07 20:43:40.567 30453-30515 GPUAUX                  com.newaura.app                      E  [AUX]GuiExtAuxCheckAuxPath:682: Null anb
2026-05-07 20:43:41.374 30453-30453 IJankManager            com.newaura.app                      E  slideSceneEnd unknown scene 1002 mScene:-1
2026-05-07 20:43:41.374 30453-30453 AutofillManager         com.newaura.app                      V  requestHideFillUi(null): anchor = null
2026-05-07 20:43:41.416 30453-30515 GPUAUX                  com.newaura.app                      E  [AUX]GuiExtAuxCheckAuxPath:682: Null anb
2026-05-07 20:43:41.487 30453-30453 OplusViewD...ViewHelper com.newaura.app                      D  dispatchTouchView action = 1
2026-05-07 20:43:41.488 30453-30453 ViewRootImplExtImpl     com.newaura.app                      D  the up motion event handled by client, just return
2026-05-07 20:43:41.610 30453-30515 GPUAUX                  com.newaura.app                      E  [AUX]GuiExtAuxCheckAuxPath:682: Null anb
2026-05-07 20:43:41.621 30453-30515 GPUAUX                  com.newaura.app                      E  [AUX]GuiExtAuxCheckAuxPath:682: Null anb
2026-05-07 20:43:41.622 30453-30515 GPUAUX                  com.newaura.app                      E  [AUX]GuiExtAuxCheckAuxPath:682: Null anb
2026-05-07 20:43:41.622 30453-30515 GPUAUX                  com.newaura.app                      E  [AUX]GuiExtAuxCheckAuxPath:682: Null anb
2026-05-07 20:43:41.622 30453-30515 GPUAUX                  com.newaura.app                      E  [AUX]GuiExtAuxCheckAuxPath:682: Null anb
2026-05-07 20:43:41.622 30453-30515 GPUAUX                  com.newaura.app                      E  [AUX]GuiExtAuxCheckAuxPath:682: Null anb
2026-05-07 20:43:41.653 30453-30515 GPUAUX                  com.newaura.app                      E  [AUX]GuiExtAuxCheckAuxPath:682: Null anb
2026-05-07 20:43:41.694 30453-30515 GPUAUX                  com.newaura.app                      E  [AUX]GuiExtAuxCheckAuxPath:682: Null anb
2026-05-07 20:43:41.734 30453-30515 GPUAUX                  com.newaura.app                      E  [AUX]GuiExtAuxCheckAuxPath:682: Null anb
2026-05-07 20:43:41.743 30453-30515 GPUAUX                  com.newaura.app                      E  [AUX]GuiExtAuxCheckAuxPath:682: Null anb
2026-05-07 20:43:41.786 30453-30515 GPUAUX                  com.newaura.app                      E  [AUX]GuiExtAuxCheckAuxPath:682: Null anb
2026-05-07 20:43:41.786 30453-30515 GPUAUX                  com.newaura.app                      E  [AUX]GuiExtAuxCheckAuxPath:682: Null anb
2026-05-07 20:43:42.452 30453-30453 IJankManager            com.newaura.app                      E  slideSceneEnd unknown scene 1002 mScene:-1
2026-05-07 20:43:42.452 30453-30453 AutofillManager         com.newaura.app                      V  requestHideFillUi(null): anchor = null
2026-05-07 20:43:42.560 30453-30453 OplusViewD...ViewHelper com.newaura.app                      D  dispatchTouchView action = 1
2026-05-07 20:43:42.560 30453-30453 ViewRootImplExtImpl     com.newaura.app                      D  the up motion event handled by client, just return
2026-05-07 20:43:42.594 30453-30515 GPUAUX                  com.newaura.app                      E  [AUX]GuiExtAuxCheckAuxPath:682: Null anb
2026-05-07 20:43:42.596 30453-30453 Capacitor/Console       com.newaura.app                      I  File: http://localhost/assets/supabase-CLpXqyPc.js - Line 24 - Msg: [SUPABASE FETCH START] URL: https://ugfxjjakpsngfdrjlsdr.supabase.co/rest/v1/profiles?id=eq.2dfb823f-bb93-4e46-86cd-a520c5be7868 OPTIONS: {"method":"PATCH","headers":{},"body":"{\"last_seen\":\"2026-05-07T15:13:42.592Z\"}"}
2026-05-07 20:43:42.597 30453-30453 Capacitor/Console       com.newaura.app                      I  File:  - Line 349 - Msg: [object Object]
2026-05-07 20:43:42.599 30453-30453 Capacitor/Plugin        com.newaura.app                      V  To native (Capacitor plugin): callbackId: 69624973, pluginId: CapacitorHttp, methodName: request
2026-05-07 20:43:42.599 30453-30453 Capacitor               com.newaura.app                      V  callback: 69624973, pluginId: CapacitorHttp, methodName: request, methodData: {"url":"https:\/\/ugfxjjakpsngfdrjlsdr.supabase.co\/rest\/v1\/profiles?id=eq.2dfb823f-bb93-4e46-86cd-a520c5be7868","method":"PATCH","data":"{\"last_seen\":\"2026-05-07T15:13:42.592Z\"}","dataType":"json","headers":{"apikey":"eyJhbGciOiJIUzI1NiIsInR5cCI6IkpXVCJ9.eyJpc3MiOiJzdXBhYmFzZSIsInJlZiI6InVnZnhqamFrcHNuZ2Zkcmpsc2RyIiwicm9sZSI6ImFub24iLCJpYXQiOjE3NzQzNDY3NzQsImV4cCI6MjA4OTkyMjc3NH0.KiA-8YqdsgO1Is2Fumh4mqmfQY8i1O_K8RnQtBcjuGo","authorization":"Bearer eyJhbGciOiJFUzI1NiIsImtpZCI6IjRlMGRhZGY0LWM1MGYtNDMyNS1iMjQ3LWM4NTViMmRmNGE4YSIsInR5cCI6IkpXVCJ9.eyJpc3MiOiJodHRwczovL3VnZnhqamFrcHNuZ2Zkcmpsc2RyLnN1cGFiYXNlLmNvL2F1dGgvdjEiLCJzdWIiOiIyZGZiODIzZi1iYjkzLTRlNDYtODZjZC1hNTIwYzViZTc4NjgiLCJhdWQiOiJhdXRoZW50aWNhdGVkIiwiZXhwIjoxNzc4MTcwMzEyLCJpYXQiOjE3NzgxNjY3MTIsImVtYWlsIjoiZmlyc3R1c2VyQGdtYWlsLmNvbSIsInBob25lIjoiIiwiYXBwX21ldGFkYXRhIjp7InByb3ZpZGVyIjoiZW1haWwiLCJwcm92aWRlcnMiOlsiZW1haWwiXX0sInVzZXJfbWV0YWRhdGEiOnsiYXZhdGFyX2tleSI6WzExMSw0MywyMTcsMjUsMTc4LDEyMCwyNDYsODIsMTQ2LDIzMSwxMjUsMTU3LDE3MiwxNDYsOTcsNjUsOTQsODEsMjE3LDU4LDIzOCwyMzIsNzIsNzIsNDQsMjI3LDQ2LDU3LDExOCwxNTUsMjAwLDgxXSwiYXZhdGFyX25vbmNlIjpbMTUwLDE3LDE3MCwyNTAsMjEsMTksOTAsMjA5LDEzMSw5OCwxNiwxNzcsODksMTEwLDEyMiw5LDIzMiwxMTMsNjQsMiwyNyw0NiwyNTQsNDddLCJhdmF0YXJfdXJsIjoiaHR0cHM6Ly9yZXMuY2xvdWRpbmFyeS5jb20vZGVsNW8xdm5kL3Jhdy91cGxvYWQvdjE3NzU3NDkzMDIvZXd1NWF5dnd3OWx0YnJpYnBqNnkucmF3IiwiZGlzcGxheV9uYW1lIjoiUmlmZnUga2EgQWJ18J-QpfCfmYgiLCJlbWFpbF92ZXJpZmllZCI6dHJ1ZX0sInJvbGUiOiJhdXRoZW50aWNhdGVkIiwiYWFsIjoiYWFsMSIsImFtciI6W3sibWV0aG9kIjoicGFzc3dvcmQiLCJ0aW1lc3RhbXAiOjE3NzgxNjY3MTJ9XSwic2Vzc2lvbl9pZCI6IjZjOTc1ODI3LTIxOGItNDA5Mi1iN2Y1LWY2MjE4YTc1ZTcyMiIsImlzX2Fub255bW91cyI6ZmFsc2V9.qYCBT68T0iyHrSEscd0_IH2YIv7Su36IfZADEsdIq2QBxJz_PAcsVo91QzGxE2fOrQvffM_M8jnvs05XQmn_EQ","content-profile":"public","content-type":"application\/json","x-client-info":"supabase-js-web\/2.100.0"}}
2026-05-07 20:43:42.607 30453-31679 CapacitorCookies        com.newaura.app                      I  Getting cookies at: 'https://ugfxjjakpsngfdrjlsdr.supabase.co/rest/v1/profiles?id=eq.2dfb823f-bb93-4e46-86cd-a520c5be7868'
2026-05-07 20:43:42.607 30453-30515 GPUAUX                  com.newaura.app                      E  [AUX]GuiExtAuxCheckAuxPath:682: Null anb
2026-05-07 20:43:42.607 30453-30515 GPUAUX                  com.newaura.app                      E  [AUX]GuiExtAuxCheckAuxPath:682: Null anb
2026-05-07 20:43:42.637 30453-30515 GPUAUX                  com.newaura.app                      E  [AUX]GuiExtAuxCheckAuxPath:682: Null anb
2026-05-07 20:43:42.679 30453-30515 GPUAUX                  com.newaura.app                      E  [AUX]GuiExtAuxCheckAuxPath:682: Null anb
2026-05-07 20:43:42.705 30453-30515 GPUAUX                  com.newaura.app                      E  [AUX]GuiExtAuxCheckAuxPath:682: Null anb
2026-05-07 20:43:42.762 30453-30515 GPUAUX                  com.newaura.app                      E  [AUX]GuiExtAuxCheckAuxPath:682: Null anb
2026-05-07 20:43:42.769 30453-30515 GPUAUX                  com.newaura.app                      E  [AUX]GuiExtAuxCheckAuxPath:682: Null anb
2026-05-07 20:43:43.277 30453-31679 CapacitorCookies        com.newaura.app                      I  Setting cookie '__cf_bm=h33lflkRdN0LvgrM4C3pkBazxPv_CdMXnnT3wH5ihyo-1778166822.3052058-1.0.1.1-3yxiVCSuaxif4kEQp7YExu0qsjqgShK7FK_VKySA4g8BcjtCSmdCtDn9y5Usan3EQ7LAWHRju1bvhXMUgEcMb5bPe57OGNWvopL2WRkaChiS9pJgVgfVGAeQntzUMVM4; HttpOnly; Secure; Path=/; Domain=supabase.co; Expires=Thu, 07 May 2026 15:43:42 GMT' at: 'https://ugfxjjakpsngfdrjlsdr.supabase.co/rest/v1/profiles?id=eq.2dfb823f-bb93-4e46-86cd-a520c5be7868'
2026-05-07 20:43:43.285 30453-31679 CapacitorCookies        com.newaura.app                      I  Setting cookie '__cf_bm=h33lflkRdN0LvgrM4C3pkBazxPv_CdMXnnT3wH5ihyo-1778166822.3052058-1.0.1.1-3yxiVCSuaxif4kEQp7YExu0qsjqgShK7FK_VKySA4g8BcjtCSmdCtDn9y5Usan3EQ7LAWHRju1bvhXMUgEcMb5bPe57OGNWvopL2WRkaChiS9pJgVgfVGAeQntzUMVM4; HttpOnly; Secure; Path=/; Domain=supabase.co; Expires=Thu, 07 May 2026 15:43:42 GMT' at: 'https://supabase.co'
2026-05-07 20:43:43.306 30453-30453 Capacitor/Console       com.newaura.app                      I  File:  - Line 333 - Msg: {"status":204,"headers":{"alt-svc":"h3=\":443\"; ma=86400","CF-Cache-Status":"DYNAMIC","CF-Ray":"9f812b8f6f818b0b-BOM","Connection":"keep-alive","Content-Range":"0-0/*","Date":"Thu, 07 May 2026 15:13:42 GMT","sb-gateway-version":"1","sb-project-ref":"ugfxjjakpsngfdrjlsdr","sb-request-id":"019e0300-75a5-7e98-9e0b-a3e9b5361e6b","Server":"cloudflare","set-cookie":"__cf_bm=h33lflkRdN0LvgrM4C3pkBazxPv_CdMXnnT3wH5ihyo-1778166822.3052058-1.0.1.1-3yxiVCSuaxif4kEQp7YExu0qsjqgShK7FK_VKySA4g8BcjtCSmdCtDn9y5Usan3EQ7LAWHRju1bvhXMUgEcMb5bPe57OGNWvopL2WRkaChiS9pJgVgfVGAeQntzUMVM4; HttpOnly; Secure; Path=/; Domain=supabase.co; Expires=Thu, 07 May 2026 15:43:42 GMT","Strict-Transport-Security":"max-age=31536000; includeSubDomains; preload","Vary":"Accept-Encoding","X-Android-Received-Millis":"1778166823276","X-Android-Response-Source":"NETWORK 204","X-Android-Selected-Protocol":"http/1.1","X-Android-Sent-Millis":"1778166822610","X-Content-Type-Options":"nosniff","x-envoy-attempt-count":"1","x-envoy-upstream-service-time":"67"},"url":"https://ugfxjjakpsngfdrjlsdr.supabase.co/rest/v1/profiles?id=eq.2dfb823f-bb93-4e46-86cd-a520c5be7868","data":""}
2026-05-07 20:43:43.307 30453-30453 Capacitor/Console       com.newaura.app                      D  File:  - Line 564 - Msg: CapacitorHttp fetch 1778166822595 https://ugfxjjakpsngfdrjlsdr.supabase.co/rest/v1/profiles?id=eq.2dfb823f-bb93-4e46-86cd-a520c5be7868: 710.308837890625 ms
2026-05-07 20:43:43.307 30453-30453 Capacitor/Console       com.newaura.app                      I  File: http://localhost/assets/supabase-CLpXqyPc.js - Line 24 - Msg: [SUPABASE FETCH SUCCESS] Status: 204 
2026-05-07 20:43:45.037 30453-30453 IJankManager            com.newaura.app                      E  slideSceneEnd unknown scene 1002 mScene:-1
2026-05-07 20:43:45.038 30453-30453 AutofillManager         com.newaura.app                      V  requestHideFillUi(null): anchor = null
2026-05-07 20:43:45.112 30453-30453 OplusViewD...ViewHelper com.newaura.app                      D  dispatchTouchView action = 1
2026-05-07 20:43:45.113 30453-30453 ViewRootImplExtImpl     com.newaura.app                      D  the up motion event handled by client, just return
2026-05-07 20:43:45.643 30453-30453 IJankManager            com.newaura.app                      E  slideSceneEnd unknown scene 1002 mScene:-1
2026-05-07 20:43:45.643 30453-30453 AutofillManager         com.newaura.app                      V  requestHideFillUi(null): anchor = null
2026-05-07 20:43:45.710 30453-30453 OplusViewD...ViewHelper com.newaura.app                      D  dispatchTouchView action = 1
2026-05-07 20:43:45.711 30453-30453 ViewRootImplExtImpl     com.newaura.app                      D  the up motion event handled by client, just return
2026-05-07 20:43:45.725 30453-30757 SystemSens...gerExtImpl com.newaura.app                      V  RegisterListener game_rotvec type:15 delay:16666us by org.chromium.device.sensors.PlatformSensor@5a1f2ec from com.newaura.app
2026-05-07 20:43:45.839 30453-30515 GPUAUX                  com.newaura.app                      E  [AUX]GuiExtAuxCheckAuxPath:682: Null anb
2026-05-07 20:43:45.839 30453-30515 GPUAUX                  com.newaura.app                      E  [AUX]GuiExtAuxCheckAuxPath:682: Null anb
2026-05-07 20:43:45.839 30453-30515 GPUAUX                  com.newaura.app                      E  [AUX]GuiExtAuxCheckAuxPath:682: Null anb
2026-05-07 20:43:45.839 30453-30515 GPUAUX                  com.newaura.app                      E  [AUX]GuiExtAuxCheckAuxPath:682: Null anb
2026-05-07 20:43:45.840 30453-30515 GPUAUX                  com.newaura.app                      E  [AUX]GuiExtAuxCheckAuxPath:682: Null anb
2026-05-07 20:43:45.840 30453-30515 GPUAUX                  com.newaura.app                      E  [AUX]GuiExtAuxCheckAuxPath:682: Null anb
2026-05-07 20:43:45.840 30453-30515 GPUAUX                  com.newaura.app                      E  [AUX]GuiExtAuxCheckAuxPath:682: Null anb
2026-05-07 20:43:45.840 30453-30515 GPUAUX                  com.newaura.app                      E  [AUX]GuiExtAuxCheckAuxPath:682: Null anb
2026-05-07 20:43:45.840 30453-30515 GPUAUX                  com.newaura.app                      E  [AUX]GuiExtAuxCheckAuxPath:682: Null anb
2026-05-07 20:43:45.840 30453-30515 GPUAUX                  com.newaura.app                      E  [AUX]GuiExtAuxCheckAuxPath:682: Null anb
2026-05-07 20:43:45.840 30453-30515 GPUAUX                  com.newaura.app                      E  [AUX]GuiExtAuxCheckAuxPath:682: Null anb
2026-05-07 20:43:45.840 30453-30515 GPUAUX                  com.newaura.app                      E  [AUX]GuiExtAuxCheckAuxPath:682: Null anb
2026-05-07 20:43:45.840 30453-30515 GPUAUX                  com.newaura.app                      E  [AUX]GuiExtAuxCheckAuxPath:682: Null anb
2026-05-07 20:43:45.840 30453-30515 GPUAUX                  com.newaura.app                      E  [AUX]GuiExtAuxCheckAuxPath:682: Null anb
2026-05-07 20:43:45.840 30453-30515 GPUAUX                  com.newaura.app                      E  [AUX]GuiExtAuxCheckAuxPath:682: Null anb
2026-05-07 20:43:45.840 30453-30515 GPUAUX                  com.newaura.app                      E  [AUX]GuiExtAuxCheckAuxPath:682: Null anb
2026-05-07 20:43:45.840 30453-30515 GPUAUX                  com.newaura.app                      E  [AUX]GuiExtAuxCheckAuxPath:682: Null anb
2026-05-07 20:43:45.840 30453-30515 GPUAUX                  com.newaura.app                      E  [AUX]GuiExtAuxCheckAuxPath:682: Null anb
2026-05-07 20:43:45.841 30453-30515 GPUAUX                  com.newaura.app                      E  [AUX]GuiExtAuxCheckAuxPath:682: Null anb
2026-05-07 20:43:45.844 30453-30515 GPUAUX                  com.newaura.app                      E  [AUX]GuiExtAuxCheckAuxPath:682: Null anb
2026-05-07 20:43:45.844 30453-30515 GPUAUX                  com.newaura.app                      E  [AUX]GuiExtAuxCheckAuxPath:682: Null anb
2026-05-07 20:43:45.876 30453-30515 GPUAUX                  com.newaura.app                      E  [AUX]GuiExtAuxCheckAuxPath:682: Null anb
2026-05-07 20:43:45.876 30453-30515 GPUAUX                  com.newaura.app                      E  [AUX]GuiExtAuxCheckAuxPath:682: Null anb
2026-05-07 20:43:45.876 30453-30515 GPUAUX                  com.newaura.app                      E  [AUX]GuiExtAuxCheckAuxPath:682: Null anb
2026-05-07 20:43:45.876 30453-30515 GPUAUX                  com.newaura.app                      E  [AUX]GuiExtAuxCheckAuxPath:682: Null anb
2026-05-07 20:43:45.876 30453-30515 GPUAUX                  com.newaura.app                      E  [AUX]GuiExtAuxCheckAuxPath:682: Null anb
2026-05-07 20:43:45.876 30453-30515 GPUAUX                  com.newaura.app                      E  [AUX]GuiExtAuxCheckAuxPath:682: Null anb
2026-05-07 20:43:45.876 30453-30515 GPUAUX                  com.newaura.app                      E  [AUX]GuiExtAuxCheckAuxPath:682: Null anb
2026-05-07 20:43:45.876 30453-30515 GPUAUX                  com.newaura.app                      E  [AUX]GuiExtAuxCheckAuxPath:682: Null anb
2026-05-07 20:43:45.876 30453-30515 GPUAUX                  com.newaura.app                      E  [AUX]GuiExtAuxCheckAuxPath:682: Null anb
2026-05-07 20:43:45.876 30453-30515 GPUAUX                  com.newaura.app                      E  [AUX]GuiExtAuxCheckAuxPath:682: Null anb
2026-05-07 20:43:45.876 30453-30515 GPUAUX                  com.newaura.app                      E  [AUX]GuiExtAuxCheckAuxPath:682: Null anb
2026-05-07 20:43:45.876 30453-30515 GPUAUX                  com.newaura.app                      E  [AUX]GuiExtAuxCheckAuxPath:682: Null anb
2026-05-07 20:43:45.876 30453-30515 GPUAUX                  com.newaura.app                      E  [AUX]GuiExtAuxCheckAuxPath:682: Null anb
2026-05-07 20:43:45.876 30453-30515 GPUAUX                  com.newaura.app                      E  [AUX]GuiExtAuxCheckAuxPath:682: Null anb
2026-05-07 20:43:45.877 30453-30515 GPUAUX                  com.newaura.app                      E  [AUX]GuiExtAuxCheckAuxPath:682: Null anb
2026-05-07 20:43:45.911 30453-30757 SystemSens...gerExtImpl com.newaura.app                      V  unRegisterListener by org.chromium.device.sensors.PlatformSensor@5a1f2ec and its name is game_rotvec
2026-05-07 20:43:45.969 30453-30515 GPUAUX                  com.newaura.app                      E  [AUX]GuiExtAuxCheckAuxPath:682: Null anb
2026-05-07 20:43:45.970 30453-30515 GPUAUX                  com.newaura.app                      E  [AUX]GuiExtAuxCheckAuxPath:682: Null anb
2026-05-07 20:43:45.970 30453-30515 GPUAUX                  com.newaura.app                      E  [AUX]GuiExtAuxCheckAuxPath:682: Null anb
2026-05-07 20:43:45.970 30453-30515 GPUAUX                  com.newaura.app                      E  [AUX]GuiExtAuxCheckAuxPath:682: Null anb
2026-05-07 20:43:45.970 30453-30515 GPUAUX                  com.newaura.app                      E  [AUX]GuiExtAuxCheckAuxPath:682: Null anb
2026-05-07 20:43:45.970 30453-30515 GPUAUX                  com.newaura.app                      E  [AUX]GuiExtAuxCheckAuxPath:682: Null anb
2026-05-07 20:43:45.970 30453-30515 GPUAUX                  com.newaura.app                      E  [AUX]GuiExtAuxCheckAuxPath:682: Null anb
2026-05-07 20:43:45.970 30453-30515 GPUAUX                  com.newaura.app                      E  [AUX]GuiExtAuxCheckAuxPath:682: Null anb
2026-05-07 20:43:45.970 30453-30515 GPUAUX                  com.newaura.app                      E  [AUX]GuiExtAuxCheckAuxPath:682: Null anb
2026-05-07 20:43:45.970 30453-30515 GPUAUX                  com.newaura.app                      E  [AUX]GuiExtAuxCheckAuxPath:682: Null anb
2026-05-07 20:43:45.971 30453-30515 GPUAUX                  com.newaura.app                      E  [AUX]GuiExtAuxCheckAuxPath:682: Null anb
2026-05-07 20:43:45.971 30453-30515 GPUAUX                  com.newaura.app                      E  [AUX]GuiExtAuxCheckAuxPath:682: Null anb
2026-05-07 20:43:45.971 30453-30515 GPUAUX                  com.newaura.app                      E  [AUX]GuiExtAuxCheckAuxPath:682: Null anb
2026-05-07 20:43:45.971 30453-30515 GPUAUX                  com.newaura.app                      E  [AUX]GuiExtAuxCheckAuxPath:682: Null anb
2026-05-07 20:43:45.971 30453-30515 GPUAUX                  com.newaura.app                      E  [AUX]GuiExtAuxCheckAuxPath:682: Null anb
2026-05-07 20:43:45.974 30453-30515 GPUAUX                  com.newaura.app                      E  [AUX]GuiExtAuxCheckAuxPath:682: Null anb
2026-05-07 20:43:45.975 30453-30515 GPUAUX                  com.newaura.app                      E  [AUX]GuiExtAuxCheckAuxPath:682: Null anb
2026-05-07 20:43:45.994 30453-30515 GPUAUX                  com.newaura.app                      E  [AUX]GuiExtAuxCheckAuxPath:682: Null anb
2026-05-07 20:43:46.055 30453-30515 GPUAUX                  com.newaura.app                      E  [AUX]GuiExtAuxCheckAuxPath:682: Null anb
2026-05-07 20:43:46.055 30453-30515 GPUAUX                  com.newaura.app                      E  [AUX]GuiExtAuxCheckAuxPath:682: Null anb
2026-05-07 20:43:46.055 30453-30515 GPUAUX                  com.newaura.app                      E  [AUX]GuiExtAuxCheckAuxPath:682: Null anb
2026-05-07 20:43:46.055 30453-30515 GPUAUX                  com.newaura.app                      E  [AUX]GuiExtAuxCheckAuxPath:682: Null anb
2026-05-07 20:43:46.055 30453-30515 GPUAUX                  com.newaura.app                      E  [AUX]GuiExtAuxCheckAuxPath:682: Null anb
2026-05-07 20:43:46.055 30453-30515 GPUAUX                  com.newaura.app                      E  [AUX]GuiExtAuxCheckAuxPath:682: Null anb
2026-05-07 20:43:46.055 30453-30515 GPUAUX                  com.newaura.app                      E  [AUX]GuiExtAuxCheckAuxPath:682: Null anb
2026-05-07 20:43:46.055 30453-30515 GPUAUX                  com.newaura.app                      E  [AUX]GuiExtAuxCheckAuxPath:682: Null anb
2026-05-07 20:43:46.055 30453-30515 GPUAUX                  com.newaura.app                      E  [AUX]GuiExtAuxCheckAuxPath:682: Null anb
2026-05-07 20:43:46.056 30453-30515 GPUAUX                  com.newaura.app                      E  [AUX]GuiExtAuxCheckAuxPath:682: Null anb
2026-05-07 20:43:46.056 30453-30515 GPUAUX                  com.newaura.app                      E  [AUX]GuiExtAuxCheckAuxPath:682: Null anb
2026-05-07 20:43:46.056 30453-30515 GPUAUX                  com.newaura.app                      E  [AUX]GuiExtAuxCheckAuxPath:682: Null anb
2026-05-07 20:43:46.056 30453-30515 GPUAUX                  com.newaura.app                      E  [AUX]GuiExtAuxCheckAuxPath:682: Null anb
2026-05-07 20:43:46.056 30453-30515 GPUAUX                  com.newaura.app                      E  [AUX]GuiExtAuxCheckAuxPath:682: Null anb
2026-05-07 20:43:46.056 30453-30515 GPUAUX                  com.newaura.app                      E  [AUX]GuiExtAuxCheckAuxPath:682: Null anb
2026-05-07 20:43:46.059 30453-30515 GPUAUX                  com.newaura.app                      E  [AUX]GuiExtAuxCheckAuxPath:682: Null anb
2026-05-07 20:43:46.060 30453-30515 GPUAUX                  com.newaura.app                      E  [AUX]GuiExtAuxCheckAuxPath:682: Null anb
2026-05-07 20:43:46.080 30453-30515 GPUAUX                  com.newaura.app                      E  [AUX]GuiExtAuxCheckAuxPath:682: Null anb
2026-05-07 20:43:46.093 30453-30515 GPUAUX                  com.newaura.app                      E  [AUX]GuiExtAuxCheckAuxPath:682: Null anb
2026-05-07 20:43:46.093 30453-30515 GPUAUX                  com.newaura.app                      E  [AUX]GuiExtAuxCheckAuxPath:682: Null anb
2026-05-07 20:43:46.129 30453-30515 GPUAUX                  com.newaura.app                      E  [AUX]GuiExtAuxCheckAuxPath:682: Null anb
2026-05-07 20:43:46.138 30453-30515 GPUAUX                  com.newaura.app                      E  [AUX]GuiExtAuxCheckAuxPath:682: Null anb
2026-05-07 20:43:46.138 30453-30515 GPUAUX                  com.newaura.app                      E  [AUX]GuiExtAuxCheckAuxPath:682: Null anb
2026-05-07 20:43:46.197 30453-30515 GPUAUX                  com.newaura.app                      E  [AUX]GuiExtAuxCheckAuxPath:682: Null anb
2026-05-07 20:43:46.197 30453-30515 GPUAUX                  com.newaura.app                      E  [AUX]GuiExtAuxCheckAuxPath:682: Null anb
2026-05-07 20:43:46.197 30453-30515 GPUAUX                  com.newaura.app                      E  [AUX]GuiExtAuxCheckAuxPath:682: Null anb
2026-05-07 20:43:46.197 30453-30515 GPUAUX                  com.newaura.app                      E  [AUX]GuiExtAuxCheckAuxPath:682: Null anb
2026-05-07 20:43:46.197 30453-30515 GPUAUX                  com.newaura.app                      E  [AUX]GuiExtAuxCheckAuxPath:682: Null anb
2026-05-07 20:43:46.197 30453-30515 GPUAUX                  com.newaura.app                      E  [AUX]GuiExtAuxCheckAuxPath:682: Null anb
2026-05-07 20:43:46.371 30453-30515 GPUAUX                  com.newaura.app                      E  [AUX]GuiExtAuxCheckAuxPath:682: Null anb
2026-05-07 20:43:47.030 30453-30453 IJankManager            com.newaura.app                      E  slideSceneEnd unknown scene 1002 mScene:-1
2026-05-07 20:43:47.030 30453-30453 AutofillManager         com.newaura.app                      V  requestHideFillUi(null): anchor = null
2026-05-07 20:43:47.080 30453-30453 OplusViewD...ViewHelper com.newaura.app                      D  dispatchTouchView action = 1
2026-05-07 20:43:47.081 30453-30453 ViewRootImplExtImpl     com.newaura.app                      D  the up motion event handled by client, just return
2026-05-07 20:43:47.115 30453-30515 GPUAUX                  com.newaura.app                      E  [AUX]GuiExtAuxCheckAuxPath:682: Null anb
2026-05-07 20:43:47.117 30453-30515 GPUAUX                  com.newaura.app                      E  [AUX]GuiExtAuxCheckAuxPath:682: Null anb
2026-05-07 20:43:47.118 30453-30515 GPUAUX                  com.newaura.app                      E  [AUX]GuiExtAuxCheckAuxPath:682: Null anb
2026-05-07 20:43:47.122 30453-30515 GPUAUX                  com.newaura.app                      E  [AUX]GuiExtAuxCheckAuxPath:682: Null anb
2026-05-07 20:43:47.122 30453-30515 GPUAUX                  com.newaura.app                      E  [AUX]GuiExtAuxCheckAuxPath:682: Null anb
2026-05-07 20:43:47.157 30453-30515 GPUAUX                  com.newaura.app                      E  [AUX]GuiExtAuxCheckAuxPath:682: Null anb
2026-05-07 20:43:47.159 30453-30515 GPUAUX                  com.newaura.app                      E  [AUX]GuiExtAuxCheckAuxPath:682: Null anb
2026-05-07 20:43:47.160 30453-30515 GPUAUX                  com.newaura.app                      E  [AUX]GuiExtAuxCheckAuxPath:682: Null anb
2026-05-07 20:43:47.202 30453-30515 GPUAUX                  com.newaura.app                      E  [AUX]GuiExtAuxCheckAuxPath:682: Null anb
2026-05-07 20:43:47.204 30453-30515 GPUAUX                  com.newaura.app                      E  [AUX]GuiExtAuxCheckAuxPath:682: Null anb
2026-05-07 20:43:47.204 30453-30515 GPUAUX                  com.newaura.app                      E  [AUX]GuiExtAuxCheckAuxPath:682: Null anb
2026-05-07 20:43:47.244 30453-30515 GPUAUX                  com.newaura.app                      E  [AUX]GuiExtAuxCheckAuxPath:682: Null anb
2026-05-07 20:43:47.248 30453-30515 GPUAUX                  com.newaura.app                      E  [AUX]GuiExtAuxCheckAuxPath:682: Null anb
2026-05-07 20:43:47.248 30453-30515 GPUAUX                  com.newaura.app                      E  [AUX]GuiExtAuxCheckAuxPath:682: Null anb
2026-05-07 20:43:47.287 30453-30515 GPUAUX                  com.newaura.app                      E  [AUX]GuiExtAuxCheckAuxPath:682: Null anb
2026-05-07 20:43:47.290 30453-30515 GPUAUX                  com.newaura.app                      E  [AUX]GuiExtAuxCheckAuxPath:682: Null anb
2026-05-07 20:43:47.291 30453-30515 GPUAUX                  com.newaura.app                      E  [AUX]GuiExtAuxCheckAuxPath:682: Null anb
2026-05-07 20:43:47.298 30453-30515 GPUAUX                  com.newaura.app                      E  [AUX]GuiExtAuxCheckAuxPath:682: Null anb
2026-05-07 20:43:47.330 30453-30515 GPUAUX                  com.newaura.app                      E  [AUX]GuiExtAuxCheckAuxPath:682: Null anb
2026-05-07 20:43:47.330 30453-30515 GPUAUX                  com.newaura.app                      E  [AUX]GuiExtAuxCheckAuxPath:682: Null anb
2026-05-07 20:43:48.319 30453-30453 IJankManager            com.newaura.app                      E  slideSceneEnd unknown scene 1002 mScene:-1
2026-05-07 20:43:48.320 30453-30453 AutofillManager         com.newaura.app                      V  requestHideFillUi(null): anchor = null
2026-05-07 20:43:48.377 30453-30453 OplusViewD...ViewHelper com.newaura.app                      D  dispatchTouchView action = 1
2026-05-07 20:43:48.378 30453-30453 ViewRootImplExtImpl     com.newaura.app                      D  the up motion event handled by client, just return
2026-05-07 20:43:48.966 30453-30453 IJankManager            com.newaura.app                      E  slideSceneEnd unknown scene 1002 mScene:-1
2026-05-07 20:43:48.966 30453-30453 AutofillManager         com.newaura.app                      V  requestHideFillUi(null): anchor = null
2026-05-07 20:43:49.034 30453-30453 OplusViewD...ViewHelper com.newaura.app                      D  dispatchTouchView action = 1
2026-05-07 20:43:49.035 30453-30453 ViewRootImplExtImpl     com.newaura.app                      D  the up motion event handled by client, just return
2026-05-07 20:43:49.048 30453-30757 SystemSens...gerExtImpl com.newaura.app                      V  RegisterListener game_rotvec type:15 delay:16666us by org.chromium.device.sensors.PlatformSensor@5a1f2ec from com.newaura.app
2026-05-07 20:43:49.097 30453-30515 GPUAUX                  com.newaura.app                      E  [AUX]GuiExtAuxCheckAuxPath:682: Null anb
2026-05-07 20:43:49.097 30453-30515 GPUAUX                  com.newaura.app                      E  [AUX]GuiExtAuxCheckAuxPath:682: Null anb
2026-05-07 20:43:49.097 30453-30515 GPUAUX                  com.newaura.app                      E  [AUX]GuiExtAuxCheckAuxPath:682: Null anb
2026-05-07 20:43:49.098 30453-30515 GPUAUX                  com.newaura.app                      E  [AUX]GuiExtAuxCheckAuxPath:682: Null anb
2026-05-07 20:43:49.098 30453-30515 GPUAUX                  com.newaura.app                      E  [AUX]GuiExtAuxCheckAuxPath:682: Null anb
2026-05-07 20:43:49.098 30453-30515 GPUAUX                  com.newaura.app                      E  [AUX]GuiExtAuxCheckAuxPath:682: Null anb
2026-05-07 20:43:49.098 30453-30515 GPUAUX                  com.newaura.app                      E  [AUX]GuiExtAuxCheckAuxPath:682: Null anb
2026-05-07 20:43:49.098 30453-30515 GPUAUX                  com.newaura.app                      E  [AUX]GuiExtAuxCheckAuxPath:682: Null anb
2026-05-07 20:43:49.098 30453-30515 GPUAUX                  com.newaura.app                      E  [AUX]GuiExtAuxCheckAuxPath:682: Null anb
2026-05-07 20:43:49.098 30453-30515 GPUAUX                  com.newaura.app                      E  [AUX]GuiExtAuxCheckAuxPath:682: Null anb
2026-05-07 20:43:49.098 30453-30515 GPUAUX                  com.newaura.app                      E  [AUX]GuiExtAuxCheckAuxPath:682: Null anb
2026-05-07 20:43:49.098 30453-30515 GPUAUX                  com.newaura.app                      E  [AUX]GuiExtAuxCheckAuxPath:682: Null anb
2026-05-07 20:43:49.098 30453-30515 GPUAUX                  com.newaura.app                      E  [AUX]GuiExtAuxCheckAuxPath:682: Null anb
2026-05-07 20:43:49.098 30453-30515 GPUAUX                  com.newaura.app                      E  [AUX]GuiExtAuxCheckAuxPath:682: Null anb
2026-05-07 20:43:49.099 30453-30515 GPUAUX                  com.newaura.app                      E  [AUX]GuiExtAuxCheckAuxPath:682: Null anb
2026-05-07 20:43:49.099 30453-30515 GPUAUX                  com.newaura.app                      E  [AUX]GuiExtAuxCheckAuxPath:682: Null anb
2026-05-07 20:43:49.099 30453-30515 GPUAUX                  com.newaura.app                      E  [AUX]GuiExtAuxCheckAuxPath:682: Null anb
2026-05-07 20:43:49.099 30453-30515 GPUAUX                  com.newaura.app                      E  [AUX]GuiExtAuxCheckAuxPath:682: Null anb
2026-05-07 20:43:49.099 30453-30515 GPUAUX                  com.newaura.app                      E  [AUX]GuiExtAuxCheckAuxPath:682: Null anb
2026-05-07 20:43:49.153 30453-30515 GPUAUX                  com.newaura.app                      E  [AUX]GuiExtAuxCheckAuxPath:682: Null anb
2026-05-07 20:43:49.154 30453-30515 GPUAUX                  com.newaura.app                      E  [AUX]GuiExtAuxCheckAuxPath:682: Null anb
2026-05-07 20:43:49.154 30453-30515 GPUAUX                  com.newaura.app                      E  [AUX]GuiExtAuxCheckAuxPath:682: Null anb
2026-05-07 20:43:49.154 30453-30515 GPUAUX                  com.newaura.app                      E  [AUX]GuiExtAuxCheckAuxPath:682: Null anb
2026-05-07 20:43:49.154 30453-30515 GPUAUX                  com.newaura.app                      E  [AUX]GuiExtAuxCheckAuxPath:682: Null anb
2026-05-07 20:43:49.154 30453-30515 GPUAUX                  com.newaura.app                      E  [AUX]GuiExtAuxCheckAuxPath:682: Null anb
2026-05-07 20:43:49.154 30453-30515 GPUAUX                  com.newaura.app                      E  [AUX]GuiExtAuxCheckAuxPath:682: Null anb
2026-05-07 20:43:49.154 30453-30515 GPUAUX                  com.newaura.app                      E  [AUX]GuiExtAuxCheckAuxPath:682: Null anb
2026-05-07 20:43:49.154 30453-30515 GPUAUX                  com.newaura.app                      E  [AUX]GuiExtAuxCheckAuxPath:682: Null anb
2026-05-07 20:43:49.154 30453-30515 GPUAUX                  com.newaura.app                      E  [AUX]GuiExtAuxCheckAuxPath:682: Null anb
2026-05-07 20:43:49.154 30453-30515 GPUAUX                  com.newaura.app                      E  [AUX]GuiExtAuxCheckAuxPath:682: Null anb
2026-05-07 20:43:49.154 30453-30515 GPUAUX                  com.newaura.app                      E  [AUX]GuiExtAuxCheckAuxPath:682: Null anb
2026-05-07 20:43:49.154 30453-30515 GPUAUX                  com.newaura.app                      E  [AUX]GuiExtAuxCheckAuxPath:682: Null anb
2026-05-07 20:43:49.155 30453-30515 GPUAUX                  com.newaura.app                      E  [AUX]GuiExtAuxCheckAuxPath:682: Null anb
2026-05-07 20:43:49.155 30453-30515 GPUAUX                  com.newaura.app                      E  [AUX]GuiExtAuxCheckAuxPath:682: Null anb
2026-05-07 20:43:49.232 30453-30515 GPUAUX                  com.newaura.app                      E  [AUX]GuiExtAuxCheckAuxPath:682: Null anb
2026-05-07 20:43:49.232 30453-30515 GPUAUX                  com.newaura.app                      E  [AUX]GuiExtAuxCheckAuxPath:682: Null anb
2026-05-07 20:43:49.232 30453-30515 GPUAUX                  com.newaura.app                      E  [AUX]GuiExtAuxCheckAuxPath:682: Null anb
2026-05-07 20:43:49.232 30453-30515 GPUAUX                  com.newaura.app                      E  [AUX]GuiExtAuxCheckAuxPath:682: Null anb
2026-05-07 20:43:49.233 30453-30515 GPUAUX                  com.newaura.app                      E  [AUX]GuiExtAuxCheckAuxPath:682: Null anb
2026-05-07 20:43:49.233 30453-30515 GPUAUX                  com.newaura.app                      E  [AUX]GuiExtAuxCheckAuxPath:682: Null anb
2026-05-07 20:43:49.233 30453-30515 GPUAUX                  com.newaura.app                      E  [AUX]GuiExtAuxCheckAuxPath:682: Null anb
2026-05-07 20:43:49.233 30453-30515 GPUAUX                  com.newaura.app                      E  [AUX]GuiExtAuxCheckAuxPath:682: Null anb
2026-05-07 20:43:49.233 30453-30515 GPUAUX                  com.newaura.app                      E  [AUX]GuiExtAuxCheckAuxPath:682: Null anb
2026-05-07 20:43:49.233 30453-30515 GPUAUX                  com.newaura.app                      E  [AUX]GuiExtAuxCheckAuxPath:682: Null anb
2026-05-07 20:43:49.233 30453-30515 GPUAUX                  com.newaura.app                      E  [AUX]GuiExtAuxCheckAuxPath:682: Null anb
2026-05-07 20:43:49.233 30453-30515 GPUAUX                  com.newaura.app                      E  [AUX]GuiExtAuxCheckAuxPath:682: Null anb
2026-05-07 20:43:49.233 30453-30515 GPUAUX                  com.newaura.app                      E  [AUX]GuiExtAuxCheckAuxPath:682: Null anb
2026-05-07 20:43:49.233 30453-30515 GPUAUX                  com.newaura.app                      E  [AUX]GuiExtAuxCheckAuxPath:682: Null anb
2026-05-07 20:43:49.233 30453-30515 GPUAUX                  com.newaura.app                      E  [AUX]GuiExtAuxCheckAuxPath:682: Null anb
2026-05-07 20:43:49.237 30453-30515 GPUAUX                  com.newaura.app                      E  [AUX]GuiExtAuxCheckAuxPath:682: Null anb
2026-05-07 20:43:49.237 30453-30515 GPUAUX                  com.newaura.app                      E  [AUX]GuiExtAuxCheckAuxPath:682: Null anb
2026-05-07 20:43:49.251 30453-30757 SystemSens...gerExtImpl com.newaura.app                      V  unRegisterListener by org.chromium.device.sensors.PlatformSensor@5a1f2ec and its name is game_rotvec
2026-05-07 20:43:49.257 30453-30515 GPUAUX                  com.newaura.app                      E  [AUX]GuiExtAuxCheckAuxPath:682: Null anb
2026-05-07 20:43:49.308 30453-30515 GPUAUX                  com.newaura.app                      E  [AUX]GuiExtAuxCheckAuxPath:682: Null anb
2026-05-07 20:43:49.308 30453-30515 GPUAUX                  com.newaura.app                      E  [AUX]GuiExtAuxCheckAuxPath:682: Null anb
2026-05-07 20:43:49.308 30453-30515 GPUAUX                  com.newaura.app                      E  [AUX]GuiExtAuxCheckAuxPath:682: Null anb
2026-05-07 20:43:49.308 30453-30515 GPUAUX                  com.newaura.app                      E  [AUX]GuiExtAuxCheckAuxPath:682: Null anb
2026-05-07 20:43:49.309 30453-30515 GPUAUX                  com.newaura.app                      E  [AUX]GuiExtAuxCheckAuxPath:682: Null anb
2026-05-07 20:43:49.309 30453-30515 GPUAUX                  com.newaura.app                      E  [AUX]GuiExtAuxCheckAuxPath:682: Null anb
2026-05-07 20:43:49.309 30453-30515 GPUAUX                  com.newaura.app                      E  [AUX]GuiExtAuxCheckAuxPath:682: Null anb
2026-05-07 20:43:49.309 30453-30515 GPUAUX                  com.newaura.app                      E  [AUX]GuiExtAuxCheckAuxPath:682: Null anb
2026-05-07 20:43:49.309 30453-30515 GPUAUX                  com.newaura.app                      E  [AUX]GuiExtAuxCheckAuxPath:682: Null anb
2026-05-07 20:43:49.309 30453-30515 GPUAUX                  com.newaura.app                      E  [AUX]GuiExtAuxCheckAuxPath:682: Null anb
2026-05-07 20:43:49.309 30453-30515 GPUAUX                  com.newaura.app                      E  [AUX]GuiExtAuxCheckAuxPath:682: Null anb
2026-05-07 20:43:49.309 30453-30515 GPUAUX                  com.newaura.app                      E  [AUX]GuiExtAuxCheckAuxPath:682: Null anb
2026-05-07 20:43:49.309 30453-30515 GPUAUX                  com.newaura.app                      E  [AUX]GuiExtAuxCheckAuxPath:682: Null anb
2026-05-07 20:43:49.309 30453-30515 GPUAUX                  com.newaura.app                      E  [AUX]GuiExtAuxCheckAuxPath:682: Null anb
2026-05-07 20:43:49.309 30453-30515 GPUAUX                  com.newaura.app                      E  [AUX]GuiExtAuxCheckAuxPath:682: Null anb
2026-05-07 20:43:49.313 30453-30515 GPUAUX                  com.newaura.app                      E  [AUX]GuiExtAuxCheckAuxPath:682: Null anb
2026-05-07 20:43:49.314 30453-30515 GPUAUX                  com.newaura.app                      E  [AUX]GuiExtAuxCheckAuxPath:682: Null anb
2026-05-07 20:43:49.333 30453-30515 GPUAUX                  com.newaura.app                      E  [AUX]GuiExtAuxCheckAuxPath:682: Null anb
2026-05-07 20:43:49.350 30453-30515 GPUAUX                  com.newaura.app                      E  [AUX]GuiExtAuxCheckAuxPath:682: Null anb
2026-05-07 20:43:49.350 30453-30515 GPUAUX                  com.newaura.app                      E  [AUX]GuiExtAuxCheckAuxPath:682: Null anb
2026-05-07 20:43:49.379 30453-30515 GPUAUX                  com.newaura.app                      E  [AUX]GuiExtAuxCheckAuxPath:682: Null anb
2026-05-07 20:43:49.393 30453-30515 GPUAUX                  com.newaura.app                      E  [AUX]GuiExtAuxCheckAuxPath:682: Null anb
2026-05-07 20:43:49.393 30453-30515 GPUAUX                  com.newaura.app                      E  [AUX]GuiExtAuxCheckAuxPath:682: Null anb
2026-05-07 20:43:49.491 30453-30515 GPUAUX                  com.newaura.app                      E  [AUX]GuiExtAuxCheckAuxPath:682: Null anb
2026-05-07 20:43:49.491 30453-30515 GPUAUX                  com.newaura.app                      E  [AUX]GuiExtAuxCheckAuxPath:682: Null anb
2026-05-07 20:43:49.491 30453-30515 GPUAUX                  com.newaura.app                      E  [AUX]GuiExtAuxCheckAuxPath:682: Null anb
2026-05-07 20:43:49.491 30453-30515 GPUAUX                  com.newaura.app                      E  [AUX]GuiExtAuxCheckAuxPath:682: Null anb
2026-05-07 20:43:49.491 30453-30515 GPUAUX                  com.newaura.app                      E  [AUX]GuiExtAuxCheckAuxPath:682: Null anb
2026-05-07 20:43:49.623 30453-30515 GPUAUX                  com.newaura.app                      E  [AUX]GuiExtAuxCheckAuxPath:682: Null anb
2026-05-07 20:43:50.231 30453-30453 IJankManager            com.newaura.app                      E  slideSceneEnd unknown scene 1002 mScene:-1
2026-05-07 20:43:50.231 30453-30453 AutofillManager         com.newaura.app                      V  requestHideFillUi(null): anchor = null
2026-05-07 20:43:50.289 30453-30453 OplusViewD...ViewHelper com.newaura.app                      D  dispatchTouchView action = 1
2026-05-07 20:43:50.289 30453-30453 ViewRootImplExtImpl     com.newaura.app                      D  the up motion event handled by client, just return
2026-05-07 20:43:50.322 30453-30515 GPUAUX                  com.newaura.app                      E  [AUX]GuiExtAuxCheckAuxPath:682: Null anb
2026-05-07 20:43:50.322 30453-30515 GPUAUX                  com.newaura.app                      E  [AUX]GuiExtAuxCheckAuxPath:682: Null anb
2026-05-07 20:43:50.340 30453-30515 GPUAUX                  com.newaura.app                      E  [AUX]GuiExtAuxCheckAuxPath:682: Null anb
2026-05-07 20:43:50.340 30453-30515 GPUAUX                  com.newaura.app                      E  [AUX]GuiExtAuxCheckAuxPath:682: Null anb
2026-05-07 20:43:50.372 30453-30515 GPUAUX                  com.newaura.app                      E  [AUX]GuiExtAuxCheckAuxPath:682: Null anb
2026-05-07 20:43:50.372 30453-30515 GPUAUX                  com.newaura.app                      E  [AUX]GuiExtAuxCheckAuxPath:682: Null anb
2026-05-07 20:43:50.408 30453-30515 GPUAUX                  com.newaura.app                      E  [AUX]GuiExtAuxCheckAuxPath:682: Null anb
2026-05-07 20:43:50.409 30453-30515 GPUAUX                  com.newaura.app                      E  [AUX]GuiExtAuxCheckAuxPath:682: Null anb
2026-05-07 20:43:50.442 30453-30515 GPUAUX                  com.newaura.app                      E  [AUX]GuiExtAuxCheckAuxPath:682: Null anb
2026-05-07 20:43:50.443 30453-30515 GPUAUX                  com.newaura.app                      E  [AUX]GuiExtAuxCheckAuxPath:682: Null anb
2026-05-07 20:43:50.482 30453-30515 GPUAUX                  com.newaura.app                      E  [AUX]GuiExtAuxCheckAuxPath:682: Null anb
2026-05-07 20:43:50.482 30453-30515 GPUAUX                  com.newaura.app                      E  [AUX]GuiExtAuxCheckAuxPath:682: Null anb
2026-05-07 20:43:50.519 30453-30515 GPUAUX                  com.newaura.app                      E  [AUX]GuiExtAuxCheckAuxPath:682: Null anb
2026-05-07 20:43:50.519 30453-30515 GPUAUX                  com.newaura.app                      E  [AUX]GuiExtAuxCheckAuxPath:682: Null anb
2026-05-07 20:43:50.555 30453-30515 GPUAUX                  com.newaura.app                      E  [AUX]GuiExtAuxCheckAuxPath:682: Null anb
2026-05-07 20:43:50.556 30453-30515 GPUAUX                  com.newaura.app                      E  [AUX]GuiExtAuxCheckAuxPath:682: Null anb
2026-05-07 20:43:51.360 30453-30453 IJankManager            com.newaura.app                      E  slideSceneEnd unknown scene 1002 mScene:-1
2026-05-07 20:43:51.360 30453-30453 AutofillManager         com.newaura.app                      V  requestHideFillUi(null): anchor = null
2026-05-07 20:43:51.394 30453-30453 OplusViewD...ViewHelper com.newaura.app                      D  dispatchTouchView action = 1
2026-05-07 20:43:51.395 30453-30453 ViewRootImplExtImpl     com.newaura.app                      D  the up motion event handled by client, just return
2026-05-07 20:43:51.414 30453-30757 SystemSens...gerExtImpl com.newaura.app                      V  RegisterListener game_rotvec type:15 delay:16666us by org.chromium.device.sensors.PlatformSensor@5a1f2ec from com.newaura.app
2026-05-07 20:43:51.416 30453-30758 Capacitor               com.newaura.app                      D  Handling local request: http://localhost/assets/camera.worker-CxzZym72.js
2026-05-07 20:43:51.459 30453-30515 GPUAUX                  com.newaura.app                      E  [AUX]GuiExtAuxCheckAuxPath:682: Null anb
2026-05-07 20:43:51.459 30453-30515 GPUAUX                  com.newaura.app                      E  [AUX]GuiExtAuxCheckAuxPath:682: Null anb
2026-05-07 20:43:51.459 30453-30515 GPUAUX                  com.newaura.app                      E  [AUX]GuiExtAuxCheckAuxPath:682: Null anb
2026-05-07 20:43:51.459 30453-30515 GPUAUX                  com.newaura.app                      E  [AUX]GuiExtAuxCheckAuxPath:682: Null anb
2026-05-07 20:43:51.469 30453-30515 GPUAUX                  com.newaura.app                      E  [AUX]GuiExtAuxCheckAuxPath:682: Null anb
2026-05-07 20:43:51.469 30453-30515 GPUAUX                  com.newaura.app                      E  [AUX]GuiExtAuxCheckAuxPath:682: Null anb
2026-05-07 20:43:51.469 30453-30515 GPUAUX                  com.newaura.app                      E  [AUX]GuiExtAuxCheckAuxPath:682: Null anb
2026-05-07 20:43:51.469 30453-30515 GPUAUX                  com.newaura.app                      E  [AUX]GuiExtAuxCheckAuxPath:682: Null anb
2026-05-07 20:43:51.488 30453-30515 GPUAUX                  com.newaura.app                      E  [AUX]GuiExtAuxCheckAuxPath:682: Null anb
2026-05-07 20:43:51.488 30453-30515 GPUAUX                  com.newaura.app                      E  [AUX]GuiExtAuxCheckAuxPath:682: Null anb
2026-05-07 20:43:51.489 30453-30515 GPUAUX                  com.newaura.app                      E  [AUX]GuiExtAuxCheckAuxPath:682: Null anb
2026-05-07 20:43:51.489 30453-30515 GPUAUX                  com.newaura.app                      E  [AUX]GuiExtAuxCheckAuxPath:682: Null anb
2026-05-07 20:43:51.541 30453-30515 GPUAUX                  com.newaura.app                      E  [AUX]GuiExtAuxCheckAuxPath:682: Null anb
2026-05-07 20:43:51.541 30453-30515 GPUAUX                  com.newaura.app                      E  [AUX]GuiExtAuxCheckAuxPath:682: Null anb
2026-05-07 20:43:51.541 30453-30515 GPUAUX                  com.newaura.app                      E  [AUX]GuiExtAuxCheckAuxPath:682: Null anb
2026-05-07 20:43:51.542 30453-30515 GPUAUX                  com.newaura.app                      E  [AUX]GuiExtAuxCheckAuxPath:682: Null anb
2026-05-07 20:43:51.546 30453-30515 GPUAUX                  com.newaura.app                      E  [AUX]GuiExtAuxCheckAuxPath:682: Null anb
2026-05-07 20:43:51.564 30453-30757 SystemSens...gerExtImpl com.newaura.app                      V  unRegisterListener by org.chromium.device.sensors.PlatformSensor@5a1f2ec and its name is game_rotvec
2026-05-07 20:43:51.586 30453-30515 GPUAUX                  com.newaura.app                      E  [AUX]GuiExtAuxCheckAuxPath:682: Null anb
2026-05-07 20:43:51.586 30453-30515 GPUAUX                  com.newaura.app                      E  [AUX]GuiExtAuxCheckAuxPath:682: Null anb
2026-05-07 20:43:51.586 30453-30515 GPUAUX                  com.newaura.app                      E  [AUX]GuiExtAuxCheckAuxPath:682: Null anb
2026-05-07 20:43:51.586 30453-30515 GPUAUX                  com.newaura.app                      E  [AUX]GuiExtAuxCheckAuxPath:682: Null anb
2026-05-07 20:43:51.586 30453-30515 GPUAUX                  com.newaura.app                      E  [AUX]GuiExtAuxCheckAuxPath:682: Null anb
2026-05-07 20:43:51.591 30453-30515 GPUAUX                  com.newaura.app                      E  [AUX]GuiExtAuxCheckAuxPath:682: Null anb
2026-05-07 20:43:51.610 30453-30515 GPUAUX                  com.newaura.app                      E  [AUX]GuiExtAuxCheckAuxPath:682: Null anb
2026-05-07 20:43:51.610 30453-30515 GPUAUX                  com.newaura.app                      E  [AUX]GuiExtAuxCheckAuxPath:682: Null anb
2026-05-07 20:43:51.610 30453-30515 GPUAUX                  com.newaura.app                      E  [AUX]GuiExtAuxCheckAuxPath:682: Null anb
