2026-05-07 17:43:44.451 26569-26658 GPUAUX                  com.newaura.app                      E  [AUX]GuiExtAuxCheckAuxPath:682: Null anb
2026-05-07 17:43:44.451 26569-26658 GPUAUX                  com.newaura.app                      E  [AUX]GuiExtAuxCheckAuxPath:682: Null anb
2026-05-07 17:43:44.451 26569-26658 GPUAUX                  com.newaura.app                      E  [AUX]GuiExtAuxCheckAuxPath:682: Null anb
2026-05-07 17:43:44.451 26569-26658 GPUAUX                  com.newaura.app                      E  [AUX]GuiExtAuxCheckAuxPath:682: Null anb
2026-05-07 17:43:44.468 26569-26789 SystemSens...gerExtImpl com.newaura.app                      V  unRegisterListener by org.chromium.device.sensors.PlatformSensor@b765c27 and its name is game_rotvec
2026-05-07 17:43:44.470 26569-26569 chromium                com.newaura.app                      I  [INFO:CONSOLE:348] "%cnative %cCamera.checkPermissions (#126650818) font-weight: lighter; color: gray font-weight: bold; color: #000", source:  (348)
2026-05-07 17:43:44.470 26569-26569 chromium                com.newaura.app                      I  [INFO:CONSOLE:349] "[object Object]", source:  (349)
2026-05-07 17:43:44.470 26569-26569 chromium                com.newaura.app                      I  [INFO:CONSOLE:350] "console.groupEnd", source:  (350)
2026-05-07 17:43:44.471 26569-26569 ImeTracker              com.newaura.app                      I  system_server:34c7eaa6: onCancelled at PHASE_CLIENT_ON_CONTROLS_CHANGED
2026-05-07 17:43:44.558 26569-26658 GPUAUX                  com.newaura.app                      E  [AUX]GuiExtAuxCheckAuxPath:682: Null anb
2026-05-07 17:43:44.558 26569-26658 GPUAUX                  com.newaura.app                      E  [AUX]GuiExtAuxCheckAuxPath:682: Null anb
2026-05-07 17:43:44.558 26569-26658 GPUAUX                  com.newaura.app                      E  [AUX]GuiExtAuxCheckAuxPath:682: Null anb
2026-05-07 17:43:44.558 26569-26658 GPUAUX                  com.newaura.app                      E  [AUX]GuiExtAuxCheckAuxPath:682: Null anb
2026-05-07 17:43:44.558 26569-26658 GPUAUX                  com.newaura.app                      E  [AUX]GuiExtAuxCheckAuxPath:682: Null anb
2026-05-07 17:43:44.558 26569-26658 GPUAUX                  com.newaura.app                      E  [AUX]GuiExtAuxCheckAuxPath:682: Null anb
2026-05-07 17:43:44.563 26569-26658 GPUAUX                  com.newaura.app                      E  [AUX]GuiExtAuxCheckAuxPath:682: Null anb
2026-05-07 17:43:44.563 26569-26658 GPUAUX                  com.newaura.app                      E  [AUX]GuiExtAuxCheckAuxPath:682: Null anb
2026-05-07 17:43:44.563 26569-26658 GPUAUX                  com.newaura.app                      E  [AUX]GuiExtAuxCheckAuxPath:682: Null anb
2026-05-07 17:43:44.591 26569-26658 GPUAUX                  com.newaura.app                      E  [AUX]GuiExtAuxCheckAuxPath:682: Null anb
2026-05-07 17:43:44.591 26569-26658 GPUAUX                  com.newaura.app                      E  [AUX]GuiExtAuxCheckAuxPath:682: Null anb
2026-05-07 17:43:44.591 26569-26658 GPUAUX                  com.newaura.app                      E  [AUX]GuiExtAuxCheckAuxPath:682: Null anb
2026-05-07 17:43:44.591 26569-26658 GPUAUX                  com.newaura.app                      E  [AUX]GuiExtAuxCheckAuxPath:682: Null anb
2026-05-07 17:43:44.592 26569-26658 GPUAUX                  com.newaura.app                      E  [AUX]GuiExtAuxCheckAuxPath:682: Null anb
2026-05-07 17:43:44.592 26569-26658 GPUAUX                  com.newaura.app                      E  [AUX]GuiExtAuxCheckAuxPath:682: Null anb
2026-05-07 17:43:44.592 26569-26658 GPUAUX                  com.newaura.app                      E  [AUX]GuiExtAuxCheckAuxPath:682: Null anb
2026-05-07 17:43:44.592 26569-26658 GPUAUX                  com.newaura.app                      E  [AUX]GuiExtAuxCheckAuxPath:682: Null anb
2026-05-07 17:43:44.592 26569-26658 GPUAUX                  com.newaura.app                      E  [AUX]GuiExtAuxCheckAuxPath:682: Null anb
2026-05-07 17:43:44.592 26569-26658 GPUAUX                  com.newaura.app                      E  [AUX]GuiExtAuxCheckAuxPath:682: Null anb
2026-05-07 17:43:44.592 26569-26658 GPUAUX                  com.newaura.app                      E  [AUX]GuiExtAuxCheckAuxPath:682: Null anb
2026-05-07 17:43:44.593 26569-26658 GPUAUX                  com.newaura.app                      E  [AUX]GuiExtAuxCheckAuxPath:682: Null anb
2026-05-07 17:43:44.593 26569-26658 GPUAUX                  com.newaura.app                      E  [AUX]GuiExtAuxCheckAuxPath:682: Null anb
2026-05-07 17:43:44.593 26569-26658 GPUAUX                  com.newaura.app                      E  [AUX]GuiExtAuxCheckAuxPath:682: Null anb
2026-05-07 17:43:44.609 26569-26569 Capacitor/Plugin        com.newaura.app                      V  To native (Capacitor plugin): callbackId: 126650818, pluginId: Camera, methodName: checkPermissions
2026-05-07 17:43:44.609 26569-26569 Capacitor               com.newaura.app                      V  callback: 126650818, pluginId: Camera, methodName: checkPermissions, methodData: {}
2026-05-07 17:43:44.678 26569-26658 GPUAUX                  com.newaura.app                      E  [AUX]GuiExtAuxCheckAuxPath:682: Null anb
2026-05-07 17:43:44.678 26569-26658 GPUAUX                  com.newaura.app                      E  [AUX]GuiExtAuxCheckAuxPath:682: Null anb
2026-05-07 17:43:44.678 26569-26658 GPUAUX                  com.newaura.app                      E  [AUX]GuiExtAuxCheckAuxPath:682: Null anb
2026-05-07 17:43:44.679 26569-26658 GPUAUX                  com.newaura.app                      E  [AUX]GuiExtAuxCheckAuxPath:682: Null anb
2026-05-07 17:43:44.679 26569-26658 GPUAUX                  com.newaura.app                      E  [AUX]GuiExtAuxCheckAuxPath:682: Null anb
2026-05-07 17:43:44.679 26569-26658 GPUAUX                  com.newaura.app                      E  [AUX]GuiExtAuxCheckAuxPath:682: Null anb
2026-05-07 17:43:44.679 26569-26658 GPUAUX                  com.newaura.app                      E  [AUX]GuiExtAuxCheckAuxPath:682: Null anb
2026-05-07 17:43:44.679 26569-26658 GPUAUX                  com.newaura.app                      E  [AUX]GuiExtAuxCheckAuxPath:682: Null anb
2026-05-07 17:43:44.689 26569-26658 GPUAUX                  com.newaura.app                      E  [AUX]GuiExtAuxCheckAuxPath:682: Null anb
2026-05-07 17:43:44.704 26569-26569 VRI[MainActivity]       com.newaura.app                      W  handleResized abandoned!
2026-05-07 17:43:44.706 26569-26569 ImeTracker              com.newaura.app                      I  system_server:faf186cf: onCancelled at PHASE_CLIENT_ON_CONTROLS_CHANGED
2026-05-07 17:43:44.706 26569-26569 chromium                com.newaura.app                      I  [INFO:CONSOLE:328] "%cresult %cCamera.checkPermissions (#126650818) font-style: italic; font-weight: lighter; color: gray font-style: italic; font-weight: bold; color: #444", source:  (328)
2026-05-07 17:43:44.707 26569-26569 chromium                com.newaura.app                      I  [INFO:CONSOLE:333] "{"saveGallery":"prompt","readExternalStorage":"prompt","camera":"prompt","photos":"granted"}", source:  (333)
2026-05-07 17:43:44.707 26569-26569 chromium                com.newaura.app                      I  [INFO:CONSOLE:335] "console.groupEnd", source:  (335)
2026-05-07 17:43:44.707 26569-26569 chromium                com.newaura.app                      I  [INFO:CONSOLE:348] "%cnative %cCamera.requestPermissions (#126650819) font-weight: lighter; color: gray font-weight: bold; color: #000", source:  (348)
2026-05-07 17:43:44.707 26569-26569 chromium                com.newaura.app                      I  [INFO:CONSOLE:349] "[object Object]", source:  (349)
2026-05-07 17:43:44.707 26569-26569 chromium                com.newaura.app                      I  [INFO:CONSOLE:350] "console.groupEnd", source:  (350)
2026-05-07 17:43:44.736 26569-26658 GPUAUX                  com.newaura.app                      E  [AUX]GuiExtAuxCheckAuxPath:682: Null anb
2026-05-07 17:43:44.736 26569-26658 GPUAUX                  com.newaura.app                      E  [AUX]GuiExtAuxCheckAuxPath:682: Null anb
2026-05-07 17:43:44.736 26569-26658 GPUAUX                  com.newaura.app                      E  [AUX]GuiExtAuxCheckAuxPath:682: Null anb
2026-05-07 17:43:44.736 26569-26658 GPUAUX                  com.newaura.app                      E  [AUX]GuiExtAuxCheckAuxPath:682: Null anb
2026-05-07 17:43:44.736 26569-26658 GPUAUX                  com.newaura.app                      E  [AUX]GuiExtAuxCheckAuxPath:682: Null anb
2026-05-07 17:43:44.751 26569-26569 Capacitor/Plugin        com.newaura.app                      V  To native (Capacitor plugin): callbackId: 126650819, pluginId: Camera, methodName: requestPermissions
2026-05-07 17:43:44.751 26569-26569 Capacitor               com.newaura.app                      V  callback: 126650819, pluginId: Camera, methodName: requestPermissions, methodData: {"permissions":["camera"]}
2026-05-07 17:43:44.777 26569-26658 GPUAUX                  com.newaura.app                      E  [AUX]GuiExtAuxCheckAuxPath:682: Null anb
2026-05-07 17:43:44.778 26569-26658 GPUAUX                  com.newaura.app                      E  [AUX]GuiExtAuxCheckAuxPath:682: Null anb
2026-05-07 17:43:44.778 26569-26658 GPUAUX                  com.newaura.app                      E  [AUX]GuiExtAuxCheckAuxPath:682: Null anb
2026-05-07 17:43:44.778 26569-26658 GPUAUX                  com.newaura.app                      E  [AUX]GuiExtAuxCheckAuxPath:682: Null anb
2026-05-07 17:43:44.778 26569-26658 GPUAUX                  com.newaura.app                      E  [AUX]GuiExtAuxCheckAuxPath:682: Null anb
2026-05-07 17:43:44.784 26569-26658 GPUAUX                  com.newaura.app                      E  [AUX]GuiExtAuxCheckAuxPath:682: Null anb
2026-05-07 17:43:44.807 26569-26658 GPUAUX                  com.newaura.app                      E  [AUX]GuiExtAuxCheckAuxPath:682: Null anb
2026-05-07 17:43:44.807 26569-26658 GPUAUX                  com.newaura.app                      E  [AUX]GuiExtAuxCheckAuxPath:682: Null anb
2026-05-07 17:43:44.810 26569-26658 GPUAUX                  com.newaura.app                      E  [AUX]GuiExtAuxCheckAuxPath:682: Null anb
2026-05-07 17:43:44.810 26569-26658 GPUAUX                  com.newaura.app                      E  [AUX]GuiExtAuxCheckAuxPath:682: Null anb
2026-05-07 17:43:44.810 26569-26658 GPUAUX                  com.newaura.app                      E  [AUX]GuiExtAuxCheckAuxPath:682: Null anb
2026-05-07 17:43:44.817 26569-26658 GPUAUX                  com.newaura.app                      E  [AUX]GuiExtAuxCheckAuxPath:682: Null anb
2026-05-07 17:43:44.817 26569-26658 GPUAUX                  com.newaura.app                      E  [AUX]GuiExtAuxCheckAuxPath:682: Null anb
2026-05-07 17:43:44.817 26569-26658 GPUAUX                  com.newaura.app                      E  [AUX]GuiExtAuxCheckAuxPath:682: Null anb
2026-05-07 17:43:44.818 26569-26658 GPUAUX                  com.newaura.app                      E  [AUX]GuiExtAuxCheckAuxPath:682: Null anb
2026-05-07 17:43:44.818 26569-26658 GPUAUX                  com.newaura.app                      E  [AUX]GuiExtAuxCheckAuxPath:682: Null anb
2026-05-07 17:43:44.818 26569-26658 GPUAUX                  com.newaura.app                      E  [AUX]GuiExtAuxCheckAuxPath:682: Null anb
2026-05-07 17:43:44.818 26569-26658 GPUAUX                  com.newaura.app                      E  [AUX]GuiExtAuxCheckAuxPath:682: Null anb
2026-05-07 17:43:44.818 26569-26658 GPUAUX                  com.newaura.app                      E  [AUX]GuiExtAuxCheckAuxPath:682: Null anb
2026-05-07 17:43:44.818 26569-26658 GPUAUX                  com.newaura.app                      E  [AUX]GuiExtAuxCheckAuxPath:682: Null anb
2026-05-07 17:43:44.818 26569-26658 GPUAUX                  com.newaura.app                      E  [AUX]GuiExtAuxCheckAuxPath:682: Null anb
2026-05-07 17:43:44.818 26569-26658 GPUAUX                  com.newaura.app                      E  [AUX]GuiExtAuxCheckAuxPath:682: Null anb
2026-05-07 17:43:44.818 26569-26658 GPUAUX                  com.newaura.app                      E  [AUX]GuiExtAuxCheckAuxPath:682: Null anb
2026-05-07 17:43:44.818 26569-26658 GPUAUX                  com.newaura.app                      E  [AUX]GuiExtAuxCheckAuxPath:682: Null anb
2026-05-07 17:43:44.818 26569-26658 GPUAUX                  com.newaura.app                      E  [AUX]GuiExtAuxCheckAuxPath:682: Null anb
2026-05-07 17:43:44.818 26569-26658 GPUAUX                  com.newaura.app                      E  [AUX]GuiExtAuxCheckAuxPath:682: Null anb
2026-05-07 17:43:44.831 26569-26658 GPUAUX                  com.newaura.app                      E  [AUX]GuiExtAuxCheckAuxPath:682: Null anb
2026-05-07 17:43:44.831 26569-26658 GPUAUX                  com.newaura.app                      E  [AUX]GuiExtAuxCheckAuxPath:682: Null anb
2026-05-07 17:43:44.831 26569-26658 GPUAUX                  com.newaura.app                      E  [AUX]GuiExtAuxCheckAuxPath:682: Null anb
2026-05-07 17:43:44.831 26569-26658 GPUAUX                  com.newaura.app                      E  [AUX]GuiExtAuxCheckAuxPath:682: Null anb
2026-05-07 17:43:44.831 26569-26658 GPUAUX                  com.newaura.app                      E  [AUX]GuiExtAuxCheckAuxPath:682: Null anb
2026-05-07 17:43:44.858 26569-26569 VRI[MainActivity]       com.newaura.app                      W  handleResized abandoned!
2026-05-07 17:43:44.862 26569-26569 Capacitor/AppPlugin     com.newaura.app                      V  Notifying listeners for event pause
2026-05-07 17:43:44.862 26569-26569 Capacitor/AppPlugin     com.newaura.app                      D  No listeners found for event pause
2026-05-07 17:43:44.862 26569-26569 Capacitor               com.newaura.app                      D  App paused
2026-05-07 17:43:44.885 26569-26658 GPUAUX                  com.newaura.app                      E  [AUX]GuiExtAuxCheckAuxPath:682: Null anb
2026-05-07 17:43:44.885 26569-26658 GPUAUX                  com.newaura.app                      E  [AUX]GuiExtAuxCheckAuxPath:682: Null anb
2026-05-07 17:43:44.885 26569-26658 GPUAUX                  com.newaura.app                      E  [AUX]GuiExtAuxCheckAuxPath:682: Null anb
2026-05-07 17:43:44.885 26569-26658 GPUAUX                  com.newaura.app                      E  [AUX]GuiExtAuxCheckAuxPath:682: Null anb
2026-05-07 17:43:44.885 26569-26658 GPUAUX                  com.newaura.app                      E  [AUX]GuiExtAuxCheckAuxPath:682: Null anb
2026-05-07 17:43:44.885 26569-26658 GPUAUX                  com.newaura.app                      E  [AUX]GuiExtAuxCheckAuxPath:682: Null anb
2026-05-07 17:43:44.885 26569-26658 GPUAUX                  com.newaura.app                      E  [AUX]GuiExtAuxCheckAuxPath:682: Null anb
2026-05-07 17:43:44.886 26569-26658 GPUAUX                  com.newaura.app                      E  [AUX]GuiExtAuxCheckAuxPath:682: Null anb
2026-05-07 17:43:44.886 26569-26658 GPUAUX                  com.newaura.app                      E  [AUX]GuiExtAuxCheckAuxPath:682: Null anb
2026-05-07 17:43:44.904 26569-26569 VRI[MainActivity]       com.newaura.app                      W  handleResized abandoned!
2026-05-07 17:43:44.943 26569-26658 GPUAUX                  com.newaura.app                      E  [AUX]GuiExtAuxCheckAuxPath:682: Null anb
2026-05-07 17:43:44.944 26569-26658 GPUAUX                  com.newaura.app                      E  [AUX]GuiExtAuxCheckAuxPath:682: Null anb
2026-05-07 17:43:44.944 26569-26658 GPUAUX                  com.newaura.app                      E  [AUX]GuiExtAuxCheckAuxPath:682: Null anb
2026-05-07 17:43:44.944 26569-26658 GPUAUX                  com.newaura.app                      E  [AUX]GuiExtAuxCheckAuxPath:682: Null anb
2026-05-07 17:43:44.962 26569-26569 VRI[MainActivity]       com.newaura.app                      D  onFocusEvent false
2026-05-07 17:43:45.994 26569-26596 OplusScrollToTopManager com.newaura.app                      D  com.newaura.app/com.newaura.app.MainActivity,This com.android.internal.policy.DecorView{5546dde V.E...... R....... 0,0-1080,2400 aid=0 alpha=1.0 viewInfo = }[MainActivity] change focus to false
2026-05-07 17:43:46.159  2192-2260  OplusThermalStats       system_server                        E  Error getting package info: com.newaura.app
2026-05-07 17:43:46.172 26569-26569 Capacitor               com.newaura.app                      D  Unable to find a Capacitor plugin to handle permission requestCode, trying Cordova plugins 1896373546
2026-05-07 17:43:46.177 26569-26569 ActivityThread          com.newaura.app                      D  ComponentInfo{com.newaura.app/com.newaura.app.MainActivity} checkFinished=false 4
2026-05-07 17:43:46.177 26569-26569 ResourcesManagerExtImpl com.newaura.app                      D  applyConfigurationToAppResourcesLocked app.getDisplayId() return callback.displayId:0
2026-05-07 17:43:46.177 26569-26569 AutofillCl...Controller com.newaura.app                      V  onActivityResumed()
2026-05-07 17:43:46.177 26569-26569 Capacitor/AppPlugin     com.newaura.app                      D  Firing change: true
2026-05-07 17:43:46.177 26569-26569 Capacitor/AppPlugin     com.newaura.app                      V  Notifying listeners for event appStateChange
2026-05-07 17:43:46.178 26569-26569 Capacitor/AppPlugin     com.newaura.app                      V  Notifying listeners for event resume
2026-05-07 17:43:46.178 26569-26569 Capacitor/AppPlugin     com.newaura.app                      D  No listeners found for event resume
2026-05-07 17:43:46.179 26569-26569 Capacitor               com.newaura.app                      D  App resumed
2026-05-07 17:43:46.179 26569-26569 AutofillCl...Controller com.newaura.app                      V  onActivityPostResumed()
2026-05-07 17:43:46.179 26569-26569 AutofillCl...Controller com.newaura.app                      V  onActivityPostResumed(): Relayout fix enabled
2026-05-07 17:43:46.179 26569-26569 AutofillCl...Controller com.newaura.app                      V  forResume(): Not attempting refill.
2026-05-07 17:43:46.181 26569-26569 chromium                com.newaura.app                      I  [INFO:CONSOLE:328] "%cresult %cCamera.requestPermissions (#126650819) font-style: italic; font-weight: lighter; color: gray font-style: italic; font-weight: bold; color: #444", source:  (328)
2026-05-07 17:43:46.182 26569-26569 chromium                com.newaura.app                      I  [INFO:CONSOLE:333] "{"saveGallery":"prompt","readExternalStorage":"prompt","camera":"granted","photos":"granted"}", source:  (333)
2026-05-07 17:43:46.182 26569-26569 chromium                com.newaura.app                      I  [INFO:CONSOLE:335] "console.groupEnd", source:  (335)
2026-05-07 17:43:46.189 26569-26569 chromium                com.newaura.app                      I  [INFO:CONSOLE:328] "%cresult %cApp.addListener (#126650799) font-style: italic; font-weight: lighter; color: gray font-style: italic; font-weight: bold; color: #444", source:  (328)
2026-05-07 17:43:46.189 26569-26569 chromium                com.newaura.app                      I  [INFO:CONSOLE:333] "{"isActive":true}", source:  (333)
2026-05-07 17:43:46.189 26569-26569 chromium                com.newaura.app                      I  [INFO:CONSOLE:335] "console.groupEnd", source:  (335)
2026-05-07 17:43:46.191 26569-26925 OplusCamer...agerGlobal com.newaura.app                      I  setClientInfo, packageName: com.newaura.app, uid: 10421, pid: 26569
2026-05-07 17:43:46.192 26569-26569 chromium                com.newaura.app                      I  [INFO:CONSOLE:328] "%cresult %cApp.addListener (#126650800) font-style: italic; font-weight: lighter; color: gray font-style: italic; font-weight: bold; color: #444", source:  (328)
2026-05-07 17:43:46.192 26569-26569 chromium                com.newaura.app                      I  [INFO:CONSOLE:333] "{"isActive":true}", source:  (333)
2026-05-07 17:43:46.192 26569-26569 chromium                com.newaura.app                      I  [INFO:CONSOLE:335] "console.groupEnd", source:  (335)
2026-05-07 17:43:46.198 26569-26569 chromium                com.newaura.app                      I  [INFO:CONSOLE:24] "[SUPABASE FETCH START] URL: https://ugfxjjakpsngfdrjlsdr.supabase.co/rest/v1/messages?select=id%2Csender_id%2Creceiver_id%2Cencrypted_content%2Cnonce%2Ctype%2Cmedia_url%2Cmedia_key%2Cmedia_nonce%2Cthumbnail_url%2Cfile_name%2Cfile_size%2Cduration%2Creaction%2Creply_to%2Cis_read%2Cis_delivered%2Cis_edited%2Cis_deleted_for_everyone%2Cis_deleted_for_sender%2Cis_deleted_for_receiver%2Cupdated_at%2Cread_at%2Cdelivered_at%2Ccreated_at%2Csender_public_key&or=%28and%28sender_id.eq.2dfb823f-bb93-4e46-86cd-a520c5be7868%2Creceiver_id.eq.8bb51234-4a86-470f-9f7d-96a95f551952%29%2Cand%28sender_id.eq.8bb51234-4a86-470f-9f7d-96a95f551952%2Creceiver_id.eq.2dfb823f-bb93-4e46-86cd-a520c5be7868%29%29&created_at=gt.2026-05-07T12%3A04%3A35.907216%2B00%3A00&order=created_at.asc OPTIONS: {"method":"GET","headers":{}}", source: http://localhost/assets/supabase-CLpXqyPc.js (24)
2026-05-07 17:43:46.200 26569-26925 OplusCamer...agerGlobal com.newaura.app                      I  setClientInfo, packageName: com.newaura.app, uid: 10421, pid: 26569
2026-05-07 17:43:46.201 26569-26925 OplusCamer...agerGlobal com.newaura.app                      I  setClientInfo, packageName: com.newaura.app, uid: 10421, pid: 26569
2026-05-07 17:43:46.208 26569-26789 Capacitor               com.newaura.app                      D  Handling CapacitorHttp request: http://localhost/_capacitor_http_interceptor_?u=https%3A%2F%2Fugfxjjakpsngfdrjlsdr.supabase.co%2Frest%2Fv1%2Fmessages%3Fselect%3Did%252Csender_id%252Creceiver_id%252Cencrypted_content%252Cnonce%252Ctype%252Cmedia_url%252Cmedia_key%252Cmedia_nonce%252Cthumbnail_url%252Cfile_name%252Cfile_size%252Cduration%252Creaction%252Creply_to%252Cis_read%252Cis_delivered%252Cis_edited%252Cis_deleted_for_everyone%252Cis_deleted_for_sender%252Cis_deleted_for_receiver%252Cupdated_at%252Cread_at%252Cdelivered_at%252Ccreated_at%252Csender_public_key%26or%3D%2528and%2528sender_id.eq.2dfb823f-bb93-4e46-86cd-a520c5be7868%252Creceiver_id.eq.8bb51234-4a86-470f-9f7d-96a95f551952%2529%252Cand%2528sender_id.eq.8bb51234-4a86-470f-9f7d-96a95f551952%252Creceiver_id.eq.2dfb823f-bb93-4e46-86cd-a520c5be7868%2529%2529%26created_at%3Dgt.2026-05-07T12%253A04%253A35.907216%252B00%253A00%26order%3Dcreated_at.asc
2026-05-07 17:43:46.216 26569-26569 VRI[MainActivity]       com.newaura.app                      D  onFocusEvent true
2026-05-07 17:43:46.223 26569-26569 InsetsController        com.newaura.app                      D  hide(ime(), fromIme=false)
2026-05-07 17:43:46.223 26569-26569 ImeTracker              com.newaura.app                      I  com.newaura.app:b2a88b82: onCancelled at PHASE_CLIENT_ALREADY_HIDDEN
2026-05-07 17:43:46.224 26569-26789 CapacitorCookies        com.newaura.app                      I  Getting cookies at: 'https://ugfxjjakpsngfdrjlsdr.supabase.co/rest/v1/messages?select=id%2Csender_id%2Creceiver_id%2Cencrypted_content%2Cnonce%2Ctype%2Cmedia_url%2Cmedia_key%2Cmedia_nonce%2Cthumbnail_url%2Cfile_name%2Cfile_size%2Cduration%2Creaction%2Creply_to%2Cis_read%2Cis_delivered%2Cis_edited%2Cis_deleted_for_everyone%2Cis_deleted_for_sender%2Cis_deleted_for_receiver%2Cupdated_at%2Cread_at%2Cdelivered_at%2Ccreated_at%2Csender_public_key&or=%28and%28sender_id.eq.2dfb823f-bb93-4e46-86cd-a520c5be7868%2Creceiver_id.eq.8bb51234-4a86-470f-9f7d-96a95f551952%29%2Cand%28sender_id.eq.8bb51234-4a86-470f-9f7d-96a95f551952%2Creceiver_id.eq.2dfb823f-bb93-4e46-86cd-a520c5be7868%29%29&created_at=gt.2026-05-07T12%3A04%3A35.907216%2B00%3A00&order=created_at.asc'
2026-05-07 17:43:46.259 26569-26925 OplusCamer...agerGlobal com.newaura.app                      I  setClientInfo, packageName: com.newaura.app, uid: 10421, pid: 26569
2026-05-07 17:43:46.260 26569-26925 OplusCamer...agerGlobal com.newaura.app                      I  setClientInfo, packageName: com.newaura.app, uid: 10421, pid: 26569
2026-05-07 17:43:46.261 26569-26925 OplusCamer...agerGlobal com.newaura.app                      I  setClientInfo, packageName: com.newaura.app, uid: 10421, pid: 26569
2026-05-07 17:43:46.268 26569-26925 OplusCamer...agerGlobal com.newaura.app                      I  setClientInfo, packageName: com.newaura.app, uid: 10421, pid: 26569
2026-05-07 17:43:46.268 26569-26925 OplusCamer...agerGlobal com.newaura.app                      I  setClientInfo, packageName: com.newaura.app, uid: 10421, pid: 26569
2026-05-07 17:43:46.272 26569-26925 OplusCamer...agerGlobal com.newaura.app                      I  setClientInfo, packageName: com.newaura.app, uid: 10421, pid: 26569
2026-05-07 17:43:46.272 26569-26925 OplusCamer...agerGlobal com.newaura.app                      I  setClientInfo, packageName: com.newaura.app, uid: 10421, pid: 26569
2026-05-07 17:43:46.276 26569-26925 OplusCamer...agerGlobal com.newaura.app                      I  setClientInfo, packageName: com.newaura.app, uid: 10421, pid: 26569
2026-05-07 17:43:46.277 26569-26925 OplusCamer...agerGlobal com.newaura.app                      I  setClientInfo, packageName: com.newaura.app, uid: 10421, pid: 26569
2026-05-07 17:43:46.293 26569-26925 OplusCamer...agerGlobal com.newaura.app                      I  setClientInfo, packageName: com.newaura.app, uid: 10421, pid: 26569
2026-05-07 17:43:46.293 26569-26925 OplusCamer...agerGlobal com.newaura.app                      I  setClientInfo, packageName: com.newaura.app, uid: 10421, pid: 26569
2026-05-07 17:43:46.298 26569-26925 OplusCamer...agerGlobal com.newaura.app                      I  setClientInfo, packageName: com.newaura.app, uid: 10421, pid: 26569
2026-05-07 17:43:46.298 26569-26925 OplusCamer...agerGlobal com.newaura.app                      I  setClientInfo, packageName: com.newaura.app, uid: 10421, pid: 26569
2026-05-07 17:43:46.299 26569-26925 OplusCamer...agerGlobal com.newaura.app                      I  setClientInfo, packageName: com.newaura.app, uid: 10421, pid: 26569
2026-05-07 17:43:46.301 26569-26925 OplusCamer...agerGlobal com.newaura.app                      I  setClientInfo, packageName: com.newaura.app, uid: 10421, pid: 26569
2026-05-07 17:43:46.302 26569-26925 OplusCamer...agerGlobal com.newaura.app                      I  setClientInfo, packageName: com.newaura.app, uid: 10421, pid: 26569
2026-05-07 17:43:46.306 26569-26925 OplusCamer...agerGlobal com.newaura.app                      I  setClientInfo, packageName: com.newaura.app, uid: 10421, pid: 26569
2026-05-07 17:43:46.307 26569-26925 OplusCamer...agerGlobal com.newaura.app                      I  setClientInfo, packageName: com.newaura.app, uid: 10421, pid: 26569
2026-05-07 17:43:46.310 26569-26925 OplusCamer...agerGlobal com.newaura.app                      I  setClientInfo, packageName: com.newaura.app, uid: 10421, pid: 26569
2026-05-07 17:43:46.310 26569-26925 OplusCamer...agerGlobal com.newaura.app                      I  setClientInfo, packageName: com.newaura.app, uid: 10421, pid: 26569
2026-05-07 17:43:46.327 26569-26925 OplusCamer...agerGlobal com.newaura.app                      I  setClientInfo, packageName: com.newaura.app, uid: 10421, pid: 26569
2026-05-07 17:43:46.328 26569-26925 OplusCamer...agerGlobal com.newaura.app                      I  setClientInfo, packageName: com.newaura.app, uid: 10421, pid: 26569
2026-05-07 17:43:46.330 26569-26925 OplusCamer...agerGlobal com.newaura.app                      I  setClientInfo, packageName: com.newaura.app, uid: 10421, pid: 26569
2026-05-07 17:43:46.333 26569-26925 OplusCamer...agerGlobal com.newaura.app                      I  setClientInfo, packageName: com.newaura.app, uid: 10421, pid: 26569
2026-05-07 17:43:46.334 26569-26925 OplusCamer...agerGlobal com.newaura.app                      I  setClientInfo, packageName: com.newaura.app, uid: 10421, pid: 26569
2026-05-07 17:43:46.335 26569-26925 OplusCamer...agerGlobal com.newaura.app                      I  setClientInfo, packageName: com.newaura.app, uid: 10421, pid: 26569
2026-05-07 17:43:46.337 26569-26925 OplusCamer...agerGlobal com.newaura.app                      I  setClientInfo, packageName: com.newaura.app, uid: 10421, pid: 26569
2026-05-07 17:43:46.338 26569-26925 OplusCamer...agerGlobal com.newaura.app                      I  setClientInfo, packageName: com.newaura.app, uid: 10421, pid: 26569
2026-05-07 17:43:46.340 26569-26925 OplusCamer...agerGlobal com.newaura.app                      I  setClientInfo, packageName: com.newaura.app, uid: 10421, pid: 26569
2026-05-07 17:43:46.341 26569-26925 OplusCamer...agerGlobal com.newaura.app                      I  setClientInfo, packageName: com.newaura.app, uid: 10421, pid: 26569
2026-05-07 17:43:46.344 26569-26925 OplusCamer...agerGlobal com.newaura.app                      I  setClientInfo, packageName: com.newaura.app, uid: 10421, pid: 26569
2026-05-07 17:43:46.346 26569-26925 OplusCamer...agerGlobal com.newaura.app                      I  setClientInfo, packageName: com.newaura.app, uid: 10421, pid: 26569
2026-05-07 17:43:46.346 26569-26925 OplusCamer...agerGlobal com.newaura.app                      I  setClientInfo, packageName: com.newaura.app, uid: 10421, pid: 26569
2026-05-07 17:43:46.349 26569-26925 OplusCamer...agerGlobal com.newaura.app                      I  setClientInfo, packageName: com.newaura.app, uid: 10421, pid: 26569
2026-05-07 17:43:46.349 26569-26925 OplusCamer...agerGlobal com.newaura.app                      I  setClientInfo, packageName: com.newaura.app, uid: 10421, pid: 26569
2026-05-07 17:43:46.355 26569-26925 OplusCamer...agerGlobal com.newaura.app                      I  setClientInfo, packageName: com.newaura.app, uid: 10421, pid: 26569
2026-05-07 17:43:46.356 26569-26925 OplusCamer...agerGlobal com.newaura.app                      I  setClientInfo, packageName: com.newaura.app, uid: 10421, pid: 26569
2026-05-07 17:43:46.356 26569-26925 OplusCamer...agerGlobal com.newaura.app                      I  setClientInfo, packageName: com.newaura.app, uid: 10421, pid: 26569
2026-05-07 17:43:46.359 26569-26925 OplusCamer...agerGlobal com.newaura.app                      I  setClientInfo, packageName: com.newaura.app, uid: 10421, pid: 26569
2026-05-07 17:43:46.359 26569-26925 OplusCamer...agerGlobal com.newaura.app                      I  setClientInfo, packageName: com.newaura.app, uid: 10421, pid: 26569
2026-05-07 17:43:46.360 26569-26925 OplusCamer...agerGlobal com.newaura.app                      I  setClientInfo, packageName: com.newaura.app, uid: 10421, pid: 26569
2026-05-07 17:43:46.363 26569-26925 OplusCamer...agerGlobal com.newaura.app                      I  setClientInfo, packageName: com.newaura.app, uid: 10421, pid: 26569
2026-05-07 17:43:46.364 26569-26925 OplusCamer...agerGlobal com.newaura.app                      I  setClientInfo, packageName: com.newaura.app, uid: 10421, pid: 26569
2026-05-07 17:43:46.367 26569-26925 OplusCamer...agerGlobal com.newaura.app                      I  setClientInfo, packageName: com.newaura.app, uid: 10421, pid: 26569
2026-05-07 17:43:46.367 26569-26925 OplusCamer...agerGlobal com.newaura.app                      I  setClientInfo, packageName: com.newaura.app, uid: 10421, pid: 26569
2026-05-07 17:43:46.370 26569-26925 OplusCamer...agerGlobal com.newaura.app                      I  setClientInfo, packageName: com.newaura.app, uid: 10421, pid: 26569
2026-05-07 17:43:46.371 26569-26925 OplusCamer...agerGlobal com.newaura.app                      I  setClientInfo, packageName: com.newaura.app, uid: 10421, pid: 26569
2026-05-07 17:43:46.371 26569-26925 OplusCamer...agerGlobal com.newaura.app                      I  setClientInfo, packageName: com.newaura.app, uid: 10421, pid: 26569
2026-05-07 17:43:46.374 26569-26925 OplusCamer...agerGlobal com.newaura.app                      I  setClientInfo, packageName: com.newaura.app, uid: 10421, pid: 26569
2026-05-07 17:43:46.375 26569-26925 OplusCamer...agerGlobal com.newaura.app                      I  setClientInfo, packageName: com.newaura.app, uid: 10421, pid: 26569
2026-05-07 17:43:46.388 26569-26925 OplusCamer...agerGlobal com.newaura.app                      I  setClientInfo, packageName: com.newaura.app, uid: 10421, pid: 26569
2026-05-07 17:43:46.390 26569-26925 OplusCamer...agerGlobal com.newaura.app                      I  setClientInfo, packageName: com.newaura.app, uid: 10421, pid: 26569
2026-05-07 17:43:46.396 26569-26925 OplusCamer...agerGlobal com.newaura.app                      I  setClientInfo, packageName: com.newaura.app, uid: 10421, pid: 26569
2026-05-07 17:43:46.397 26569-26925 OplusCamer...agerGlobal com.newaura.app                      I  setClientInfo, packageName: com.newaura.app, uid: 10421, pid: 26569
2026-05-07 17:43:46.399 26569-26925 CameraWhiteList         com.newaura.app                      D  check, whiteList empty
2026-05-07 17:43:46.400 26569-26925 OplusCamer...agerGlobal com.newaura.app                      I  setClientInfo, packageName: com.newaura.app, uid: 10421, pid: 26569
2026-05-07 17:43:46.403 26569-26925 OplusCamer...agerGlobal com.newaura.app                      I  setClientInfo, packageName: com.newaura.app, uid: 10421, pid: 26569
2026-05-07 17:43:46.404 26569-26925 OplusCameraUtils        com.newaura.app                      D  new OplusCameraUtils!
2026-05-07 17:43:46.406 26569-26925 OplusCameraUtils        com.newaura.app                      I  current activityName: com.newaura.app.MainActivity
2026-05-07 17:43:46.406 26569-26925 OplusCameraUtils        com.newaura.app                      I  getComponentName, componentName: com.newaura.app/com.newaura.app.MainActivity, packageName:com.newaura.app, activityName:com.newaura.app.MainActivity
2026-05-07 17:43:46.406 26569-26925 CameraManager           com.newaura.app                      I  openCameraDeviceUserAsync, use componentName: com.newaura.app/com.newaura.app.MainActivity
2026-05-07 17:43:46.409 26569-26925 OplusCameraUtils        com.newaura.app                      I  current activityName: com.newaura.app.MainActivity
2026-05-07 17:43:46.409 26569-26925 OplusCameraUtils        com.newaura.app                      I  getComponentName, componentName: com.newaura.app/com.newaura.app.MainActivity, packageName:com.newaura.app, activityName:com.newaura.app.MainActivity
2026-05-07 17:43:46.503 26569-26789 CapacitorCookies        com.newaura.app                      I  Setting cookie '__cf_bm=MtzYoy8Hrj5jBaunIwD44NNN1x8rNDnMGQIsS0slbn0-1778156025.9096122-1.0.1.1-f7tl40etJhhgAcG_NDEugShMwVpHT454cCyFUMX6V1AcCi.9IMusgb0njBwpdG0HzzyTHBjKLBf8ePtcp4i2V0SeTNbrVp5VfE4WgPbLhrSFTyqRfcl.UIYoyogx4yGF; HttpOnly; Secure; Path=/; Domain=supabase.co; Expires=Thu, 07 May 2026 12:43:46 GMT' at: 'https://ugfxjjakpsngfdrjlsdr.supabase.co/rest/v1/messages?select=id%2Csender_id%2Creceiver_id%2Cencrypted_content%2Cnonce%2Ctype%2Cmedia_url%2Cmedia_key%2Cmedia_nonce%2Cthumbnail_url%2Cfile_name%2Cfile_size%2Cduration%2Creaction%2Creply_to%2Cis_read%2Cis_delivered%2Cis_edited%2Cis_deleted_for_everyone%2Cis_deleted_for_sender%2Cis_deleted_for_receiver%2Cupdated_at%2Cread_at%2Cdelivered_at%2Ccreated_at%2Csender_public_key&or=%28and%28sender_id.eq.2dfb823f-bb93-4e46-86cd-a520c5be7868%2Creceiver_id.eq.8bb51234-4a86-470f-9f7d-96a95f551952%29%2Cand%28sender_id.eq.8bb51234-4a86-470f-9f7d-96a95f551952%2Creceiver_id.eq.2dfb823f-bb93-4e46-86cd-a520c5be7868%29%29&created_at=gt.2026-05-07T12%3A04%3A35.907216%2B00%3A00&order=created_at.asc'
2026-05-07 17:43:46.504 26569-26789 CapacitorCookies        com.newaura.app                      I  Setting cookie '__cf_bm=MtzYoy8Hrj5jBaunIwD44NNN1x8rNDnMGQIsS0slbn0-1778156025.9096122-1.0.1.1-f7tl40etJhhgAcG_NDEugShMwVpHT454cCyFUMX6V1AcCi.9IMusgb0njBwpdG0HzzyTHBjKLBf8ePtcp4i2V0SeTNbrVp5VfE4WgPbLhrSFTyqRfcl.UIYoyogx4yGF; HttpOnly; Secure; Path=/; Domain=supabase.co; Expires=Thu, 07 May 2026 12:43:46 GMT' at: 'https://supabase.co'
2026-05-07 17:43:46.513 26569-26569 chromium                com.newaura.app                      I  [INFO:CONSOLE:24] "[SUPABASE FETCH SUCCESS] Status: 200 OK", source: http://localhost/assets/supabase-CLpXqyPc.js (24)
2026-05-07 17:43:46.516 26569-26569 chromium                com.newaura.app                      I  [INFO:CONSOLE:24] "[SUPABASE FETCH START] URL: https://ugfxjjakpsngfdrjlsdr.supabase.co/rest/v1/messages?select=id%2Cis_read%2Cis_delivered%2Cread_at%2Cdelivered_at%2Creaction%2Cis_edited%2Cencrypted_content%2Cnonce%2Csender_public_key%2Cis_deleted_for_sender%2Cis_deleted_for_receiver%2Cupdated_at&id=in.%28e5c8bb9a-d782-4075-950a-1efbbbb5d489%29 OPTIONS: {"method":"GET","headers":{}}", source: http://localhost/assets/supabase-CLpXqyPc.js (24)
2026-05-07 17:43:46.520 26569-26789 Capacitor               com.newaura.app                      D  Handling CapacitorHttp request: http://localhost/_capacitor_http_interceptor_?u=https%3A%2F%2Fugfxjjakpsngfdrjlsdr.supabase.co%2Frest%2Fv1%2Fmessages%3Fselect%3Did%252Cis_read%252Cis_delivered%252Cread_at%252Cdelivered_at%252Creaction%252Cis_edited%252Cencrypted_content%252Cnonce%252Csender_public_key%252Cis_deleted_for_sender%252Cis_deleted_for_receiver%252Cupdated_at%26id%3Din.%2528e5c8bb9a-d782-4075-950a-1efbbbb5d489%2529
2026-05-07 17:43:46.523 26569-26789 CapacitorCookies        com.newaura.app                      I  Getting cookies at: 'https://ugfxjjakpsngfdrjlsdr.supabase.co/rest/v1/messages?select=id%2Cis_read%2Cis_delivered%2Cread_at%2Cdelivered_at%2Creaction%2Cis_edited%2Cencrypted_content%2Cnonce%2Csender_public_key%2Cis_deleted_for_sender%2Cis_deleted_for_receiver%2Cupdated_at&id=in.%28e5c8bb9a-d782-4075-950a-1efbbbb5d489%29'
2026-05-07 17:43:46.558 26569-26925 OplusCamer...agerGlobal com.newaura.app                      I  setClientInfo, packageName: com.newaura.app, uid: 10421, pid: 26569
2026-05-07 17:43:46.559 26569-28437 cr_VideoCapture         com.newaura.app                      E  CameraDevice.StateCallback onOpened
2026-05-07 17:43:46.559 26569-26925 OplusCamer...agerGlobal com.newaura.app                      I  setClientInfo, packageName: com.newaura.app, uid: 10421, pid: 26569
2026-05-07 17:43:46.560 26569-26925 OplusCamer...agerGlobal com.newaura.app                      I  setClientInfo, packageName: com.newaura.app, uid: 10421, pid: 26569
2026-05-07 17:43:46.567 26569-26925 OplusCamer...agerGlobal com.newaura.app                      I  setClientInfo, packageName: com.newaura.app, uid: 10421, pid: 26569
2026-05-07 17:43:46.568 26569-26925 OplusCamer...agerGlobal com.newaura.app                      I  setClientInfo, packageName: com.newaura.app, uid: 10421, pid: 26569
2026-05-07 17:43:46.569 26569-26925 OplusCamer...agerGlobal com.newaura.app                      I  setClientInfo, packageName: com.newaura.app, uid: 10421, pid: 26569
2026-05-07 17:43:46.573 26569-26925 OplusCamer...agerGlobal com.newaura.app                      I  setClientInfo, packageName: com.newaura.app, uid: 10421, pid: 26569
2026-05-07 17:43:46.573 26569-26925 OplusCamer...agerGlobal com.newaura.app                      I  setClientInfo, packageName: com.newaura.app, uid: 10421, pid: 26569
2026-05-07 17:43:46.578 26569-26925 OplusCamer...agerGlobal com.newaura.app                      I  setClientInfo, packageName: com.newaura.app, uid: 10421, pid: 26569
2026-05-07 17:43:46.579 26569-26925 OplusCamer...agerGlobal com.newaura.app                      I  setClientInfo, packageName: com.newaura.app, uid: 10421, pid: 26569
2026-05-07 17:43:46.579 26569-28437 BufferQueueConsumer     com.newaura.app                      D  [](id:67c900000002,api:0,p:-1,c:26569) connect: controlledByApp=true
2026-05-07 17:43:46.579 26569-28437 BufferQueueConsumer     com.newaura.app                      D  [unnamed-26569-2](id:67c900000002,api:0,p:-1,c:26569) setMaxAcquiredBufferCount: 2
2026-05-07 17:43:46.583 26569-26925 OplusCamer...agerGlobal com.newaura.app                      I  setClientInfo, packageName: com.newaura.app, uid: 10421, pid: 26569
2026-05-07 17:43:46.583 26569-26925 OplusCamer...agerGlobal com.newaura.app                      I  setClientInfo, packageName: com.newaura.app, uid: 10421, pid: 26569
2026-05-07 17:43:46.584 26569-26925 OplusCamer...agerGlobal com.newaura.app                      I  setClientInfo, packageName: com.newaura.app, uid: 10421, pid: 26569
2026-05-07 17:43:46.588 26569-26925 OplusCamer...agerGlobal com.newaura.app                      I  setClientInfo, packageName: com.newaura.app, uid: 10421, pid: 26569
2026-05-07 17:43:46.596 26569-28437 OplusCamer...agerGlobal com.newaura.app                      I  setClientInfo, packageName: com.newaura.app, uid: 10421, pid: 26569
2026-05-07 17:43:46.600 26569-26925 OplusCamer...agerGlobal com.newaura.app                      I  setClientInfo, packageName: com.newaura.app, uid: 10421, pid: 26569
2026-05-07 17:43:46.603 26569-28437 OplusCamer...agerGlobal com.newaura.app                      I  setClientInfo, packageName: com.newaura.app, uid: 10421, pid: 26569
2026-05-07 17:43:46.607 26569-28437 OplusCamer...agerGlobal com.newaura.app                      I  setIsCameraUnitSession E
2026-05-07 17:43:46.879 26569-26569 chromium                com.newaura.app                      I  [INFO:CONSOLE:24] "[SUPABASE FETCH START] URL: https://ugfxjjakpsngfdrjlsdr.supabase.co/rest/v1/profiles?id=eq.2dfb823f-bb93-4e46-86cd-a520c5be7868 OPTIONS: {"method":"PATCH","headers":{},"body":"{\"last_seen\":\"2026-05-07T12:13:46.875Z\"}"}", source: http://localhost/assets/supabase-CLpXqyPc.js (24)
2026-05-07 17:43:46.879 26569-26569 chromium                com.newaura.app                      I  [INFO:CONSOLE:348] "%cnative %cCapacitorHttp.request (#126650820) font-weight: lighter; color: gray font-weight: bold; color: #000", source:  (348)
2026-05-07 17:43:46.879 26569-26569 chromium                com.newaura.app                      I  [INFO:CONSOLE:349] "[object Object]", source:  (349)
2026-05-07 17:43:46.879 26569-26569 chromium                com.newaura.app                      I  [INFO:CONSOLE:350] "console.groupEnd", source:  (350)
2026-05-07 17:43:46.880 26569-26569 Capacitor/Plugin        com.newaura.app                      V  To native (Capacitor plugin): callbackId: 126650820, pluginId: CapacitorHttp, methodName: request
2026-05-07 17:43:46.880 26569-26569 Capacitor               com.newaura.app                      V  callback: 126650820, pluginId: CapacitorHttp, methodName: request, methodData: {"url":"https:\/\/ugfxjjakpsngfdrjlsdr.supabase.co\/rest\/v1\/profiles?id=eq.2dfb823f-bb93-4e46-86cd-a520c5be7868","method":"PATCH","data":"{\"last_seen\":\"2026-05-07T12:13:46.875Z\"}","dataType":"json","headers":{"apikey":"eyJhbGciOiJIUzI1NiIsInR5cCI6IkpXVCJ9.eyJpc3MiOiJzdXBhYmFzZSIsInJlZiI6InVnZnhqamFrcHNuZ2Zkcmpsc2RyIiwicm9sZSI6ImFub24iLCJpYXQiOjE3NzQzNDY3NzQsImV4cCI6MjA4OTkyMjc3NH0.KiA-8YqdsgO1Is2Fumh4mqmfQY8i1O_K8RnQtBcjuGo","authorization":"Bearer eyJhbGciOiJFUzI1NiIsImtpZCI6IjRlMGRhZGY0LWM1MGYtNDMyNS1iMjQ3LWM4NTViMmRmNGE4YSIsInR5cCI6IkpXVCJ9.eyJpc3MiOiJodHRwczovL3VnZnhqamFrcHNuZ2Zkcmpsc2RyLnN1cGFiYXNlLmNvL2F1dGgvdjEiLCJzdWIiOiIyZGZiODIzZi1iYjkzLTRlNDYtODZjZC1hNTIwYzViZTc4NjgiLCJhdWQiOiJhdXRoZW50aWNhdGVkIiwiZXhwIjoxNzc4MTU5NTk1LCJpYXQiOjE3NzgxNTU5OTUsImVtYWlsIjoiZmlyc3R1c2VyQGdtYWlsLmNvbSIsInBob25lIjoiIiwiYXBwX21ldGFkYXRhIjp7InByb3ZpZGVyIjoiZW1haWwiLCJwcm92aWRlcnMiOlsiZW1haWwiXX0sInVzZXJfbWV0YWRhdGEiOnsiYXZhdGFyX2tleSI6WzExMSw0MywyMTcsMjUsMTc4LDEyMCwyNDYsODIsMTQ2LDIzMSwxMjUsMTU3LDE3MiwxNDYsOTcsNjUsOTQsODEsMjE3LDU4LDIzOCwyMzIsNzIsNzIsNDQsMjI3LDQ2LDU3LDExOCwxNTUsMjAwLDgxXSwiYXZhdGFyX25vbmNlIjpbMTUwLDE3LDE3MCwyNTAsMjEsMTksOTAsMjA5LDEzMSw5OCwxNiwxNzcsODksMTEwLDEyMiw5LDIzMiwxMTMsNjQsMiwyNyw0NiwyNTQsNDddLCJhdmF0YXJfdXJsIjoiaHR0cHM6Ly9yZXMuY2xvdWRpbmFyeS5jb20vZGVsNW8xdm5kL3Jhdy91cGxvYWQvdjE3NzU3NDkzMDIvZXd1NWF5dnd3OWx0YnJpYnBqNnkucmF3IiwiZGlzcGxheV9uYW1lIjoiUmlmZnUga2EgQWJ18J-QpfCfmYgiLCJlbWFpbF92ZXJpZmllZCI6dHJ1ZX0sInJvbGUiOiJhdXRoZW50aWNhdGVkIiwiYWFsIjoiYWFsMSIsImFtciI6W3sibWV0aG9kIjoicGFzc3dvcmQiLCJ0aW1lc3RhbXAiOjE3NzgxNTU5OTV9XSwic2Vzc2lvbl9pZCI6IjMwMTc1OTY1LTEyNjUtNDZjZC1iNjZmLWU0MDRjNDU4ZjMwZiIsImlzX2Fub255bW91cyI6ZmFsc2V9.CNdU8GxY4E98dHe4vKJLy9rGjUm9_EMuOoQWkWOzi0hftugA9sQOIOw4lW-fcwVsBfeMFymDZqTlQuSMVTYS_Q","content-profile":"public","content-type":"application\/json","x-client-info":"supabase-js-web\/2.100.0"}}
2026-05-07 17:43:46.883 26569-27762 CapacitorCookies        com.newaura.app                      I  Getting cookies at: 'https://ugfxjjakpsngfdrjlsdr.supabase.co/rest/v1/profiles?id=eq.2dfb823f-bb93-4e46-86cd-a520c5be7868'
2026-05-07 17:43:46.884 26569-26789 CapacitorCookies        com.newaura.app                      I  Setting cookie '__cf_bm=FR6LSRvzld5p_srPAXhIA82JoWJq8SWmuwvFwmejLek-1778156026.2145767-1.0.1.1-sAke.9i1utbm5a4ni_IE.FzJtukZdZH5KLlS1V_hwPW4seR42fIlGr4VZrO0KlpxWElDrioXpQhBezsk8F3I6FnRTePANGp4tuMLuQEzT5jNLFm8wLabYX1rXVXjuyCF; HttpOnly; Secure; Path=/; Domain=supabase.co; Expires=Thu, 07 May 2026 12:43:46 GMT' at: 'https://ugfxjjakpsngfdrjlsdr.supabase.co/rest/v1/messages?select=id%2Cis_read%2Cis_delivered%2Cread_at%2Cdelivered_at%2Creaction%2Cis_edited%2Cencrypted_content%2Cnonce%2Csender_public_key%2Cis_deleted_for_sender%2Cis_deleted_for_receiver%2Cupdated_at&id=in.%28e5c8bb9a-d782-4075-950a-1efbbbb5d489%29'
2026-05-07 17:43:46.886 26569-26789 CapacitorCookies        com.newaura.app                      I  Setting cookie '__cf_bm=FR6LSRvzld5p_srPAXhIA82JoWJq8SWmuwvFwmejLek-1778156026.2145767-1.0.1.1-sAke.9i1utbm5a4ni_IE.FzJtukZdZH5KLlS1V_hwPW4seR42fIlGr4VZrO0KlpxWElDrioXpQhBezsk8F3I6FnRTePANGp4tuMLuQEzT5jNLFm8wLabYX1rXVXjuyCF; HttpOnly; Secure; Path=/; Domain=supabase.co; Expires=Thu, 07 May 2026 12:43:46 GMT' at: 'https://supabase.co'
2026-05-07 17:43:46.898 26569-26569 chromium                com.newaura.app                      I  [INFO:CONSOLE:24] "[SUPABASE FETCH SUCCESS] Status: 200 OK", source: http://localhost/assets/supabase-CLpXqyPc.js (24)
2026-05-07 17:43:46.925 26569-26569 VRI[MainActivity]       com.newaura.app                      W  handleResized abandoned!
2026-05-07 17:43:47.080 26569-28437 DMABUFHEAPS             com.newaura.app                      I  Using DMA-BUF heap named: mtk_mm
2026-05-07 17:43:47.080 26569-28437 DMABUFHEAPS             com.newaura.app                      I  Using DMA-BUF heap named: mtk_mm-uncached
2026-05-07 17:43:47.080 26569-28437 DMABUFHEAPS             com.newaura.app                      I  Using DMA-BUF heap named: mtk_svp_region-aligned
2026-05-07 17:43:47.080 26569-28437 DMABUFHEAPS             com.newaura.app                      I  Using DMA-BUF heap named: mtk_prot_region-aligned
2026-05-07 17:43:47.080 26569-28437 DMABUFHEAPS             com.newaura.app                      I  Using DMA-BUF heap named: mtk_2d_fr_region
2026-05-07 17:43:47.080 26569-28437 DMABUFHEAPS             com.newaura.app                      I  Using DMA-BUF heap named: mtk_wfd_region-aligned
2026-05-07 17:43:47.121 26569-28437 OplusCamer...agerGlobal com.newaura.app                      I  setClientInfo, packageName: com.newaura.app, uid: 10421, pid: 26569
2026-05-07 17:43:47.152 26569-28437 OplusCamer...agerGlobal com.newaura.app                      I  setClientInfo, packageName: com.newaura.app, uid: 10421, pid: 26569
2026-05-07 17:43:47.157 26569-28437 OplusCamer...agerGlobal com.newaura.app                      I  setClientInfo, packageName: com.newaura.app, uid: 10421, pid: 26569
2026-05-07 17:43:47.164 26569-28437 OplusCamer...agerGlobal com.newaura.app                      I  setClientInfo, packageName: com.newaura.app, uid: 10421, pid: 26569
2026-05-07 17:43:47.191 26569-26925 OplusCamer...agerGlobal com.newaura.app                      I  setClientInfo, packageName: com.newaura.app, uid: 10421, pid: 26569
2026-05-07 17:43:47.196 26569-26794 cr_media                com.newaura.app                      W  Requires MODIFY_AUDIO_SETTINGS and RECORD_AUDIO. No audio device will be available for recording
2026-05-07 17:43:47.199 26569-26925 OplusCamer...agerGlobal com.newaura.app                      I  setClientInfo, packageName: com.newaura.app, uid: 10421, pid: 26569
2026-05-07 17:43:47.201 26569-26925 OplusCamer...agerGlobal com.newaura.app                      I  setClientInfo, packageName: com.newaura.app, uid: 10421, pid: 26569
2026-05-07 17:43:47.212 26569-26925 OplusCamer...agerGlobal com.newaura.app                      I  setClientInfo, packageName: com.newaura.app, uid: 10421, pid: 26569
2026-05-07 17:43:47.214 26569-26925 OplusCamer...agerGlobal com.newaura.app                      I  setClientInfo, packageName: com.newaura.app, uid: 10421, pid: 26569
2026-05-07 17:43:47.216 26569-26925 OplusCamer...agerGlobal com.newaura.app                      I  setClientInfo, packageName: com.newaura.app, uid: 10421, pid: 26569
2026-05-07 17:43:47.222 26569-26925 OplusCamer...agerGlobal com.newaura.app                      I  setClientInfo, packageName: com.newaura.app, uid: 10421, pid: 26569
2026-05-07 17:43:47.222 26569-26596 OplusScrollToTopManager com.newaura.app                      D  com.newaura.app/com.newaura.app.MainActivity,This com.android.internal.policy.DecorView{5546dde V.E...... R....... 0,0-1080,2400 aid=0 alpha=1.0 viewInfo = }[MainActivity] change focus to true
2026-05-07 17:43:47.223 26569-26925 OplusCamer...agerGlobal com.newaura.app                      I  setClientInfo, packageName: com.newaura.app, uid: 10421, pid: 26569
2026-05-07 17:43:47.227 26569-26658 GPUAUX                  com.newaura.app                      E  [AUX]GuiExtAuxCheckAuxPath:682: Null anb
2026-05-07 17:43:47.227 26569-26658 GPUAUX                  com.newaura.app                      E  [AUX]GuiExtAuxCheckAuxPath:682: Null anb
2026-05-07 17:43:47.227 26569-26658 GPUAUX                  com.newaura.app                      E  [AUX]GuiExtAuxCheckAuxPath:682: Null anb
