2026-05-05 17:32:04.842 21650-21778 GPUAUX                  com.newaura.app                      E  [AUX]GuiExtAuxCheckAuxPath:682: Null anb
2026-05-05 17:32:04.842 21650-21778 GPUAUX                  com.newaura.app                      E  [AUX]GuiExtAuxCheckAuxPath:682: Null anb
2026-05-05 17:32:04.842 21650-21778 GPUAUX                  com.newaura.app                      E  [AUX]GuiExtAuxCheckAuxPath:682: Null anb
2026-05-05 17:32:04.871 21650-21778 GPUAUX                  com.newaura.app                      E  [AUX]GuiExtAuxCheckAuxPath:682: Null anb
2026-05-05 17:32:04.871 21650-21778 GPUAUX                  com.newaura.app                      E  [AUX]GuiExtAuxCheckAuxPath:682: Null anb
2026-05-05 17:32:04.871 21650-21778 GPUAUX                  com.newaura.app                      E  [AUX]GuiExtAuxCheckAuxPath:682: Null anb
2026-05-05 17:32:04.871 21650-21778 GPUAUX                  com.newaura.app                      E  [AUX]GuiExtAuxCheckAuxPath:682: Null anb
2026-05-05 17:32:04.871 21650-21778 GPUAUX                  com.newaura.app                      E  [AUX]GuiExtAuxCheckAuxPath:682: Null anb
2026-05-05 17:32:04.885 21650-21778 GPUAUX                  com.newaura.app                      E  [AUX]GuiExtAuxCheckAuxPath:682: Null anb
2026-05-05 17:32:04.885 21650-21778 GPUAUX                  com.newaura.app                      E  [AUX]GuiExtAuxCheckAuxPath:682: Null anb
2026-05-05 17:32:04.885 21650-21778 GPUAUX                  com.newaura.app                      E  [AUX]GuiExtAuxCheckAuxPath:682: Null anb
2026-05-05 17:32:04.885 21650-21778 GPUAUX                  com.newaura.app                      E  [AUX]GuiExtAuxCheckAuxPath:682: Null anb
2026-05-05 17:32:04.885 21650-21778 GPUAUX                  com.newaura.app                      E  [AUX]GuiExtAuxCheckAuxPath:682: Null anb
2026-05-05 17:32:04.902 21650-21778 GPUAUX                  com.newaura.app                      E  [AUX]GuiExtAuxCheckAuxPath:682: Null anb
2026-05-05 17:32:04.902 21650-21778 GPUAUX                  com.newaura.app                      E  [AUX]GuiExtAuxCheckAuxPath:682: Null anb
2026-05-05 17:32:04.902 21650-21778 GPUAUX                  com.newaura.app                      E  [AUX]GuiExtAuxCheckAuxPath:682: Null anb
2026-05-05 17:32:04.902 21650-21778 GPUAUX                  com.newaura.app                      E  [AUX]GuiExtAuxCheckAuxPath:682: Null anb
2026-05-05 17:32:04.902 21650-21778 GPUAUX                  com.newaura.app                      E  [AUX]GuiExtAuxCheckAuxPath:682: Null anb
2026-05-05 17:32:04.921 21650-21778 GPUAUX                  com.newaura.app                      E  [AUX]GuiExtAuxCheckAuxPath:682: Null anb
2026-05-05 17:32:04.921 21650-21778 GPUAUX                  com.newaura.app                      E  [AUX]GuiExtAuxCheckAuxPath:682: Null anb
2026-05-05 17:32:04.921 21650-21778 GPUAUX                  com.newaura.app                      E  [AUX]GuiExtAuxCheckAuxPath:682: Null anb
2026-05-05 17:32:04.921 21650-21778 GPUAUX                  com.newaura.app                      E  [AUX]GuiExtAuxCheckAuxPath:682: Null anb
2026-05-05 17:32:04.921 21650-21778 GPUAUX                  com.newaura.app                      E  [AUX]GuiExtAuxCheckAuxPath:682: Null anb
2026-05-05 17:32:04.921 21650-21778 GPUAUX                  com.newaura.app                      E  [AUX]GuiExtAuxCheckAuxPath:682: Null anb
2026-05-05 17:32:04.921 21650-21778 GPUAUX                  com.newaura.app                      E  [AUX]GuiExtAuxCheckAuxPath:682: Null anb
2026-05-05 17:32:04.921 21650-21778 GPUAUX                  com.newaura.app                      E  [AUX]GuiExtAuxCheckAuxPath:682: Null anb
2026-05-05 17:32:04.940 21650-21778 GPUAUX                  com.newaura.app                      E  [AUX]GuiExtAuxCheckAuxPath:682: Null anb
2026-05-05 17:32:04.941 21650-21778 GPUAUX                  com.newaura.app                      E  [AUX]GuiExtAuxCheckAuxPath:682: Null anb
2026-05-05 17:32:04.941 21650-21778 GPUAUX                  com.newaura.app                      E  [AUX]GuiExtAuxCheckAuxPath:682: Null anb
2026-05-05 17:32:04.941 21650-21778 GPUAUX                  com.newaura.app                      E  [AUX]GuiExtAuxCheckAuxPath:682: Null anb
2026-05-05 17:32:04.941 21650-21778 GPUAUX                  com.newaura.app                      E  [AUX]GuiExtAuxCheckAuxPath:682: Null anb
2026-05-05 17:32:05.158 21650-21778 GPUAUX                  com.newaura.app                      E  [AUX]GuiExtAuxCheckAuxPath:682: Null anb
2026-05-05 17:32:05.158 21650-21778 GPUAUX                  com.newaura.app                      E  [AUX]GuiExtAuxCheckAuxPath:682: Null anb
2026-05-05 17:32:05.158 21650-21778 GPUAUX                  com.newaura.app                      E  [AUX]GuiExtAuxCheckAuxPath:682: Null anb
2026-05-05 17:32:05.173 21650-21778 GPUAUX                  com.newaura.app                      E  [AUX]GuiExtAuxCheckAuxPath:682: Null anb
2026-05-05 17:32:05.173 21650-21778 GPUAUX                  com.newaura.app                      E  [AUX]GuiExtAuxCheckAuxPath:682: Null anb
2026-05-05 17:32:05.173 21650-21778 GPUAUX                  com.newaura.app                      E  [AUX]GuiExtAuxCheckAuxPath:682: Null anb
2026-05-05 17:32:05.173 21650-21778 GPUAUX                  com.newaura.app                      E  [AUX]GuiExtAuxCheckAuxPath:682: Null anb
2026-05-05 17:32:05.176 21650-21778 GPUAUX                  com.newaura.app                      E  [AUX]GuiExtAuxCheckAuxPath:682: Null anb
2026-05-05 17:32:05.193 21650-21778 GPUAUX                  com.newaura.app                      E  [AUX]GuiExtAuxCheckAuxPath:682: Null anb
2026-05-05 17:32:05.193 21650-21778 GPUAUX                  com.newaura.app                      E  [AUX]GuiExtAuxCheckAuxPath:682: Null anb
2026-05-05 17:32:05.193 21650-21778 GPUAUX                  com.newaura.app                      E  [AUX]GuiExtAuxCheckAuxPath:682: Null anb
2026-05-05 17:32:05.193 21650-21778 GPUAUX                  com.newaura.app                      E  [AUX]GuiExtAuxCheckAuxPath:682: Null anb
2026-05-05 17:32:05.209 21650-21778 GPUAUX                  com.newaura.app                      E  [AUX]GuiExtAuxCheckAuxPath:682: Null anb
2026-05-05 17:32:05.209 21650-21778 GPUAUX                  com.newaura.app                      E  [AUX]GuiExtAuxCheckAuxPath:682: Null anb
2026-05-05 17:32:05.209 21650-21778 GPUAUX                  com.newaura.app                      E  [AUX]GuiExtAuxCheckAuxPath:682: Null anb
2026-05-05 17:32:05.209 21650-21778 GPUAUX                  com.newaura.app                      E  [AUX]GuiExtAuxCheckAuxPath:682: Null anb
2026-05-05 17:32:05.228 21650-21778 GPUAUX                  com.newaura.app                      E  [AUX]GuiExtAuxCheckAuxPath:682: Null anb
2026-05-05 17:32:05.228 21650-21778 GPUAUX                  com.newaura.app                      E  [AUX]GuiExtAuxCheckAuxPath:682: Null anb
2026-05-05 17:32:05.228 21650-21778 GPUAUX                  com.newaura.app                      E  [AUX]GuiExtAuxCheckAuxPath:682: Null anb
2026-05-05 17:32:05.228 21650-21778 GPUAUX                  com.newaura.app                      E  [AUX]GuiExtAuxCheckAuxPath:682: Null anb
2026-05-05 17:32:05.246 21650-21778 GPUAUX                  com.newaura.app                      E  [AUX]GuiExtAuxCheckAuxPath:682: Null anb
2026-05-05 17:32:05.246 21650-21778 GPUAUX                  com.newaura.app                      E  [AUX]GuiExtAuxCheckAuxPath:682: Null anb
2026-05-05 17:32:05.246 21650-21778 GPUAUX                  com.newaura.app                      E  [AUX]GuiExtAuxCheckAuxPath:682: Null anb
2026-05-05 17:32:05.246 21650-21778 GPUAUX                  com.newaura.app                      E  [AUX]GuiExtAuxCheckAuxPath:682: Null anb
2026-05-05 17:32:05.262 21650-21778 GPUAUX                  com.newaura.app                      E  [AUX]GuiExtAuxCheckAuxPath:682: Null anb
2026-05-05 17:32:05.262 21650-21778 GPUAUX                  com.newaura.app                      E  [AUX]GuiExtAuxCheckAuxPath:682: Null anb
2026-05-05 17:32:05.262 21650-21778 GPUAUX                  com.newaura.app                      E  [AUX]GuiExtAuxCheckAuxPath:682: Null anb
2026-05-05 17:32:05.262 21650-21778 GPUAUX                  com.newaura.app                      E  [AUX]GuiExtAuxCheckAuxPath:682: Null anb
2026-05-05 17:32:05.284 21650-21778 GPUAUX                  com.newaura.app                      E  [AUX]GuiExtAuxCheckAuxPath:682: Null anb
2026-05-05 17:32:05.284 21650-21778 GPUAUX                  com.newaura.app                      E  [AUX]GuiExtAuxCheckAuxPath:682: Null anb
2026-05-05 17:32:05.284 21650-21778 GPUAUX                  com.newaura.app                      E  [AUX]GuiExtAuxCheckAuxPath:682: Null anb
2026-05-05 17:32:05.284 21650-21778 GPUAUX                  com.newaura.app                      E  [AUX]GuiExtAuxCheckAuxPath:682: Null anb
2026-05-05 17:32:05.302 21650-21778 GPUAUX                  com.newaura.app                      E  [AUX]GuiExtAuxCheckAuxPath:682: Null anb
2026-05-05 17:32:05.303 21650-21778 GPUAUX                  com.newaura.app                      E  [AUX]GuiExtAuxCheckAuxPath:682: Null anb
2026-05-05 17:32:05.303 21650-21778 GPUAUX                  com.newaura.app                      E  [AUX]GuiExtAuxCheckAuxPath:682: Null anb
2026-05-05 17:32:06.112 21650-21650 AutofillManager         com.newaura.app                      V  notifyViewExited(1073741824, 262144
2026-05-05 17:32:06.112 21650-21650 AutofillManager         com.newaura.app                      V  ignoring notifyViewEntered(flags=0, view=1073741824:i262144) on state FINISHED because view was already entered: {1073741824:i65536, 1073741824:i65537, 1073741824:i131072, 1073741824:i196608, 1073741824:i262144}
2026-05-05 17:32:06.112 21650-21650 AutofillManager         com.newaura.app                      V  notifyValueChanged(1073741824:262144): ignoring on state FINISHED
2026-05-05 17:32:06.132 21650-21778 GPUAUX                  com.newaura.app                      E  [AUX]GuiExtAuxCheckAuxPath:682: Null anb
2026-05-05 17:32:06.610 21650-21650 AutofillManager         com.newaura.app                      V  notifyValueChanged(1073741824:262144): ignoring on state FINISHED
2026-05-05 17:32:06.627 21650-21778 GPUAUX                  com.newaura.app                      E  [AUX]GuiExtAuxCheckAuxPath:682: Null anb
2026-05-05 17:32:06.869 21650-21650 AutofillManager         com.newaura.app                      V  notifyValueChanged(1073741824:262144): ignoring on state FINISHED
2026-05-05 17:32:06.888 21650-21650 Capacitor/Console       com.newaura.app                      E  File: https://localhost/assets/index-4A9MR12z.js - Line 40 - Msg: [FCM] ❌ Failed to save FCM token to Supabase: there is no unique or exclusion constraint matching the ON CONFLICT specification
2026-05-05 17:32:06.890 21650-21778 GPUAUX                  com.newaura.app                      E  [AUX]GuiExtAuxCheckAuxPath:682: Null anb
2026-05-05 17:32:07.397 21650-21650 AutofillManager         com.newaura.app                      V  notifyValueChanged(1073741824:262144): ignoring on state FINISHED
2026-05-05 17:32:07.407 21650-21778 GPUAUX                  com.newaura.app                      E  [AUX]GuiExtAuxCheckAuxPath:682: Null anb
2026-05-05 17:32:07.407 21650-21778 GPUAUX                  com.newaura.app                      E  [AUX]GuiExtAuxCheckAuxPath:682: Null anb
2026-05-05 17:32:07.407 21650-21778 GPUAUX                  com.newaura.app                      E  [AUX]GuiExtAuxCheckAuxPath:682: Null anb
2026-05-05 17:32:07.657 21650-21778 GPUAUX                  com.newaura.app                      E  [AUX]GuiExtAuxCheckAuxPath:682: Null anb
2026-05-05 17:32:07.657 21650-21778 GPUAUX                  com.newaura.app                      E  [AUX]GuiExtAuxCheckAuxPath:682: Null anb
2026-05-05 17:32:07.657 21650-21778 GPUAUX                  com.newaura.app                      E  [AUX]GuiExtAuxCheckAuxPath:682: Null anb
2026-05-05 17:32:07.658 21650-21778 GPUAUX                  com.newaura.app                      E  [AUX]GuiExtAuxCheckAuxPath:682: Null anb
2026-05-05 17:32:07.658 21650-21778 GPUAUX                  com.newaura.app                      E  [AUX]GuiExtAuxCheckAuxPath:682: Null anb
2026-05-05 17:32:07.658 21650-21778 GPUAUX                  com.newaura.app                      E  [AUX]GuiExtAuxCheckAuxPath:682: Null anb
2026-05-05 17:32:07.670 21650-21650 Capacitor/Console       com.newaura.app                      E  File: https://localhost/assets/index-4A9MR12z.js - Line 40 - Msg: [FCM] ❌ Failed to save FCM token to Supabase: there is no unique or exclusion constraint matching the ON CONFLICT specification
2026-05-05 17:32:08.407 21650-21778 GPUAUX                  com.newaura.app                      E  [AUX]GuiExtAuxCheckAuxPath:682: Null anb
2026-05-05 17:32:08.407 21650-21778 GPUAUX                  com.newaura.app                      E  [AUX]GuiExtAuxCheckAuxPath:682: Null anb
2026-05-05 17:32:09.898 21650-21650 AutofillManager         com.newaura.app                      V  notifyValueChanged(1073741824:262144): ignoring on state FINISHED
2026-05-05 17:32:09.921 21650-21778 GPUAUX                  com.newaura.app                      E  [AUX]GuiExtAuxCheckAuxPath:682: Null anb
2026-05-05 17:32:09.921 21650-21778 GPUAUX                  com.newaura.app                      E  [AUX]GuiExtAuxCheckAuxPath:682: Null anb
2026-05-05 17:32:10.362 21650-21650 IJankManager            com.newaura.app                      E  slideSceneEnd unknown scene 1002 mScene:-1
2026-05-05 17:32:10.362 21650-21650 AutofillManager         com.newaura.app                      V  requestHideFillUi(null): anchor = null
2026-05-05 17:32:10.380 21650-21650 OplusViewD...ViewHelper com.newaura.app                      D  dispatchTouchView action = 1
2026-05-05 17:32:10.381 21650-21650 ViewRootImplExtImpl     com.newaura.app                      D  the up motion event handled by client, just return
2026-05-05 17:32:10.411 21650-21650 AutofillManager         com.newaura.app                      V  notifyViewExited(1073741824, 262144
2026-05-05 17:32:10.411 21650-21650 AutofillManager         com.newaura.app                      V  notifyValueChanged(1073741824:262144): ignoring on state FINISHED
2026-05-05 17:32:10.411 21650-21650 AutofillManager         com.newaura.app                      V  commit() called by app
2026-05-05 17:32:10.411 21650-21650 AutofillManager         com.newaura.app                      V  finishSessionLocked(): FINISHED
2026-05-05 17:32:10.411 21650-21650 AutofillManager         com.newaura.app                      V  cancel() called by app or augmented autofill service
2026-05-05 17:32:10.411 21650-21650 AutofillManager         com.newaura.app                      V  cancelSessionLocked(): FINISHED
2026-05-05 17:32:10.605 21650-21650 ImeTracker              com.newaura.app                      I  com.newaura.app:6f89aa83: onRequestHide at ORIGIN_CLIENT reason HIDE_SOFT_INPUT fromUser false
2026-05-05 17:32:10.605 21650-21650 InsetsController        com.newaura.app                      D  hide(ime(), fromIme=false)
2026-05-05 17:32:10.605 21650-21650 WindowOnBackDispatcher  com.newaura.app                      W  sendCancelIfRunning: isInProgress=false callback=ImeCallback=ImeOnBackInvokedCallback@197878563 hash=171367832 Callback=android.window.IOnBackInvokedCallback$Stub$Proxy@fa8242d
2026-05-05 17:32:10.606 21650-21650 InsetsController        com.newaura.app                      D  Setting requestedVisibleTypes to -9 (was -1)
2026-05-05 17:32:10.630 21650-21778 GPUAUX                  com.newaura.app                      E  [AUX]GuiExtAuxCheckAuxPath:682: Null anb
2026-05-05 17:32:10.630 21650-21778 GPUAUX                  com.newaura.app                      E  [AUX]GuiExtAuxCheckAuxPath:682: Null anb
2026-05-05 17:32:10.630 21650-21778 GPUAUX                  com.newaura.app                      E  [AUX]GuiExtAuxCheckAuxPath:682: Null anb
2026-05-05 17:32:10.630 21650-21778 GPUAUX                  com.newaura.app                      E  [AUX]GuiExtAuxCheckAuxPath:682: Null anb
2026-05-05 17:32:10.630 21650-21778 GPUAUX                  com.newaura.app                      E  [AUX]GuiExtAuxCheckAuxPath:682: Null anb
2026-05-05 17:32:10.630 21650-21778 GPUAUX                  com.newaura.app                      E  [AUX]GuiExtAuxCheckAuxPath:682: Null anb
2026-05-05 17:32:10.634 21650-21778 GPUAUX                  com.newaura.app                      E  [AUX]GuiExtAuxCheckAuxPath:682: Null anb
2026-05-05 17:32:10.634 21650-21778 GPUAUX                  com.newaura.app                      E  [AUX]GuiExtAuxCheckAuxPath:682: Null anb
2026-05-05 17:32:10.634 21650-21778 GPUAUX                  com.newaura.app                      E  [AUX]GuiExtAuxCheckAuxPath:682: Null anb
2026-05-05 17:32:10.634 21650-21778 GPUAUX                  com.newaura.app                      E  [AUX]GuiExtAuxCheckAuxPath:682: Null anb
2026-05-05 17:32:10.634 21650-21778 GPUAUX                  com.newaura.app                      E  [AUX]GuiExtAuxCheckAuxPath:682: Null anb
2026-05-05 17:32:10.634 21650-21778 GPUAUX                  com.newaura.app                      E  [AUX]GuiExtAuxCheckAuxPath:682: Null anb
2026-05-05 17:32:10.634 21650-21778 GPUAUX                  com.newaura.app                      E  [AUX]GuiExtAuxCheckAuxPath:682: Null anb
2026-05-05 17:32:10.634 21650-21778 GPUAUX                  com.newaura.app                      E  [AUX]GuiExtAuxCheckAuxPath:682: Null anb
2026-05-05 17:32:10.634 21650-21778 GPUAUX                  com.newaura.app                      E  [AUX]GuiExtAuxCheckAuxPath:682: Null anb
2026-05-05 17:32:10.634 21650-21778 GPUAUX                  com.newaura.app                      E  [AUX]GuiExtAuxCheckAuxPath:682: Null anb
2026-05-05 17:32:10.634 21650-21778 GPUAUX                  com.newaura.app                      E  [AUX]GuiExtAuxCheckAuxPath:682: Null anb
2026-05-05 17:32:10.634 21650-21778 GPUAUX                  com.newaura.app                      E  [AUX]GuiExtAuxCheckAuxPath:682: Null anb
2026-05-05 17:32:10.637 21650-21650 VRI[MainActivity]       com.newaura.app                      W  handleResized abandoned!
2026-05-05 17:32:10.638 21650-21778 GPUAUX                  com.newaura.app                      E  [AUX]GuiExtAuxCheckAuxPath:682: Null anb
2026-05-05 17:32:10.650 21650-21650 ImeTracker              com.newaura.app                      I  system_server:bbb828b9: onCancelled at PHASE_CLIENT_ON_CONTROLS_CHANGED
2026-05-05 17:32:10.740 21650-21778 GPUAUX                  com.newaura.app                      E  [AUX]GuiExtAuxCheckAuxPath:682: Null anb
2026-05-05 17:32:10.740 21650-21778 GPUAUX                  com.newaura.app                      E  [AUX]GuiExtAuxCheckAuxPath:682: Null anb
2026-05-05 17:32:10.740 21650-21778 GPUAUX                  com.newaura.app                      E  [AUX]GuiExtAuxCheckAuxPath:682: Null anb
2026-05-05 17:32:10.759 21650-21778 GPUAUX                  com.newaura.app                      E  [AUX]GuiExtAuxCheckAuxPath:682: Null anb
2026-05-05 17:32:10.759 21650-21778 GPUAUX                  com.newaura.app                      E  [AUX]GuiExtAuxCheckAuxPath:682: Null anb
2026-05-05 17:32:10.759 21650-21778 GPUAUX                  com.newaura.app                      E  [AUX]GuiExtAuxCheckAuxPath:682: Null anb
2026-05-05 17:32:10.798 21650-21778 GPUAUX                  com.newaura.app                      E  [AUX]GuiExtAuxCheckAuxPath:682: Null anb
2026-05-05 17:32:10.798 21650-21778 GPUAUX                  com.newaura.app                      E  [AUX]GuiExtAuxCheckAuxPath:682: Null anb
2026-05-05 17:32:10.798 21650-21778 GPUAUX                  com.newaura.app                      E  [AUX]GuiExtAuxCheckAuxPath:682: Null anb
2026-05-05 17:32:10.798 21650-21778 GPUAUX                  com.newaura.app                      E  [AUX]GuiExtAuxCheckAuxPath:682: Null anb
2026-05-05 17:32:10.798 21650-21778 GPUAUX                  com.newaura.app                      E  [AUX]GuiExtAuxCheckAuxPath:682: Null anb
2026-05-05 17:32:10.798 21650-21778 GPUAUX                  com.newaura.app                      E  [AUX]GuiExtAuxCheckAuxPath:682: Null anb
2026-05-05 17:32:10.799 21650-21778 GPUAUX                  com.newaura.app                      E  [AUX]GuiExtAuxCheckAuxPath:682: Null anb
2026-05-05 17:32:10.802 21650-21778 GPUAUX                  com.newaura.app                      E  [AUX]GuiExtAuxCheckAuxPath:682: Null anb
2026-05-05 17:32:10.810 21650-21650 AutofillManager         com.newaura.app                      V  startSessionLocked(): id=1073741824:i327681, bounds=Rect(171, 1236 - 561, 1308), value=null, flags=0, state=FINISHED, compatMode=false, augmentedOnly=false, enabledAugmentedOnly=false, enteredIds={1073741824:i65536, 1073741824:i65537, 1073741824:i131072, 1073741824:i196608, 1073741824:i262144}
2026-05-05 17:32:10.821 21650-21650 ImeTracker              com.newaura.app                      I  com.newaura.app:5676edb9: onRequestShow at ORIGIN_CLIENT reason SHOW_SOFT_INPUT fromUser false
2026-05-05 17:32:10.821 21650-21650 InsetsController        com.newaura.app                      D  show(ime(), fromIme=false)
2026-05-05 17:32:10.822 21650-21650 InsetsController        com.newaura.app                      D  Setting requestedVisibleTypes to -1 (was -9)
2026-05-05 17:32:10.822 21650-21650 ImeTracker              com.newaura.app                      I  com.newaura.app:6f89aa83: onCancelled at PHASE_CLIENT_ANIMATION_CANCEL
2026-05-05 17:32:10.825 21650-21778 GPUAUX                  com.newaura.app                      E  [AUX]GuiExtAuxCheckAuxPath:682: Null anb
2026-05-05 17:32:10.825 21650-21778 GPUAUX                  com.newaura.app                      E  [AUX]GuiExtAuxCheckAuxPath:682: Null anb
2026-05-05 17:32:10.825 21650-21778 GPUAUX                  com.newaura.app                      E  [AUX]GuiExtAuxCheckAuxPath:682: Null anb
2026-05-05 17:32:10.828 21650-21778 GPUAUX                  com.newaura.app                      E  [AUX]GuiExtAuxCheckAuxPath:682: Null anb
2026-05-05 17:32:10.848 21650-21778 GPUAUX                  com.newaura.app                      E  [AUX]GuiExtAuxCheckAuxPath:682: Null anb
2026-05-05 17:32:10.848 21650-21778 GPUAUX                  com.newaura.app                      E  [AUX]GuiExtAuxCheckAuxPath:682: Null anb
2026-05-05 17:32:10.848 21650-21778 GPUAUX                  com.newaura.app                      E  [AUX]GuiExtAuxCheckAuxPath:682: Null anb
2026-05-05 17:32:10.852 21650-21778 GPUAUX                  com.newaura.app                      E  [AUX]GuiExtAuxCheckAuxPath:682: Null anb
2026-05-05 17:32:10.852 21650-21778 GPUAUX                  com.newaura.app                      E  [AUX]GuiExtAuxCheckAuxPath:682: Null anb
2026-05-05 17:32:10.853 21650-21778 GPUAUX                  com.newaura.app                      E  [AUX]GuiExtAuxCheckAuxPath:682: Null anb
2026-05-05 17:32:10.853 21650-21778 GPUAUX                  com.newaura.app                      E  [AUX]GuiExtAuxCheckAuxPath:682: Null anb
2026-05-05 17:32:10.853 21650-21778 GPUAUX                  com.newaura.app                      E  [AUX]GuiExtAuxCheckAuxPath:682: Null anb
2026-05-05 17:32:10.853 21650-21778 GPUAUX                  com.newaura.app                      E  [AUX]GuiExtAuxCheckAuxPath:682: Null anb
2026-05-05 17:32:10.853 21650-21778 GPUAUX                  com.newaura.app                      E  [AUX]GuiExtAuxCheckAuxPath:682: Null anb
2026-05-05 17:32:10.854 21650-21650 AssistStructure         com.newaura.app                      I  Flattened final assist data: 3048 bytes, containing 1 windows, 6 views
2026-05-05 17:32:10.854 21650-21778 GPUAUX                  com.newaura.app                      E  [AUX]GuiExtAuxCheckAuxPath:682: Null anb
2026-05-05 17:32:10.854 21650-21778 GPUAUX                  com.newaura.app                      E  [AUX]GuiExtAuxCheckAuxPath:682: Null anb
2026-05-05 17:32:10.861 21650-21778 GPUAUX                  com.newaura.app                      E  [AUX]GuiExtAuxCheckAuxPath:682: Null anb
2026-05-05 17:32:10.861 21650-21778 GPUAUX                  com.newaura.app                      E  [AUX]GuiExtAuxCheckAuxPath:682: Null anb
2026-05-05 17:32:10.869 21650-21650 VRI[MainActivity]       com.newaura.app                      W  handleResized abandoned!
2026-05-05 17:32:10.871 21650-21778 GPUAUX                  com.newaura.app                      E  [AUX]GuiExtAuxCheckAuxPath:682: Null anb
2026-05-05 17:32:10.871 21650-21778 GPUAUX                  com.newaura.app                      E  [AUX]GuiExtAuxCheckAuxPath:682: Null anb
2026-05-05 17:32:10.871 21650-21778 GPUAUX                  com.newaura.app                      E  [AUX]GuiExtAuxCheckAuxPath:682: Null anb
2026-05-05 17:32:10.874 21650-21778 GPUAUX                  com.newaura.app                      E  [AUX]GuiExtAuxCheckAuxPath:682: Null anb
2026-05-05 17:32:10.884 21650-21650 ImeTracker              com.newaura.app                      I  system_server:528f9772: onCancelled at PHASE_CLIENT_ON_CONTROLS_CHANGED
2026-05-05 17:32:10.924 21650-21778 GPUAUX                  com.newaura.app                      E  [AUX]GuiExtAuxCheckAuxPath:682: Null anb
2026-05-05 17:32:10.924 21650-21778 GPUAUX                  com.newaura.app                      E  [AUX]GuiExtAuxCheckAuxPath:682: Null anb
2026-05-05 17:32:10.924 21650-21778 GPUAUX                  com.newaura.app                      E  [AUX]GuiExtAuxCheckAuxPath:682: Null anb
2026-05-05 17:32:10.932 21650-21778 GPUAUX                  com.newaura.app                      E  [AUX]GuiExtAuxCheckAuxPath:682: Null anb
2026-05-05 17:32:10.932 21650-21778 GPUAUX                  com.newaura.app                      E  [AUX]GuiExtAuxCheckAuxPath:682: Null anb
2026-05-05 17:32:10.932 21650-21778 GPUAUX                  com.newaura.app                      E  [AUX]GuiExtAuxCheckAuxPath:682: Null anb
2026-05-05 17:32:10.932 21650-21778 GPUAUX                  com.newaura.app                      E  [AUX]GuiExtAuxCheckAuxPath:682: Null anb
2026-05-05 17:32:10.932 21650-21778 GPUAUX                  com.newaura.app                      E  [AUX]GuiExtAuxCheckAuxPath:682: Null anb
2026-05-05 17:32:10.932 21650-21778 GPUAUX                  com.newaura.app                      E  [AUX]GuiExtAuxCheckAuxPath:682: Null anb
2026-05-05 17:32:10.932 21650-21778 GPUAUX                  com.newaura.app                      E  [AUX]GuiExtAuxCheckAuxPath:682: Null anb
2026-05-05 17:32:10.932 21650-21778 GPUAUX                  com.newaura.app                      E  [AUX]GuiExtAuxCheckAuxPath:682: Null anb
2026-05-05 17:32:10.932 21650-21778 GPUAUX                  com.newaura.app                      E  [AUX]GuiExtAuxCheckAuxPath:682: Null anb
2026-05-05 17:32:10.933 21650-21778 GPUAUX                  com.newaura.app                      E  [AUX]GuiExtAuxCheckAuxPath:682: Null anb
2026-05-05 17:32:10.933 21650-21778 GPUAUX                  com.newaura.app                      E  [AUX]GuiExtAuxCheckAuxPath:682: Null anb
2026-05-05 17:32:10.946 21650-21650 AutofillManager         com.newaura.app                      V  notifyNoFillUi(): sessionFinishedState=2
2026-05-05 17:32:10.946 21650-21650 AutofillManager         com.newaura.app                      V  notifyCallback(): sessionId=2109472112, autofillId=1073741824:i327681@2109472112, event=3
2026-05-05 17:32:10.946 21650-21650 AutofillManager         com.newaura.app                      V  setSessionFinished(): from ACTIVE to FINISHED; autofillableIds=null
2026-05-05 17:32:10.982 21650-21778 GPUAUX                  com.newaura.app                      E  [AUX]GuiExtAuxCheckAuxPath:682: Null anb
2026-05-05 17:32:10.982 21650-21778 GPUAUX                  com.newaura.app                      E  [AUX]GuiExtAuxCheckAuxPath:682: Null anb
2026-05-05 17:32:10.982 21650-21778 GPUAUX                  com.newaura.app                      E  [AUX]GuiExtAuxCheckAuxPath:682: Null anb
2026-05-05 17:32:10.982 21650-21778 GPUAUX                  com.newaura.app                      E  [AUX]GuiExtAuxCheckAuxPath:682: Null anb
2026-05-05 17:32:10.982 21650-21778 GPUAUX                  com.newaura.app                      E  [AUX]GuiExtAuxCheckAuxPath:682: Null anb
2026-05-05 17:32:10.998 21650-21778 GPUAUX                  com.newaura.app                      E  [AUX]GuiExtAuxCheckAuxPath:682: Null anb
2026-05-05 17:32:10.998 21650-21778 GPUAUX                  com.newaura.app                      E  [AUX]GuiExtAuxCheckAuxPath:682: Null anb
2026-05-05 17:32:10.998 21650-21778 GPUAUX                  com.newaura.app                      E  [AUX]GuiExtAuxCheckAuxPath:682: Null anb
2026-05-05 17:32:10.998 21650-21778 GPUAUX                  com.newaura.app                      E  [AUX]GuiExtAuxCheckAuxPath:682: Null anb
2026-05-05 17:32:10.998 21650-21778 GPUAUX                  com.newaura.app                      E  [AUX]GuiExtAuxCheckAuxPath:682: Null anb
2026-05-05 17:32:11.010 21650-21650 WindowOnBackDispatcher  com.newaura.app                      W  sendCancelIfRunning: isInProgress=false callback=ImeCallback=ImeOnBackInvokedCallback@197878563 hash=171367832 Callback=android.window.IOnBackInvokedCallback$Stub$Proxy@fa8242d
2026-05-05 17:32:11.027 21650-21778 GPUAUX                  com.newaura.app                      E  [AUX]GuiExtAuxCheckAuxPath:682: Null anb
2026-05-05 17:32:11.027 21650-21778 GPUAUX                  com.newaura.app                      E  [AUX]GuiExtAuxCheckAuxPath:682: Null anb
2026-05-05 17:32:11.027 21650-21778 GPUAUX                  com.newaura.app                      E  [AUX]GuiExtAuxCheckAuxPath:682: Null anb
2026-05-05 17:32:11.028 21650-21778 GPUAUX                  com.newaura.app                      E  [AUX]GuiExtAuxCheckAuxPath:682: Null anb
2026-05-05 17:32:11.028 21650-21778 GPUAUX                  com.newaura.app                      E  [AUX]GuiExtAuxCheckAuxPath:682: Null anb
2026-05-05 17:32:11.028 21650-21778 GPUAUX                  com.newaura.app                      E  [AUX]GuiExtAuxCheckAuxPath:682: Null anb
2026-05-05 17:32:11.028 21650-21778 GPUAUX                  com.newaura.app                      E  [AUX]GuiExtAuxCheckAuxPath:682: Null anb
2026-05-05 17:32:11.028 21650-21778 GPUAUX                  com.newaura.app                      E  [AUX]GuiExtAuxCheckAuxPath:682: Null anb
2026-05-05 17:32:11.048 21650-21778 GPUAUX                  com.newaura.app                      E  [AUX]GuiExtAuxCheckAuxPath:682: Null anb
2026-05-05 17:32:11.048 21650-21778 GPUAUX                  com.newaura.app                      E  [AUX]GuiExtAuxCheckAuxPath:682: Null anb
2026-05-05 17:32:11.048 21650-21778 GPUAUX                  com.newaura.app                      E  [AUX]GuiExtAuxCheckAuxPath:682: Null anb
2026-05-05 17:32:11.048 21650-21778 GPUAUX                  com.newaura.app                      E  [AUX]GuiExtAuxCheckAuxPath:682: Null anb
2026-05-05 17:32:11.048 21650-21778 GPUAUX                  com.newaura.app                      E  [AUX]GuiExtAuxCheckAuxPath:682: Null anb
2026-05-05 17:32:11.048 21650-21778 GPUAUX                  com.newaura.app                      E  [AUX]GuiExtAuxCheckAuxPath:682: Null anb
2026-05-05 17:32:11.048 21650-21778 GPUAUX                  com.newaura.app                      E  [AUX]GuiExtAuxCheckAuxPath:682: Null anb
2026-05-05 17:32:11.081 21650-21778 GPUAUX                  com.newaura.app                      E  [AUX]GuiExtAuxCheckAuxPath:682: Null anb
2026-05-05 17:32:11.081 21650-21778 GPUAUX                  com.newaura.app                      E  [AUX]GuiExtAuxCheckAuxPath:682: Null anb
2026-05-05 17:32:11.081 21650-21778 GPUAUX                  com.newaura.app                      E  [AUX]GuiExtAuxCheckAuxPath:682: Null anb
2026-05-05 17:32:11.081 21650-21778 GPUAUX                  com.newaura.app                      E  [AUX]GuiExtAuxCheckAuxPath:682: Null anb
2026-05-05 17:32:11.092 21650-21650 ImeTracker              com.newaura.app                      I  com.newaura.app:5676edb9: onShown
2026-05-05 17:32:11.100 21650-21778 GPUAUX                  com.newaura.app                      E  [AUX]GuiExtAuxCheckAuxPath:682: Null anb
2026-05-05 17:32:11.100 21650-21778 GPUAUX                  com.newaura.app                      E  [AUX]GuiExtAuxCheckAuxPath:682: Null anb
2026-05-05 17:32:11.100 21650-21778 GPUAUX                  com.newaura.app                      E  [AUX]GuiExtAuxCheckAuxPath:682: Null anb
2026-05-05 17:32:11.100 21650-21778 GPUAUX                  com.newaura.app                      E  [AUX]GuiExtAuxCheckAuxPath:682: Null anb
2026-05-05 17:32:11.126 21650-21778 GPUAUX                  com.newaura.app                      E  [AUX]GuiExtAuxCheckAuxPath:682: Null anb
2026-05-05 17:32:11.126 21650-21778 GPUAUX                  com.newaura.app                      E  [AUX]GuiExtAuxCheckAuxPath:682: Null anb
2026-05-05 17:32:11.126 21650-21778 GPUAUX                  com.newaura.app                      E  [AUX]GuiExtAuxCheckAuxPath:682: Null anb
2026-05-05 17:32:11.126 21650-21778 GPUAUX                  com.newaura.app                      E  [AUX]GuiExtAuxCheckAuxPath:682: Null anb
2026-05-05 17:32:11.151 21650-21778 GPUAUX                  com.newaura.app                      E  [AUX]GuiExtAuxCheckAuxPath:682: Null anb
2026-05-05 17:32:11.151 21650-21778 GPUAUX                  com.newaura.app                      E  [AUX]GuiExtAuxCheckAuxPath:682: Null anb
2026-05-05 17:32:11.151 21650-21778 GPUAUX                  com.newaura.app                      E  [AUX]GuiExtAuxCheckAuxPath:682: Null anb
2026-05-05 17:32:11.151 21650-21778 GPUAUX                  com.newaura.app                      E  [AUX]GuiExtAuxCheckAuxPath:682: Null anb
2026-05-05 17:32:11.165 21650-21650 VRI[MainActivity]       com.newaura.app                      W  handleResized abandoned!
2026-05-05 17:32:11.169 21650-21778 GPUAUX                  com.newaura.app                      E  [AUX]GuiExtAuxCheckAuxPath:682: Null anb
2026-05-05 17:32:11.169 21650-21778 GPUAUX                  com.newaura.app                      E  [AUX]GuiExtAuxCheckAuxPath:682: Null anb
2026-05-05 17:32:11.169 21650-21778 GPUAUX                  com.newaura.app                      E  [AUX]GuiExtAuxCheckAuxPath:682: Null anb
2026-05-05 17:32:11.169 21650-21778 GPUAUX                  com.newaura.app                      E  [AUX]GuiExtAuxCheckAuxPath:682: Null anb
2026-05-05 17:32:11.184 21650-21650 ImeTracker              com.newaura.app                      I  com.newaura.app:5676edb9: onCancelled at PHASE_CLIENT_ON_CONTROLS_CHANGED
2026-05-05 17:32:11.189 21650-21778 GPUAUX                  com.newaura.app                      E  [AUX]GuiExtAuxCheckAuxPath:682: Null anb
2026-05-05 17:32:11.189 21650-21778 GPUAUX                  com.newaura.app                      E  [AUX]GuiExtAuxCheckAuxPath:682: Null anb
2026-05-05 17:32:11.189 21650-21778 GPUAUX                  com.newaura.app                      E  [AUX]GuiExtAuxCheckAuxPath:682: Null anb
2026-05-05 17:32:11.190 21650-21778 GPUAUX                  com.newaura.app                      E  [AUX]GuiExtAuxCheckAuxPath:682: Null anb
2026-05-05 17:32:11.190 21650-21778 GPUAUX                  com.newaura.app                      E  [AUX]GuiExtAuxCheckAuxPath:682: Null anb
2026-05-05 17:32:11.190 21650-21778 GPUAUX                  com.newaura.app                      E  [AUX]GuiExtAuxCheckAuxPath:682: Null anb
2026-05-05 17:32:11.190 21650-21778 GPUAUX                  com.newaura.app                      E  [AUX]GuiExtAuxCheckAuxPath:682: Null anb
2026-05-05 17:32:11.190 21650-21778 GPUAUX                  com.newaura.app                      E  [AUX]GuiExtAuxCheckAuxPath:682: Null anb
2026-05-05 17:32:11.191 21650-21778 GPUAUX                  com.newaura.app                      E  [AUX]GuiExtAuxCheckAuxPath:682: Null anb
2026-05-05 17:32:11.191 21650-21778 GPUAUX                  com.newaura.app                      E  [AUX]GuiExtAuxCheckAuxPath:682: Null anb
2026-05-05 17:32:11.191 21650-21778 GPUAUX                  com.newaura.app                      E  [AUX]GuiExtAuxCheckAuxPath:682: Null anb
2026-05-05 17:32:11.191 21650-21778 GPUAUX                  com.newaura.app                      E  [AUX]GuiExtAuxCheckAuxPath:682: Null anb
2026-05-05 17:32:11.191 21650-21778 GPUAUX                  com.newaura.app                      E  [AUX]GuiExtAuxCheckAuxPath:682: Null anb
2026-05-05 17:32:11.191 21650-21778 GPUAUX                  com.newaura.app                      E  [AUX]GuiExtAuxCheckAuxPath:682: Null anb
2026-05-05 17:32:11.191 21650-21778 GPUAUX                  com.newaura.app                      E  [AUX]GuiExtAuxCheckAuxPath:682: Null anb
2026-05-05 17:32:11.191 21650-21778 GPUAUX                  com.newaura.app                      E  [AUX]GuiExtAuxCheckAuxPath:682: Null anb
2026-05-05 17:32:11.191 21650-21778 GPUAUX                  com.newaura.app                      E  [AUX]GuiExtAuxCheckAuxPath:682: Null anb
2026-05-05 17:32:11.191 21650-21778 GPUAUX                  com.newaura.app                      E  [AUX]GuiExtAuxCheckAuxPath:682: Null anb
2026-05-05 17:32:11.194 21650-21778 GPUAUX                  com.newaura.app                      E  [AUX]GuiExtAuxCheckAuxPath:682: Null anb
2026-05-05 17:32:11.207 21650-21778 GPUAUX                  com.newaura.app                      E  [AUX]GuiExtAuxCheckAuxPath:682: Null anb
2026-05-05 17:32:11.207 21650-21778 GPUAUX                  com.newaura.app                      E  [AUX]GuiExtAuxCheckAuxPath:682: Null anb
2026-05-05 17:32:11.207 21650-21778 GPUAUX                  com.newaura.app                      E  [AUX]GuiExtAuxCheckAuxPath:682: Null anb
2026-05-05 17:32:11.208 21650-21778 GPUAUX                  com.newaura.app                      E  [AUX]GuiExtAuxCheckAuxPath:682: Null anb
2026-05-05 17:32:11.247 21650-21778 GPUAUX                  com.newaura.app                      E  [AUX]GuiExtAuxCheckAuxPath:682: Null anb
2026-05-05 17:32:11.248 21650-21778 GPUAUX                  com.newaura.app                      E  [AUX]GuiExtAuxCheckAuxPath:682: Null anb
2026-05-05 17:32:11.248 21650-21778 GPUAUX                  com.newaura.app                      E  [AUX]GuiExtAuxCheckAuxPath:682: Null anb
2026-05-05 17:32:11.261 21650-21778 GPUAUX                  com.newaura.app                      E  [AUX]GuiExtAuxCheckAuxPath:682: Null anb
2026-05-05 17:32:11.262 21650-21778 GPUAUX                  com.newaura.app                      E  [AUX]GuiExtAuxCheckAuxPath:682: Null anb
2026-05-05 17:32:11.262 21650-21778 GPUAUX                  com.newaura.app                      E  [AUX]GuiExtAuxCheckAuxPath:682: Null anb
2026-05-05 17:32:11.271 21650-21778 GPUAUX                  com.newaura.app                      E  [AUX]GuiExtAuxCheckAuxPath:682: Null anb
2026-05-05 17:32:11.271 21650-21778 GPUAUX                  com.newaura.app                      E  [AUX]GuiExtAuxCheckAuxPath:682: Null anb
2026-05-05 17:32:11.271 21650-21778 GPUAUX                  com.newaura.app                      E  [AUX]GuiExtAuxCheckAuxPath:682: Null anb
2026-05-05 17:32:11.271 21650-21778 GPUAUX                  com.newaura.app                      E  [AUX]GuiExtAuxCheckAuxPath:682: Null anb
2026-05-05 17:32:11.271 21650-21778 GPUAUX                  com.newaura.app                      E  [AUX]GuiExtAuxCheckAuxPath:682: Null anb
2026-05-05 17:32:11.271 21650-21778 GPUAUX                  com.newaura.app                      E  [AUX]GuiExtAuxCheckAuxPath:682: Null anb
2026-05-05 17:32:11.271 21650-21778 GPUAUX                  com.newaura.app                      E  [AUX]GuiExtAuxCheckAuxPath:682: Null anb
2026-05-05 17:32:11.272 21650-21778 GPUAUX                  com.newaura.app                      E  [AUX]GuiExtAuxCheckAuxPath:682: Null anb
2026-05-05 17:32:11.272 21650-21778 GPUAUX                  com.newaura.app                      E  [AUX]GuiExtAuxCheckAuxPath:682: Null anb
2026-05-05 17:32:11.275 21650-21778 GPUAUX                  com.newaura.app                      E  [AUX]GuiExtAuxCheckAuxPath:682: Null anb
2026-05-05 17:32:11.299 21650-21778 GPUAUX                  com.newaura.app                      E  [AUX]GuiExtAuxCheckAuxPath:682: Null anb
2026-05-05 17:32:11.299 21650-21778 GPUAUX                  com.newaura.app                      E  [AUX]GuiExtAuxCheckAuxPath:682: Null anb
2026-05-05 17:32:11.299 21650-21778 GPUAUX                  com.newaura.app                      E  [AUX]GuiExtAuxCheckAuxPath:682: Null anb
2026-05-05 17:32:11.303 21650-21778 GPUAUX                  com.newaura.app                      E  [AUX]GuiExtAuxCheckAuxPath:682: Null anb
2026-05-05 17:32:11.317 21650-21778 GPUAUX                  com.newaura.app                      E  [AUX]GuiExtAuxCheckAuxPath:682: Null anb
2026-05-05 17:32:11.317 21650-21778 GPUAUX                  com.newaura.app                      E  [AUX]GuiExtAuxCheckAuxPath:682: Null anb
2026-05-05 17:32:11.317 21650-21778 GPUAUX                  com.newaura.app                      E  [AUX]GuiExtAuxCheckAuxPath:682: Null anb
2026-05-05 17:32:11.317 21650-21778 GPUAUX                  com.newaura.app                      E  [AUX]GuiExtAuxCheckAuxPath:682: Null anb
2026-05-05 17:32:11.321 21650-21778 GPUAUX                  com.newaura.app                      E  [AUX]GuiExtAuxCheckAuxPath:682: Null anb
2026-05-05 17:32:11.335 21650-21778 GPUAUX                  com.newaura.app                      E  [AUX]GuiExtAuxCheckAuxPath:682: Null anb
2026-05-05 17:32:11.335 21650-21778 GPUAUX                  com.newaura.app                      E  [AUX]GuiExtAuxCheckAuxPath:682: Null anb
2026-05-05 17:32:11.335 21650-21778 GPUAUX                  com.newaura.app                      E  [AUX]GuiExtAuxCheckAuxPath:682: Null anb
2026-05-05 17:32:11.335 21650-21778 GPUAUX                  com.newaura.app                      E  [AUX]GuiExtAuxCheckAuxPath:682: Null anb
2026-05-05 17:32:11.342 21650-21778 GPUAUX                  com.newaura.app                      E  [AUX]GuiExtAuxCheckAuxPath:682: Null anb
2026-05-05 17:32:11.354 21650-21778 GPUAUX                  com.newaura.app                      E  [AUX]GuiExtAuxCheckAuxPath:682: Null anb
2026-05-05 17:32:11.354 21650-21778 GPUAUX                  com.newaura.app                      E  [AUX]GuiExtAuxCheckAuxPath:682: Null anb
2026-05-05 17:32:11.354 21650-21778 GPUAUX                  com.newaura.app                      E  [AUX]GuiExtAuxCheckAuxPath:682: Null anb
2026-05-05 17:32:11.354 21650-21778 GPUAUX                  com.newaura.app                      E  [AUX]GuiExtAuxCheckAuxPath:682: Null anb
2026-05-05 17:32:11.358 21650-21778 GPUAUX                  com.newaura.app                      E  [AUX]GuiExtAuxCheckAuxPath:682: Null anb
2026-05-05 17:32:11.370 21650-21778 GPUAUX                  com.newaura.app                      E  [AUX]GuiExtAuxCheckAuxPath:682: Null anb
2026-05-05 17:32:11.370 21650-21778 GPUAUX                  com.newaura.app                      E  [AUX]GuiExtAuxCheckAuxPath:682: Null anb
2026-05-05 17:32:11.370 21650-21778 GPUAUX                  com.newaura.app                      E  [AUX]GuiExtAuxCheckAuxPath:682: Null anb
2026-05-05 17:32:11.370 21650-21778 GPUAUX                  com.newaura.app                      E  [AUX]GuiExtAuxCheckAuxPath:682: Null anb
2026-05-05 17:32:11.374 21650-21778 GPUAUX                  com.newaura.app                      E  [AUX]GuiExtAuxCheckAuxPath:682: Null anb
2026-05-05 17:32:11.385 21650-21778 GPUAUX                  com.newaura.app                      E  [AUX]GuiExtAuxCheckAuxPath:682: Null anb
2026-05-05 17:32:11.385 21650-21778 GPUAUX                  com.newaura.app                      E  [AUX]GuiExtAuxCheckAuxPath:682: Null anb
2026-05-05 17:32:11.385 21650-21778 GPUAUX                  com.newaura.app                      E  [AUX]GuiExtAuxCheckAuxPath:682: Null anb
2026-05-05 17:32:11.385 21650-21778 GPUAUX                  com.newaura.app                      E  [AUX]GuiExtAuxCheckAuxPath:682: Null anb
2026-05-05 17:32:11.388 21650-21778 GPUAUX                  com.newaura.app                      E  [AUX]GuiExtAuxCheckAuxPath:682: Null anb
2026-05-05 17:32:11.403 21650-21778 GPUAUX                  com.newaura.app                      E  [AUX]GuiExtAuxCheckAuxPath:682: Null anb
2026-05-05 17:32:11.403 21650-21778 GPUAUX                  com.newaura.app                      E  [AUX]GuiExtAuxCheckAuxPath:682: Null anb
2026-05-05 17:32:11.403 21650-21778 GPUAUX                  com.newaura.app                      E  [AUX]GuiExtAuxCheckAuxPath:682: Null anb
2026-05-05 17:32:11.403 21650-21778 GPUAUX                  com.newaura.app                      E  [AUX]GuiExtAuxCheckAuxPath:682: Null anb
2026-05-05 17:32:11.406 21650-21778 GPUAUX                  com.newaura.app                      E  [AUX]GuiExtAuxCheckAuxPath:682: Null anb
2026-05-05 17:32:11.419 21650-21778 GPUAUX                  com.newaura.app                      E  [AUX]GuiExtAuxCheckAuxPath:682: Null anb
2026-05-05 17:32:11.419 21650-21778 GPUAUX                  com.newaura.app                      E  [AUX]GuiExtAuxCheckAuxPath:682: Null anb
2026-05-05 17:32:11.419 21650-21778 GPUAUX                  com.newaura.app                      E  [AUX]GuiExtAuxCheckAuxPath:682: Null anb
2026-05-05 17:32:11.419 21650-21778 GPUAUX                  com.newaura.app                      E  [AUX]GuiExtAuxCheckAuxPath:682: Null anb
2026-05-05 17:32:11.422 21650-21778 GPUAUX                  com.newaura.app                      E  [AUX]GuiExtAuxCheckAuxPath:682: Null anb
2026-05-05 17:32:11.435 21650-21778 GPUAUX                  com.newaura.app                      E  [AUX]GuiExtAuxCheckAuxPath:682: Null anb
2026-05-05 17:32:11.435 21650-21778 GPUAUX                  com.newaura.app                      E  [AUX]GuiExtAuxCheckAuxPath:682: Null anb
2026-05-05 17:32:11.435 21650-21778 GPUAUX                  com.newaura.app                      E  [AUX]GuiExtAuxCheckAuxPath:682: Null anb
2026-05-05 17:32:11.435 21650-21778 GPUAUX                  com.newaura.app                      E  [AUX]GuiExtAuxCheckAuxPath:682: Null anb
2026-05-05 17:32:11.438 21650-21778 GPUAUX                  com.newaura.app                      E  [AUX]GuiExtAuxCheckAuxPath:682: Null anb
2026-05-05 17:32:11.449 21650-21778 GPUAUX                  com.newaura.app                      E  [AUX]GuiExtAuxCheckAuxPath:682: Null anb
2026-05-05 17:32:11.449 21650-21778 GPUAUX                  com.newaura.app                      E  [AUX]GuiExtAuxCheckAuxPath:682: Null anb
2026-05-05 17:32:11.449 21650-21778 GPUAUX                  com.newaura.app                      E  [AUX]GuiExtAuxCheckAuxPath:682: Null anb
2026-05-05 17:32:11.449 21650-21778 GPUAUX                  com.newaura.app                      E  [AUX]GuiExtAuxCheckAuxPath:682: Null anb
2026-05-05 17:32:11.453 21650-21778 GPUAUX                  com.newaura.app                      E  [AUX]GuiExtAuxCheckAuxPath:682: Null anb
2026-05-05 17:32:11.465 21650-21778 GPUAUX                  com.newaura.app                      E  [AUX]GuiExtAuxCheckAuxPath:682: Null anb
2026-05-05 17:32:11.465 21650-21778 GPUAUX                  com.newaura.app                      E  [AUX]GuiExtAuxCheckAuxPath:682: Null anb
2026-05-05 17:32:11.465 21650-21778 GPUAUX                  com.newaura.app                      E  [AUX]GuiExtAuxCheckAuxPath:682: Null anb
2026-05-05 17:32:11.465 21650-21778 GPUAUX                  com.newaura.app                      E  [AUX]GuiExtAuxCheckAuxPath:682: Null anb
2026-05-05 17:32:11.467 21650-21778 GPUAUX                  com.newaura.app                      E  [AUX]GuiExtAuxCheckAuxPath:682: Null anb
2026-05-05 17:32:11.483 21650-21778 GPUAUX                  com.newaura.app                      E  [AUX]GuiExtAuxCheckAuxPath:682: Null anb
2026-05-05 17:32:11.483 21650-21778 GPUAUX                  com.newaura.app                      E  [AUX]GuiExtAuxCheckAuxPath:682: Null anb
2026-05-05 17:32:11.483 21650-21778 GPUAUX                  com.newaura.app                      E  [AUX]GuiExtAuxCheckAuxPath:682: Null anb
2026-05-05 17:32:11.483 21650-21778 GPUAUX                  com.newaura.app                      E  [AUX]GuiExtAuxCheckAuxPath:682: Null anb
2026-05-05 17:32:11.486 21650-21778 GPUAUX                  com.newaura.app                      E  [AUX]GuiExtAuxCheckAuxPath:682: Null anb
2026-05-05 17:32:11.500 21650-21778 GPUAUX                  com.newaura.app                      E  [AUX]GuiExtAuxCheckAuxPath:682: Null anb
2026-05-05 17:32:11.500 21650-21778 GPUAUX                  com.newaura.app                      E  [AUX]GuiExtAuxCheckAuxPath:682: Null anb
2026-05-05 17:32:11.500 21650-21778 GPUAUX                  com.newaura.app                      E  [AUX]GuiExtAuxCheckAuxPath:682: Null anb
2026-05-05 17:32:11.500 21650-21778 GPUAUX                  com.newaura.app                      E  [AUX]GuiExtAuxCheckAuxPath:682: Null anb
2026-05-05 17:32:11.504 21650-21778 GPUAUX                  com.newaura.app                      E  [AUX]GuiExtAuxCheckAuxPath:682: Null anb
2026-05-05 17:32:11.517 21650-21778 GPUAUX                  com.newaura.app                      E  [AUX]GuiExtAuxCheckAuxPath:682: Null anb
2026-05-05 17:32:11.517 21650-21778 GPUAUX                  com.newaura.app                      E  [AUX]GuiExtAuxCheckAuxPath:682: Null anb
2026-05-05 17:32:11.517 21650-21778 GPUAUX                  com.newaura.app                      E  [AUX]GuiExtAuxCheckAuxPath:682: Null anb
2026-05-05 17:32:11.517 21650-21778 GPUAUX                  com.newaura.app                      E  [AUX]GuiExtAuxCheckAuxPath:682: Null anb
2026-05-05 17:32:11.520 21650-21778 GPUAUX                  com.newaura.app                      E  [AUX]GuiExtAuxCheckAuxPath:682: Null anb
