2026-05-07 20:44:00.770 30453-30515 GPUAUX                  com.newaura.app                      E  [AUX]GuiExtAuxCheckAuxPath:682: Null anb
2026-05-07 20:44:00.770 30453-30515 GPUAUX                  com.newaura.app                      E  [AUX]GuiExtAuxCheckAuxPath:682: Null anb
2026-05-07 20:44:00.770 30453-30515 GPUAUX                  com.newaura.app                      E  [AUX]GuiExtAuxCheckAuxPath:682: Null anb
2026-05-07 20:44:00.770 30453-30515 GPUAUX                  com.newaura.app                      E  [AUX]GuiExtAuxCheckAuxPath:682: Null anb
2026-05-07 20:44:00.798 30453-30515 GPUAUX                  com.newaura.app                      E  [AUX]GuiExtAuxCheckAuxPath:682: Null anb
2026-05-07 20:44:00.799 30453-30515 GPUAUX                  com.newaura.app                      E  [AUX]GuiExtAuxCheckAuxPath:682: Null anb
2026-05-07 20:44:00.799 30453-30515 GPUAUX                  com.newaura.app                      E  [AUX]GuiExtAuxCheckAuxPath:682: Null anb
2026-05-07 20:44:00.804 30453-30515 GPUAUX                  com.newaura.app                      E  [AUX]GuiExtAuxCheckAuxPath:682: Null anb
2026-05-07 20:44:00.804 30453-30515 GPUAUX                  com.newaura.app                      E  [AUX]GuiExtAuxCheckAuxPath:682: Null anb
2026-05-07 20:44:00.804 30453-30515 GPUAUX                  com.newaura.app                      E  [AUX]GuiExtAuxCheckAuxPath:682: Null anb
2026-05-07 20:44:00.804 30453-30515 GPUAUX                  com.newaura.app                      E  [AUX]GuiExtAuxCheckAuxPath:682: Null anb
2026-05-07 20:44:00.834 30453-30515 GPUAUX                  com.newaura.app                      E  [AUX]GuiExtAuxCheckAuxPath:682: Null anb
2026-05-07 20:44:00.834 30453-30515 GPUAUX                  com.newaura.app                      E  [AUX]GuiExtAuxCheckAuxPath:682: Null anb
2026-05-07 20:44:00.843 30453-30515 GPUAUX                  com.newaura.app                      E  [AUX]GuiExtAuxCheckAuxPath:682: Null anb
2026-05-07 20:44:00.843 30453-30515 GPUAUX                  com.newaura.app                      E  [AUX]GuiExtAuxCheckAuxPath:682: Null anb
2026-05-07 20:44:00.843 30453-30515 GPUAUX                  com.newaura.app                      E  [AUX]GuiExtAuxCheckAuxPath:682: Null anb
2026-05-07 20:44:00.843 30453-30515 GPUAUX                  com.newaura.app                      E  [AUX]GuiExtAuxCheckAuxPath:682: Null anb
2026-05-07 20:44:00.871 30453-30515 GPUAUX                  com.newaura.app                      E  [AUX]GuiExtAuxCheckAuxPath:682: Null anb
2026-05-07 20:44:00.872 30453-30515 GPUAUX                  com.newaura.app                      E  [AUX]GuiExtAuxCheckAuxPath:682: Null anb
2026-05-07 20:44:00.872 30453-30515 GPUAUX                  com.newaura.app                      E  [AUX]GuiExtAuxCheckAuxPath:682: Null anb
2026-05-07 20:44:00.882 30453-30515 GPUAUX                  com.newaura.app                      E  [AUX]GuiExtAuxCheckAuxPath:682: Null anb
2026-05-07 20:44:00.882 30453-30515 GPUAUX                  com.newaura.app                      E  [AUX]GuiExtAuxCheckAuxPath:682: Null anb
2026-05-07 20:44:00.882 30453-30515 GPUAUX                  com.newaura.app                      E  [AUX]GuiExtAuxCheckAuxPath:682: Null anb
2026-05-07 20:44:00.924 30453-30515 GPUAUX                  com.newaura.app                      E  [AUX]GuiExtAuxCheckAuxPath:682: Null anb
2026-05-07 20:44:00.925 30453-30515 GPUAUX                  com.newaura.app                      E  [AUX]GuiExtAuxCheckAuxPath:682: Null anb
2026-05-07 20:44:00.968 30453-30515 GPUAUX                  com.newaura.app                      E  [AUX]GuiExtAuxCheckAuxPath:682: Null anb
2026-05-07 20:44:00.968 30453-30515 GPUAUX                  com.newaura.app                      E  [AUX]GuiExtAuxCheckAuxPath:682: Null anb
2026-05-07 20:44:00.968 30453-30515 GPUAUX                  com.newaura.app                      E  [AUX]GuiExtAuxCheckAuxPath:682: Null anb
2026-05-07 20:44:00.968 30453-30515 GPUAUX                  com.newaura.app                      E  [AUX]GuiExtAuxCheckAuxPath:682: Null anb
2026-05-07 20:44:00.991 30453-30515 GPUAUX                  com.newaura.app                      E  [AUX]GuiExtAuxCheckAuxPath:682: Null anb
2026-05-07 20:44:01.001 30453-30515 GPUAUX                  com.newaura.app                      E  [AUX]GuiExtAuxCheckAuxPath:682: Null anb
2026-05-07 20:44:01.043 30453-30515 GPUAUX                  com.newaura.app                      E  [AUX]GuiExtAuxCheckAuxPath:682: Null anb
2026-05-07 20:44:01.043 30453-30515 GPUAUX                  com.newaura.app                      E  [AUX]GuiExtAuxCheckAuxPath:682: Null anb
2026-05-07 20:44:01.043 30453-30515 GPUAUX                  com.newaura.app                      E  [AUX]GuiExtAuxCheckAuxPath:682: Null anb
2026-05-07 20:44:01.043 30453-30515 GPUAUX                  com.newaura.app                      E  [AUX]GuiExtAuxCheckAuxPath:682: Null anb
2026-05-07 20:44:01.072 30453-30515 GPUAUX                  com.newaura.app                      E  [AUX]GuiExtAuxCheckAuxPath:682: Null anb
2026-05-07 20:44:01.080 30453-30515 GPUAUX                  com.newaura.app                      E  [AUX]GuiExtAuxCheckAuxPath:682: Null anb
2026-05-07 20:44:01.080 30453-30515 GPUAUX                  com.newaura.app                      E  [AUX]GuiExtAuxCheckAuxPath:682: Null anb
2026-05-07 20:44:01.080 30453-30515 GPUAUX                  com.newaura.app                      E  [AUX]GuiExtAuxCheckAuxPath:682: Null anb
2026-05-07 20:44:01.080 30453-30515 GPUAUX                  com.newaura.app                      E  [AUX]GuiExtAuxCheckAuxPath:682: Null anb
2026-05-07 20:44:01.112 30453-30515 GPUAUX                  com.newaura.app                      E  [AUX]GuiExtAuxCheckAuxPath:682: Null anb
2026-05-07 20:44:01.157 30453-30453 ViewRootImplExtImpl     com.newaura.app                      D  wrapConfigInfoIntoFlags rotation=0, smallestScreenWidthDp=360, residentWS=false, scenario=0, bounds=Rect(0, 0 - 1080, 2400), relayoutAsync=true, flags=0, newFlags=1258302720, title=com.newaura.app/com.newaura.app.MainActivity
2026-05-07 20:44:01.159 30453-30453 VRI[MainActivity]       com.newaura.app                      D  relayoutWindow result, sizeChanged:false, surfaceControlChanged:false, transformHintChanged:false, mSurfaceSize:Point(1080, 2400), mLastSurfaceSize:Point(1080, 2400), mWidth:1080, mHeight:2400, requestedWidth:1080, requestedHeight:2400, transformHint:0, installOrientation:0, displayRotation:0, isSurfaceValid:true, attr.flag:-2122251904, tmpFrames:ClientWindowFrames{frame=[0,0][1080,2400] display=[0,0][1080,2400] parentFrame=[0,0][1080,2400]}, relayoutAsync:true, mSyncSeqId:0
2026-05-07 20:44:01.159 30453-30453 VRI[MainActivity]       com.newaura.app                      W  updateBlastSurfaceIfNeeded, surfaceSize:Point(1080, 2400), lastSurfaceSize:Point(1080, 2400), format:-1, blastBufferQueue:android.graphics.BLASTBufferQueue@1476e14
2026-05-07 20:44:01.160 30453-30453 SurfaceControl          com.newaura.app                      I   setExtendedRangeBrightness sc=Surface(name=com.newaura.app/com.newaura.app.MainActivity)/@0x816e59f,currentBufferRatio=1.0,desiredRatio=1.0
2026-05-07 20:44:01.167 30453-30515 GPUAUX                  com.newaura.app                      E  [AUX]GuiExtAuxCheckAuxPath:682: Null anb
2026-05-07 20:44:01.167 30453-30515 GPUAUX                  com.newaura.app                      E  [AUX]GuiExtAuxCheckAuxPath:682: Null anb
2026-05-07 20:44:01.167 30453-30515 GPUAUX                  com.newaura.app                      E  [AUX]GuiExtAuxCheckAuxPath:682: Null anb
2026-05-07 20:44:01.168 30453-30515 GPUAUX                  com.newaura.app                      E  [AUX]GuiExtAuxCheckAuxPath:682: Null anb
2026-05-07 20:44:01.192 30453-30515 GPUAUX                  com.newaura.app                      E  [AUX]GuiExtAuxCheckAuxPath:682: Null anb
2026-05-07 20:44:01.200 30453-30515 GPUAUX                  com.newaura.app                      E  [AUX]GuiExtAuxCheckAuxPath:682: Null anb
2026-05-07 20:44:01.240 30453-30515 GPUAUX                  com.newaura.app                      E  [AUX]GuiExtAuxCheckAuxPath:682: Null anb
2026-05-07 20:44:01.241 30453-30515 GPUAUX                  com.newaura.app                      E  [AUX]GuiExtAuxCheckAuxPath:682: Null anb
2026-05-07 20:44:01.241 30453-30515 GPUAUX                  com.newaura.app                      E  [AUX]GuiExtAuxCheckAuxPath:682: Null anb
2026-05-07 20:44:01.241 30453-30515 GPUAUX                  com.newaura.app                      E  [AUX]GuiExtAuxCheckAuxPath:682: Null anb
2026-05-07 20:44:01.274 30453-30515 GPUAUX                  com.newaura.app                      E  [AUX]GuiExtAuxCheckAuxPath:682: Null anb
2026-05-07 20:44:01.281 30453-30515 GPUAUX                  com.newaura.app                      E  [AUX]GuiExtAuxCheckAuxPath:682: Null anb
2026-05-07 20:44:01.281 30453-30515 GPUAUX                  com.newaura.app                      E  [AUX]GuiExtAuxCheckAuxPath:682: Null anb
2026-05-07 20:44:01.281 30453-30515 GPUAUX                  com.newaura.app                      E  [AUX]GuiExtAuxCheckAuxPath:682: Null anb
2026-05-07 20:44:01.281 30453-30515 GPUAUX                  com.newaura.app                      E  [AUX]GuiExtAuxCheckAuxPath:682: Null anb
2026-05-07 20:44:01.320 30453-30515 GPUAUX                  com.newaura.app                      E  [AUX]GuiExtAuxCheckAuxPath:682: Null anb
2026-05-07 20:44:01.320 30453-30515 GPUAUX                  com.newaura.app                      E  [AUX]GuiExtAuxCheckAuxPath:682: Null anb
2026-05-07 20:44:01.320 30453-30515 GPUAUX                  com.newaura.app                      E  [AUX]GuiExtAuxCheckAuxPath:682: Null anb
2026-05-07 20:44:01.320 30453-30515 GPUAUX                  com.newaura.app                      E  [AUX]GuiExtAuxCheckAuxPath:682: Null anb
2026-05-07 20:44:01.362 30453-30515 GPUAUX                  com.newaura.app                      E  [AUX]GuiExtAuxCheckAuxPath:682: Null anb
2026-05-07 20:44:01.362 30453-30515 GPUAUX                  com.newaura.app                      E  [AUX]GuiExtAuxCheckAuxPath:682: Null anb
2026-05-07 20:44:01.362 30453-30515 GPUAUX                  com.newaura.app                      E  [AUX]GuiExtAuxCheckAuxPath:682: Null anb
2026-05-07 20:44:01.363 30453-30515 GPUAUX                  com.newaura.app                      E  [AUX]GuiExtAuxCheckAuxPath:682: Null anb
2026-05-07 20:44:01.387 30453-30515 GPUAUX                  com.newaura.app                      E  [AUX]GuiExtAuxCheckAuxPath:682: Null anb
2026-05-07 20:44:01.396 30453-30515 GPUAUX                  com.newaura.app                      E  [AUX]GuiExtAuxCheckAuxPath:682: Null anb
2026-05-07 20:44:01.396 30453-30515 GPUAUX                  com.newaura.app                      E  [AUX]GuiExtAuxCheckAuxPath:682: Null anb
2026-05-07 20:44:01.396 30453-30515 GPUAUX                  com.newaura.app                      E  [AUX]GuiExtAuxCheckAuxPath:682: Null anb
2026-05-07 20:44:01.396 30453-30515 GPUAUX                  com.newaura.app                      E  [AUX]GuiExtAuxCheckAuxPath:682: Null anb
2026-05-07 20:44:01.443 30453-30515 GPUAUX                  com.newaura.app                      E  [AUX]GuiExtAuxCheckAuxPath:682: Null anb
2026-05-07 20:44:01.443 30453-30515 GPUAUX                  com.newaura.app                      E  [AUX]GuiExtAuxCheckAuxPath:682: Null anb
2026-05-07 20:44:01.443 30453-30515 GPUAUX                  com.newaura.app                      E  [AUX]GuiExtAuxCheckAuxPath:682: Null anb
2026-05-07 20:44:01.444 30453-30515 GPUAUX                  com.newaura.app                      E  [AUX]GuiExtAuxCheckAuxPath:682: Null anb
2026-05-07 20:44:01.481 30453-30515 GPUAUX                  com.newaura.app                      E  [AUX]GuiExtAuxCheckAuxPath:682: Null anb
2026-05-07 20:44:01.506 30453-30515 GPUAUX                  com.newaura.app                      E  [AUX]GuiExtAuxCheckAuxPath:682: Null anb
2026-05-07 20:44:01.510 30453-30515 GPUAUX                  com.newaura.app                      E  [AUX]GuiExtAuxCheckAuxPath:682: Null anb
2026-05-07 20:44:01.510 30453-30515 GPUAUX                  com.newaura.app                      E  [AUX]GuiExtAuxCheckAuxPath:682: Null anb
2026-05-07 20:44:01.511 30453-30515 GPUAUX                  com.newaura.app                      E  [AUX]GuiExtAuxCheckAuxPath:682: Null anb
2026-05-07 20:44:01.511 30453-30515 GPUAUX                  com.newaura.app                      E  [AUX]GuiExtAuxCheckAuxPath:682: Null anb
2026-05-07 20:44:01.555 30453-30515 GPUAUX                  com.newaura.app                      E  [AUX]GuiExtAuxCheckAuxPath:682: Null anb
2026-05-07 20:44:01.555 30453-30515 GPUAUX                  com.newaura.app                      E  [AUX]GuiExtAuxCheckAuxPath:682: Null anb
2026-05-07 20:44:01.555 30453-30515 GPUAUX                  com.newaura.app                      E  [AUX]GuiExtAuxCheckAuxPath:682: Null anb
2026-05-07 20:44:01.555 30453-30515 GPUAUX                  com.newaura.app                      E  [AUX]GuiExtAuxCheckAuxPath:682: Null anb
2026-05-07 20:44:01.586 30453-30515 GPUAUX                  com.newaura.app                      E  [AUX]GuiExtAuxCheckAuxPath:682: Null anb
2026-05-07 20:44:01.591 30453-30515 GPUAUX                  com.newaura.app                      E  [AUX]GuiExtAuxCheckAuxPath:682: Null anb
2026-05-07 20:44:01.591 30453-30515 GPUAUX                  com.newaura.app                      E  [AUX]GuiExtAuxCheckAuxPath:682: Null anb
2026-05-07 20:44:01.591 30453-30515 GPUAUX                  com.newaura.app                      E  [AUX]GuiExtAuxCheckAuxPath:682: Null anb
2026-05-07 20:44:01.592 30453-30515 GPUAUX                  com.newaura.app                      E  [AUX]GuiExtAuxCheckAuxPath:682: Null anb
2026-05-07 20:44:01.625 30453-30515 GPUAUX                  com.newaura.app                      E  [AUX]GuiExtAuxCheckAuxPath:682: Null anb
2026-05-07 20:44:01.625 30453-30515 GPUAUX                  com.newaura.app                      E  [AUX]GuiExtAuxCheckAuxPath:682: Null anb
2026-05-07 20:44:01.625 30453-30515 GPUAUX                  com.newaura.app                      E  [AUX]GuiExtAuxCheckAuxPath:682: Null anb
2026-05-07 20:44:01.625 30453-30515 GPUAUX                  com.newaura.app                      E  [AUX]GuiExtAuxCheckAuxPath:682: Null anb
2026-05-07 20:44:01.661 30453-30515 GPUAUX                  com.newaura.app                      E  [AUX]GuiExtAuxCheckAuxPath:682: Null anb
2026-05-07 20:44:01.661 30453-30515 GPUAUX                  com.newaura.app                      E  [AUX]GuiExtAuxCheckAuxPath:682: Null anb
2026-05-07 20:44:01.661 30453-30515 GPUAUX                  com.newaura.app                      E  [AUX]GuiExtAuxCheckAuxPath:682: Null anb
2026-05-07 20:44:01.661 30453-30515 GPUAUX                  com.newaura.app                      E  [AUX]GuiExtAuxCheckAuxPath:682: Null anb
2026-05-07 20:44:01.686 30453-30515 GPUAUX                  com.newaura.app                      E  [AUX]GuiExtAuxCheckAuxPath:682: Null anb
2026-05-07 20:44:01.695 30453-30515 GPUAUX                  com.newaura.app                      E  [AUX]GuiExtAuxCheckAuxPath:682: Null anb
2026-05-07 20:44:01.695 30453-30515 GPUAUX                  com.newaura.app                      E  [AUX]GuiExtAuxCheckAuxPath:682: Null anb
2026-05-07 20:44:01.695 30453-30515 GPUAUX                  com.newaura.app                      E  [AUX]GuiExtAuxCheckAuxPath:682: Null anb
2026-05-07 20:44:01.695 30453-30515 GPUAUX                  com.newaura.app                      E  [AUX]GuiExtAuxCheckAuxPath:682: Null anb
2026-05-07 20:44:01.732 30453-30515 GPUAUX                  com.newaura.app                      E  [AUX]GuiExtAuxCheckAuxPath:682: Null anb
2026-05-07 20:44:01.733 30453-3350  OplusFeedbackInfo       com.newaura.app                      W  0xb4000077ad21ae00 c2.mtk.avc.encoder codec[0xb4000077ad2a4000] 404x720 inputFps=25 outputFps=25 discardFps=25
2026-05-07 20:44:01.778 30453-30515 GPUAUX                  com.newaura.app                      E  [AUX]GuiExtAuxCheckAuxPath:682: Null anb
2026-05-07 20:44:01.778 30453-30515 GPUAUX                  com.newaura.app                      E  [AUX]GuiExtAuxCheckAuxPath:682: Null anb
2026-05-07 20:44:01.778 30453-30515 GPUAUX                  com.newaura.app                      E  [AUX]GuiExtAuxCheckAuxPath:682: Null anb
2026-05-07 20:44:01.804 30453-30515 GPUAUX                  com.newaura.app                      E  [AUX]GuiExtAuxCheckAuxPath:682: Null anb
2026-05-07 20:44:01.815 30453-30515 GPUAUX                  com.newaura.app                      E  [AUX]GuiExtAuxCheckAuxPath:682: Null anb
2026-05-07 20:44:01.843 30453-30757 cr_MediaCodecBridge     com.newaura.app                      W  Releasing: c2.mtk.avc.decoder
2026-05-07 20:44:01.843 30453-2511  BufferQueueConsumer     com.newaura.app                      D  [](id:76f50000000f,api:0,p:-1,c:30453) connect: controlledByApp=false
2026-05-07 20:44:01.843 30453-2511  SurfaceUtils            com.newaura.app                      D  connecting to surface 0xb400007895bdd310, reason connectToSurface
2026-05-07 20:44:01.843 30453-2511  SurfaceUtils            com.newaura.app                      D  disconnecting from surface 0xb400007895bdd310, reason connectToSurface(reconnect)
2026-05-07 20:44:01.843 30453-2511  SurfaceUtils            com.newaura.app                      D  connecting to surface 0xb400007895bdd300, reason connectToSurface(reconnect-with-listener)
2026-05-07 20:44:01.845 30453-2511  Codec2-Out...ufferQueue com.newaura.app                      D  remote graphic buffer migration 0/0
2026-05-07 20:44:01.846 30453-2511  Codec2Client            com.newaura.app                      D  setOutputSurface -- generation=31183880 consumer usage=0x900
2026-05-07 20:44:01.855 30453-30515 GPUAUX                  com.newaura.app                      E  [AUX]GuiExtAuxCheckAuxPath:682: Null anb
2026-05-07 20:44:01.855 30453-30515 GPUAUX                  com.newaura.app                      E  [AUX]GuiExtAuxCheckAuxPath:682: Null anb
2026-05-07 20:44:01.855 30453-30515 GPUAUX                  com.newaura.app                      E  [AUX]GuiExtAuxCheckAuxPath:682: Null anb
2026-05-07 20:44:01.855 30453-30515 GPUAUX                  com.newaura.app                      E  [AUX]GuiExtAuxCheckAuxPath:682: Null anb
2026-05-07 20:44:01.869 30453-2511  Codec2Client            com.newaura.app                      D  Surface configure completed
2026-05-07 20:44:01.869 30453-2511  SurfaceUtils            com.newaura.app                      D  disconnecting from surface 0xb4000078a2936c10, reason disconnectFromSurface
2026-05-07 20:44:01.881 30453-30757 cr_MediaCodecBridge     com.newaura.app                      W  Codec released
2026-05-07 20:44:01.898 30453-30515 GPUAUX                  com.newaura.app                      E  [AUX]GuiExtAuxCheckAuxPath:682: Null anb
2026-05-07 20:44:01.906 30453-30515 GPUAUX                  com.newaura.app                      E  [AUX]GuiExtAuxCheckAuxPath:682: Null anb
2026-05-07 20:44:01.907 30453-30515 GPUAUX                  com.newaura.app                      E  [AUX]GuiExtAuxCheckAuxPath:682: Null anb
2026-05-07 20:44:01.907 30453-30515 GPUAUX                  com.newaura.app                      E  [AUX]GuiExtAuxCheckAuxPath:682: Null anb
2026-05-07 20:44:01.907 30453-30515 GPUAUX                  com.newaura.app                      E  [AUX]GuiExtAuxCheckAuxPath:682: Null anb
2026-05-07 20:44:01.922 30453-30844 BufferQueueConsumer     com.newaura.app                      D  [ImageReader-1x1f22u256m2-30453-2](id:76f50000000a,api:0,p:-1,c:30453) disconnect
2026-05-07 20:44:01.944 30453-30515 GPUAUX                  com.newaura.app                      E  [AUX]GuiExtAuxCheckAuxPath:682: Null anb
2026-05-07 20:44:01.945 30453-30515 GPUAUX                  com.newaura.app                      E  [AUX]GuiExtAuxCheckAuxPath:682: Null anb
2026-05-07 20:44:01.945 30453-30515 GPUAUX                  com.newaura.app                      E  [AUX]GuiExtAuxCheckAuxPath:682: Null anb
2026-05-07 20:44:01.945 30453-30515 GPUAUX                  com.newaura.app                      E  [AUX]GuiExtAuxCheckAuxPath:682: Null anb
2026-05-07 20:44:01.976 30453-2511  SurfaceUtils            com.newaura.app                      D  disconnecting from surface 0xb400007895bdd310, reason disconnectFromSurface
2026-05-07 20:44:01.976 30453-3533  hw-BpHwBinder           com.newaura.app                      I  onLastStrongRef automatically unlinking death recipients
2026-05-07 20:44:01.982 30453-2512  BufferPoolAccessor2.0   com.newaura.app                      D  bufferpool2 0xb400007571cdce28 : 0(0 size) total buffers - 0(0 size) used buffers - 19/28 (recycle/alloc) - 9/20 (fetch/transfer)
2026-05-07 20:44:01.987 30453-2511  AtlasEventUploadUtils   com.newaura.app                      D  setEvent event:atlas_event_video_monitor_network_switch
2026-05-07 20:44:01.988 30453-30515 GPUAUX                  com.newaura.app                      E  [AUX]GuiExtAuxCheckAuxPath:682: Null anb
2026-05-07 20:44:01.999 30453-30515 GPUAUX                  com.newaura.app                      E  [AUX]GuiExtAuxCheckAuxPath:682: Null anb
2026-05-07 20:44:01.999 30453-30515 GPUAUX                  com.newaura.app                      E  [AUX]GuiExtAuxCheckAuxPath:682: Null anb
2026-05-07 20:44:01.999 30453-30515 GPUAUX                  com.newaura.app                      E  [AUX]GuiExtAuxCheckAuxPath:682: Null anb
2026-05-07 20:44:01.999 30453-30515 GPUAUX                  com.newaura.app                      E  [AUX]GuiExtAuxCheckAuxPath:682: Null anb
2026-05-07 20:44:02.031 30453-30515 GPUAUX                  com.newaura.app                      E  [AUX]GuiExtAuxCheckAuxPath:682: Null anb
2026-05-07 20:44:02.031 30453-30515 GPUAUX                  com.newaura.app                      E  [AUX]GuiExtAuxCheckAuxPath:682: Null anb
2026-05-07 20:44:02.031 30453-30515 GPUAUX                  com.newaura.app                      E  [AUX]GuiExtAuxCheckAuxPath:682: Null anb
2026-05-07 20:44:02.031 30453-30515 GPUAUX                  com.newaura.app                      E  [AUX]GuiExtAuxCheckAuxPath:682: Null anb
2026-05-07 20:44:02.062 30453-30515 GPUAUX                  com.newaura.app                      E  [AUX]GuiExtAuxCheckAuxPath:682: Null anb
2026-05-07 20:44:02.087 30453-30453 VelocityTracker         com.newaura.app                      I  LSQ2 speed rezero
2026-05-07 20:44:02.089 30453-30453 OplusViewD...ViewHelper com.newaura.app                      D  dispatchTouchView action = 1
2026-05-07 20:44:02.089 30453-30453 ViewRootImplExtImpl     com.newaura.app                      D  the up motion event handled by client, just return
2026-05-07 20:44:02.094 30453-30515 GPUAUX                  com.newaura.app                      E  [AUX]GuiExtAuxCheckAuxPath:682: Null anb
2026-05-07 20:44:02.105 30453-30515 GPUAUX                  com.newaura.app                      E  [AUX]GuiExtAuxCheckAuxPath:682: Null anb
2026-05-07 20:44:02.105 30453-30515 GPUAUX                  com.newaura.app                      E  [AUX]GuiExtAuxCheckAuxPath:682: Null anb
2026-05-07 20:44:02.105 30453-30515 GPUAUX                  com.newaura.app                      E  [AUX]GuiExtAuxCheckAuxPath:682: Null anb
2026-05-07 20:44:02.105 30453-30515 GPUAUX                  com.newaura.app                      E  [AUX]GuiExtAuxCheckAuxPath:682: Null anb
2026-05-07 20:44:02.141 30453-30515 GPUAUX                  com.newaura.app                      E  [AUX]GuiExtAuxCheckAuxPath:682: Null anb
2026-05-07 20:44:02.141 30453-30515 GPUAUX                  com.newaura.app                      E  [AUX]GuiExtAuxCheckAuxPath:682: Null anb
2026-05-07 20:44:02.141 30453-30515 GPUAUX                  com.newaura.app                      E  [AUX]GuiExtAuxCheckAuxPath:682: Null anb
2026-05-07 20:44:02.141 30453-30515 GPUAUX                  com.newaura.app                      E  [AUX]GuiExtAuxCheckAuxPath:682: Null anb
2026-05-07 20:44:02.165 30453-30515 GPUAUX                  com.newaura.app                      E  [AUX]GuiExtAuxCheckAuxPath:682: Null anb
2026-05-07 20:44:02.171 30453-30515 GPUAUX                  com.newaura.app                      E  [AUX]GuiExtAuxCheckAuxPath:682: Null anb
2026-05-07 20:44:02.171 30453-30515 GPUAUX                  com.newaura.app                      E  [AUX]GuiExtAuxCheckAuxPath:682: Null anb
2026-05-07 20:44:02.171 30453-30515 GPUAUX                  com.newaura.app                      E  [AUX]GuiExtAuxCheckAuxPath:682: Null anb
2026-05-07 20:44:02.171 30453-30515 GPUAUX                  com.newaura.app                      E  [AUX]GuiExtAuxCheckAuxPath:682: Null anb
2026-05-07 20:44:02.174 30453-3350  hw-BpHwBinder           com.newaura.app                      I  onLastStrongRef automatically unlinking death recipients
2026-05-07 20:44:02.184 30453-30914 AtlasEventUploadUtils   com.newaura.app                      D  setEvent event:atlas_event_video_monitor_network_switch
2026-05-07 20:44:02.201 30453-30515 GPUAUX                  com.newaura.app                      E  [AUX]GuiExtAuxCheckAuxPath:682: Null anb
2026-05-07 20:44:02.201 30453-30515 GPUAUX                  com.newaura.app                      E  [AUX]GuiExtAuxCheckAuxPath:682: Null anb
2026-05-07 20:44:02.201 30453-30515 GPUAUX                  com.newaura.app                      E  [AUX]GuiExtAuxCheckAuxPath:682: Null anb
2026-05-07 20:44:02.222 30453-3348  hw-BpHwBinder           com.newaura.app                      I  onLastStrongRef automatically unlinking death recipients
2026-05-07 20:44:02.223 30453-3348  BufferPoolAccessor2.0   com.newaura.app                      D  Destruction - bufferpool2 0xb40000754aa1ec28 cached: 0/0M, 0/0% in use; allocs: 5, 0% recycled; transfers: 0, 0% unfetched
2026-05-07 20:44:02.227 30453-30803 AtlasEventUploadUtils   com.newaura.app                      D  setEvent event:atlas_event_video_monitor_network_switch
2026-05-07 20:44:02.231 30453-30515 GPUAUX                  com.newaura.app                      E  [AUX]GuiExtAuxCheckAuxPath:682: Null anb
2026-05-07 20:44:02.231 30453-30515 GPUAUX                  com.newaura.app                      E  [AUX]GuiExtAuxCheckAuxPath:682: Null anb
2026-05-07 20:44:02.231 30453-30515 GPUAUX                  com.newaura.app                      E  [AUX]GuiExtAuxCheckAuxPath:682: Null anb
2026-05-07 20:44:02.231 30453-30515 GPUAUX                  com.newaura.app                      E  [AUX]GuiExtAuxCheckAuxPath:682: Null anb
2026-05-07 20:44:02.252 30453-30515 GPUAUX                  com.newaura.app                      E  [AUX]GuiExtAuxCheckAuxPath:682: Null anb
2026-05-07 20:44:02.252 30453-30515 GPUAUX                  com.newaura.app                      E  [AUX]GuiExtAuxCheckAuxPath:682: Null anb
2026-05-07 20:44:02.252 30453-30515 GPUAUX                  com.newaura.app                      E  [AUX]GuiExtAuxCheckAuxPath:682: Null anb
2026-05-07 20:44:02.252 30453-30515 GPUAUX                  com.newaura.app                      E  [AUX]GuiExtAuxCheckAuxPath:682: Null anb
2026-05-07 20:44:02.285 30453-30757 SystemSens...gerExtImpl com.newaura.app                      V  RegisterListener game_rotvec type:15 delay:16666us by org.chromium.device.sensors.PlatformSensor@5a1f2ec from com.newaura.app
2026-05-07 20:44:02.286 30453-30758 Capacitor               com.newaura.app                      D  Handling local request: http://localhost/assets/camera.worker-CxzZym72.js
2026-05-07 20:44:02.314 30453-30453 ViewRootImplExtImpl     com.newaura.app                      D  wrapConfigInfoIntoFlags rotation=0, smallestScreenWidthDp=360, residentWS=false, scenario=0, bounds=Rect(0, 0 - 1080, 2400), relayoutAsync=true, flags=0, newFlags=1258302720, title=com.newaura.app/com.newaura.app.MainActivity
2026-05-07 20:44:02.315 30453-30453 VRI[MainActivity]       com.newaura.app                      D  relayoutWindow result, sizeChanged:false, surfaceControlChanged:false, transformHintChanged:false, mSurfaceSize:Point(1080, 2400), mLastSurfaceSize:Point(1080, 2400), mWidth:1080, mHeight:2400, requestedWidth:1080, requestedHeight:2400, transformHint:0, installOrientation:0, displayRotation:0, isSurfaceValid:true, attr.flag:-2122252032, tmpFrames:ClientWindowFrames{frame=[0,0][1080,2400] display=[0,0][1080,2400] parentFrame=[0,0][1080,2400]}, relayoutAsync:true, mSyncSeqId:0
2026-05-07 20:44:02.315 30453-30453 VRI[MainActivity]       com.newaura.app                      W  updateBlastSurfaceIfNeeded, surfaceSize:Point(1080, 2400), lastSurfaceSize:Point(1080, 2400), format:-1, blastBufferQueue:android.graphics.BLASTBufferQueue@1476e14
2026-05-07 20:44:02.316 30453-30453 SurfaceControl          com.newaura.app                      I   setExtendedRangeBrightness sc=Surface(name=com.newaura.app/com.newaura.app.MainActivity)/@0x816e59f,currentBufferRatio=1.0,desiredRatio=1.0
2026-05-07 20:44:02.347 30453-30515 GPUAUX                  com.newaura.app                      E  [AUX]GuiExtAuxCheckAuxPath:682: Null anb
2026-05-07 20:44:02.348 30453-30515 GPUAUX                  com.newaura.app                      E  [AUX]GuiExtAuxCheckAuxPath:682: Null anb
2026-05-07 20:44:02.348 30453-30515 GPUAUX                  com.newaura.app                      E  [AUX]GuiExtAuxCheckAuxPath:682: Null anb
2026-05-07 20:44:02.348 30453-30515 GPUAUX                  com.newaura.app                      E  [AUX]GuiExtAuxCheckAuxPath:682: Null anb
2026-05-07 20:44:02.348 30453-30515 GPUAUX                  com.newaura.app                      E  [AUX]GuiExtAuxCheckAuxPath:682: Null anb
2026-05-07 20:44:02.348 30453-30515 GPUAUX                  com.newaura.app                      E  [AUX]GuiExtAuxCheckAuxPath:682: Null anb
2026-05-07 20:44:02.348 30453-30515 GPUAUX                  com.newaura.app                      E  [AUX]GuiExtAuxCheckAuxPath:682: Null anb
2026-05-07 20:44:02.382 30453-30515 GPUAUX                  com.newaura.app                      E  [AUX]GuiExtAuxCheckAuxPath:682: Null anb
2026-05-07 20:44:02.383 30453-30515 GPUAUX                  com.newaura.app                      E  [AUX]GuiExtAuxCheckAuxPath:682: Null anb
2026-05-07 20:44:02.383 30453-30515 GPUAUX                  com.newaura.app                      E  [AUX]GuiExtAuxCheckAuxPath:682: Null anb
2026-05-07 20:44:02.383 30453-30515 GPUAUX                  com.newaura.app                      E  [AUX]GuiExtAuxCheckAuxPath:682: Null anb
2026-05-07 20:44:02.422 30453-30844 BufferQueueConsumer     com.newaura.app                      D  [](id:76f500000010,api:0,p:-1,c:30453) connect: controlledByApp=true
2026-05-07 20:44:02.422 30453-30844 BufferQueueConsumer     com.newaura.app                      D  [unnamed-30453-12](id:76f500000010,api:0,p:-1,c:30453) setMaxAcquiredBufferCount: 2
2026-05-07 20:44:02.427 30453-30757 cr_MediaCodecBridge     com.newaura.app                      I  create MediaCodec video decoder, mime video/avc, decoder name c2.mtk.avc.decoder, block_model=false
2026-05-07 20:44:02.433 30453-30757 libc                    com.newaura.app                      W  Access denied finding property "vendor.debug.stagefright.mediacodec.trace"
2026-05-07 20:44:02.436 30453-30758 SystemSens...gerExtImpl com.newaura.app                      V  unRegisterListener by org.chromium.device.sensors.PlatformSensor@5a1f2ec and its name is game_rotvec
2026-05-07 20:44:02.440 30453-30515 GPUAUX                  com.newaura.app                      E  [AUX]GuiExtAuxCheckAuxPath:682: Null anb
2026-05-07 20:44:02.440 30453-30515 GPUAUX                  com.newaura.app                      E  [AUX]GuiExtAuxCheckAuxPath:682: Null anb
2026-05-07 20:44:02.440 30453-30515 GPUAUX                  com.newaura.app                      E  [AUX]GuiExtAuxCheckAuxPath:682: Null anb
2026-05-07 20:44:02.440 30453-30515 GPUAUX                  com.newaura.app                      E  [AUX]GuiExtAuxCheckAuxPath:682: Null anb
2026-05-07 20:44:02.487 30453-3595  CCodecConfig            com.newaura.app                      D  read media type: video/avc
2026-05-07 20:44:02.495 30453-3595  ReflectedParamUpdater   com.newaura.app                      D  extent() != 1 for single value type: algo.buffers.max-count.values
2026-05-07 20:44:02.496 30453-3595  ReflectedParamUpdater   com.newaura.app                      D  extent() != 1 for single value type: output.subscribed-indices.values
2026-05-07 20:44:02.497 30453-3595  ReflectedParamUpdater   com.newaura.app                      D  extent() != 1 for single value type: input.buffers.allocator-ids.values
2026-05-07 20:44:02.497 30453-3595  ReflectedParamUpdater   com.newaura.app                      D  extent() != 1 for single value type: output.buffers.allocator-ids.values
2026-05-07 20:44:02.498 30453-3595  ReflectedParamUpdater   com.newaura.app                      D  extent() != 1 for single value type: algo.buffers.allocator-ids.values
2026-05-07 20:44:02.498 30453-3595  ReflectedParamUpdater   com.newaura.app                      D  extent() != 1 for single value type: output.buffers.pool-ids.values
2026-05-07 20:44:02.499 30453-3595  ReflectedParamUpdater   com.newaura.app                      D  extent() != 1 for single value type: algo.buffers.pool-ids.values
2026-05-07 20:44:02.503 30453-3595  ReflectedParamUpdater   com.newaura.app                      D  ignored struct field coded.color-format.locations
2026-05-07 20:44:02.515 30453-3595  ReflectedParamUpdater   com.newaura.app                      D  Could not describe oplus.vpp.is.ff.mode
2026-05-07 20:44:02.515 30453-3595  ReflectedParamUpdater   com.newaura.app                      D  Could not describe oplus.vpp.white.list
2026-05-07 20:44:02.515 30453-3595  CCodecConfig            com.newaura.app                      D  ignoring local param raw.size (0xd2001800) as it is already supported
2026-05-07 20:44:02.515 30453-3595  CCodecConfig            com.newaura.app                      D  ignoring local param raw.crop (0xd2001801) as it is already supported
2026-05-07 20:44:02.515 30453-3595  CCodecConfig            com.newaura.app                      D  ignoring local param default.color (0x5200180b) as it is already supported
2026-05-07 20:44:02.515 30453-3595  CCodecConfig            com.newaura.app                      D  ignoring local param raw.hdr-static-info (0xd200180a) as it is already supported
2026-05-07 20:44:02.517 30453-3595  CCodecConfig            com.newaura.app                      I  query failed after returning 18 values (BAD_INDEX)
2026-05-07 20:44:02.517 30453-3595  ColorUtils              com.newaura.app                      W  expected specified color aspects (2:0:0:0)
2026-05-07 20:44:02.532 30453-30757 MediaCodec              com.newaura.app                      E  Media Quality Service not found.
2026-05-07 20:44:02.532 30453-3594  SurfaceUtils            com.newaura.app                      D  connecting to surface 0xb40000756f108510, reason connectToSurface
2026-05-07 20:44:02.533 30453-3594  SurfaceUtils            com.newaura.app                      D  disconnecting from surface 0xb40000756f108510, reason connectToSurface(reconnect)
2026-05-07 20:44:02.533 30453-3594  SurfaceUtils            com.newaura.app                      D  connecting to surface 0xb40000756f108500, reason connectToSurface(reconnect-with-listener)
2026-05-07 20:44:02.535 30453-3594  AString                 com.newaura.app                      W  ctor got NULL, using empty string instead
2026-05-07 20:44:02.536 30453-3594  libc                    com.newaura.app                      W  Access denied finding property "vendor.oplus.media.vpp.stutter"
2026-05-07 20:44:02.537 30453-3594  AtlasEventUploadUtils   com.newaura.app                      D  setEvent event:atlas_event_video_monitor_network_switch
2026-05-07 20:44:02.547 30453-3595  Codec2Client            com.newaura.app                      W  query -- param skipped: index = 1107298332.
2026-05-07 20:44:02.547 30453-3595  CCodec                  com.newaura.app                      W  This behavior is subject to change. It is recommended that app developers double check whether the requested max input size is in reasonable range.
2026-05-07 20:44:02.547 30453-3595  CCodecConfig            com.newaura.app                      I  query failed after returning 20 values (BAD_INDEX)
2026-05-07 20:44:02.548 30453-3595  com.newaura.app         com.newaura.app                      E  Failed to query component interface for required system resources: 6
2026-05-07 20:44:02.550 30453-30913 OplusCamer...agerGlobal com.newaura.app                      I  setClientInfo, packageName: com.newaura.app, uid: 10422, pid: 30453
2026-05-07 20:44:02.551 30453-30913 OplusCamer...agerGlobal com.newaura.app                      I  setClientInfo, packageName: com.newaura.app, uid: 10422, pid: 30453
2026-05-07 20:44:02.552 30453-30913 OplusCamer...agerGlobal com.newaura.app                      I  setClientInfo, packageName: com.newaura.app, uid: 10422, pid: 30453
2026-05-07 20:44:02.555 30453-3595  Codec2Client            com.newaura.app                      W  query -- param skipped: index = 1342179345.
2026-05-07 20:44:02.555 30453-3595  Codec2Client            com.newaura.app                      W  query -- param skipped: index = 2415921170.
2026-05-07 20:44:02.555 30453-3595  Codec2Client            com.newaura.app                      W  query -- param skipped: index = 1610614798.
2026-05-07 20:44:02.556 30453-30913 OplusCamer...agerGlobal com.newaura.app                      I  setClientInfo, packageName: com.newaura.app, uid: 10422, pid: 30453
2026-05-07 20:44:02.557 30453-30913 OplusCamer...agerGlobal com.newaura.app                      I  setClientInfo, packageName: com.newaura.app, uid: 10422, pid: 30453
2026-05-07 20:44:02.558 30453-30913 OplusCamer...agerGlobal com.newaura.app                      I  setClientInfo, packageName: com.newaura.app, uid: 10422, pid: 30453
2026-05-07 20:44:02.558 30453-3595  Codec2-Out...ufferQueue com.newaura.app                      D  remote graphic buffer migration 0/0
2026-05-07 20:44:02.558 30453-3595  Codec2Client            com.newaura.app                      D  setOutputSurface -- generation=31183881 consumer usage=0x900
2026-05-07 20:44:02.562 30453-30913 OplusCamer...agerGlobal com.newaura.app                      I  setClientInfo, packageName: com.newaura.app, uid: 10422, pid: 30453
2026-05-07 20:44:02.562 30453-3595  Codec2Client            com.newaura.app                      D  Surface configure completed
2026-05-07 20:44:02.566 30453-30913 OplusCamer...agerGlobal com.newaura.app                      I  setClientInfo, packageName: com.newaura.app, uid: 10422, pid: 30453
2026-05-07 20:44:02.566 30453-32415 BufferPoolAccessor2.0   com.newaura.app                      D  Destruction - bufferpool2 0xb400007571cdce28 cached: 0/0M, 0/0% in use; allocs: 28, 68% recycled; transfers: 20, 55% unfetched
2026-05-07 20:44:02.570 30453-30913 OplusCamer...agerGlobal com.newaura.app                      I  setClientInfo, packageName: com.newaura.app, uid: 10422, pid: 30453
2026-05-07 20:44:02.571 30453-30913 OplusCamer...agerGlobal com.newaura.app                      I  setClientInfo, packageName: com.newaura.app, uid: 10422, pid: 30453
2026-05-07 20:44:02.574 30453-30913 OplusCamer...agerGlobal com.newaura.app                      I  setClientInfo, packageName: com.newaura.app, uid: 10422, pid: 30453
2026-05-07 20:44:02.576 30453-30913 OplusCamer...agerGlobal com.newaura.app                      I  setClientInfo, packageName: com.newaura.app, uid: 10422, pid: 30453
2026-05-07 20:44:02.576 30453-30913 OplusCamer...agerGlobal com.newaura.app                      I  setClientInfo, packageName: com.newaura.app, uid: 10422, pid: 30453
2026-05-07 20:44:02.583 30453-30913 OplusCamer...agerGlobal com.newaura.app                      I  setClientInfo, packageName: com.newaura.app, uid: 10422, pid: 30453
2026-05-07 20:44:02.585 30453-30913 OplusCamer...agerGlobal com.newaura.app                      I  setClientInfo, packageName: com.newaura.app, uid: 10422, pid: 30453
2026-05-07 20:44:02.596 30453-3595  Codec2-Out...ufferQueue com.newaura.app                      D  set max dequeue count 19 from update
2026-05-07 20:44:02.660 30453-30453 ViewRootImplExtImpl     com.newaura.app                      D  wrapConfigInfoIntoFlags rotation=0, smallestScreenWidthDp=360, residentWS=false, scenario=0, bounds=Rect(0, 0 - 1080, 2400), relayoutAsync=true, flags=0, newFlags=1258302720, title=com.newaura.app/com.newaura.app.MainActivity
2026-05-07 20:44:02.661 30453-30453 VRI[MainActivity]       com.newaura.app                      D  relayoutWindow result, sizeChanged:false, surfaceControlChanged:false, transformHintChanged:false, mSurfaceSize:Point(1080, 2400), mLastSurfaceSize:Point(1080, 2400), mWidth:1080, mHeight:2400, requestedWidth:1080, requestedHeight:2400, transformHint:0, installOrientation:0, displayRotation:0, isSurfaceValid:true, attr.flag:-2122251904, tmpFrames:ClientWindowFrames{frame=[0,0][1080,2400] display=[0,0][1080,2400] parentFrame=[0,0][1080,2400]}, relayoutAsync:true, mSyncSeqId:0
2026-05-07 20:44:02.662 30453-30453 VRI[MainActivity]       com.newaura.app                      W  updateBlastSurfaceIfNeeded, surfaceSize:Point(1080, 2400), lastSurfaceSize:Point(1080, 2400), format:-1, blastBufferQueue:android.graphics.BLASTBufferQueue@1476e14
2026-05-07 20:44:02.662 30453-30453 SurfaceControl          com.newaura.app                      I   setExtendedRangeBrightness sc=Surface(name=com.newaura.app/com.newaura.app.MainActivity)/@0x816e59f,currentBufferRatio=1.0,desiredRatio=1.0
2026-05-07 20:44:02.671 30453-30515 GPUAUX                  com.newaura.app                      E  [AUX]GuiExtAuxCheckAuxPath:682: Null anb
2026-05-07 20:44:03.232 30453-30453 IJankManager            com.newaura.app                      E  slideSceneEnd unknown scene 1002 mScene:-1
2026-05-07 20:44:03.233 30453-30453 AutofillManager         com.newaura.app                      V  requestHideFillUi(null): anchor = null
2026-05-07 20:44:03.274 30453-30757 Capacitor               com.newaura.app                      D  Handling local request: http://localhost/sw.js
2026-05-07 20:44:03.316 30453-30453 OplusViewD...ViewHelper com.newaura.app                      D  dispatchTouchView action = 1
2026-05-07 20:44:03.317 30453-30453 ViewRootImplExtImpl     com.newaura.app                      D  the up motion event handled by client, just return
2026-05-07 20:44:03.365 30453-30453 ViewRootImplExtImpl     com.newaura.app                      D  wrapConfigInfoIntoFlags rotation=0, smallestScreenWidthDp=360, residentWS=false, scenario=0, bounds=Rect(0, 0 - 1080, 2400), relayoutAsync=true, flags=0, newFlags=1258302720, title=com.newaura.app/com.newaura.app.MainActivity
2026-05-07 20:44:03.367 30453-30453 VRI[MainActivity]       com.newaura.app                      D  relayoutWindow result, sizeChanged:false, surfaceControlChanged:false, transformHintChanged:false, mSurfaceSize:Point(1080, 2400), mLastSurfaceSize:Point(1080, 2400), mWidth:1080, mHeight:2400, requestedWidth:1080, requestedHeight:2400, transformHint:0, installOrientation:0, displayRotation:0, isSurfaceValid:true, attr.flag:-2122252032, tmpFrames:ClientWindowFrames{frame=[0,0][1080,2400] display=[0,0][1080,2400] parentFrame=[0,0][1080,2400]}, relayoutAsync:true, mSyncSeqId:0
2026-05-07 20:44:03.367 30453-30453 VRI[MainActivity]       com.newaura.app                      W  updateBlastSurfaceIfNeeded, surfaceSize:Point(1080, 2400), lastSurfaceSize:Point(1080, 2400), format:-1, blastBufferQueue:android.graphics.BLASTBufferQueue@1476e14
2026-05-07 20:44:03.367 30453-30453 SurfaceControl          com.newaura.app                      I   setExtendedRangeBrightness sc=Surface(name=com.newaura.app/com.newaura.app.MainActivity)/@0x816e59f,currentBufferRatio=1.0,desiredRatio=1.0
2026-05-07 20:44:03.375 30453-30515 GPUAUX                  com.newaura.app                      E  [AUX]GuiExtAuxCheckAuxPath:682: Null anb
2026-05-07 20:44:03.376 30453-30515 GPUAUX                  com.newaura.app                      E  [AUX]GuiExtAuxCheckAuxPath:682: Null anb
2026-05-07 20:44:03.376 30453-30515 GPUAUX                  com.newaura.app                      E  [AUX]GuiExtAuxCheckAuxPath:682: Null anb
2026-05-07 20:44:03.378 30453-30515 GPUAUX                  com.newaura.app                      E  [AUX]GuiExtAuxCheckAuxPath:682: Null anb
2026-05-07 20:44:03.378 30453-30515 GPUAUX                  com.newaura.app                      E  [AUX]GuiExtAuxCheckAuxPath:682: Null anb
2026-05-07 20:44:03.378 30453-30515 GPUAUX                  com.newaura.app                      E  [AUX]GuiExtAuxCheckAuxPath:682: Null anb
2026-05-07 20:44:03.378 30453-30515 GPUAUX                  com.newaura.app                      E  [AUX]GuiExtAuxCheckAuxPath:682: Null anb
2026-05-07 20:44:03.378 30453-30515 GPUAUX                  com.newaura.app                      E  [AUX]GuiExtAuxCheckAuxPath:682: Null anb
2026-05-07 20:44:03.378 30453-30515 GPUAUX                  com.newaura.app                      E  [AUX]GuiExtAuxCheckAuxPath:682: Null anb
2026-05-07 20:44:03.379 30453-30515 GPUAUX                  com.newaura.app                      E  [AUX]GuiExtAuxCheckAuxPath:682: Null anb
2026-05-07 20:44:03.379 30453-30515 GPUAUX                  com.newaura.app                      E  [AUX]GuiExtAuxCheckAuxPath:682: Null anb
2026-05-07 20:44:03.379 30453-30515 GPUAUX                  com.newaura.app                      E  [AUX]GuiExtAuxCheckAuxPath:682: Null anb
2026-05-07 20:44:03.379 30453-30515 GPUAUX                  com.newaura.app                      E  [AUX]GuiExtAuxCheckAuxPath:682: Null anb
2026-05-07 20:44:03.379 30453-30515 GPUAUX                  com.newaura.app                      E  [AUX]GuiExtAuxCheckAuxPath:682: Null anb
2026-05-07 20:44:03.379 30453-30515 GPUAUX                  com.newaura.app                      E  [AUX]GuiExtAuxCheckAuxPath:682: Null anb
2026-05-07 20:44:03.382 30453-30515 GPUAUX                  com.newaura.app                      E  [AUX]GuiExtAuxCheckAuxPath:682: Null anb
2026-05-07 20:44:03.382 30453-30515 GPUAUX                  com.newaura.app                      E  [AUX]GuiExtAuxCheckAuxPath:682: Null anb
2026-05-07 20:44:03.382 30453-30515 GPUAUX                  com.newaura.app                      E  [AUX]GuiExtAuxCheckAuxPath:682: Null anb
2026-05-07 20:44:03.383 30453-30515 GPUAUX                  com.newaura.app                      E  [AUX]GuiExtAuxCheckAuxPath:682: Null anb
2026-05-07 20:44:03.383 30453-30515 GPUAUX                  com.newaura.app                      E  [AUX]GuiExtAuxCheckAuxPath:682: Null anb
2026-05-07 20:44:03.415 30453-30844 BufferQueueConsumer     com.newaura.app                      D  [](id:76f500000011,api:0,p:-1,c:30453) connect: controlledByApp=true
2026-05-07 20:44:03.415 30453-30844 BufferQueueConsumer     com.newaura.app                      D  [unnamed-30453-13](id:76f500000011,api:0,p:-1,c:30453) setMaxAcquiredBufferCount: 2
2026-05-07 20:44:03.417 30453-30757 cr_MediaCodecBridge     com.newaura.app                      I  create MediaCodec video decoder, mime video/avc, decoder name c2.mtk.avc.decoder, block_model=false
2026-05-07 20:44:03.418 30453-30757 libc                    com.newaura.app                      W  Access denied finding property "vendor.debug.stagefright.mediacodec.trace"
2026-05-07 20:44:03.437 30453-3677  CCodecConfig            com.newaura.app                      D  read media type: video/avc
2026-05-07 20:44:03.442 30453-3677  ReflectedParamUpdater   com.newaura.app                      D  extent() != 1 for single value type: algo.buffers.max-count.values
2026-05-07 20:44:03.442 30453-3677  ReflectedParamUpdater   com.newaura.app                      D  extent() != 1 for single value type: output.subscribed-indices.values
2026-05-07 20:44:03.443 30453-3677  ReflectedParamUpdater   com.newaura.app                      D  extent() != 1 for single value type: input.buffers.allocator-ids.values
2026-05-07 20:44:03.443 30453-3677  ReflectedParamUpdater   com.newaura.app                      D  extent() != 1 for single value type: output.buffers.allocator-ids.values
2026-05-07 20:44:03.443 30453-3677  ReflectedParamUpdater   com.newaura.app                      D  extent() != 1 for single value type: algo.buffers.allocator-ids.values
2026-05-07 20:44:03.443 30453-3677  ReflectedParamUpdater   com.newaura.app                      D  extent() != 1 for single value type: output.buffers.pool-ids.values
2026-05-07 20:44:03.444 30453-3677  ReflectedParamUpdater   com.newaura.app                      D  extent() != 1 for single value type: algo.buffers.pool-ids.values
2026-05-07 20:44:03.446 30453-3677  ReflectedParamUpdater   com.newaura.app                      D  ignored struct field coded.color-format.locations
2026-05-07 20:44:03.453 30453-3677  ReflectedParamUpdater   com.newaura.app                      D  Could not describe oplus.vpp.is.ff.mode
2026-05-07 20:44:03.453 30453-3677  ReflectedParamUpdater   com.newaura.app                      D  Could not describe oplus.vpp.white.list
2026-05-07 20:44:03.453 30453-3677  CCodecConfig            com.newaura.app                      D  ignoring local param raw.size (0xd2001800) as it is already supported
2026-05-07 20:44:03.453 30453-3677  CCodecConfig            com.newaura.app                      D  ignoring local param raw.crop (0xd2001801) as it is already supported
2026-05-07 20:44:03.454 30453-3677  CCodecConfig            com.newaura.app                      D  ignoring local param default.color (0x5200180b) as it is already supported
