2026-05-06 12:52:41.063 12748-12831 Capacitor               com.newaura.app                      D  Handling CapacitorHttp request: http://localhost/_capacitor_http_interceptor_?u=https%3A%2F%2Fugfxjjakpsngfdrjlsdr.supabase.co%2Frest%2Fv1%2Fpush_subscriptions%3Fselect%3Dp256dh%26user_id%3Deq.2dfb823f-bb93-4e46-86cd-a520c5be7868%26type%3Deq.fcm
2026-05-06 12:52:41.064 12748-12748 Capacitor/Console       com.newaura.app                      I  File: http://localhost/assets/supabase-CLpXqyPc.js - Line 24 - Msg: [SUPABASE FETCH SUCCESS] Status: 200 OK
2026-05-06 12:52:41.067 12748-12831 CapacitorCookies        com.newaura.app                      I  Getting cookies at: 'https://ugfxjjakpsngfdrjlsdr.supabase.co/rest/v1/push_subscriptions?select=p256dh&user_id=eq.2dfb823f-bb93-4e46-86cd-a520c5be7868&type=eq.fcm'
2026-05-06 12:52:41.086 12748-12748 Capacitor/Console       com.newaura.app                      I  File: http://localhost/assets/supabase-CLpXqyPc.js - Line 24 - Msg: [SUPABASE FETCH START] URL: https://ugfxjjakpsngfdrjlsdr.supabase.co/rest/v1/push_subscriptions?endpoint=eq.fcm%3A2dfb823f-bb93-4e46-86cd-a520c5be7868&user_id=neq.2dfb823f-bb93-4e46-86cd-a520c5be7868 OPTIONS: {"method":"DELETE","headers":{}}
2026-05-06 12:52:41.086 12748-12748 Capacitor/Console       com.newaura.app                      I  File:  - Line 349 - Msg: [object Object]
2026-05-06 12:52:41.087 12748-12748 Capacitor/Console       com.newaura.app                      I  File: http://localhost/assets/supabase-CLpXqyPc.js - Line 24 - Msg: [SUPABASE FETCH SUCCESS] Status: 200 OK
2026-05-06 12:52:41.111 12748-12748 Capacitor/Plugin        com.newaura.app                      V  To native (Capacitor plugin): callbackId: 108845709, pluginId: CapacitorHttp, methodName: request
2026-05-06 12:52:41.111 12748-12748 Capacitor               com.newaura.app                      V  callback: 108845709, pluginId: CapacitorHttp, methodName: request, methodData: {"url":"https:\/\/ugfxjjakpsngfdrjlsdr.supabase.co\/rest\/v1\/push_subscriptions?endpoint=eq.fcm%3A2dfb823f-bb93-4e46-86cd-a520c5be7868&user_id=neq.2dfb823f-bb93-4e46-86cd-a520c5be7868","method":"DELETE","dataType":"json","headers":{"apikey":"eyJhbGciOiJIUzI1NiIsInR5cCI6IkpXVCJ9.eyJpc3MiOiJzdXBhYmFzZSIsInJlZiI6InVnZnhqamFrcHNuZ2Zkcmpsc2RyIiwicm9sZSI6ImFub24iLCJpYXQiOjE3NzQzNDY3NzQsImV4cCI6MjA4OTkyMjc3NH0.KiA-8YqdsgO1Is2Fumh4mqmfQY8i1O_K8RnQtBcjuGo","authorization":"Bearer eyJhbGciOiJFUzI1NiIsImtpZCI6IjRlMGRhZGY0LWM1MGYtNDMyNS1iMjQ3LWM4NTViMmRmNGE4YSIsInR5cCI6IkpXVCJ9.eyJpc3MiOiJodHRwczovL3VnZnhqamFrcHNuZ2Zkcmpsc2RyLnN1cGFiYXNlLmNvL2F1dGgvdjEiLCJzdWIiOiIyZGZiODIzZi1iYjkzLTRlNDYtODZjZC1hNTIwYzViZTc4NjgiLCJhdWQiOiJhdXRoZW50aWNhdGVkIiwiZXhwIjoxNzc4MDU1Njk3LCJpYXQiOjE3NzgwNTIwOTcsImVtYWlsIjoiZmlyc3R1c2VyQGdtYWlsLmNvbSIsInBob25lIjoiIiwiYXBwX21ldGFkYXRhIjp7InByb3ZpZGVyIjoiZW1haWwiLCJwcm92aWRlcnMiOlsiZW1haWwiXX0sInVzZXJfbWV0YWRhdGEiOnsiYXZhdGFyX2tleSI6WzExMSw0MywyMTcsMjUsMTc4LDEyMCwyNDYsODIsMTQ2LDIzMSwxMjUsMTU3LDE3MiwxNDYsOTcsNjUsOTQsODEsMjE3LDU4LDIzOCwyMzIsNzIsNzIsNDQsMjI3LDQ2LDU3LDExOCwxNTUsMjAwLDgxXSwiYXZhdGFyX25vbmNlIjpbMTUwLDE3LDE3MCwyNTAsMjEsMTksOTAsMjA5LDEzMSw5OCwxNiwxNzcsODksMTEwLDEyMiw5LDIzMiwxMTMsNjQsMiwyNyw0NiwyNTQsNDddLCJhdmF0YXJfdXJsIjoiaHR0cHM6Ly9yZXMuY2xvdWRpbmFyeS5jb20vZGVsNW8xdm5kL3Jhdy91cGxvYWQvdjE3NzU3NDkzMDIvZXd1NWF5dnd3OWx0YnJpYnBqNnkucmF3IiwiZGlzcGxheV9uYW1lIjoiUmlmZnUga2EgQWJ18J-QpfCfmYgiLCJlbWFpbF92ZXJpZmllZCI6dHJ1ZX0sInJvbGUiOiJhdXRoZW50aWNhdGVkIiwiYWFsIjoiYWFsMSIsImFtciI6W3sibWV0aG9kIjoicGFzc3dvcmQiLCJ0aW1lc3RhbXAiOjE3NzgwNTIwOTd9XSwic2Vzc2lvbl9pZCI6ImExY2QxZGQ0LTFmYWYtNGY5Zi1iNGU3LTI0YjFjOTBiNjU1OCIsImlzX2Fub255bW91cyI6ZmFsc2V9.xP9VfQJwtBkWhpRUu_F0x2hfnRHrVrKUZFL1pD7eIjFXVmaBrYQ8oUvRXoRXWjxoC--R_OJyii9U08C-VJWzZw","content-profile":"public","content-type":"application\/json","x-client-info":"supabase-js-web\/2.100.0"}}
2026-05-06 12:52:41.120 12748-12924 CapacitorCookies        com.newaura.app                      I  Getting cookies at: 'https://ugfxjjakpsngfdrjlsdr.supabase.co/rest/v1/push_subscriptions?endpoint=eq.fcm%3A2dfb823f-bb93-4e46-86cd-a520c5be7868&user_id=neq.2dfb823f-bb93-4e46-86cd-a520c5be7868'
2026-05-06 12:52:41.134 12748-12748 IJankManager            com.newaura.app                      E  slideSceneEnd unknown scene 1000 mScene:-1
2026-05-06 12:52:41.134 12748-12748 AutofillManager         com.newaura.app                      V  requestHideFillUi(null): anchor = null
2026-05-06 12:52:41.153 12748-12748 ViewExtract             com.newaura.app                      D  [OplusViewExtractManager] OplusViewExtractManager init com.newaura.app
2026-05-06 12:52:41.199 12748-12748 OplusInput...erInternal com.newaura.app                      D  get inputMethodManager extension: com.android.internal.view.IInputMethodManager$Stub$Proxy@9b6438f
2026-05-06 12:52:41.202 12748-12748 OplusViewD...ViewHelper com.newaura.app                      D  dispatchTouchView action = 1
2026-05-06 12:52:41.205 12748-12748 ViewRootImplExtImpl     com.newaura.app                      D  the up motion event handled by client, just return
2026-05-06 12:52:41.315 12748-12748 AutofillManager         com.newaura.app                      V  receiver results: flags=7 enabled=true, enabledForAugmentedOnly: false
2026-05-06 12:52:41.327 12748-12748 AutofillManager         com.newaura.app                      V  startSessionLocked(): id=1073741824:i65536, bounds=Rect(171, 1320 - 909, 1554), value=null, flags=0, state=UNKNOWN, compatMode=false, augmentedOnly=false, enabledAugmentedOnly=false, enteredIds=null
2026-05-06 12:52:41.343 12748-12748 ImeTracker              com.newaura.app                      I  com.newaura.app:810bc3bf: onRequestShow at ORIGIN_CLIENT reason SHOW_SOFT_INPUT fromUser false
2026-05-06 12:52:41.346 12748-12926 RemoteInpu...ectionImpl com.newaura.app                      W  finishComposingTextFromImm on inactive InputConnection
2026-05-06 12:52:41.347 12748-12748 InsetsController        com.newaura.app                      D  show(ime(), fromIme=false)
2026-05-06 12:52:41.348 12748-12748 InsetsController        com.newaura.app                      D  Setting requestedVisibleTypes to -1 (was -9)
2026-05-06 12:52:41.351 12748-12889 CapacitorCookies        com.newaura.app                      I  Setting cookie '__cf_bm=Uugi1cLOZb56ggHhanlmBV53aHwwpE9nm0furULwzxc-1778052160.5877664-1.0.1.1-4nhd9GTGd0b3Nz3Aha4SJmcaRRO9S7js00MEEL8UMvwZ7Lh8OX_6s0sYIavw8t7T9a_pajN1BHk.NquTeK8ExS_WqzA7CnISOMA0g4gDMAV_8fhOESxvX.2dFmueBMbC; HttpOnly; Secure; Path=/; Domain=supabase.co; Expires=Wed, 06 May 2026 07:52:40 GMT' at: 'https://ugfxjjakpsngfdrjlsdr.supabase.co/rest/v1/profiles?select=id%2Cdisplay_name%2Cavatar_url%2Cavatar_key%2Cavatar_nonce%2Cpublic_key%2Cis_online%2Clast_seen%2Cstatus_message%2Ckey_history&id=neq.2dfb823f-bb93-4e46-86cd-a520c5be7868&limit=1'
2026-05-06 12:52:41.369 12748-12889 CapacitorCookies        com.newaura.app                      I  Setting cookie '__cf_bm=Uugi1cLOZb56ggHhanlmBV53aHwwpE9nm0furULwzxc-1778052160.5877664-1.0.1.1-4nhd9GTGd0b3Nz3Aha4SJmcaRRO9S7js00MEEL8UMvwZ7Lh8OX_6s0sYIavw8t7T9a_pajN1BHk.NquTeK8ExS_WqzA7CnISOMA0g4gDMAV_8fhOESxvX.2dFmueBMbC; HttpOnly; Secure; Path=/; Domain=supabase.co; Expires=Wed, 06 May 2026 07:52:40 GMT' at: 'https://supabase.co'
2026-05-06 12:52:41.390 12748-12748 AssistStructure         com.newaura.app                      I  Flattened final assist data: 2040 bytes, containing 1 windows, 5 views
2026-05-06 12:52:41.400 12748-12748 VRI[MainActivity]       com.newaura.app                      W  handleResized abandoned!
2026-05-06 12:52:41.412 12748-12919 CapacitorCookies        com.newaura.app                      I  Setting cookie '__cf_bm=AldidsTEOMoRpyK81GzXhlDHQpdnP0y_8wblodopZ8I-1778052160.697866-1.0.1.1-PSN5nxbvQCx2Z2G8tZCJbEyPMGvPr6y4QqpFtycFgODBa0Vb3pgYTwZ4sl2shFSM_ne5v.Y3qnuUiCxirxUyWdHjYLxDz4dRhDwWeb6wK0D3whlOW8ccHE4TLQYl_aEG; HttpOnly; Secure; Path=/; Domain=supabase.co; Expires=Wed, 06 May 2026 07:52:40 GMT' at: 'https://ugfxjjakpsngfdrjlsdr.supabase.co/rest/v1/profiles?select=id%2Cdisplay_name%2Cavatar_url%2Cavatar_key%2Cavatar_nonce%2Cpublic_key%2Cis_online%2Clast_seen%2Cstatus_message%2Ckey_history&id=neq.2dfb823f-bb93-4e46-86cd-a520c5be7868&limit=1'
2026-05-06 12:52:41.458 12748-12919 CapacitorCookies        com.newaura.app                      I  Setting cookie '__cf_bm=AldidsTEOMoRpyK81GzXhlDHQpdnP0y_8wblodopZ8I-1778052160.697866-1.0.1.1-PSN5nxbvQCx2Z2G8tZCJbEyPMGvPr6y4QqpFtycFgODBa0Vb3pgYTwZ4sl2shFSM_ne5v.Y3qnuUiCxirxUyWdHjYLxDz4dRhDwWeb6wK0D3whlOW8ccHE4TLQYl_aEG; HttpOnly; Secure; Path=/; Domain=supabase.co; Expires=Wed, 06 May 2026 07:52:40 GMT' at: 'https://supabase.co'
2026-05-06 12:52:41.481 12748-12748 Capacitor/Console       com.newaura.app                      I  File: http://localhost/assets/supabase-CLpXqyPc.js - Line 24 - Msg: [SUPABASE FETCH SUCCESS] Status: 200 OK
2026-05-06 12:52:41.504 12748-12778 GPUAUX                  com.newaura.app                      E  [AUX]GuiExtAuxCheckAuxPath:682: Null anb
2026-05-06 12:52:41.536 12748-12957 CapacitorCookies        com.newaura.app                      I  Setting cookie '__cf_bm=Bt8kxgypuoGT2yIwrYjQE0U._np4octRYcGOlAAI11w-1778052160.697694-1.0.1.1-HZ2FefMhIchFrDPPRv2oac2QwgRaQGr7ooR37Bci0LsDEm9MIx.RljZCaGnlhD.v.RnnKr8M0BGiLwPERLdUoKa.hy77bfkKvsZmd5XyBf750jsMF5Zk5toGv9nrBzWX; HttpOnly; Secure; Path=/; Domain=supabase.co; Expires=Wed, 06 May 2026 07:52:41 GMT' at: 'https://ugfxjjakpsngfdrjlsdr.supabase.co/rest/v1/garbage_bin?select=id%2Cmessage_id%2Ccloudinary_public_id%2Ccloud_name%2Cmedia_type%2Cfile_size%2Cadded_at&added_by=eq.2dfb823f-bb93-4e46-86cd-a520c5be7868&order=added_at.desc'
2026-05-06 12:52:41.547 12748-12748 Capacitor/Console       com.newaura.app                      I  File: http://localhost/assets/supabase-CLpXqyPc.js - Line 24 - Msg: [SUPABASE FETCH SUCCESS] Status: 200 OK
2026-05-06 12:52:41.554 12748-12957 CapacitorCookies        com.newaura.app                      I  Setting cookie '__cf_bm=Bt8kxgypuoGT2yIwrYjQE0U._np4octRYcGOlAAI11w-1778052160.697694-1.0.1.1-HZ2FefMhIchFrDPPRv2oac2QwgRaQGr7ooR37Bci0LsDEm9MIx.RljZCaGnlhD.v.RnnKr8M0BGiLwPERLdUoKa.hy77bfkKvsZmd5XyBf750jsMF5Zk5toGv9nrBzWX; HttpOnly; Secure; Path=/; Domain=supabase.co; Expires=Wed, 06 May 2026 07:52:41 GMT' at: 'https://supabase.co'
2026-05-06 12:52:41.573 12748-12920 CapacitorCookies        com.newaura.app                      I  Setting cookie '__cf_bm=ineRlBIKHzUy0XiXBhSNqG5f2YjxI271lRJw2zJ.nRc-1778052160.7325194-1.0.1.1-XPHz_ILULpbxCt30OZqVpTfx.br823TFjQUUOa5x_JKNQFi3VGycf6TnPL47NpJDOi5DLqsFtRfXVK.UAPLnkQHpzg3C5ZVOyFcbXxAp_LYSEBFTkA0dYejnO5OUd_VU; HttpOnly; Secure; Path=/; Domain=supabase.co; Expires=Wed, 06 May 2026 07:52:41 GMT' at: 'https://ugfxjjakpsngfdrjlsdr.supabase.co/rest/v1/profiles?select=id%2Cdisplay_name%2Cavatar_url%2Cavatar_key%2Cavatar_nonce%2Cpublic_key%2Cis_online%2Clast_seen%2Cstatus_message%2Ckey_history&id=neq.2dfb823f-bb93-4e46-86cd-a520c5be7868&limit=1'
2026-05-06 12:52:41.585 12748-12833 CapacitorCookies        com.newaura.app                      I  Setting cookie '__cf_bm=7eooq7q0OVNHqVB.n.PrKCCdIf513lFXJJFC0A5a68c-1778052160.7127755-1.0.1.1-xHkcEbl6_U8BpPuWJiHbEhElSKszDNfc6M1i.PT.g3L5oSQaMTvMgWUaFSKeDUJfP4t4edKlw3.Wh1BAdJBcVDaddffB98nxU0BzTtxYQcupXf4KjJtVTbWZbmJp6tsZ; HttpOnly; Secure; Path=/; Domain=supabase.co; Expires=Wed, 06 May 2026 07:52:41 GMT' at: 'https://ugfxjjakpsngfdrjlsdr.supabase.co/rest/v1/profiles?select=id%2Cdisplay_name%2Cavatar_url%2Cavatar_key%2Cavatar_nonce%2Cpublic_key%2Cis_online%2Clast_seen%2Cstatus_message%2Ckey_history&id=neq.2dfb823f-bb93-4e46-86cd-a520c5be7868&limit=1'
2026-05-06 12:52:41.588 12748-12918 CapacitorCookies        com.newaura.app                      I  Setting cookie '__cf_bm=Y9wYsYB.wcAaFTNwhSeWH3F3hCR_d4lsX68NTnTiLOo-1778052160.8073857-1.0.1.1-MW9cEfF4TmI5GFeLIoaYX5MN_.TWwHkmzYrlDFcrKgPFe7h8OM9rcuJNge9OhprSpXgHzsXET6ybqa1PSxeE4v4VDghS7uf3xYOovCa3TyUxVLEPsdVklXxJNSEGHU.K; HttpOnly; Secure; Path=/; Domain=supabase.co; Expires=Wed, 06 May 2026 07:52:41 GMT' at: 'https://ugfxjjakpsngfdrjlsdr.supabase.co/rest/v1/profiles?select=id%2Cdisplay_name%2Cavatar_url%2Cavatar_key%2Cavatar_nonce%2Cpublic_key%2Cis_online%2Clast_seen%2Cstatus_message%2Ckey_history&id=neq.2dfb823f-bb93-4e46-86cd-a520c5be7868&limit=1'
2026-05-06 12:52:41.609 12748-12831 CapacitorCookies        com.newaura.app                      I  Setting cookie '__cf_bm=Pfm4A9hSkcQXo5yA_1zKRR5JRpk6AonMmlktpT3VWdQ-1778052160.722659-1.0.1.1-zGUOVg_d7hMabpG44hrm7TdxKBqRrgVNRNAGLlwtQQVEsa1i7cEbHyxRR5S5k8ELava682tS6JC_DX2Gdx2M4ujixHFhlXUPbTY3m8grnadayVkRMnsxqCVNfgQ1wtlD; HttpOnly; Secure; Path=/; Domain=supabase.co; Expires=Wed, 06 May 2026 07:52:41 GMT' at: 'https://ugfxjjakpsngfdrjlsdr.supabase.co/rest/v1/push_subscriptions?select=p256dh&user_id=eq.2dfb823f-bb93-4e46-86cd-a520c5be7868&type=eq.fcm'
2026-05-06 12:52:41.615 12748-12984 CapacitorCookies        com.newaura.app                      I  Setting cookie '__cf_bm=dLijziZnvKTUEJDRePIzttb4qRIC5AQ3KMjL78PZ3JY-1778052160.8177109-1.0.1.1-Z6MU1cyPxJzuPyAqpT2QY88cy9bjYEjXLbZoWihEdzm7m_iF4q9YmsQOWlmJ11cH9IFteZMayfTsiX0sOhoczG0aTDG0KcDk5Zqv1e4JBId2hdqBjAJVKT.oe3k8gYdd; HttpOnly; Secure; Path=/; Domain=supabase.co; Expires=Wed, 06 May 2026 07:52:41 GMT' at: 'https://ugfxjjakpsngfdrjlsdr.supabase.co/rest/v1/profiles?select=id%2Cdisplay_name%2Cavatar_url%2Cavatar_key%2Cavatar_nonce%2Cpublic_key%2Cis_online%2Clast_seen%2Cstatus_message%2Ckey_history&id=neq.2dfb823f-bb93-4e46-86cd-a520c5be7868&limit=1'
2026-05-06 12:52:41.664 12748-12833 CapacitorCookies        com.newaura.app                      I  Setting cookie '__cf_bm=7eooq7q0OVNHqVB.n.PrKCCdIf513lFXJJFC0A5a68c-1778052160.7127755-1.0.1.1-xHkcEbl6_U8BpPuWJiHbEhElSKszDNfc6M1i.PT.g3L5oSQaMTvMgWUaFSKeDUJfP4t4edKlw3.Wh1BAdJBcVDaddffB98nxU0BzTtxYQcupXf4KjJtVTbWZbmJp6tsZ; HttpOnly; Secure; Path=/; Domain=supabase.co; Expires=Wed, 06 May 2026 07:52:41 GMT' at: 'https://supabase.co'
2026-05-06 12:52:41.666 12748-12920 CapacitorCookies        com.newaura.app                      I  Setting cookie '__cf_bm=ineRlBIKHzUy0XiXBhSNqG5f2YjxI271lRJw2zJ.nRc-1778052160.7325194-1.0.1.1-XPHz_ILULpbxCt30OZqVpTfx.br823TFjQUUOa5x_JKNQFi3VGycf6TnPL47NpJDOi5DLqsFtRfXVK.UAPLnkQHpzg3C5ZVOyFcbXxAp_LYSEBFTkA0dYejnO5OUd_VU; HttpOnly; Secure; Path=/; Domain=supabase.co; Expires=Wed, 06 May 2026 07:52:41 GMT' at: 'https://supabase.co'
2026-05-06 12:52:41.667 12748-12918 CapacitorCookies        com.newaura.app                      I  Setting cookie '__cf_bm=Y9wYsYB.wcAaFTNwhSeWH3F3hCR_d4lsX68NTnTiLOo-1778052160.8073857-1.0.1.1-MW9cEfF4TmI5GFeLIoaYX5MN_.TWwHkmzYrlDFcrKgPFe7h8OM9rcuJNge9OhprSpXgHzsXET6ybqa1PSxeE4v4VDghS7uf3xYOovCa3TyUxVLEPsdVklXxJNSEGHU.K; HttpOnly; Secure; Path=/; Domain=supabase.co; Expires=Wed, 06 May 2026 07:52:41 GMT' at: 'https://supabase.co'
2026-05-06 12:52:41.669 12748-12831 CapacitorCookies        com.newaura.app                      I  Setting cookie '__cf_bm=Pfm4A9hSkcQXo5yA_1zKRR5JRpk6AonMmlktpT3VWdQ-1778052160.722659-1.0.1.1-zGUOVg_d7hMabpG44hrm7TdxKBqRrgVNRNAGLlwtQQVEsa1i7cEbHyxRR5S5k8ELava682tS6JC_DX2Gdx2M4ujixHFhlXUPbTY3m8grnadayVkRMnsxqCVNfgQ1wtlD; HttpOnly; Secure; Path=/; Domain=supabase.co; Expires=Wed, 06 May 2026 07:52:41 GMT' at: 'https://supabase.co'
2026-05-06 12:52:41.692 12748-12984 CapacitorCookies        com.newaura.app                      I  Setting cookie '__cf_bm=dLijziZnvKTUEJDRePIzttb4qRIC5AQ3KMjL78PZ3JY-1778052160.8177109-1.0.1.1-Z6MU1cyPxJzuPyAqpT2QY88cy9bjYEjXLbZoWihEdzm7m_iF4q9YmsQOWlmJ11cH9IFteZMayfTsiX0sOhoczG0aTDG0KcDk5Zqv1e4JBId2hdqBjAJVKT.oe3k8gYdd; HttpOnly; Secure; Path=/; Domain=supabase.co; Expires=Wed, 06 May 2026 07:52:41 GMT' at: 'https://supabase.co'
2026-05-06 12:52:41.714 12748-12748 AutofillManager         com.newaura.app                      V  notifyNoFillUi(): sessionFinishedState=2
2026-05-06 12:52:41.715 12748-12748 AutofillManager         com.newaura.app                      V  notifyCallback(): sessionId=1264182892, autofillId=1073741824:i65536@1264182892, event=3
2026-05-06 12:52:41.715 12748-12748 AutofillManager         com.newaura.app                      V  setSessionFinished(): from ACTIVE to FINISHED; autofillableIds=null
2026-05-06 12:52:41.735 12748-12748 Capacitor/Console       com.newaura.app                      I  File: http://localhost/assets/supabase-CLpXqyPc.js - Line 24 - Msg: [SUPABASE FETCH SUCCESS] Status: 200 OK
2026-05-06 12:52:41.811 12748-12748 Capacitor/Console       com.newaura.app                      I  File: http://localhost/assets/supabase-CLpXqyPc.js - Line 24 - Msg: [SUPABASE FETCH SUCCESS] Status: 200 OK
2026-05-06 12:52:41.811 12748-12748 Capacitor/Console       com.newaura.app                      I  File: http://localhost/assets/supabase-CLpXqyPc.js - Line 24 - Msg: [SUPABASE FETCH SUCCESS] Status: 200 OK
2026-05-06 12:52:41.812 12748-12748 Capacitor/Console       com.newaura.app                      I  File: http://localhost/assets/supabase-CLpXqyPc.js - Line 24 - Msg: [SUPABASE FETCH SUCCESS] Status: 200 OK
2026-05-06 12:52:41.813 12748-12748 VRI[MainActivity]       com.newaura.app                      W  handleResized abandoned!
2026-05-06 12:52:41.838 12748-12748 Capacitor/Console       com.newaura.app                      I  File: http://localhost/assets/supabase-CLpXqyPc.js - Line 24 - Msg: [SUPABASE FETCH SUCCESS] Status: 200 OK
2026-05-06 12:52:41.839 12748-12748 VRI[MainActivity]       com.newaura.app                      W  handleResized abandoned!
2026-05-06 12:52:41.955 12748-13009 OplusWindowManager      com.newaura.app                      D  get WMS extension: android.os.BinderProxy@fda69d6
2026-05-06 12:52:41.965 12748-12764 ImfJankInfo             com.newaura.app                      D  reportImfJank: {"client":"com.newaura.app","system_pressure":{"cpu":false,"mem":false,"thermal":true},"ime_package_name":"com.google.android.inputmethod.latin"}
2026-05-06 12:52:41.966 12748-12778 GPUAUX                  com.newaura.app                      E  [AUX]GuiExtAuxCheckAuxPath:682: Null anb
2026-05-06 12:52:41.966 12748-12778 GPUAUX                  com.newaura.app                      E  [AUX]GuiExtAuxCheckAuxPath:682: Null anb
2026-05-06 12:52:41.966 12748-12778 GPUAUX                  com.newaura.app                      E  [AUX]GuiExtAuxCheckAuxPath:682: Null anb
2026-05-06 12:52:41.966 12748-12778 GPUAUX                  com.newaura.app                      E  [AUX]GuiExtAuxCheckAuxPath:682: Null anb
2026-05-06 12:52:41.966 12748-12778 GPUAUX                  com.newaura.app                      E  [AUX]GuiExtAuxCheckAuxPath:682: Null anb
2026-05-06 12:52:41.966 12748-12778 GPUAUX                  com.newaura.app                      E  [AUX]GuiExtAuxCheckAuxPath:682: Null anb
2026-05-06 12:52:41.967 12748-12778 GPUAUX                  com.newaura.app                      E  [AUX]GuiExtAuxCheckAuxPath:682: Null anb
2026-05-06 12:52:41.967 12748-12778 GPUAUX                  com.newaura.app                      E  [AUX]GuiExtAuxCheckAuxPath:682: Null anb
2026-05-06 12:52:41.967 12748-12778 GPUAUX                  com.newaura.app                      E  [AUX]GuiExtAuxCheckAuxPath:682: Null anb
2026-05-06 12:52:41.967 12748-12778 GPUAUX                  com.newaura.app                      E  [AUX]GuiExtAuxCheckAuxPath:682: Null anb
2026-05-06 12:52:41.967 12748-12778 GPUAUX                  com.newaura.app                      E  [AUX]GuiExtAuxCheckAuxPath:682: Null anb
2026-05-06 12:52:41.970 12748-12778 GPUAUX                  com.newaura.app                      E  [AUX]GuiExtAuxCheckAuxPath:682: Null anb
2026-05-06 12:52:41.970 12748-12778 GPUAUX                  com.newaura.app                      E  [AUX]GuiExtAuxCheckAuxPath:682: Null anb
2026-05-06 12:52:41.970 12748-13009 InteractionJankMonitor  com.newaura.app                      W  Initializing without READ_DEVICE_CONFIG permission. enabled=false, interval=1, missedFrameThreshold=3, frameTimeThreshold=64, package=com.newaura.app
2026-05-06 12:52:41.990 12748-12778 GPUAUX                  com.newaura.app                      E  [AUX]GuiExtAuxCheckAuxPath:682: Null anb
2026-05-06 12:52:41.990 12748-12778 GPUAUX                  com.newaura.app                      E  [AUX]GuiExtAuxCheckAuxPath:682: Null anb
2026-05-06 12:52:41.990 12748-12778 GPUAUX                  com.newaura.app                      E  [AUX]GuiExtAuxCheckAuxPath:682: Null anb
2026-05-06 12:52:42.003 12748-12748 Capacitor/Console       com.newaura.app                      I  File: http://localhost/assets/supabase-CLpXqyPc.js - Line 24 - Msg: [SUPABASE FETCH SUCCESS] Status: 200 OK
2026-05-06 12:52:42.155 12748-12819 CapacitorCookies        com.newaura.app                      I  Setting cookie '__cf_bm=iDf5LgDo.9h0CrVbHqf6PtFTq3NMyiaqoOVUOIf0T0g-1778052161.0130074-1.0.1.1-NJaRMl_g0sLm5G36pHQmgLI9iuW9rlqlsITpKir6WegXJWxSnyUBl6zVPzpeM3yIjO5cFHJAspqtsDLoF0.idauCSIV9k8batJoiQr0pFPMHuPQoUrFmXMm6qCdopIFL; HttpOnly; Secure; Path=/; Domain=supabase.co; Expires=Wed, 06 May 2026 07:52:41 GMT' at: 'https://ugfxjjakpsngfdrjlsdr.supabase.co/rest/v1/profiles?select=favorited_message_ids&id=eq.2dfb823f-bb93-4e46-86cd-a520c5be7868'
2026-05-06 12:52:42.161 12748-12988 CapacitorCookies        com.newaura.app                      I  Setting cookie '__cf_bm=3yaeDPDltWS_yiua6Z3p8nTNipiLU_cZ4a5KGOaICdU-1778052161.0276515-1.0.1.1-ywW7F7nig0D2zKkBFD8pHovn9nG0PpHvy3GlGCYNYuxCHfRDJkfKz.ny8XsOyjjNB.7n0qHTAwRhLX8YHusw6IH3g0uI6b6rg_ehV6OBf4Vvo7pUT2WimOM5Bo3SlmGv; HttpOnly; Secure; Path=/; Domain=supabase.co; Expires=Wed, 06 May 2026 07:52:41 GMT' at: 'https://ugfxjjakpsngfdrjlsdr.supabase.co/rest/v1/chat_settings?select=id%2Cuser_id%2Cbackground_url%2Cbackground_key%2Cbackground_nonce%2Cnotification_enabled%2Ctab_badge_enabled%2Cpush_notifications_enabled%2Cupdated_at%2Cshared_pin%2Caccent_color%2Ctrue_dark_mode%2Cquick_emojis%2Cnotification_alias%2Cnotification_bodies&user_id=eq.2dfb823f-bb93-4e46-86cd-a520c5be7868'
2026-05-06 12:52:42.165 12748-12988 CapacitorCookies        com.newaura.app                      I  Setting cookie '__cf_bm=3yaeDPDltWS_yiua6Z3p8nTNipiLU_cZ4a5KGOaICdU-1778052161.0276515-1.0.1.1-ywW7F7nig0D2zKkBFD8pHovn9nG0PpHvy3GlGCYNYuxCHfRDJkfKz.ny8XsOyjjNB.7n0qHTAwRhLX8YHusw6IH3g0uI6b6rg_ehV6OBf4Vvo7pUT2WimOM5Bo3SlmGv; HttpOnly; Secure; Path=/; Domain=supabase.co; Expires=Wed, 06 May 2026 07:52:41 GMT' at: 'https://supabase.co'
2026-05-06 12:52:42.165 12748-12924 CapacitorCookies        com.newaura.app                      I  Setting cookie '__cf_bm=veBLlyyi8KqKQl0OnsSwSH0Y36DmBdYGdVHVAOv8VJM-1778052160.852986-1.0.1.1-2yiPeH2JzWQfdIVMg.B.m8odfgI0dpRg08he17zRUJJ8pykqD_GzK7ihVI6vmZlWvct6PMqK6C2eYdgEmI_VAsF7w5ckUiH4LQSc57g1iTh1H1R8zUAm9yfKVErx_x6R; HttpOnly; Secure; Path=/; Domain=supabase.co; Expires=Wed, 06 May 2026 07:52:41 GMT' at: 'https://ugfxjjakpsngfdrjlsdr.supabase.co/rest/v1/push_subscriptions?endpoint=eq.fcm%3A2dfb823f-bb93-4e46-86cd-a520c5be7868&user_id=neq.2dfb823f-bb93-4e46-86cd-a520c5be7868'
2026-05-06 12:52:42.166 12748-12819 CapacitorCookies        com.newaura.app                      I  Setting cookie '__cf_bm=iDf5LgDo.9h0CrVbHqf6PtFTq3NMyiaqoOVUOIf0T0g-1778052161.0130074-1.0.1.1-NJaRMl_g0sLm5G36pHQmgLI9iuW9rlqlsITpKir6WegXJWxSnyUBl6zVPzpeM3yIjO5cFHJAspqtsDLoF0.idauCSIV9k8batJoiQr0pFPMHuPQoUrFmXMm6qCdopIFL; HttpOnly; Secure; Path=/; Domain=supabase.co; Expires=Wed, 06 May 2026 07:52:41 GMT' at: 'https://supabase.co'
2026-05-06 12:52:42.171 12748-12985 CapacitorCookies        com.newaura.app                      I  Setting cookie '__cf_bm=TrAUOb.WA5SGr3HZEHLSMYL7dD7VKMcA_jbigEfJCtU-1778052161.0077329-1.0.1.1-me3ZVOAmPZhc5PdOMgiMlrqz.atwasiDV6LjlSWCMWdkQ2RPyJ4QZjkr8bIJsN0v6VrjUuRYtDgUQDMkVl442VFbXMzeOO.PwvH7DPEKys_KUfHohtWgO78r7iI5BVMA; HttpOnly; Secure; Path=/; Domain=supabase.co; Expires=Wed, 06 May 2026 07:52:41 GMT' at: 'https://ugfxjjakpsngfdrjlsdr.supabase.co/rest/v1/profiles?select=id%2Cdisplay_name%2Cavatar_url%2Cavatar_key%2Cavatar_nonce%2Cpublic_key%2Cis_online%2Clast_seen%2Cstatus_message%2Ckey_history&id=neq.2dfb823f-bb93-4e46-86cd-a520c5be7868&limit=1'
2026-05-06 12:52:42.175 12748-12778 GPUAUX                  com.newaura.app                      E  [AUX]GuiExtAuxCheckAuxPath:682: Null anb
2026-05-06 12:52:42.175 12748-12778 GPUAUX                  com.newaura.app                      E  [AUX]GuiExtAuxCheckAuxPath:682: Null anb
2026-05-06 12:52:42.175 12748-12778 GPUAUX                  com.newaura.app                      E  [AUX]GuiExtAuxCheckAuxPath:682: Null anb
2026-05-06 12:52:42.176 12748-12778 GPUAUX                  com.newaura.app                      E  [AUX]GuiExtAuxCheckAuxPath:682: Null anb
2026-05-06 12:52:42.176 12748-12778 GPUAUX                  com.newaura.app                      E  [AUX]GuiExtAuxCheckAuxPath:682: Null anb
2026-05-06 12:52:42.176 12748-12778 GPUAUX                  com.newaura.app                      E  [AUX]GuiExtAuxCheckAuxPath:682: Null anb
2026-05-06 12:52:42.176 12748-12778 GPUAUX                  com.newaura.app                      E  [AUX]GuiExtAuxCheckAuxPath:682: Null anb
2026-05-06 12:52:42.176 12748-12778 GPUAUX                  com.newaura.app                      E  [AUX]GuiExtAuxCheckAuxPath:682: Null anb
2026-05-06 12:52:42.176 12748-12778 GPUAUX                  com.newaura.app                      E  [AUX]GuiExtAuxCheckAuxPath:682: Null anb
2026-05-06 12:52:42.176 12748-12778 GPUAUX                  com.newaura.app                      E  [AUX]GuiExtAuxCheckAuxPath:682: Null anb
2026-05-06 12:52:42.176 12748-12778 GPUAUX                  com.newaura.app                      E  [AUX]GuiExtAuxCheckAuxPath:682: Null anb
2026-05-06 12:52:42.176 12748-12778 GPUAUX                  com.newaura.app                      E  [AUX]GuiExtAuxCheckAuxPath:682: Null anb
2026-05-06 12:52:42.176 12748-12778 GPUAUX                  com.newaura.app                      E  [AUX]GuiExtAuxCheckAuxPath:682: Null anb
2026-05-06 12:52:42.176 12748-12778 GPUAUX                  com.newaura.app                      E  [AUX]GuiExtAuxCheckAuxPath:682: Null anb
2026-05-06 12:52:42.176 12748-12778 GPUAUX                  com.newaura.app                      E  [AUX]GuiExtAuxCheckAuxPath:682: Null anb
2026-05-06 12:52:42.176 12748-12778 GPUAUX                  com.newaura.app                      E  [AUX]GuiExtAuxCheckAuxPath:682: Null anb
2026-05-06 12:52:42.176 12748-12778 GPUAUX                  com.newaura.app                      E  [AUX]GuiExtAuxCheckAuxPath:682: Null anb
2026-05-06 12:52:42.177 12748-12924 CapacitorCookies        com.newaura.app                      I  Setting cookie '__cf_bm=veBLlyyi8KqKQl0OnsSwSH0Y36DmBdYGdVHVAOv8VJM-1778052160.852986-1.0.1.1-2yiPeH2JzWQfdIVMg.B.m8odfgI0dpRg08he17zRUJJ8pykqD_GzK7ihVI6vmZlWvct6PMqK6C2eYdgEmI_VAsF7w5ckUiH4LQSc57g1iTh1H1R8zUAm9yfKVErx_x6R; HttpOnly; Secure; Path=/; Domain=supabase.co; Expires=Wed, 06 May 2026 07:52:41 GMT' at: 'https://supabase.co'
2026-05-06 12:52:42.177 12748-12778 GPUAUX                  com.newaura.app                      E  [AUX]GuiExtAuxCheckAuxPath:682: Null anb
2026-05-06 12:52:42.177 12748-12778 GPUAUX                  com.newaura.app                      E  [AUX]GuiExtAuxCheckAuxPath:682: Null anb
2026-05-06 12:52:42.177 12748-12778 GPUAUX                  com.newaura.app                      E  [AUX]GuiExtAuxCheckAuxPath:682: Null anb
2026-05-06 12:52:42.178 12748-12778 GPUAUX                  com.newaura.app                      E  [AUX]GuiExtAuxCheckAuxPath:682: Null anb
2026-05-06 12:52:42.178 12748-12778 GPUAUX                  com.newaura.app                      E  [AUX]GuiExtAuxCheckAuxPath:682: Null anb
2026-05-06 12:52:42.178 12748-12778 GPUAUX                  com.newaura.app                      E  [AUX]GuiExtAuxCheckAuxPath:682: Null anb
2026-05-06 12:52:42.178 12748-12778 GPUAUX                  com.newaura.app                      E  [AUX]GuiExtAuxCheckAuxPath:682: Null anb
2026-05-06 12:52:42.180 12748-12985 CapacitorCookies        com.newaura.app                      I  Setting cookie '__cf_bm=TrAUOb.WA5SGr3HZEHLSMYL7dD7VKMcA_jbigEfJCtU-1778052161.0077329-1.0.1.1-me3ZVOAmPZhc5PdOMgiMlrqz.atwasiDV6LjlSWCMWdkQ2RPyJ4QZjkr8bIJsN0v6VrjUuRYtDgUQDMkVl442VFbXMzeOO.PwvH7DPEKys_KUfHohtWgO78r7iI5BVMA; HttpOnly; Secure; Path=/; Domain=supabase.co; Expires=Wed, 06 May 2026 07:52:41 GMT' at: 'https://supabase.co'
2026-05-06 12:52:42.187 12748-12986 CapacitorCookies        com.newaura.app                      I  Setting cookie '__cf_bm=jYMP2E.3BRHwY6dU5F6wbsaQQCASWC5EDYXTijDfDv0-1778052161.0274-1.0.1.1-rFy_nazD7FvCFBZ9lDRSEl0BowLEHSytRM2f8R1zwJS.NNKwQhHuEJeNDaOF4hI.z562.eSbcM1xUA_veqb_LJ13wzARBEepDSgYoP62QGKe1M1fiJ_znyRELhqr7TUz; HttpOnly; Secure; Path=/; Domain=supabase.co; Expires=Wed, 06 May 2026 07:52:41 GMT' at: 'https://ugfxjjakpsngfdrjlsdr.supabase.co/rest/v1/profiles?select=id%2Cdisplay_name%2Cavatar_url%2Cavatar_key%2Cavatar_nonce%2Cpublic_key%2Cis_online%2Clast_seen%2Cstatus_message%2Ckey_history&id=neq.2dfb823f-bb93-4e46-86cd-a520c5be7868&limit=1'
2026-05-06 12:52:42.193 12748-12748 Capacitor/Console       com.newaura.app                      I  File: http://localhost/assets/supabase-CLpXqyPc.js - Line 24 - Msg: [SUPABASE FETCH SUCCESS] Status: 200 OK
2026-05-06 12:52:42.193 12748-12748 Capacitor/Console       com.newaura.app                      I  File: http://localhost/assets/supabase-CLpXqyPc.js - Line 24 - Msg: [SUPABASE FETCH SUCCESS] Status: 200 OK
2026-05-06 12:52:42.195 12748-12748 DynamicFra...igManager] com.newaura.app                      I  initFrameRateConfig: 
                                                                                                    	levelsFor120hz: [120, 60]
                                                                                                    	thresholdsFor120hz: [200]
                                                                                                    	levelsFor90hz: [90]
                                                                                                    	thresholdsFor90hz: []
2026-05-06 12:52:42.195 12748-12748 DynamicFra...igManager] com.newaura.app                      I  FRTCConfigManager: FRTC_CAPABILITY = 120, package name = com.newaura.app, WINDOW_ANIMATION_SPEED_RATE = 10, SCROLL_ANIMATION_SPEED_RATE = 20, PACKAGE_ENABLE = false
2026-05-06 12:52:42.195 12748-12748 DynamicFra...ontroller] com.newaura.app                      I  init info: mPackageName = com.newaura.app, mIsEnabled = false
2026-05-06 12:52:42.204 12748-12986 CapacitorCookies        com.newaura.app                      I  Setting cookie '__cf_bm=jYMP2E.3BRHwY6dU5F6wbsaQQCASWC5EDYXTijDfDv0-1778052161.0274-1.0.1.1-rFy_nazD7FvCFBZ9lDRSEl0BowLEHSytRM2f8R1zwJS.NNKwQhHuEJeNDaOF4hI.z562.eSbcM1xUA_veqb_LJ13wzARBEepDSgYoP62QGKe1M1fiJ_znyRELhqr7TUz; HttpOnly; Secure; Path=/; Domain=supabase.co; Expires=Wed, 06 May 2026 07:52:41 GMT' at: 'https://supabase.co'
2026-05-06 12:52:42.212 12748-12748 Capacitor/Console       com.newaura.app                      I  File: http://localhost/assets/supabase-CLpXqyPc.js - Line 24 - Msg: [SUPABASE FETCH START] URL: https://ugfxjjakpsngfdrjlsdr.supabase.co/rest/v1/messages?select=id%2Csender_id%2Creceiver_id%2Cmedia_url%2Cmedia_key%2Cmedia_nonce%2Ctype%2Ccreated_at%2Csender_public_key&media_url=not.is.null&or=%28and%28sender_id.eq.2dfb823f-bb93-4e46-86cd-a520c5be7868%2Creceiver_id.eq.8bb51234-4a86-470f-9f7d-96a95f551952%29%2Cand%28sender_id.eq.8bb51234-4a86-470f-9f7d-96a95f551952%2Creceiver_id.eq.2dfb823f-bb93-4e46-86cd-a520c5be7868%29%29&offset=0&limit=12&order=created_at.desc OPTIONS: {"method":"GET","headers":{}}
2026-05-06 12:52:42.214 12748-12748 Capacitor/Console       com.newaura.app                      I  File: http://localhost/assets/supabase-CLpXqyPc.js - Line 24 - Msg: [SUPABASE FETCH START] URL: https://ugfxjjakpsngfdrjlsdr.supabase.co/rest/v1/rpc/get_throwbacks OPTIONS: {"method":"POST","headers":{},"body":"{\"u_id\":\"2dfb823f-bb93-4e46-86cd-a520c5be7868\",\"p_id\":\"8bb51234-4a86-470f-9f7d-96a95f551952\",\"current_month\":5,\"current_day\":6,\"limit_count\":6}"}
2026-05-06 12:52:42.218 12748-12817 Capacitor               com.newaura.app                      D  Handling CapacitorHttp request: http://localhost/_capacitor_http_interceptor_?u=https%3A%2F%2Fugfxjjakpsngfdrjlsdr.supabase.co%2Frest%2Fv1%2Fmessages%3Fselect%3Did%252Csender_id%252Creceiver_id%252Cmedia_url%252Cmedia_key%252Cmedia_nonce%252Ctype%252Ccreated_at%252Csender_public_key%26media_url%3Dnot.is.null%26or%3D%2528and%2528sender_id.eq.2dfb823f-bb93-4e46-86cd-a520c5be7868%252Creceiver_id.eq.8bb51234-4a86-470f-9f7d-96a95f551952%2529%252Cand%2528sender_id.eq.8bb51234-4a86-470f-9f7d-96a95f551952%252Creceiver_id.eq.2dfb823f-bb93-4e46-86cd-a520c5be7868%2529%2529%26offset%3D0%26limit%3D12%26order%3Dcreated_at.desc
2026-05-06 12:52:42.225 12748-12817 CapacitorCookies        com.newaura.app                      I  Getting cookies at: 'https://ugfxjjakpsngfdrjlsdr.supabase.co/rest/v1/messages?select=id%2Csender_id%2Creceiver_id%2Cmedia_url%2Cmedia_key%2Cmedia_nonce%2Ctype%2Ccreated_at%2Csender_public_key&media_url=not.is.null&or=%28and%28sender_id.eq.2dfb823f-bb93-4e46-86cd-a520c5be7868%2Creceiver_id.eq.8bb51234-4a86-470f-9f7d-96a95f551952%29%2Cand%28sender_id.eq.8bb51234-4a86-470f-9f7d-96a95f551952%2Creceiver_id.eq.2dfb823f-bb93-4e46-86cd-a520c5be7868%29%29&offset=0&limit=12&order=created_at.desc'
2026-05-06 12:52:42.235 12748-12778 GPUAUX                  com.newaura.app                      E  [AUX]GuiExtAuxCheckAuxPath:682: Null anb
2026-05-06 12:52:42.235 12748-12778 GPUAUX                  com.newaura.app                      E  [AUX]GuiExtAuxCheckAuxPath:682: Null anb
2026-05-06 12:52:42.235 12748-12778 GPUAUX                  com.newaura.app                      E  [AUX]GuiExtAuxCheckAuxPath:682: Null anb
2026-05-06 12:52:42.235 12748-12778 GPUAUX                  com.newaura.app                      E  [AUX]GuiExtAuxCheckAuxPath:682: Null anb
2026-05-06 12:52:42.245 12748-12748 Capacitor/Console       com.newaura.app                      I  File:  - Line 349 - Msg: [object Object]
2026-05-06 12:52:42.246 12748-12748 Capacitor/Console       com.newaura.app                      I  File:  - Line 333 - Msg: {"status":204,"headers":{"alt-svc":"h3=\":443\"; ma=86400","CF-Cache-Status":"DYNAMIC","CF-Ray":"9f763c35584d444f-BOM","Connection":"keep-alive","Content-Range":"*/*","Date":"Wed, 06 May 2026 07:22:41 GMT","sb-gateway-version":"1","sb-project-ref":"ugfxjjakpsngfdrjlsdr","sb-request-id":"019dfc2a-dd59-7ece-a15d-a02f2a5084dd","Server":"cloudflare","set-cookie":"__cf_bm=veBLlyyi8KqKQl0OnsSwSH0Y36DmBdYGdVHVAOv8VJM-1778052160.852986-1.0.1.1-2yiPeH2JzWQfdIVMg.B.m8odfgI0dpRg08he17zRUJJ8pykqD_GzK7ihVI6vmZlWvct6PMqK6C2eYdgEmI_VAsF7w5ckUiH4LQSc57g1iTh1H1R8zUAm9yfKVErx_x6R; HttpOnly; Secure; Path=/; Domain=supabase.co; Expires=Wed, 06 May 2026 07:52:41 GMT","Strict-Transport-Security":"max-age=31536000; includeSubDomains; preload","Vary":"Accept-Encoding","X-Android-Received-Millis":"1778052162165","X-Android-Response-Source":"NETWORK 204","X-Android-Selected-Protocol":"http/1.1","X-Android-Sent-Millis":"1778052161184","X-Content-Type-Options":"nosniff","x-envoy-attempt-count":"1","x-envoy-upstream-service-time":"606"},"url":"https://ugfxjjakpsngfdrjlsdr.supabase.co/rest/v1/push_subscriptions?endpoint=eq.fcm%3A2dfb823f-bb93-4e46-86cd-a520c5be7868&user_id=neq.2dfb823f-bb93-4e46-86cd-a520c5be7868","data":""}
2026-05-06 12:52:42.246 12748-12748 Capacitor/Console       com.newaura.app                      D  File:  - Line 564 - Msg: CapacitorHttp fetch 1778052161066 https://ugfxjjakpsngfdrjlsdr.supabase.co/rest/v1/push_subscriptions?endpoint=eq.fcm%3A2dfb823f-bb93-4e46-86cd-a520c5be7868&user_id=neq.2dfb823f-bb93-4e46-86cd-a520c5be7868: 1150.636962890625 ms
2026-05-06 12:52:42.247 12748-12748 Capacitor/Console       com.newaura.app                      I  File: http://localhost/assets/supabase-CLpXqyPc.js - Line 24 - Msg: [SUPABASE FETCH SUCCESS] Status: 204 
2026-05-06 12:52:42.247 12748-12748 Capacitor/Console       com.newaura.app                      I  File: http://localhost/assets/supabase-CLpXqyPc.js - Line 24 - Msg: [SUPABASE FETCH SUCCESS] Status: 200 OK
2026-05-06 12:52:42.248 12748-12748 Capacitor/Console       com.newaura.app                      I  File: http://localhost/assets/supabase-CLpXqyPc.js - Line 24 - Msg: [SUPABASE FETCH SUCCESS] Status: 200 OK
2026-05-06 12:52:42.249 12748-12748 ImeTracker              com.newaura.app                      I  com.newaura.app:810bc3bf: onShown
2026-05-06 12:52:42.278 12748-12748 Capacitor/Console       com.newaura.app                      I  File: http://localhost/assets/supabase-CLpXqyPc.js - Line 24 - Msg: [SUPABASE FETCH START] URL: https://ugfxjjakpsngfdrjlsdr.supabase.co/rest/v1/push_subscriptions?on_conflict=user_id OPTIONS: {"method":"POST","headers":{},"body":"{\"user_id\":\"2dfb823f-bb93-4e46-86cd-a520c5be7868\",\"endpoint\":\"fcm:2dfb823f-bb93-4e46-86cd-a520c5be7868\",\"p256dh\":\"csWfwLBpQrybZiNP6g9KgV:APA91bEb1H1anVvAogCwxig3WBpttrdXJxeHb-f8OI2yxREV8apbqOSWEhdoztaEf95Ugl24MXQxXKV0yfNUmllG-bQnX2UYT6Y2JMSNQyCo7zO7AeskCbc\",\"auth\":\"fcm\",\"type\":\"fcm\",\"updated_at\":\"2026-05-06T07:22:42.217Z\"}"}
2026-05-06 12:52:42.279 12748-12748 Capacitor/Console       com.newaura.app                      I  File:  - Line 349 - Msg: [object Object]
2026-05-06 12:52:42.281 12748-12748 Capacitor/Plugin        com.newaura.app                      V  To native (Capacitor plugin): callbackId: 108845710, pluginId: CapacitorHttp, methodName: request
2026-05-06 12:52:42.282 12748-12748 Capacitor               com.newaura.app                      V  callback: 108845710, pluginId: CapacitorHttp, methodName: request, methodData: {"url":"https:\/\/ugfxjjakpsngfdrjlsdr.supabase.co\/rest\/v1\/rpc\/get_throwbacks","method":"POST","data":"{\"u_id\":\"2dfb823f-bb93-4e46-86cd-a520c5be7868\",\"p_id\":\"8bb51234-4a86-470f-9f7d-96a95f551952\",\"current_month\":5,\"current_day\":6,\"limit_count\":6}","dataType":"json","headers":{"apikey":"eyJhbGciOiJIUzI1NiIsInR5cCI6IkpXVCJ9.eyJpc3MiOiJzdXBhYmFzZSIsInJlZiI6InVnZnhqamFrcHNuZ2Zkcmpsc2RyIiwicm9sZSI6ImFub24iLCJpYXQiOjE3NzQzNDY3NzQsImV4cCI6MjA4OTkyMjc3NH0.KiA-8YqdsgO1Is2Fumh4mqmfQY8i1O_K8RnQtBcjuGo","authorization":"Bearer eyJhbGciOiJFUzI1NiIsImtpZCI6IjRlMGRhZGY0LWM1MGYtNDMyNS1iMjQ3LWM4NTViMmRmNGE4YSIsInR5cCI6IkpXVCJ9.eyJpc3MiOiJodHRwczovL3VnZnhqamFrcHNuZ2Zkcmpsc2RyLnN1cGFiYXNlLmNvL2F1dGgvdjEiLCJzdWIiOiIyZGZiODIzZi1iYjkzLTRlNDYtODZjZC1hNTIwYzViZTc4NjgiLCJhdWQiOiJhdXRoZW50aWNhdGVkIiwiZXhwIjoxNzc4MDU1Njk3LCJpYXQiOjE3NzgwNTIwOTcsImVtYWlsIjoiZmlyc3R1c2VyQGdtYWlsLmNvbSIsInBob25lIjoiIiwiYXBwX21ldGFkYXRhIjp7InByb3ZpZGVyIjoiZW1haWwiLCJwcm92aWRlcnMiOlsiZW1haWwiXX0sInVzZXJfbWV0YWRhdGEiOnsiYXZhdGFyX2tleSI6WzExMSw0MywyMTcsMjUsMTc4LDEyMCwyNDYsODIsMTQ2LDIzMSwxMjUsMTU3LDE3MiwxNDYsOTcsNjUsOTQsODEsMjE3LDU4LDIzOCwyMzIsNzIsNzIsNDQsMjI3LDQ2LDU3LDExOCwxNTUsMjAwLDgxXSwiYXZhdGFyX25vbmNlIjpbMTUwLDE3LDE3MCwyNTAsMjEsMTksOTAsMjA5LDEzMSw5OCwxNiwxNzcsODksMTEwLDEyMiw5LDIzMiwxMTMsNjQsMiwyNyw0NiwyNTQsNDddLCJhdmF0YXJfdXJsIjoiaHR0cHM6Ly9yZXMuY2xvdWRpbmFyeS5jb20vZGVsNW8xdm5kL3Jhdy91cGxvYWQvdjE3NzU3NDkzMDIvZXd1NWF5dnd3OWx0YnJpYnBqNnkucmF3IiwiZGlzcGxheV9uYW1lIjoiUmlmZnUga2EgQWJ18J-QpfCfmYgiLCJlbWFpbF92ZXJpZmllZCI6dHJ1ZX0sInJvbGUiOiJhdXRoZW50aWNhdGVkIiwiYWFsIjoiYWFsMSIsImFtciI6W3sibWV0aG9kIjoicGFzc3dvcmQiLCJ0aW1lc3RhbXAiOjE3NzgwNTIwOTd9XSwic2Vzc2lvbl9pZCI6ImExY2QxZGQ0LTFmYWYtNGY5Zi1iNGU3LTI0YjFjOTBiNjU1OCIsImlzX2Fub255bW91cyI6ZmFsc2V9.xP9VfQJwtBkWhpRUu_F0x2hfnRHrVrKUZFL1pD7eIjFXVmaBrYQ8oUvRXoRXWjxoC--R_OJyii9U08C-VJWzZw","content-profile":"public","content-type":"application\/json","x-client-info":"supabase-js-web\/2.100.0"}}
2026-05-06 12:52:42.291 12748-12748 Capacitor/Plugin        com.newaura.app                      V  To native (Capacitor plugin): callbackId: 108845711, pluginId: CapacitorHttp, methodName: request
2026-05-06 12:52:42.291 12748-12748 Capacitor               com.newaura.app                      V  callback: 108845711, pluginId: CapacitorHttp, methodName: request, methodData: {"url":"https:\/\/ugfxjjakpsngfdrjlsdr.supabase.co\/rest\/v1\/push_subscriptions?on_conflict=user_id","method":"POST","data":"{\"user_id\":\"2dfb823f-bb93-4e46-86cd-a520c5be7868\",\"endpoint\":\"fcm:2dfb823f-bb93-4e46-86cd-a520c5be7868\",\"p256dh\":\"csWfwLBpQrybZiNP6g9KgV:APA91bEb1H1anVvAogCwxig3WBpttrdXJxeHb-f8OI2yxREV8apbqOSWEhdoztaEf95Ugl24MXQxXKV0yfNUmllG-bQnX2UYT6Y2JMSNQyCo7zO7AeskCbc\",\"auth\":\"fcm\",\"type\":\"fcm\",\"updated_at\":\"2026-05-06T07:22:42.217Z\"}","dataType":"json","headers":{"apikey":"eyJhbGciOiJIUzI1NiIsInR5cCI6IkpXVCJ9.eyJpc3MiOiJzdXBhYmFzZSIsInJlZiI6InVnZnhqamFrcHNuZ2Zkcmpsc2RyIiwicm9sZSI6ImFub24iLCJpYXQiOjE3NzQzNDY3NzQsImV4cCI6MjA4OTkyMjc3NH0.KiA-8YqdsgO1Is2Fumh4mqmfQY8i1O_K8RnQtBcjuGo","authorization":"Bearer eyJhbGciOiJFUzI1NiIsImtpZCI6IjRlMGRhZGY0LWM1MGYtNDMyNS1iMjQ3LWM4NTViMmRmNGE4YSIsInR5cCI6IkpXVCJ9.eyJpc3MiOiJodHRwczovL3VnZnhqamFrcHNuZ2Zkcmpsc2RyLnN1cGFiYXNlLmNvL2F1dGgvdjEiLCJzdWIiOiIyZGZiODIzZi1iYjkzLTRlNDYtODZjZC1hNTIwYzViZTc4NjgiLCJhdWQiOiJhdXRoZW50aWNhdGVkIiwiZXhwIjoxNzc4MDU1Njk3LCJpYXQiOjE3NzgwNTIwOTcsImVtYWlsIjoiZmlyc3R1c2VyQGdtYWlsLmNvbSIsInBob25lIjoiIiwiYXBwX21ldGFkYXRhIjp7InByb3ZpZGVyIjoiZW1haWwiLCJwcm92aWRlcnMiOlsiZW1haWwiXX0sInVzZXJfbWV0YWRhdGEiOnsiYXZhdGFyX2tleSI6WzExMSw0MywyMTcsMjUsMTc4LDEyMCwyNDYsODIsMTQ2LDIzMSwxMjUsMTU3LDE3MiwxNDYsOTcsNjUsOTQsODEsMjE3LDU4LDIzOCwyMzIsNzIsNzIsNDQsMjI3LDQ2LDU3LDExOCwxNTUsMjAwLDgxXSwiYXZhdGFyX25vbmNlIjpbMTUwLDE3LDE3MCwyNTAsMjEsMTksOTAsMjA5LDEzMSw5OCwxNiwxNzcsODksMTEwLDEyMiw5LDIzMiwxMTMsNjQsMiwyNyw0NiwyNTQsNDddLCJhdmF0YXJfdXJsIjoiaHR0cHM6Ly9yZXMuY2xvdWRpbmFyeS5jb20vZGVsNW8xdm5kL3Jhdy91cGxvYWQvdjE3NzU3NDkzMDIvZXd1NWF5dnd3OWx0YnJpYnBqNnkucmF3IiwiZGlzcGxheV9uYW1lIjoiUmlmZnUga2EgQWJ18J-QpfCfmYgiLCJlbWFpbF92ZXJpZmllZCI6dHJ1ZX0sInJvbGUiOiJhdXRoZW50aWNhdGVkIiwiYWFsIjoiYWFsMSIsImFtciI6W3sibWV0aG9kIjoicGFzc3dvcmQiLCJ0aW1lc3RhbXAiOjE3NzgwNTIwOTd9XSwic2Vzc2lvbl9pZCI6ImExY2QxZGQ0LTFmYWYtNGY5Zi1iNGU3LTI0YjFjOTBiNjU1OCIsImlzX2Fub255bW91cyI6ZmFsc2V9.xP9VfQJwtBkWhpRUu_F0x2hfnRHrVrKUZFL1pD7eIjFXVmaBrYQ8oUvRXoRXWjxoC--R_OJyii9U08C-VJWzZw","content-profile":"public","content-type":"application\/json","prefer":"resolution=merge-duplicates","x-client-info":"supabase-js-web\/2.100.0"}}
2026-05-06 12:52:42.297 12748-12778 GPUAUX                  com.newaura.app                      E  [AUX]GuiExtAuxCheckAuxPath:682: Null anb
2026-05-06 12:52:42.298 12748-12778 GPUAUX                  com.newaura.app                      E  [AUX]GuiExtAuxCheckAuxPath:682: Null anb
2026-05-06 12:52:42.298 12748-12778 GPUAUX                  com.newaura.app                      E  [AUX]GuiExtAuxCheckAuxPath:682: Null anb
2026-05-06 12:52:42.298 12748-12778 GPUAUX                  com.newaura.app                      E  [AUX]GuiExtAuxCheckAuxPath:682: Null anb
2026-05-06 12:52:42.310 12748-13012 CapacitorCookies        com.newaura.app                      I  Getting cookies at: 'https://ugfxjjakpsngfdrjlsdr.supabase.co/rest/v1/push_subscriptions?on_conflict=user_id'
2026-05-06 12:52:42.313 12748-12924 CapacitorCookies        com.newaura.app                      I  Getting cookies at: 'https://ugfxjjakpsngfdrjlsdr.supabase.co/rest/v1/rpc/get_throwbacks'
2026-05-06 12:52:42.383 12748-12778 GPUAUX                  com.newaura.app                      E  [AUX]GuiExtAuxCheckAuxPath:682: Null anb
2026-05-06 12:52:42.383 12748-12778 GPUAUX                  com.newaura.app                      E  [AUX]GuiExtAuxCheckAuxPath:682: Null anb
2026-05-06 12:52:42.383 12748-12778 GPUAUX                  com.newaura.app                      E  [AUX]GuiExtAuxCheckAuxPath:682: Null anb
2026-05-06 12:52:42.383 12748-12778 GPUAUX                  com.newaura.app                      E  [AUX]GuiExtAuxCheckAuxPath:682: Null anb
2026-05-06 12:52:42.385 12748-12778 GPUAUX                  com.newaura.app                      E  [AUX]GuiExtAuxCheckAuxPath:682: Null anb
2026-05-06 12:52:42.431 12748-12778 GPUAUX                  com.newaura.app                      E  [AUX]GuiExtAuxCheckAuxPath:682: Null anb
2026-05-06 12:52:42.431 12748-12778 GPUAUX                  com.newaura.app                      E  [AUX]GuiExtAuxCheckAuxPath:682: Null anb
2026-05-06 12:52:42.432 12748-12778 GPUAUX                  com.newaura.app                      E  [AUX]GuiExtAuxCheckAuxPath:682: Null anb
2026-05-06 12:52:42.432 12748-12778 GPUAUX                  com.newaura.app                      E  [AUX]GuiExtAuxCheckAuxPath:682: Null anb
2026-05-06 12:52:42.432 12748-12778 GPUAUX                  com.newaura.app                      E  [AUX]GuiExtAuxCheckAuxPath:682: Null anb
2026-05-06 12:52:42.432 12748-12778 GPUAUX                  com.newaura.app                      E  [AUX]GuiExtAuxCheckAuxPath:682: Null anb
2026-05-06 12:52:42.432 12748-12778 GPUAUX                  com.newaura.app                      E  [AUX]GuiExtAuxCheckAuxPath:682: Null anb
2026-05-06 12:52:42.432 12748-12993 CapacitorCookies        com.newaura.app                      I  Setting cookie '__cf_bm=3NWxrIePG.pJZ0o_UHuwNUFeAvjyNNm1EG8ZN.fnWSc-1778052161.2424896-1.0.1.1-2ECfBUujLJhLT73ddLVpVSwvYTcEN6sGsGveiwTYtg6eCygwn_gBxVt1_.A9VdyDFK_fCWa183o7H_UglYlkwlXNvLIN7ZLUbz335SHi28Z7vNQ4vSj1uLw0hTh2H9Kv; HttpOnly; Secure; Path=/; Domain=supabase.co; Expires=Wed, 06 May 2026 07:52:41 GMT' at: 'https://ugfxjjakpsngfdrjlsdr.supabase.co/rest/v1/profiles?select=id%2Cdisplay_name%2Cavatar_url%2Cavatar_key%2Cavatar_nonce%2Cpublic_key%2Cis_online%2Clast_seen%2Cstatus_message%2Ckey_history&id=neq.2dfb823f-bb93-4e46-86cd-a520c5be7868&limit=1'
2026-05-06 12:52:42.433 12748-12989 CapacitorCookies        com.newaura.app                      I  Setting cookie '__cf_bm=ZI5.WGiwshu9D.SEpLfJlF1SdyWma7AbgrnY8iaN6U8-1778052161.0625124-1.0.1.1-uFSpvuHwwaON0djTefxQ4HsaHk3aAzLXPDKvnQZL244Zs4WyDW.TNa71xFteJ.fcJfDq00YjDkf8Tj7KX14.D.gPKw5JlihGDKguxNWv2ctW_BGpekF.IL7g7z8NMClS; HttpOnly; Secure; Path=/; Domain=supabase.co; Expires=Wed, 06 May 2026 07:52:41 GMT' at: 'https://ugfxjjakpsngfdrjlsdr.supabase.co/rest/v1/chat_settings?select=id%2Cuser_id%2Cbackground_url%2Cbackground_key%2Cbackground_nonce%2Cnotification_enabled%2Ctab_badge_enabled%2Cpush_notifications_enabled%2Cupdated_at%2Cshared_pin%2Caccent_color%2Ctrue_dark_mode%2Cquick_emojis%2Cnotification_alias%2Cnotification_bodies&user_id=eq.2dfb823f-bb93-4e46-86cd-a520c5be7868'
2026-05-06 12:52:42.440 12748-12989 CapacitorCookies        com.newaura.app                      I  Setting cookie '__cf_bm=ZI5.WGiwshu9D.SEpLfJlF1SdyWma7AbgrnY8iaN6U8-1778052161.0625124-1.0.1.1-uFSpvuHwwaON0djTefxQ4HsaHk3aAzLXPDKvnQZL244Zs4WyDW.TNa71xFteJ.fcJfDq00YjDkf8Tj7KX14.D.gPKw5JlihGDKguxNWv2ctW_BGpekF.IL7g7z8NMClS; HttpOnly; Secure; Path=/; Domain=supabase.co; Expires=Wed, 06 May 2026 07:52:41 GMT' at: 'https://supabase.co'
2026-05-06 12:52:42.440 12748-12993 CapacitorCookies        com.newaura.app                      I  Setting cookie '__cf_bm=3NWxrIePG.pJZ0o_UHuwNUFeAvjyNNm1EG8ZN.fnWSc-1778052161.2424896-1.0.1.1-2ECfBUujLJhLT73ddLVpVSwvYTcEN6sGsGveiwTYtg6eCygwn_gBxVt1_.A9VdyDFK_fCWa183o7H_UglYlkwlXNvLIN7ZLUbz335SHi28Z7vNQ4vSj1uLw0hTh2H9Kv; HttpOnly; Secure; Path=/; Domain=supabase.co; Expires=Wed, 06 May 2026 07:52:41 GMT' at: 'https://supabase.co'
2026-05-06 12:52:42.463 12748-12748 Capacitor/Console       com.newaura.app                      I  File: http://localhost/assets/supabase-CLpXqyPc.js - Line 24 - Msg: [SUPABASE FETCH SUCCESS] Status: 200 OK
2026-05-06 12:52:42.463 12748-12748 Capacitor/Console       com.newaura.app                      I  File: http://localhost/assets/supabase-CLpXqyPc.js - Line 24 - Msg: [SUPABASE FETCH SUCCESS] Status: 200 OK
2026-05-06 12:52:42.499 12748-12778 GPUAUX                  com.newaura.app                      E  [AUX]GuiExtAuxCheckAuxPath:682: Null anb
2026-05-06 12:52:42.499 12748-12778 GPUAUX                  com.newaura.app                      E  [AUX]GuiExtAuxCheckAuxPath:682: Null anb
2026-05-06 12:52:42.499 12748-12778 GPUAUX                  com.newaura.app                      E  [AUX]GuiExtAuxCheckAuxPath:682: Null anb
2026-05-06 12:52:42.500 12748-12778 GPUAUX                  com.newaura.app                      E  [AUX]GuiExtAuxCheckAuxPath:682: Null anb
2026-05-06 12:52:42.500 12748-12778 GPUAUX                  com.newaura.app                      E  [AUX]GuiExtAuxCheckAuxPath:682: Null anb
2026-05-06 12:52:42.500 12748-12778 GPUAUX                  com.newaura.app                      E  [AUX]GuiExtAuxCheckAuxPath:682: Null anb
2026-05-06 12:52:42.530 12748-12748 Capacitor/Console       com.newaura.app                      I  File: http://localhost/assets/supabase-CLpXqyPc.js - Line 24 - Msg: [SUPABASE FETCH START] URL: https://ugfxjjakpsngfdrjlsdr.supabase.co/rest/v1/profiles?select=public_key&id=eq.8bb51234-4a86-470f-9f7d-96a95f551952 OPTIONS: {"method":"GET","headers":{}}
2026-05-06 12:52:42.534 12748-12819 Capacitor               com.newaura.app                      D  Handling CapacitorHttp request: http://localhost/_capacitor_http_interceptor_?u=https%3A%2F%2Fugfxjjakpsngfdrjlsdr.supabase.co%2Frest%2Fv1%2Fprofiles%3Fselect%3Dpublic_key%26id%3Deq.8bb51234-4a86-470f-9f7d-96a95f551952
2026-05-06 12:52:42.534 12748-12778 GPUAUX                  com.newaura.app                      E  [AUX]GuiExtAuxCheckAuxPath:682: Null anb
2026-05-06 12:52:42.535 12748-12778 GPUAUX                  com.newaura.app                      E  [AUX]GuiExtAuxCheckAuxPath:682: Null anb
2026-05-06 12:52:42.535 12748-12778 GPUAUX                  com.newaura.app                      E  [AUX]GuiExtAuxCheckAuxPath:682: Null anb
2026-05-06 12:52:42.540 12748-12819 CapacitorCookies        com.newaura.app                      I  Getting cookies at: 'https://ugfxjjakpsngfdrjlsdr.supabase.co/rest/v1/profiles?select=public_key&id=eq.8bb51234-4a86-470f-9f7d-96a95f551952'
2026-05-06 12:52:42.552 12748-12778 GPUAUX                  com.newaura.app                      E  [AUX]GuiExtAuxCheckAuxPath:682: Null anb
