2026-05-06 12:52:15.326 10278-11722 CapacitorCookies        com.newaura.app                      I  Setting cookie '__cf_bm=h_41MWzSMEeJ4tV2NQ8xoyiQzv.iSFATof0BrvRObEk-1778052134.7275302-1.0.1.1-limWRuyOynXekkeklpPHZFQfaJX0eejlJYIp1pfbnz.Xsaa7NY_6IDKmn6wKdxEXG3O0uGO46QaZI82m6Qt2D67g4rc.gMtWZFrk4lCblW225AuYA5DmUpeSzR_Y.Bjd; HttpOnly; Secure; Path=/; Domain=supabase.co; Expires=Wed, 06 May 2026 07:52:14 GMT' at: 'https://ugfxjjakpsngfdrjlsdr.supabase.co/rest/v1/profiles?select=id%2Cdisplay_name%2Cavatar_url%2Cavatar_key%2Cavatar_nonce%2Cpublic_key%2Cis_online%2Clast_seen%2Cstatus_message%2Ckey_history&id=neq.2dfb823f-bb93-4e46-86cd-a520c5be7868&limit=1'
2026-05-06 12:52:15.329 10278-10422 GPUAUX                  com.newaura.app                      E  [AUX]GuiExtAuxCheckAuxPath:682: Null anb
2026-05-06 12:52:15.329 10278-10422 GPUAUX                  com.newaura.app                      E  [AUX]GuiExtAuxCheckAuxPath:682: Null anb
2026-05-06 12:52:15.329 10278-10422 GPUAUX                  com.newaura.app                      E  [AUX]GuiExtAuxCheckAuxPath:682: Null anb
2026-05-06 12:52:15.329 10278-10422 GPUAUX                  com.newaura.app                      E  [AUX]GuiExtAuxCheckAuxPath:682: Null anb
2026-05-06 12:52:15.332 10278-10422 GPUAUX                  com.newaura.app                      E  [AUX]GuiExtAuxCheckAuxPath:682: Null anb
2026-05-06 12:52:15.334 10278-11722 CapacitorCookies        com.newaura.app                      I  Setting cookie '__cf_bm=h_41MWzSMEeJ4tV2NQ8xoyiQzv.iSFATof0BrvRObEk-1778052134.7275302-1.0.1.1-limWRuyOynXekkeklpPHZFQfaJX0eejlJYIp1pfbnz.Xsaa7NY_6IDKmn6wKdxEXG3O0uGO46QaZI82m6Qt2D67g4rc.gMtWZFrk4lCblW225AuYA5DmUpeSzR_Y.Bjd; HttpOnly; Secure; Path=/; Domain=supabase.co; Expires=Wed, 06 May 2026 07:52:14 GMT' at: 'https://supabase.co'
2026-05-06 12:52:15.349 10278-10278 Capacitor/Console       com.newaura.app                      I  File: http://localhost/assets/supabase-CLpXqyPc.js - Line 24 - Msg: [SUPABASE FETCH SUCCESS] Status: 200 OK
2026-05-06 12:52:15.354 10278-10422 GPUAUX                  com.newaura.app                      E  [AUX]GuiExtAuxCheckAuxPath:682: Null anb
2026-05-06 12:52:15.354 10278-10422 GPUAUX                  com.newaura.app                      E  [AUX]GuiExtAuxCheckAuxPath:682: Null anb
2026-05-06 12:52:15.354 10278-10422 GPUAUX                  com.newaura.app                      E  [AUX]GuiExtAuxCheckAuxPath:682: Null anb
2026-05-06 12:52:15.354 10278-10422 GPUAUX                  com.newaura.app                      E  [AUX]GuiExtAuxCheckAuxPath:682: Null anb
2026-05-06 12:52:15.356 10278-10422 GPUAUX                  com.newaura.app                      E  [AUX]GuiExtAuxCheckAuxPath:682: Null anb
2026-05-06 12:52:15.368 10278-10278 Capacitor/Console       com.newaura.app                      I  File: http://localhost/assets/supabase-CLpXqyPc.js - Line 24 - Msg: [SUPABASE FETCH SUCCESS] Status: 200 OK
2026-05-06 12:52:15.373 10278-10422 GPUAUX                  com.newaura.app                      E  [AUX]GuiExtAuxCheckAuxPath:682: Null anb
2026-05-06 12:52:15.374 10278-10422 GPUAUX                  com.newaura.app                      E  [AUX]GuiExtAuxCheckAuxPath:682: Null anb
2026-05-06 12:52:15.374 10278-10422 GPUAUX                  com.newaura.app                      E  [AUX]GuiExtAuxCheckAuxPath:682: Null anb
2026-05-06 12:52:15.374 10278-10422 GPUAUX                  com.newaura.app                      E  [AUX]GuiExtAuxCheckAuxPath:682: Null anb
2026-05-06 12:52:15.376 10278-10422 GPUAUX                  com.newaura.app                      E  [AUX]GuiExtAuxCheckAuxPath:682: Null anb
2026-05-06 12:52:15.395 10278-10422 GPUAUX                  com.newaura.app                      E  [AUX]GuiExtAuxCheckAuxPath:682: Null anb
2026-05-06 12:52:15.395 10278-10422 GPUAUX                  com.newaura.app                      E  [AUX]GuiExtAuxCheckAuxPath:682: Null anb
2026-05-06 12:52:15.395 10278-10422 GPUAUX                  com.newaura.app                      E  [AUX]GuiExtAuxCheckAuxPath:682: Null anb
2026-05-06 12:52:15.395 10278-10422 GPUAUX                  com.newaura.app                      E  [AUX]GuiExtAuxCheckAuxPath:682: Null anb
2026-05-06 12:52:15.399 10278-10422 GPUAUX                  com.newaura.app                      E  [AUX]GuiExtAuxCheckAuxPath:682: Null anb
2026-05-06 12:52:15.416 10278-10422 GPUAUX                  com.newaura.app                      E  [AUX]GuiExtAuxCheckAuxPath:682: Null anb
2026-05-06 12:52:15.416 10278-10422 GPUAUX                  com.newaura.app                      E  [AUX]GuiExtAuxCheckAuxPath:682: Null anb
2026-05-06 12:52:15.416 10278-10422 GPUAUX                  com.newaura.app                      E  [AUX]GuiExtAuxCheckAuxPath:682: Null anb
2026-05-06 12:52:15.416 10278-10422 GPUAUX                  com.newaura.app                      E  [AUX]GuiExtAuxCheckAuxPath:682: Null anb
2026-05-06 12:52:15.418 10278-10422 GPUAUX                  com.newaura.app                      E  [AUX]GuiExtAuxCheckAuxPath:682: Null anb
2026-05-06 12:52:15.432 10278-10422 GPUAUX                  com.newaura.app                      E  [AUX]GuiExtAuxCheckAuxPath:682: Null anb
2026-05-06 12:52:15.432 10278-10422 GPUAUX                  com.newaura.app                      E  [AUX]GuiExtAuxCheckAuxPath:682: Null anb
2026-05-06 12:52:15.432 10278-10422 GPUAUX                  com.newaura.app                      E  [AUX]GuiExtAuxCheckAuxPath:682: Null anb
2026-05-06 12:52:15.433 10278-10422 GPUAUX                  com.newaura.app                      E  [AUX]GuiExtAuxCheckAuxPath:682: Null anb
2026-05-06 12:52:15.436 10278-10422 GPUAUX                  com.newaura.app                      E  [AUX]GuiExtAuxCheckAuxPath:682: Null anb
2026-05-06 12:52:15.451 10278-10422 GPUAUX                  com.newaura.app                      E  [AUX]GuiExtAuxCheckAuxPath:682: Null anb
2026-05-06 12:52:15.452 10278-10422 GPUAUX                  com.newaura.app                      E  [AUX]GuiExtAuxCheckAuxPath:682: Null anb
2026-05-06 12:52:15.452 10278-10422 GPUAUX                  com.newaura.app                      E  [AUX]GuiExtAuxCheckAuxPath:682: Null anb
2026-05-06 12:52:15.452 10278-10422 GPUAUX                  com.newaura.app                      E  [AUX]GuiExtAuxCheckAuxPath:682: Null anb
2026-05-06 12:52:15.469 10278-10422 GPUAUX                  com.newaura.app                      E  [AUX]GuiExtAuxCheckAuxPath:682: Null anb
2026-05-06 12:52:15.470 10278-10422 GPUAUX                  com.newaura.app                      E  [AUX]GuiExtAuxCheckAuxPath:682: Null anb
2026-05-06 12:52:15.470 10278-10422 GPUAUX                  com.newaura.app                      E  [AUX]GuiExtAuxCheckAuxPath:682: Null anb
2026-05-06 12:52:15.470 10278-10422 GPUAUX                  com.newaura.app                      E  [AUX]GuiExtAuxCheckAuxPath:682: Null anb
2026-05-06 12:52:15.489 10278-10422 GPUAUX                  com.newaura.app                      E  [AUX]GuiExtAuxCheckAuxPath:682: Null anb
2026-05-06 12:52:15.489 10278-10422 GPUAUX                  com.newaura.app                      E  [AUX]GuiExtAuxCheckAuxPath:682: Null anb
2026-05-06 12:52:15.489 10278-10422 GPUAUX                  com.newaura.app                      E  [AUX]GuiExtAuxCheckAuxPath:682: Null anb
2026-05-06 12:52:15.489 10278-10422 GPUAUX                  com.newaura.app                      E  [AUX]GuiExtAuxCheckAuxPath:682: Null anb
2026-05-06 12:52:15.742 10278-10278 IJankManager            com.newaura.app                      E  slideSceneEnd unknown scene 1002 mScene:-1
2026-05-06 12:52:15.742 10278-10278 AutofillManager         com.newaura.app                      V  requestHideFillUi(null): anchor = null
2026-05-06 12:52:15.759 10278-10278 OplusViewD...ViewHelper com.newaura.app                      D  dispatchTouchView action = 1
2026-05-06 12:52:15.759 10278-10278 ViewRootImplExtImpl     com.newaura.app                      D  the up motion event handled by client, just return
2026-05-06 12:52:16.201 10278-10422 GPUAUX                  com.newaura.app                      E  [AUX]GuiExtAuxCheckAuxPath:682: Null anb
2026-05-06 12:52:16.201 10278-10422 GPUAUX                  com.newaura.app                      E  [AUX]GuiExtAuxCheckAuxPath:682: Null anb
2026-05-06 12:52:16.201 10278-10422 GPUAUX                  com.newaura.app                      E  [AUX]GuiExtAuxCheckAuxPath:682: Null anb
2026-05-06 12:52:16.202 10278-10422 GPUAUX                  com.newaura.app                      E  [AUX]GuiExtAuxCheckAuxPath:682: Null anb
2026-05-06 12:52:16.202 10278-10422 GPUAUX                  com.newaura.app                      E  [AUX]GuiExtAuxCheckAuxPath:682: Null anb
2026-05-06 12:52:16.202 10278-10422 GPUAUX                  com.newaura.app                      E  [AUX]GuiExtAuxCheckAuxPath:682: Null anb
2026-05-06 12:52:16.202 10278-10422 GPUAUX                  com.newaura.app                      E  [AUX]GuiExtAuxCheckAuxPath:682: Null anb
2026-05-06 12:52:16.202 10278-10422 GPUAUX                  com.newaura.app                      E  [AUX]GuiExtAuxCheckAuxPath:682: Null anb
2026-05-06 12:52:16.209 10278-10422 GPUAUX                  com.newaura.app                      E  [AUX]GuiExtAuxCheckAuxPath:682: Null anb
2026-05-06 12:52:16.209 10278-10422 GPUAUX                  com.newaura.app                      E  [AUX]GuiExtAuxCheckAuxPath:682: Null anb
2026-05-06 12:52:16.209 10278-10422 GPUAUX                  com.newaura.app                      E  [AUX]GuiExtAuxCheckAuxPath:682: Null anb
2026-05-06 12:52:16.216 10278-10278 Capacitor/Console       com.newaura.app                      I  File: http://localhost/assets/supabase-CLpXqyPc.js - Line 24 - Msg: [SUPABASE FETCH START] URL: https://ugfxjjakpsngfdrjlsdr.supabase.co/rest/v1/profiles?id=eq.2dfb823f-bb93-4e46-86cd-a520c5be7868 OPTIONS: {"method":"PATCH","headers":{},"body":"{\"is_online\":true,\"last_seen\":\"2026-05-06T07:22:16.162Z\"}"}
2026-05-06 12:52:16.217 10278-10278 Capacitor/Console       com.newaura.app                      I  File:  - Line 349 - Msg: [object Object]
2026-05-06 12:52:16.220 10278-10278 Capacitor/Plugin        com.newaura.app                      V  To native (Capacitor plugin): callbackId: 58469835, pluginId: CapacitorHttp, methodName: request
2026-05-06 12:52:16.220 10278-10278 Capacitor               com.newaura.app                      V  callback: 58469835, pluginId: CapacitorHttp, methodName: request, methodData: {"url":"https:\/\/ugfxjjakpsngfdrjlsdr.supabase.co\/rest\/v1\/profiles?id=eq.2dfb823f-bb93-4e46-86cd-a520c5be7868","method":"PATCH","data":"{\"is_online\":true,\"last_seen\":\"2026-05-06T07:22:16.162Z\"}","dataType":"json","headers":{"apikey":"eyJhbGciOiJIUzI1NiIsInR5cCI6IkpXVCJ9.eyJpc3MiOiJzdXBhYmFzZSIsInJlZiI6InVnZnhqamFrcHNuZ2Zkcmpsc2RyIiwicm9sZSI6ImFub24iLCJpYXQiOjE3NzQzNDY3NzQsImV4cCI6MjA4OTkyMjc3NH0.KiA-8YqdsgO1Is2Fumh4mqmfQY8i1O_K8RnQtBcjuGo","authorization":"Bearer eyJhbGciOiJFUzI1NiIsImtpZCI6IjRlMGRhZGY0LWM1MGYtNDMyNS1iMjQ3LWM4NTViMmRmNGE4YSIsInR5cCI6IkpXVCJ9.eyJpc3MiOiJodHRwczovL3VnZnhqamFrcHNuZ2Zkcmpsc2RyLnN1cGFiYXNlLmNvL2F1dGgvdjEiLCJzdWIiOiIyZGZiODIzZi1iYjkzLTRlNDYtODZjZC1hNTIwYzViZTc4NjgiLCJhdWQiOiJhdXRoZW50aWNhdGVkIiwiZXhwIjoxNzc4MDU1Njk3LCJpYXQiOjE3NzgwNTIwOTcsImVtYWlsIjoiZmlyc3R1c2VyQGdtYWlsLmNvbSIsInBob25lIjoiIiwiYXBwX21ldGFkYXRhIjp7InByb3ZpZGVyIjoiZW1haWwiLCJwcm92aWRlcnMiOlsiZW1haWwiXX0sInVzZXJfbWV0YWRhdGEiOnsiYXZhdGFyX2tleSI6WzExMSw0MywyMTcsMjUsMTc4LDEyMCwyNDYsODIsMTQ2LDIzMSwxMjUsMTU3LDE3MiwxNDYsOTcsNjUsOTQsODEsMjE3LDU4LDIzOCwyMzIsNzIsNzIsNDQsMjI3LDQ2LDU3LDExOCwxNTUsMjAwLDgxXSwiYXZhdGFyX25vbmNlIjpbMTUwLDE3LDE3MCwyNTAsMjEsMTksOTAsMjA5LDEzMSw5OCwxNiwxNzcsODksMTEwLDEyMiw5LDIzMiwxMTMsNjQsMiwyNyw0NiwyNTQsNDddLCJhdmF0YXJfdXJsIjoiaHR0cHM6Ly9yZXMuY2xvdWRpbmFyeS5jb20vZGVsNW8xdm5kL3Jhdy91cGxvYWQvdjE3NzU3NDkzMDIvZXd1NWF5dnd3OWx0YnJpYnBqNnkucmF3IiwiZGlzcGxheV9uYW1lIjoiUmlmZnUga2EgQWJ18J-QpfCfmYgiLCJlbWFpbF92ZXJpZmllZCI6dHJ1ZX0sInJvbGUiOiJhdXRoZW50aWNhdGVkIiwiYWFsIjoiYWFsMSIsImFtciI6W3sibWV0aG9kIjoicGFzc3dvcmQiLCJ0aW1lc3RhbXAiOjE3NzgwNTIwOTd9XSwic2Vzc2lvbl9pZCI6ImExY2QxZGQ0LTFmYWYtNGY5Zi1iNGU3LTI0YjFjOTBiNjU1OCIsImlzX2Fub255bW91cyI6ZmFsc2V9.xP9VfQJwtBkWhpRUu_F0x2hfnRHrVrKUZFL1pD7eIjFXVmaBrYQ8oUvRXoRXWjxoC--R_OJyii9U08C-VJWzZw","content-profile":"public","content-type":"application\/json","x-client-info":"supabase-js-web\/2.100.0"}}
2026-05-06 12:52:16.223 10278-10422 GPUAUX                  com.newaura.app                      E  [AUX]GuiExtAuxCheckAuxPath:682: Null anb
2026-05-06 12:52:16.224 10278-10422 GPUAUX                  com.newaura.app                      E  [AUX]GuiExtAuxCheckAuxPath:682: Null anb
2026-05-06 12:52:16.224 10278-10422 GPUAUX                  com.newaura.app                      E  [AUX]GuiExtAuxCheckAuxPath:682: Null anb
2026-05-06 12:52:16.225 10278-11312 CapacitorCookies        com.newaura.app                      I  Getting cookies at: 'https://ugfxjjakpsngfdrjlsdr.supabase.co/rest/v1/profiles?id=eq.2dfb823f-bb93-4e46-86cd-a520c5be7868'
2026-05-06 12:52:16.244 10278-10422 GPUAUX                  com.newaura.app                      E  [AUX]GuiExtAuxCheckAuxPath:682: Null anb
2026-05-06 12:52:16.244 10278-10422 GPUAUX                  com.newaura.app                      E  [AUX]GuiExtAuxCheckAuxPath:682: Null anb
2026-05-06 12:52:16.244 10278-10422 GPUAUX                  com.newaura.app                      E  [AUX]GuiExtAuxCheckAuxPath:682: Null anb
2026-05-06 12:52:16.256 10278-10422 GPUAUX                  com.newaura.app                      E  [AUX]GuiExtAuxCheckAuxPath:682: Null anb
2026-05-06 12:52:16.256 10278-10422 GPUAUX                  com.newaura.app                      E  [AUX]GuiExtAuxCheckAuxPath:682: Null anb
2026-05-06 12:52:16.256 10278-10422 GPUAUX                  com.newaura.app                      E  [AUX]GuiExtAuxCheckAuxPath:682: Null anb
2026-05-06 12:52:16.272 10278-10422 GPUAUX                  com.newaura.app                      E  [AUX]GuiExtAuxCheckAuxPath:682: Null anb
2026-05-06 12:52:16.272 10278-10422 GPUAUX                  com.newaura.app                      E  [AUX]GuiExtAuxCheckAuxPath:682: Null anb
2026-05-06 12:52:16.290 10278-10422 GPUAUX                  com.newaura.app                      E  [AUX]GuiExtAuxCheckAuxPath:682: Null anb
2026-05-06 12:52:16.290 10278-10422 GPUAUX                  com.newaura.app                      E  [AUX]GuiExtAuxCheckAuxPath:682: Null anb
2026-05-06 12:52:16.307 10278-10422 GPUAUX                  com.newaura.app                      E  [AUX]GuiExtAuxCheckAuxPath:682: Null anb
2026-05-06 12:52:16.308 10278-10422 GPUAUX                  com.newaura.app                      E  [AUX]GuiExtAuxCheckAuxPath:682: Null anb
2026-05-06 12:52:16.322 10278-10422 GPUAUX                  com.newaura.app                      E  [AUX]GuiExtAuxCheckAuxPath:682: Null anb
2026-05-06 12:52:16.322 10278-10422 GPUAUX                  com.newaura.app                      E  [AUX]GuiExtAuxCheckAuxPath:682: Null anb
2026-05-06 12:52:16.339 10278-10422 GPUAUX                  com.newaura.app                      E  [AUX]GuiExtAuxCheckAuxPath:682: Null anb
2026-05-06 12:52:16.339 10278-10422 GPUAUX                  com.newaura.app                      E  [AUX]GuiExtAuxCheckAuxPath:682: Null anb
2026-05-06 12:52:16.356 10278-10422 GPUAUX                  com.newaura.app                      E  [AUX]GuiExtAuxCheckAuxPath:682: Null anb
2026-05-06 12:52:16.356 10278-10422 GPUAUX                  com.newaura.app                      E  [AUX]GuiExtAuxCheckAuxPath:682: Null anb
2026-05-06 12:52:16.516 10278-11312 CapacitorCookies        com.newaura.app                      I  Setting cookie '__cf_bm=DoD8y0zT5FYQ97vV7mJS2sZ.lQOftpxLbILIFyA4KQU-1778052135.8921762-1.0.1.1-qs42s9cQgd0jcpL4Qcr.j0QMpiFKnImBDN7Kmiu2RmTHqnvDhcF3qKaxlYqKsRgEs5H2GXXfTWaY3FdnPt1WapZJLUV0Sbi1OwSW.hqYYB393vf3WLquoI27nVMkUMwT; HttpOnly; Secure; Path=/; Domain=supabase.co; Expires=Wed, 06 May 2026 07:52:16 GMT' at: 'https://ugfxjjakpsngfdrjlsdr.supabase.co/rest/v1/profiles?id=eq.2dfb823f-bb93-4e46-86cd-a520c5be7868'
2026-05-06 12:52:16.519 10278-11312 CapacitorCookies        com.newaura.app                      I  Setting cookie '__cf_bm=DoD8y0zT5FYQ97vV7mJS2sZ.lQOftpxLbILIFyA4KQU-1778052135.8921762-1.0.1.1-qs42s9cQgd0jcpL4Qcr.j0QMpiFKnImBDN7Kmiu2RmTHqnvDhcF3qKaxlYqKsRgEs5H2GXXfTWaY3FdnPt1WapZJLUV0Sbi1OwSW.hqYYB393vf3WLquoI27nVMkUMwT; HttpOnly; Secure; Path=/; Domain=supabase.co; Expires=Wed, 06 May 2026 07:52:16 GMT' at: 'https://supabase.co'
2026-05-06 12:52:16.530 10278-10278 Capacitor/Console       com.newaura.app                      I  File:  - Line 333 - Msg: {"status":204,"headers":{"alt-svc":"h3=\":443\"; ma=86400","CF-Cache-Status":"DYNAMIC","CF-Ray":"9f763b995b73444f-BOM","Connection":"keep-alive","Content-Range":"0-0/*","Date":"Wed, 06 May 2026 07:22:16 GMT","sb-gateway-version":"1","sb-project-ref":"ugfxjjakpsngfdrjlsdr","sb-request-id":"019dfc2a-7bd8-7967-9207-ddc4db72f580","Server":"cloudflare","set-cookie":"__cf_bm=DoD8y0zT5FYQ97vV7mJS2sZ.lQOftpxLbILIFyA4KQU-1778052135.8921762-1.0.1.1-qs42s9cQgd0jcpL4Qcr.j0QMpiFKnImBDN7Kmiu2RmTHqnvDhcF3qKaxlYqKsRgEs5H2GXXfTWaY3FdnPt1WapZJLUV0Sbi1OwSW.hqYYB393vf3WLquoI27nVMkUMwT; HttpOnly; Secure; Path=/; Domain=supabase.co; Expires=Wed, 06 May 2026 07:52:16 GMT","Strict-Transport-Security":"max-age=31536000; includeSubDomains; preload","Vary":"Accept-Encoding","X-Android-Received-Millis":"1778052136516","X-Android-Response-Source":"NETWORK 204","X-Android-Selected-Protocol":"http/1.1","X-Android-Sent-Millis":"1778052136232","X-Content-Type-Options":"nosniff","x-envoy-attempt-count":"1","x-envoy-upstream-service-time":"17"},"url":"https://ugfxjjakpsngfdrjlsdr.supabase.co/rest/v1/profiles?id=eq.2dfb823f-bb93-4e46-86cd-a520c5be7868","data":""}
2026-05-06 12:52:16.531 10278-10278 Capacitor/Console       com.newaura.app                      D  File:  - Line 564 - Msg: CapacitorHttp fetch 1778052136210 https://ugfxjjakpsngfdrjlsdr.supabase.co/rest/v1/profiles?id=eq.2dfb823f-bb93-4e46-86cd-a520c5be7868: 319.219970703125 ms
2026-05-06 12:52:16.531 10278-10278 Capacitor/Console       com.newaura.app                      I  File: http://localhost/assets/supabase-CLpXqyPc.js - Line 24 - Msg: [SUPABASE FETCH SUCCESS] Status: 204 
2026-05-06 12:52:16.897 10278-10278 IJankManager            com.newaura.app                      E  slideSceneEnd unknown scene 1002 mScene:-1
2026-05-06 12:52:16.898 10278-10278 AutofillManager         com.newaura.app                      V  requestHideFillUi(null): anchor = null
2026-05-06 12:52:16.964 10278-11368 PowerHalMgrImpl         com.newaura.app                      I  hdl:423880, pid:10278 
2026-05-06 12:52:16.972 10278-10422 GPUAUX                  com.newaura.app                      E  [AUX]GuiExtAuxCheckAuxPath:682: Null anb
2026-05-06 12:52:16.991 10278-10422 GPUAUX                  com.newaura.app                      E  [AUX]GuiExtAuxCheckAuxPath:682: Null anb
2026-05-06 12:52:17.006 10278-10422 GPUAUX                  com.newaura.app                      E  [AUX]GuiExtAuxCheckAuxPath:682: Null anb
2026-05-06 12:52:17.023 10278-10422 GPUAUX                  com.newaura.app                      E  [AUX]GuiExtAuxCheckAuxPath:682: Null anb
2026-05-06 12:52:17.055 10278-10422 GPUAUX                  com.newaura.app                      E  [AUX]GuiExtAuxCheckAuxPath:682: Null anb
2026-05-06 12:52:17.072 10278-10422 GPUAUX                  com.newaura.app                      E  [AUX]GuiExtAuxCheckAuxPath:682: Null anb
2026-05-06 12:52:17.088 10278-10422 GPUAUX                  com.newaura.app                      E  [AUX]GuiExtAuxCheckAuxPath:682: Null anb
2026-05-06 12:52:17.089 10278-10422 GPUAUX                  com.newaura.app                      E  [AUX]GuiExtAuxCheckAuxPath:682: Null anb
2026-05-06 12:52:17.105 10278-10422 GPUAUX                  com.newaura.app                      E  [AUX]GuiExtAuxCheckAuxPath:682: Null anb
2026-05-06 12:52:17.122 10278-10422 GPUAUX                  com.newaura.app                      E  [AUX]GuiExtAuxCheckAuxPath:682: Null anb
2026-05-06 12:52:17.137 10278-10422 GPUAUX                  com.newaura.app                      E  [AUX]GuiExtAuxCheckAuxPath:682: Null anb
2026-05-06 12:52:17.155 10278-10422 GPUAUX                  com.newaura.app                      E  [AUX]GuiExtAuxCheckAuxPath:682: Null anb
2026-05-06 12:52:17.171 10278-10422 GPUAUX                  com.newaura.app                      E  [AUX]GuiExtAuxCheckAuxPath:682: Null anb
2026-05-06 12:52:17.188 10278-10422 GPUAUX                  com.newaura.app                      E  [AUX]GuiExtAuxCheckAuxPath:682: Null anb
2026-05-06 12:52:17.190 10278-10278 OplusViewD...ViewHelper com.newaura.app                      D  dispatchTouchView action = 1
2026-05-06 12:52:17.191 10278-10278 ScrollIdentify          com.newaura.app                      I  on fling
2026-05-06 12:52:17.199 10278-10278 ViewRootImplExtImpl     com.newaura.app                      D  the up motion event handled by client, just return
2026-05-06 12:52:17.200 10278-11368 PowerHalMgrImpl         com.newaura.app                      I  hdl:423882, pid:10278 
2026-05-06 12:52:17.208 10278-10422 GPUAUX                  com.newaura.app                      E  [AUX]GuiExtAuxCheckAuxPath:682: Null anb
2026-05-06 12:52:17.215 10278-10422 com.newaura.app         com.newaura.app                      E  legacy_receive_flag: 0
2026-05-06 12:52:17.215 10278-10422 com.newaura.app         com.newaura.app                      D  /proc/perfmgr_sbe/sbe_ioctl not exists: No such file or directory
2026-05-06 12:52:17.274 10278-10422 QualityInfo             com.newaura.app                      I  anim_jank|cost:11786021|action:8|scene:1002
2026-05-06 12:52:17.286 10278-10422 GPUAUX                  com.newaura.app                      E  [AUX]GuiExtAuxCheckAuxPath:682: Null anb
2026-05-06 12:52:17.303 10278-10422 GPUAUX                  com.newaura.app                      E  [AUX]GuiExtAuxCheckAuxPath:682: Null anb
2026-05-06 12:52:17.303 10278-10422 GPUAUX                  com.newaura.app                      E  [AUX]GuiExtAuxCheckAuxPath:682: Null anb
2026-05-06 12:52:17.321 10278-10422 GPUAUX                  com.newaura.app                      E  [AUX]GuiExtAuxCheckAuxPath:682: Null anb
2026-05-06 12:52:17.336 10278-10422 GPUAUX                  com.newaura.app                      E  [AUX]GuiExtAuxCheckAuxPath:682: Null anb
2026-05-06 12:52:17.353 10278-10422 GPUAUX                  com.newaura.app                      E  [AUX]GuiExtAuxCheckAuxPath:682: Null anb
2026-05-06 12:52:17.369 10278-10422 GPUAUX                  com.newaura.app                      E  [AUX]GuiExtAuxCheckAuxPath:682: Null anb
2026-05-06 12:52:17.386 10278-10422 GPUAUX                  com.newaura.app                      E  [AUX]GuiExtAuxCheckAuxPath:682: Null anb
2026-05-06 12:52:17.404 10278-10422 GPUAUX                  com.newaura.app                      E  [AUX]GuiExtAuxCheckAuxPath:682: Null anb
2026-05-06 12:52:17.420 10278-10422 GPUAUX                  com.newaura.app                      E  [AUX]GuiExtAuxCheckAuxPath:682: Null anb
2026-05-06 12:52:17.436 10278-10422 GPUAUX                  com.newaura.app                      E  [AUX]GuiExtAuxCheckAuxPath:682: Null anb
2026-05-06 12:52:17.452 10278-10422 GPUAUX                  com.newaura.app                      E  [AUX]GuiExtAuxCheckAuxPath:682: Null anb
2026-05-06 12:52:17.470 10278-10422 GPUAUX                  com.newaura.app                      E  [AUX]GuiExtAuxCheckAuxPath:682: Null anb
2026-05-06 12:52:17.488 10278-10422 GPUAUX                  com.newaura.app                      E  [AUX]GuiExtAuxCheckAuxPath:682: Null anb
2026-05-06 12:52:17.490 10278-10278 AutofillManager         com.newaura.app                      V  requestHideFillUi(null): anchor = null
2026-05-06 12:52:17.502 10278-10422 GPUAUX                  com.newaura.app                      E  [AUX]GuiExtAuxCheckAuxPath:682: Null anb
2026-05-06 12:52:17.553 10278-11368 PowerHalMgrImpl         com.newaura.app                      I  hdl:423887, pid:10278 
2026-05-06 12:52:17.555 10278-10422 GPUAUX                  com.newaura.app                      E  [AUX]GuiExtAuxCheckAuxPath:682: Null anb
2026-05-06 12:52:17.555 10278-10422 GPUAUX                  com.newaura.app                      E  [AUX]GuiExtAuxCheckAuxPath:682: Null anb
2026-05-06 12:52:17.555 10278-10422 GPUAUX                  com.newaura.app                      E  [AUX]GuiExtAuxCheckAuxPath:682: Null anb
2026-05-06 12:52:17.555 10278-10422 GPUAUX                  com.newaura.app                      E  [AUX]GuiExtAuxCheckAuxPath:682: Null anb
2026-05-06 12:52:17.555 10278-10422 GPUAUX                  com.newaura.app                      E  [AUX]GuiExtAuxCheckAuxPath:682: Null anb
2026-05-06 12:52:17.590 10278-10422 GPUAUX                  com.newaura.app                      E  [AUX]GuiExtAuxCheckAuxPath:682: Null anb
2026-05-06 12:52:17.604 10278-10422 GPUAUX                  com.newaura.app                      E  [AUX]GuiExtAuxCheckAuxPath:682: Null anb
2026-05-06 12:52:17.619 10278-10422 GPUAUX                  com.newaura.app                      E  [AUX]GuiExtAuxCheckAuxPath:682: Null anb
2026-05-06 12:52:17.670 10278-10422 GPUAUX                  com.newaura.app                      E  [AUX]GuiExtAuxCheckAuxPath:682: Null anb
2026-05-06 12:52:17.671 10278-10422 GPUAUX                  com.newaura.app                      E  [AUX]GuiExtAuxCheckAuxPath:682: Null anb
2026-05-06 12:52:17.671 10278-10422 GPUAUX                  com.newaura.app                      E  [AUX]GuiExtAuxCheckAuxPath:682: Null anb
2026-05-06 12:52:17.671 10278-10422 GPUAUX                  com.newaura.app                      E  [AUX]GuiExtAuxCheckAuxPath:682: Null anb
2026-05-06 12:52:17.671 10278-10422 GPUAUX                  com.newaura.app                      E  [AUX]GuiExtAuxCheckAuxPath:682: Null anb
2026-05-06 12:52:17.687 10278-10422 GPUAUX                  com.newaura.app                      E  [AUX]GuiExtAuxCheckAuxPath:682: Null anb
2026-05-06 12:52:17.704 10278-10422 GPUAUX                  com.newaura.app                      E  [AUX]GuiExtAuxCheckAuxPath:682: Null anb
2026-05-06 12:52:17.721 10278-10422 GPUAUX                  com.newaura.app                      E  [AUX]GuiExtAuxCheckAuxPath:682: Null anb
2026-05-06 12:52:17.737 10278-10422 GPUAUX                  com.newaura.app                      E  [AUX]GuiExtAuxCheckAuxPath:682: Null anb
2026-05-06 12:52:17.754 10278-10422 GPUAUX                  com.newaura.app                      E  [AUX]GuiExtAuxCheckAuxPath:682: Null anb
2026-05-06 12:52:17.771 10278-10422 GPUAUX                  com.newaura.app                      E  [AUX]GuiExtAuxCheckAuxPath:682: Null anb
2026-05-06 12:52:17.787 10278-10422 GPUAUX                  com.newaura.app                      E  [AUX]GuiExtAuxCheckAuxPath:682: Null anb
2026-05-06 12:52:17.804 10278-10422 GPUAUX                  com.newaura.app                      E  [AUX]GuiExtAuxCheckAuxPath:682: Null anb
2026-05-06 12:52:17.819 10278-10422 GPUAUX                  com.newaura.app                      E  [AUX]GuiExtAuxCheckAuxPath:682: Null anb
2026-05-06 12:52:17.836 10278-10422 GPUAUX                  com.newaura.app                      E  [AUX]GuiExtAuxCheckAuxPath:682: Null anb
2026-05-06 12:52:17.853 10278-10422 GPUAUX                  com.newaura.app                      E  [AUX]GuiExtAuxCheckAuxPath:682: Null anb
2026-05-06 12:52:17.853 10278-10422 GPUAUX                  com.newaura.app                      E  [AUX]GuiExtAuxCheckAuxPath:682: Null anb
2026-05-06 12:52:17.870 10278-10422 GPUAUX                  com.newaura.app                      E  [AUX]GuiExtAuxCheckAuxPath:682: Null anb
2026-05-06 12:52:17.886 10278-10422 GPUAUX                  com.newaura.app                      E  [AUX]GuiExtAuxCheckAuxPath:682: Null anb
2026-05-06 12:52:17.903 10278-10422 GPUAUX                  com.newaura.app                      E  [AUX]GuiExtAuxCheckAuxPath:682: Null anb
2026-05-06 12:52:17.919 10278-10422 GPUAUX                  com.newaura.app                      E  [AUX]GuiExtAuxCheckAuxPath:682: Null anb
2026-05-06 12:52:17.936 10278-10422 GPUAUX                  com.newaura.app                      E  [AUX]GuiExtAuxCheckAuxPath:682: Null anb
2026-05-06 12:52:17.952 10278-10422 GPUAUX                  com.newaura.app                      E  [AUX]GuiExtAuxCheckAuxPath:682: Null anb
2026-05-06 12:52:17.969 10278-10422 GPUAUX                  com.newaura.app                      E  [AUX]GuiExtAuxCheckAuxPath:682: Null anb
2026-05-06 12:52:17.986 10278-10422 GPUAUX                  com.newaura.app                      E  [AUX]GuiExtAuxCheckAuxPath:682: Null anb
2026-05-06 12:52:18.003 10278-10422 GPUAUX                  com.newaura.app                      E  [AUX]GuiExtAuxCheckAuxPath:682: Null anb
2026-05-06 12:52:18.046 10278-10278 OplusViewD...ViewHelper com.newaura.app                      D  dispatchTouchView action = 1
2026-05-06 12:52:18.046 10278-10278 ScrollIdentify          com.newaura.app                      I  on fling
2026-05-06 12:52:18.047 10278-10278 ViewRootImplExtImpl     com.newaura.app                      D  the up motion event handled by client, just return
2026-05-06 12:52:18.055 10278-10422 GPUAUX                  com.newaura.app                      E  [AUX]GuiExtAuxCheckAuxPath:682: Null anb
2026-05-06 12:52:18.055 10278-10422 GPUAUX                  com.newaura.app                      E  [AUX]GuiExtAuxCheckAuxPath:682: Null anb
2026-05-06 12:52:18.055 10278-10422 GPUAUX                  com.newaura.app                      E  [AUX]GuiExtAuxCheckAuxPath:682: Null anb
2026-05-06 12:52:18.055 10278-10422 GPUAUX                  com.newaura.app                      E  [AUX]GuiExtAuxCheckAuxPath:682: Null anb
2026-05-06 12:52:18.055 10278-10422 GPUAUX                  com.newaura.app                      E  [AUX]GuiExtAuxCheckAuxPath:682: Null anb
2026-05-06 12:52:18.055 10278-10422 GPUAUX                  com.newaura.app                      E  [AUX]GuiExtAuxCheckAuxPath:682: Null anb
2026-05-06 12:52:18.086 10278-10422 GPUAUX                  com.newaura.app                      E  [AUX]GuiExtAuxCheckAuxPath:682: Null anb
2026-05-06 12:52:18.086 10278-10422 GPUAUX                  com.newaura.app                      E  [AUX]GuiExtAuxCheckAuxPath:682: Null anb
2026-05-06 12:52:18.086 10278-10422 GPUAUX                  com.newaura.app                      E  [AUX]GuiExtAuxCheckAuxPath:682: Null anb
2026-05-06 12:52:18.086 10278-10422 GPUAUX                  com.newaura.app                      E  [AUX]GuiExtAuxCheckAuxPath:682: Null anb
2026-05-06 12:52:18.101 10278-11368 PowerHalMgrImpl         com.newaura.app                      I  hdl:423888, pid:10278 
2026-05-06 12:52:18.102 10278-10422 GPUAUX                  com.newaura.app                      E  [AUX]GuiExtAuxCheckAuxPath:682: Null anb
2026-05-06 12:52:18.118 10278-10422 GPUAUX                  com.newaura.app                      E  [AUX]GuiExtAuxCheckAuxPath:682: Null anb
2026-05-06 12:52:18.125 10278-10422 QualityInfo             com.newaura.app                      I  anim_jank|cost:15063275|action:8|scene:1002
2026-05-06 12:52:18.135 10278-10422 GPUAUX                  com.newaura.app                      E  [AUX]GuiExtAuxCheckAuxPath:682: Null anb
2026-05-06 12:52:18.153 10278-10422 GPUAUX                  com.newaura.app                      E  [AUX]GuiExtAuxCheckAuxPath:682: Null anb
2026-05-06 12:52:18.230 10278-10422 GPUAUX                  com.newaura.app                      E  [AUX]GuiExtAuxCheckAuxPath:682: Null anb
2026-05-06 12:52:18.241 10278-10422 GPUAUX                  com.newaura.app                      E  [AUX]GuiExtAuxCheckAuxPath:682: Null anb
2026-05-06 12:52:18.256 10278-10422 GPUAUX                  com.newaura.app                      E  [AUX]GuiExtAuxCheckAuxPath:682: Null anb
2026-05-06 12:52:18.268 10278-10422 GPUAUX                  com.newaura.app                      E  [AUX]GuiExtAuxCheckAuxPath:682: Null anb
2026-05-06 12:52:18.284 10278-10278 AutofillManager         com.newaura.app                      V  requestHideFillUi(null): anchor = null
2026-05-06 12:52:18.290 10278-10422 GPUAUX                  com.newaura.app                      E  [AUX]GuiExtAuxCheckAuxPath:682: Null anb
2026-05-06 12:52:18.301 10278-10422 GPUAUX                  com.newaura.app                      E  [AUX]GuiExtAuxCheckAuxPath:682: Null anb
2026-05-06 12:52:18.348 10278-11368 PowerHalMgrImpl         com.newaura.app                      I  hdl:423892, pid:10278 
2026-05-06 12:52:18.387 10278-10422 GPUAUX                  com.newaura.app                      E  [AUX]GuiExtAuxCheckAuxPath:682: Null anb
2026-05-06 12:52:18.387 10278-10422 GPUAUX                  com.newaura.app                      E  [AUX]GuiExtAuxCheckAuxPath:682: Null anb
2026-05-06 12:52:18.387 10278-10422 GPUAUX                  com.newaura.app                      E  [AUX]GuiExtAuxCheckAuxPath:682: Null anb
2026-05-06 12:52:18.388 10278-10422 GPUAUX                  com.newaura.app                      E  [AUX]GuiExtAuxCheckAuxPath:682: Null anb
2026-05-06 12:52:18.406 10278-10422 GPUAUX                  com.newaura.app                      E  [AUX]GuiExtAuxCheckAuxPath:682: Null anb
2026-05-06 12:52:18.421 10278-10422 GPUAUX                  com.newaura.app                      E  [AUX]GuiExtAuxCheckAuxPath:682: Null anb
2026-05-06 12:52:18.435 10278-10422 GPUAUX                  com.newaura.app                      E  [AUX]GuiExtAuxCheckAuxPath:682: Null anb
2026-05-06 12:52:18.454 10278-10422 GPUAUX                  com.newaura.app                      E  [AUX]GuiExtAuxCheckAuxPath:682: Null anb
2026-05-06 12:52:18.471 10278-10422 GPUAUX                  com.newaura.app                      E  [AUX]GuiExtAuxCheckAuxPath:682: Null anb
2026-05-06 12:52:18.486 10278-10422 GPUAUX                  com.newaura.app                      E  [AUX]GuiExtAuxCheckAuxPath:682: Null anb
2026-05-06 12:52:18.486 10278-10422 GPUAUX                  com.newaura.app                      E  [AUX]GuiExtAuxCheckAuxPath:682: Null anb
2026-05-06 12:52:18.504 10278-10422 GPUAUX                  com.newaura.app                      E  [AUX]GuiExtAuxCheckAuxPath:682: Null anb
2026-05-06 12:52:18.524 10278-10422 GPUAUX                  com.newaura.app                      E  [AUX]GuiExtAuxCheckAuxPath:682: Null anb
2026-05-06 12:52:18.542 10278-10422 GPUAUX                  com.newaura.app                      E  [AUX]GuiExtAuxCheckAuxPath:682: Null anb
2026-05-06 12:52:18.554 10278-10422 GPUAUX                  com.newaura.app                      E  [AUX]GuiExtAuxCheckAuxPath:682: Null anb
2026-05-06 12:52:18.554 10278-10422 GPUAUX                  com.newaura.app                      E  [AUX]GuiExtAuxCheckAuxPath:682: Null anb
2026-05-06 12:52:18.554 10278-10422 GPUAUX                  com.newaura.app                      E  [AUX]GuiExtAuxCheckAuxPath:682: Null anb
2026-05-06 12:52:18.554 10278-10422 GPUAUX                  com.newaura.app                      E  [AUX]GuiExtAuxCheckAuxPath:682: Null anb
2026-05-06 12:52:18.570 10278-10422 GPUAUX                  com.newaura.app                      E  [AUX]GuiExtAuxCheckAuxPath:682: Null anb
2026-05-06 12:52:18.587 10278-10422 GPUAUX                  com.newaura.app                      E  [AUX]GuiExtAuxCheckAuxPath:682: Null anb
2026-05-06 12:52:18.602 10278-10422 GPUAUX                  com.newaura.app                      E  [AUX]GuiExtAuxCheckAuxPath:682: Null anb
2026-05-06 12:52:18.621 10278-10422 GPUAUX                  com.newaura.app                      E  [AUX]GuiExtAuxCheckAuxPath:682: Null anb
2026-05-06 12:52:18.636 10278-10278 OplusViewD...ViewHelper com.newaura.app                      D  dispatchTouchView action = 1
2026-05-06 12:52:18.636 10278-10278 ScrollIdentify          com.newaura.app                      I  on fling
2026-05-06 12:52:18.636 10278-10278 ViewRootImplExtImpl     com.newaura.app                      D  the up motion event handled by client, just return
2026-05-06 12:52:18.637 10278-10422 GPUAUX                  com.newaura.app                      E  [AUX]GuiExtAuxCheckAuxPath:682: Null anb
2026-05-06 12:52:18.653 10278-10422 GPUAUX                  com.newaura.app                      E  [AUX]GuiExtAuxCheckAuxPath:682: Null anb
2026-05-06 12:52:18.686 10278-10422 GPUAUX                  com.newaura.app                      E  [AUX]GuiExtAuxCheckAuxPath:682: Null anb
2026-05-06 12:52:18.702 10278-10422 GPUAUX                  com.newaura.app                      E  [AUX]GuiExtAuxCheckAuxPath:682: Null anb
2026-05-06 12:52:18.720 10278-10422 GPUAUX                  com.newaura.app                      E  [AUX]GuiExtAuxCheckAuxPath:682: Null anb
2026-05-06 12:52:18.728 10278-10422 QualityInfo             com.newaura.app                      I  anim_jank|cost:18929846|action:8|scene:1002
2026-05-06 12:52:18.736 10278-10422 GPUAUX                  com.newaura.app                      E  [AUX]GuiExtAuxCheckAuxPath:682: Null anb
2026-05-06 12:52:18.754 10278-10422 GPUAUX                  com.newaura.app                      E  [AUX]GuiExtAuxCheckAuxPath:682: Null anb
2026-05-06 12:52:18.765 10278-11368 PowerHalMgrImpl         com.newaura.app                      I  hdl:423893, pid:10278 
2026-05-06 12:52:18.784 10278-10422 GPUAUX                  com.newaura.app                      E  [AUX]GuiExtAuxCheckAuxPath:682: Null anb
2026-05-06 12:52:18.802 10278-10422 GPUAUX                  com.newaura.app                      E  [AUX]GuiExtAuxCheckAuxPath:682: Null anb
2026-05-06 12:52:18.821 10278-10422 GPUAUX                  com.newaura.app                      E  [AUX]GuiExtAuxCheckAuxPath:682: Null anb
2026-05-06 12:52:18.834 10278-10422 GPUAUX                  com.newaura.app                      E  [AUX]GuiExtAuxCheckAuxPath:682: Null anb
2026-05-06 12:52:18.851 10278-10422 GPUAUX                  com.newaura.app                      E  [AUX]GuiExtAuxCheckAuxPath:682: Null anb
2026-05-06 12:52:18.868 10278-10422 GPUAUX                  com.newaura.app                      E  [AUX]GuiExtAuxCheckAuxPath:682: Null anb
2026-05-06 12:52:18.886 10278-10422 GPUAUX                  com.newaura.app                      E  [AUX]GuiExtAuxCheckAuxPath:682: Null anb
2026-05-06 12:52:18.901 10278-10422 GPUAUX                  com.newaura.app                      E  [AUX]GuiExtAuxCheckAuxPath:682: Null anb
2026-05-06 12:52:18.919 10278-10422 GPUAUX                  com.newaura.app                      E  [AUX]GuiExtAuxCheckAuxPath:682: Null anb
2026-05-06 12:52:18.935 10278-10422 GPUAUX                  com.newaura.app                      E  [AUX]GuiExtAuxCheckAuxPath:682: Null anb
2026-05-06 12:52:18.952 10278-10422 GPUAUX                  com.newaura.app                      E  [AUX]GuiExtAuxCheckAuxPath:682: Null anb
2026-05-06 12:52:18.969 10278-10422 GPUAUX                  com.newaura.app                      E  [AUX]GuiExtAuxCheckAuxPath:682: Null anb
2026-05-06 12:52:18.987 10278-10422 GPUAUX                  com.newaura.app                      E  [AUX]GuiExtAuxCheckAuxPath:682: Null anb
2026-05-06 12:52:19.006 10278-10422 GPUAUX                  com.newaura.app                      E  [AUX]GuiExtAuxCheckAuxPath:682: Null anb
2026-05-06 12:52:19.023 10278-10422 GPUAUX                  com.newaura.app                      E  [AUX]GuiExtAuxCheckAuxPath:682: Null anb
2026-05-06 12:52:19.053 10278-10422 GPUAUX                  com.newaura.app                      E  [AUX]GuiExtAuxCheckAuxPath:682: Null anb
2026-05-06 12:52:19.072 10278-10422 GPUAUX                  com.newaura.app                      E  [AUX]GuiExtAuxCheckAuxPath:682: Null anb
2026-05-06 12:52:19.102 10278-10422 GPUAUX                  com.newaura.app                      E  [AUX]GuiExtAuxCheckAuxPath:682: Null anb
2026-05-06 12:52:19.118 10278-10422 GPUAUX                  com.newaura.app                      E  [AUX]GuiExtAuxCheckAuxPath:682: Null anb
2026-05-06 12:52:19.134 10278-10422 GPUAUX                  com.newaura.app                      E  [AUX]GuiExtAuxCheckAuxPath:682: Null anb
2026-05-06 12:52:19.381 10278-10278 IJankManager            com.newaura.app                      E  slideSceneEnd unknown scene 1002 mScene:-1
2026-05-06 12:52:19.382 10278-10278 AutofillManager         com.newaura.app                      V  requestHideFillUi(null): anchor = null
2026-05-06 12:52:19.428 10278-11368 PowerHalMgrImpl         com.newaura.app                      I  hdl:423897, pid:10278 
2026-05-06 12:52:19.476 10278-10422 GPUAUX                  com.newaura.app                      E  [AUX]GuiExtAuxCheckAuxPath:682: Null anb
2026-05-06 12:52:19.495 10278-10422 GPUAUX                  com.newaura.app                      E  [AUX]GuiExtAuxCheckAuxPath:682: Null anb
2026-05-06 12:52:19.509 10278-10422 GPUAUX                  com.newaura.app                      E  [AUX]GuiExtAuxCheckAuxPath:682: Null anb
2026-05-06 12:52:19.509 10278-10422 GPUAUX                  com.newaura.app                      E  [AUX]GuiExtAuxCheckAuxPath:682: Null anb
2026-05-06 12:52:19.521 10278-10422 GPUAUX                  com.newaura.app                      E  [AUX]GuiExtAuxCheckAuxPath:682: Null anb
2026-05-06 12:52:19.553 10278-10422 GPUAUX                  com.newaura.app                      E  [AUX]GuiExtAuxCheckAuxPath:682: Null anb
2026-05-06 12:52:19.570 10278-10422 GPUAUX                  com.newaura.app                      E  [AUX]GuiExtAuxCheckAuxPath:682: Null anb
2026-05-06 12:52:19.570 10278-10422 GPUAUX                  com.newaura.app                      E  [AUX]GuiExtAuxCheckAuxPath:682: Null anb
2026-05-06 12:52:19.588 10278-10422 GPUAUX                  com.newaura.app                      E  [AUX]GuiExtAuxCheckAuxPath:682: Null anb
2026-05-06 12:52:19.602 10278-10422 GPUAUX                  com.newaura.app                      E  [AUX]GuiExtAuxCheckAuxPath:682: Null anb
2026-05-06 12:52:19.618 10278-10422 GPUAUX                  com.newaura.app                      E  [AUX]GuiExtAuxCheckAuxPath:682: Null anb
2026-05-06 12:52:19.634 10278-10422 GPUAUX                  com.newaura.app                      E  [AUX]GuiExtAuxCheckAuxPath:682: Null anb
2026-05-06 12:52:19.650 10278-10422 GPUAUX                  com.newaura.app                      E  [AUX]GuiExtAuxCheckAuxPath:682: Null anb
2026-05-06 12:52:19.668 10278-10422 GPUAUX                  com.newaura.app                      E  [AUX]GuiExtAuxCheckAuxPath:682: Null anb
2026-05-06 12:52:19.685 10278-10422 GPUAUX                  com.newaura.app                      E  [AUX]GuiExtAuxCheckAuxPath:682: Null anb
2026-05-06 12:52:19.701 10278-10422 GPUAUX                  com.newaura.app                      E  [AUX]GuiExtAuxCheckAuxPath:682: Null anb
2026-05-06 12:52:19.716 10278-10422 GPUAUX                  com.newaura.app                      E  [AUX]GuiExtAuxCheckAuxPath:682: Null anb
2026-05-06 12:52:19.735 10278-10422 GPUAUX                  com.newaura.app                      E  [AUX]GuiExtAuxCheckAuxPath:682: Null anb
2026-05-06 12:52:19.768 10278-10422 GPUAUX                  com.newaura.app                      E  [AUX]GuiExtAuxCheckAuxPath:682: Null anb
2026-05-06 12:52:19.784 10278-10422 GPUAUX                  com.newaura.app                      E  [AUX]GuiExtAuxCheckAuxPath:682: Null anb
2026-05-06 12:52:19.801 10278-10422 GPUAUX                  com.newaura.app                      E  [AUX]GuiExtAuxCheckAuxPath:682: Null anb
2026-05-06 12:52:19.815 10278-10422 GPUAUX                  com.newaura.app                      E  [AUX]GuiExtAuxCheckAuxPath:682: Null anb
2026-05-06 12:52:19.832 10278-10278 OplusViewD...ViewHelper com.newaura.app                      D  dispatchTouchView action = 1
2026-05-06 12:52:19.833 10278-10278 ScrollIdentify          com.newaura.app                      I  on fling
2026-05-06 12:52:19.833 10278-10278 ViewRootImplExtImpl     com.newaura.app                      D  the up motion event handled by client, just return
2026-05-06 12:52:19.863 10278-10422 GPUAUX                  com.newaura.app                      E  [AUX]GuiExtAuxCheckAuxPath:682: Null anb
2026-05-06 12:52:19.882 10278-10422 GPUAUX                  com.newaura.app                      E  [AUX]GuiExtAuxCheckAuxPath:682: Null anb
2026-05-06 12:52:19.890 10278-11368 PowerHalMgrImpl         com.newaura.app                      I  hdl:423898, pid:10278 
2026-05-06 12:52:19.900 10278-10422 GPUAUX                  com.newaura.app                      E  [AUX]GuiExtAuxCheckAuxPath:682: Null anb
2026-05-06 12:52:19.914 10278-10422 GPUAUX                  com.newaura.app                      E  [AUX]GuiExtAuxCheckAuxPath:682: Null anb
2026-05-06 12:52:19.920 10278-10422 QualityInfo             com.newaura.app                      I  anim_jank|cost:15434846|action:8|scene:1002
2026-05-06 12:52:19.931 10278-10422 GPUAUX                  com.newaura.app                      E  [AUX]GuiExtAuxCheckAuxPath:682: Null anb
2026-05-06 12:52:19.953 10278-10278 Capacitor/Console       com.newaura.app                      I  File: http://localhost/assets/supabase-CLpXqyPc.js - Line 24 - Msg: [SUPABASE FETCH START] URL: https://ugfxjjakpsngfdrjlsdr.supabase.co/rest/v1/profiles?id=eq.2dfb823f-bb93-4e46-86cd-a520c5be7868 OPTIONS: {"method":"PATCH","headers":{},"body":"{\"last_seen\":\"2026-05-06T07:22:19.948Z\"}"}
2026-05-06 12:52:19.953 10278-10278 Capacitor/Console       com.newaura.app                      I  File:  - Line 349 - Msg: [object Object]
2026-05-06 12:52:19.955 10278-10278 Capacitor/Plugin        com.newaura.app                      V  To native (Capacitor plugin): callbackId: 58469836, pluginId: CapacitorHttp, methodName: request
2026-05-06 12:52:19.955 10278-10278 Capacitor               com.newaura.app                      V  callback: 58469836, pluginId: CapacitorHttp, methodName: request, methodData: {"url":"https:\/\/ugfxjjakpsngfdrjlsdr.supabase.co\/rest\/v1\/profiles?id=eq.2dfb823f-bb93-4e46-86cd-a520c5be7868","method":"PATCH","data":"{\"last_seen\":\"2026-05-06T07:22:19.948Z\"}","dataType":"json","headers":{"apikey":"eyJhbGciOiJIUzI1NiIsInR5cCI6IkpXVCJ9.eyJpc3MiOiJzdXBhYmFzZSIsInJlZiI6InVnZnhqamFrcHNuZ2Zkcmpsc2RyIiwicm9sZSI6ImFub24iLCJpYXQiOjE3NzQzNDY3NzQsImV4cCI6MjA4OTkyMjc3NH0.KiA-8YqdsgO1Is2Fumh4mqmfQY8i1O_K8RnQtBcjuGo","authorization":"Bearer eyJhbGciOiJFUzI1NiIsImtpZCI6IjRlMGRhZGY0LWM1MGYtNDMyNS1iMjQ3LWM4NTViMmRmNGE4YSIsInR5cCI6IkpXVCJ9.eyJpc3MiOiJodHRwczovL3VnZnhqamFrcHNuZ2Zkcmpsc2RyLnN1cGFiYXNlLmNvL2F1dGgvdjEiLCJzdWIiOiIyZGZiODIzZi1iYjkzLTRlNDYtODZjZC1hNTIwYzViZTc4NjgiLCJhdWQiOiJhdXRoZW50aWNhdGVkIiwiZXhwIjoxNzc4MDU1Njk3LCJpYXQiOjE3NzgwNTIwOTcsImVtYWlsIjoiZmlyc3R1c2VyQGdtYWlsLmNvbSIsInBob25lIjoiIiwiYXBwX21ldGFkYXRhIjp7InByb3ZpZGVyIjoiZW1haWwiLCJwcm92aWRlcnMiOlsiZW1haWwiXX0sInVzZXJfbWV0YWRhdGEiOnsiYXZhdGFyX2tleSI6WzExMSw0MywyMTcsMjUsMTc4LDEyMCwyNDYsODIsMTQ2LDIzMSwxMjUsMTU3LDE3MiwxNDYsOTcsNjUsOTQsODEsMjE3LDU4LDIzOCwyMzIsNzIsNzIsNDQsMjI3LDQ2LDU3LDExOCwxNTUsMjAwLDgxXSwiYXZhdGFyX25vbmNlIjpbMTUwLDE3LDE3MCwyNTAsMjEsMTksOTAsMjA5LDEzMSw5OCwxNiwxNzcsODksMTEwLDEyMiw5LDIzMiwxMTMsNjQsMiwyNyw0NiwyNTQsNDddLCJhdmF0YXJfdXJsIjoiaHR0cHM6Ly9yZXMuY2xvdWRpbmFyeS5jb20vZGVsNW8xdm5kL3Jhdy91cGxvYWQvdjE3NzU3NDkzMDIvZXd1NWF5dnd3OWx0YnJpYnBqNnkucmF3IiwiZGlzcGxheV9uYW1lIjoiUmlmZnUga2EgQWJ18J-QpfCfmYgiLCJlbWFpbF92ZXJpZmllZCI6dHJ1ZX0sInJvbGUiOiJhdXRoZW50aWNhdGVkIiwiYWFsIjoiYWFsMSIsImFtciI6W3sibWV0aG9kIjoicGFzc3dvcmQiLCJ0aW1lc3RhbXAiOjE3NzgwNTIwOTd9XSwic2Vzc2lvbl9pZCI6ImExY2QxZGQ0LTFmYWYtNGY5Zi1iNGU3LTI0YjFjOTBiNjU1OCIsImlzX2Fub255bW91cyI6ZmFsc2V9.xP9VfQJwtBkWhpRUu_F0x2hfnRHrVrKUZFL1pD7eIjFXVmaBrYQ8oUvRXoRXWjxoC--R_OJyii9U08C-VJWzZw","content-profile":"public","content-type":"application\/json","x-client-info":"supabase-js-web\/2.100.0"}}
2026-05-06 12:52:19.962 10278-11312 CapacitorCookies        com.newaura.app                      I  Getting cookies at: 'https://ugfxjjakpsngfdrjlsdr.supabase.co/rest/v1/profiles?id=eq.2dfb823f-bb93-4e46-86cd-a520c5be7868'
2026-05-06 12:52:20.209 10278-11368 PowerHalMgrImpl         com.newaura.app                      I  hdl:423899, pid:10278 
2026-05-06 12:52:21.176 10278-10278 IJankManager            com.newaura.app                      E  slideSceneEnd unknown scene 1002 mScene:-1
2026-05-06 12:52:21.177 10278-10278 AutofillManager         com.newaura.app                      V  requestHideFillUi(null): anchor = null
2026-05-06 12:52:21.243 10278-11368 PowerHalMgrImpl         com.newaura.app                      I  hdl:423903, pid:10278 
2026-05-06 12:52:21.265 10278-10422 GPUAUX                  com.newaura.app                      E  [AUX]GuiExtAuxCheckAuxPath:682: Null anb
2026-05-06 12:52:21.304 10278-10422 GPUAUX                  com.newaura.app                      E  [AUX]GuiExtAuxCheckAuxPath:682: Null anb
2026-05-06 12:52:21.315 10278-10422 GPUAUX                  com.newaura.app                      E  [AUX]GuiExtAuxCheckAuxPath:682: Null anb
2026-05-06 12:52:21.382 10278-10422 GPUAUX                  com.newaura.app                      E  [AUX]GuiExtAuxCheckAuxPath:682: Null anb
2026-05-06 12:52:21.396 10278-10422 GPUAUX                  com.newaura.app                      E  [AUX]GuiExtAuxCheckAuxPath:682: Null anb
2026-05-06 12:52:21.427 10278-10422 GPUAUX                  com.newaura.app                      E  [AUX]GuiExtAuxCheckAuxPath:682: Null anb
2026-05-06 12:52:21.461 10278-10422 GPUAUX                  com.newaura.app                      E  [AUX]GuiExtAuxCheckAuxPath:682: Null anb
2026-05-06 12:52:21.473 10278-10278 OplusViewD...ViewHelper com.newaura.app                      D  dispatchTouchView action = 1
2026-05-06 12:52:21.473 10278-10278 ScrollIdentify          com.newaura.app                      I  on fling
2026-05-06 12:52:21.473 10278-10278 ViewRootImplExtImpl     com.newaura.app                      D  the up motion event handled by client, just return
