2026-05-07 17:43:47.227 26569-26658 GPUAUX                  com.newaura.app                      E  [AUX]GuiExtAuxCheckAuxPath:682: Null anb
2026-05-07 17:43:47.244 26569-26925 OplusCamer...agerGlobal com.newaura.app                      I  setClientInfo, packageName: com.newaura.app, uid: 10421, pid: 26569
2026-05-07 17:43:47.245 26569-26925 OplusCamer...agerGlobal com.newaura.app                      I  setClientInfo, packageName: com.newaura.app, uid: 10421, pid: 26569
2026-05-07 17:43:47.250 26569-27762 CapacitorCookies        com.newaura.app                      I  Setting cookie '__cf_bm=FC1DZUxrL7Pfl7mgHpTxLVoqFC_uSjMyrZh5RK2iie8-1778156026.5447414-1.0.1.1-DgmeCSb1xjVuN3GUTwR4sMLIuo3ln1r_yFhEDE7sPWjj1Ftnpmlw1XrLfgIidzK5rr9ZgCIpM5EtIq1JlZYgFlz6zCTDodjA8QtIKnPRxxTN0h480gbsd.S77s7W_bHg; HttpOnly; Secure; Path=/; Domain=supabase.co; Expires=Thu, 07 May 2026 12:43:46 GMT' at: 'https://ugfxjjakpsngfdrjlsdr.supabase.co/rest/v1/profiles?id=eq.2dfb823f-bb93-4e46-86cd-a520c5be7868'
2026-05-07 17:43:47.251 26569-26925 OplusCamer...agerGlobal com.newaura.app                      I  setClientInfo, packageName: com.newaura.app, uid: 10421, pid: 26569
2026-05-07 17:43:47.252 26569-26925 OplusCamer...agerGlobal com.newaura.app                      I  setClientInfo, packageName: com.newaura.app, uid: 10421, pid: 26569
2026-05-07 17:43:47.254 26569-26925 OplusCamer...agerGlobal com.newaura.app                      I  setClientInfo, packageName: com.newaura.app, uid: 10421, pid: 26569
2026-05-07 17:43:47.254 26569-27762 CapacitorCookies        com.newaura.app                      I  Setting cookie '__cf_bm=FC1DZUxrL7Pfl7mgHpTxLVoqFC_uSjMyrZh5RK2iie8-1778156026.5447414-1.0.1.1-DgmeCSb1xjVuN3GUTwR4sMLIuo3ln1r_yFhEDE7sPWjj1Ftnpmlw1XrLfgIidzK5rr9ZgCIpM5EtIq1JlZYgFlz6zCTDodjA8QtIKnPRxxTN0h480gbsd.S77s7W_bHg; HttpOnly; Secure; Path=/; Domain=supabase.co; Expires=Thu, 07 May 2026 12:43:46 GMT' at: 'https://supabase.co'
2026-05-07 17:43:47.261 26569-26925 OplusCamer...agerGlobal com.newaura.app                      I  setClientInfo, packageName: com.newaura.app, uid: 10421, pid: 26569
2026-05-07 17:43:47.262 26569-26925 OplusCamer...agerGlobal com.newaura.app                      I  setClientInfo, packageName: com.newaura.app, uid: 10421, pid: 26569
2026-05-07 17:43:47.270 26569-26569 chromium                com.newaura.app                      I  [INFO:CONSOLE:328] "%cresult %cCapacitorHttp.request (#126650820) font-style: italic; font-weight: lighter; color: gray font-style: italic; font-weight: bold; color: #444", source:  (328)
2026-05-07 17:43:47.270 26569-26569 chromium                com.newaura.app                      I  [INFO:CONSOLE:333] "{"status":204,"headers":{"alt-svc":"h3=\":443\"; ma=86400","CF-Cache-Status":"DYNAMIC","CF-Ray":"9f8023fdef4680b0-BOM","Connection":"keep-alive","Content-Range":"0-0/*","Date":"Thu, 07 May 2026 12:13:46 GMT","sb-gateway-version":"1","sb-project-ref":"ugfxjjakpsngfdrjlsdr","sb-request-id":"019e025b-bab5-7c66-9df1-a6e30676eaf7","Server":"cloudflare","set-cookie":"__cf_bm=FC1DZUxrL7Pfl7mgHpTxLVoqFC_uSjMyrZh5RK2iie8-1778156026.5447414-1.0.1.1-DgmeCSb1xjVuN3GUTwR4sMLIuo3ln1r_yFhEDE7sPWjj1Ftnpmlw1XrLfgIidzK5rr9ZgCIpM5EtIq1JlZYgFlz6zCTDodjA8QtIKnPRxxTN0h480gbsd.S77s7W_bHg; HttpOnly; Secure; Path=/; Domain=supabase.co; Expires=Thu, 07 May 2026 12:43:46 GMT","Strict-Transport-Security":"max-age=31536000; includeSubDomains; preload","Vary":"Accept-Encoding","X-Android-Received-Millis":"1778156027249","X-Android-Response-Source":"NETWORK 204","X-Android-Selected-Protocol":"http/1.1","X-Android-Sent-Millis":"1778156026885","X-Content-Type-Options":"nosniff","x-envoy-attempt-count":"1","x-envoy-upstream-service-time":"89"},"url":"https://ugfxjjakpsngfdrjlsdr.supabase.co/rest/v1/profiles?id=eq.2dfb823f-bb93-4e46-86cd-a520c5be7868","data":""}", source:  (333)
2026-05-07 17:43:47.270 26569-26569 chromium                com.newaura.app                      I  [INFO:CONSOLE:335] "console.groupEnd", source:  (335)
2026-05-07 17:43:47.271 26569-26569 chromium                com.newaura.app                      I  [INFO:CONSOLE:564] "CapacitorHttp fetch 1778156026877 https://ugfxjjakpsngfdrjlsdr.supabase.co/rest/v1/profiles?id=eq.2dfb823f-bb93-4e46-86cd-a520c5be7868: 392.320068359375 ms", source:  (564)
2026-05-07 17:43:47.271 26569-26569 chromium                com.newaura.app                      I  [INFO:CONSOLE:24] "[SUPABASE FETCH SUCCESS] Status: 204 ", source: http://localhost/assets/supabase-CLpXqyPc.js (24)
2026-05-07 17:43:47.295 26569-26569 ViewRootImplExtImpl     com.newaura.app                      D  wrapConfigInfoIntoFlags rotation=0, smallestScreenWidthDp=360, residentWS=false, scenario=0, bounds=Rect(0, 0 - 1080, 2400), relayoutAsync=true, flags=0, newFlags=1258302720, title=com.newaura.app/com.newaura.app.MainActivity
2026-05-07 17:43:47.296 26569-26569 VRI[MainActivity]       com.newaura.app                      D  relayoutWindow result, sizeChanged:false, surfaceControlChanged:false, transformHintChanged:false, mSurfaceSize:Point(1080, 2400), mLastSurfaceSize:Point(1080, 2400), mWidth:1080, mHeight:2400, requestedWidth:1080, requestedHeight:2400, transformHint:0, installOrientation:0, displayRotation:0, isSurfaceValid:true, attr.flag:-2122251904, tmpFrames:ClientWindowFrames{frame=[0,0][1080,2400] display=[0,0][1080,2400] parentFrame=[0,0][1080,2400]}, relayoutAsync:true, mSyncSeqId:0
2026-05-07 17:43:47.296 26569-26569 VRI[MainActivity]       com.newaura.app                      W  updateBlastSurfaceIfNeeded, surfaceSize:Point(1080, 2400), lastSurfaceSize:Point(1080, 2400), format:-1, blastBufferQueue:android.graphics.BLASTBufferQueue@8473d0
2026-05-07 17:43:47.297 26569-26569 SurfaceControl          com.newaura.app                      I   setExtendedRangeBrightness sc=Surface(name=com.newaura.app/com.newaura.app.MainActivity)/@0xb5388a7,currentBufferRatio=1.0,desiredRatio=1.0
2026-05-07 17:43:47.339 26569-26658 GPUAUX                  com.newaura.app                      E  [AUX]GuiExtAuxCheckAuxPath:682: Null anb
2026-05-07 17:43:47.339 26569-26658 GPUAUX                  com.newaura.app                      E  [AUX]GuiExtAuxCheckAuxPath:682: Null anb
2026-05-07 17:43:47.339 26569-26658 GPUAUX                  com.newaura.app                      E  [AUX]GuiExtAuxCheckAuxPath:682: Null anb
2026-05-07 17:43:47.369 26569-26658 GPUAUX                  com.newaura.app                      E  [AUX]GuiExtAuxCheckAuxPath:682: Null anb
2026-05-07 17:43:47.369 26569-26658 GPUAUX                  com.newaura.app                      E  [AUX]GuiExtAuxCheckAuxPath:682: Null anb
2026-05-07 17:43:47.369 26569-26658 GPUAUX                  com.newaura.app                      E  [AUX]GuiExtAuxCheckAuxPath:682: Null anb
2026-05-07 17:43:47.394 26569-26658 GPUAUX                  com.newaura.app                      E  [AUX]GuiExtAuxCheckAuxPath:682: Null anb
2026-05-07 17:43:47.394 26569-26658 GPUAUX                  com.newaura.app                      E  [AUX]GuiExtAuxCheckAuxPath:682: Null anb
2026-05-07 17:43:47.394 26569-26658 GPUAUX                  com.newaura.app                      E  [AUX]GuiExtAuxCheckAuxPath:682: Null anb
2026-05-07 17:43:47.436 26569-26658 GPUAUX                  com.newaura.app                      E  [AUX]GuiExtAuxCheckAuxPath:682: Null anb
2026-05-07 17:43:47.436 26569-26658 GPUAUX                  com.newaura.app                      E  [AUX]GuiExtAuxCheckAuxPath:682: Null anb
2026-05-07 17:43:47.436 26569-26658 GPUAUX                  com.newaura.app                      E  [AUX]GuiExtAuxCheckAuxPath:682: Null anb
2026-05-07 17:43:47.464 26569-26658 GPUAUX                  com.newaura.app                      E  [AUX]GuiExtAuxCheckAuxPath:682: Null anb
2026-05-07 17:43:47.464 26569-26658 GPUAUX                  com.newaura.app                      E  [AUX]GuiExtAuxCheckAuxPath:682: Null anb
2026-05-07 17:43:47.464 26569-26658 GPUAUX                  com.newaura.app                      E  [AUX]GuiExtAuxCheckAuxPath:682: Null anb
2026-05-07 17:43:47.527 26569-26658 GPUAUX                  com.newaura.app                      E  [AUX]GuiExtAuxCheckAuxPath:682: Null anb
2026-05-07 17:43:47.528 26569-26658 GPUAUX                  com.newaura.app                      E  [AUX]GuiExtAuxCheckAuxPath:682: Null anb
2026-05-07 17:43:47.528 26569-26658 GPUAUX                  com.newaura.app                      E  [AUX]GuiExtAuxCheckAuxPath:682: Null anb
2026-05-07 17:43:47.571 26569-26658 GPUAUX                  com.newaura.app                      E  [AUX]GuiExtAuxCheckAuxPath:682: Null anb
2026-05-07 17:43:47.571 26569-26658 GPUAUX                  com.newaura.app                      E  [AUX]GuiExtAuxCheckAuxPath:682: Null anb
2026-05-07 17:43:47.571 26569-26658 GPUAUX                  com.newaura.app                      E  [AUX]GuiExtAuxCheckAuxPath:682: Null anb
2026-05-07 17:43:47.604 26569-26658 GPUAUX                  com.newaura.app                      E  [AUX]GuiExtAuxCheckAuxPath:682: Null anb
2026-05-07 17:43:47.604 26569-26658 GPUAUX                  com.newaura.app                      E  [AUX]GuiExtAuxCheckAuxPath:682: Null anb
2026-05-07 17:43:47.604 26569-26658 GPUAUX                  com.newaura.app                      E  [AUX]GuiExtAuxCheckAuxPath:682: Null anb
2026-05-07 17:43:47.652 26569-26658 GPUAUX                  com.newaura.app                      E  [AUX]GuiExtAuxCheckAuxPath:682: Null anb
2026-05-07 17:43:47.652 26569-26658 GPUAUX                  com.newaura.app                      E  [AUX]GuiExtAuxCheckAuxPath:682: Null anb
2026-05-07 17:43:47.652 26569-26658 GPUAUX                  com.newaura.app                      E  [AUX]GuiExtAuxCheckAuxPath:682: Null anb
2026-05-07 17:43:47.702 26569-26658 GPUAUX                  com.newaura.app                      E  [AUX]GuiExtAuxCheckAuxPath:682: Null anb
2026-05-07 17:43:47.702 26569-26658 GPUAUX                  com.newaura.app                      E  [AUX]GuiExtAuxCheckAuxPath:682: Null anb
2026-05-07 17:43:47.702 26569-26658 GPUAUX                  com.newaura.app                      E  [AUX]GuiExtAuxCheckAuxPath:682: Null anb
2026-05-07 17:43:47.724 26569-26658 GPUAUX                  com.newaura.app                      E  [AUX]GuiExtAuxCheckAuxPath:682: Null anb
2026-05-07 17:43:47.724 26569-26658 GPUAUX                  com.newaura.app                      E  [AUX]GuiExtAuxCheckAuxPath:682: Null anb
2026-05-07 17:43:47.725 26569-26658 GPUAUX                  com.newaura.app                      E  [AUX]GuiExtAuxCheckAuxPath:682: Null anb
2026-05-07 17:43:47.748 26569-26658 GPUAUX                  com.newaura.app                      E  [AUX]GuiExtAuxCheckAuxPath:682: Null anb
2026-05-07 17:43:47.748 26569-26658 GPUAUX                  com.newaura.app                      E  [AUX]GuiExtAuxCheckAuxPath:682: Null anb
2026-05-07 17:43:47.748 26569-26658 GPUAUX                  com.newaura.app                      E  [AUX]GuiExtAuxCheckAuxPath:682: Null anb
2026-05-07 17:43:47.801 26569-26658 GPUAUX                  com.newaura.app                      E  [AUX]GuiExtAuxCheckAuxPath:682: Null anb
2026-05-07 17:43:47.801 26569-26658 GPUAUX                  com.newaura.app                      E  [AUX]GuiExtAuxCheckAuxPath:682: Null anb
2026-05-07 17:43:47.801 26569-26658 GPUAUX                  com.newaura.app                      E  [AUX]GuiExtAuxCheckAuxPath:682: Null anb
2026-05-07 17:43:47.836 26569-26658 GPUAUX                  com.newaura.app                      E  [AUX]GuiExtAuxCheckAuxPath:682: Null anb
2026-05-07 17:43:47.836 26569-26658 GPUAUX                  com.newaura.app                      E  [AUX]GuiExtAuxCheckAuxPath:682: Null anb
2026-05-07 17:43:47.836 26569-26658 GPUAUX                  com.newaura.app                      E  [AUX]GuiExtAuxCheckAuxPath:682: Null anb
2026-05-07 17:43:47.884 26569-26658 GPUAUX                  com.newaura.app                      E  [AUX]GuiExtAuxCheckAuxPath:682: Null anb
2026-05-07 17:43:47.884 26569-26658 GPUAUX                  com.newaura.app                      E  [AUX]GuiExtAuxCheckAuxPath:682: Null anb
2026-05-07 17:43:47.884 26569-26658 GPUAUX                  com.newaura.app                      E  [AUX]GuiExtAuxCheckAuxPath:682: Null anb
2026-05-07 17:43:47.916 26569-26658 GPUAUX                  com.newaura.app                      E  [AUX]GuiExtAuxCheckAuxPath:682: Null anb
2026-05-07 17:43:47.916 26569-26658 GPUAUX                  com.newaura.app                      E  [AUX]GuiExtAuxCheckAuxPath:682: Null anb
2026-05-07 17:43:47.916 26569-26658 GPUAUX                  com.newaura.app                      E  [AUX]GuiExtAuxCheckAuxPath:682: Null anb
2026-05-07 17:43:47.947 26569-26658 GPUAUX                  com.newaura.app                      E  [AUX]GuiExtAuxCheckAuxPath:682: Null anb
2026-05-07 17:43:47.947 26569-26658 GPUAUX                  com.newaura.app                      E  [AUX]GuiExtAuxCheckAuxPath:682: Null anb
2026-05-07 17:43:47.947 26569-26658 GPUAUX                  com.newaura.app                      E  [AUX]GuiExtAuxCheckAuxPath:682: Null anb
2026-05-07 17:43:48.001 26569-26658 GPUAUX                  com.newaura.app                      E  [AUX]GuiExtAuxCheckAuxPath:682: Null anb
2026-05-07 17:43:48.001 26569-26658 GPUAUX                  com.newaura.app                      E  [AUX]GuiExtAuxCheckAuxPath:682: Null anb
2026-05-07 17:43:48.001 26569-26658 GPUAUX                  com.newaura.app                      E  [AUX]GuiExtAuxCheckAuxPath:682: Null anb
2026-05-07 17:43:48.033 26569-26658 GPUAUX                  com.newaura.app                      E  [AUX]GuiExtAuxCheckAuxPath:682: Null anb
2026-05-07 17:43:48.033 26569-26658 GPUAUX                  com.newaura.app                      E  [AUX]GuiExtAuxCheckAuxPath:682: Null anb
2026-05-07 17:43:48.033 26569-26658 GPUAUX                  com.newaura.app                      E  [AUX]GuiExtAuxCheckAuxPath:682: Null anb
2026-05-07 17:43:48.083 26569-26658 GPUAUX                  com.newaura.app                      E  [AUX]GuiExtAuxCheckAuxPath:682: Null anb
2026-05-07 17:43:48.083 26569-26658 GPUAUX                  com.newaura.app                      E  [AUX]GuiExtAuxCheckAuxPath:682: Null anb
2026-05-07 17:43:48.083 26569-26658 GPUAUX                  com.newaura.app                      E  [AUX]GuiExtAuxCheckAuxPath:682: Null anb
2026-05-07 17:43:48.114 26569-26658 GPUAUX                  com.newaura.app                      E  [AUX]GuiExtAuxCheckAuxPath:682: Null anb
2026-05-07 17:43:48.114 26569-26658 GPUAUX                  com.newaura.app                      E  [AUX]GuiExtAuxCheckAuxPath:682: Null anb
2026-05-07 17:43:48.114 26569-26658 GPUAUX                  com.newaura.app                      E  [AUX]GuiExtAuxCheckAuxPath:682: Null anb
2026-05-07 17:43:48.149 26569-26658 GPUAUX                  com.newaura.app                      E  [AUX]GuiExtAuxCheckAuxPath:682: Null anb
2026-05-07 17:43:48.149 26569-26658 GPUAUX                  com.newaura.app                      E  [AUX]GuiExtAuxCheckAuxPath:682: Null anb
2026-05-07 17:43:48.149 26569-26658 GPUAUX                  com.newaura.app                      E  [AUX]GuiExtAuxCheckAuxPath:682: Null anb
2026-05-07 17:43:48.200 26569-26658 GPUAUX                  com.newaura.app                      E  [AUX]GuiExtAuxCheckAuxPath:682: Null anb
2026-05-07 17:43:48.200 26569-26658 GPUAUX                  com.newaura.app                      E  [AUX]GuiExtAuxCheckAuxPath:682: Null anb
2026-05-07 17:43:48.200 26569-26658 GPUAUX                  com.newaura.app                      E  [AUX]GuiExtAuxCheckAuxPath:682: Null anb
2026-05-07 17:43:48.248 26569-26658 GPUAUX                  com.newaura.app                      E  [AUX]GuiExtAuxCheckAuxPath:682: Null anb
2026-05-07 17:43:48.248 26569-26658 GPUAUX                  com.newaura.app                      E  [AUX]GuiExtAuxCheckAuxPath:682: Null anb
2026-05-07 17:43:48.248 26569-26658 GPUAUX                  com.newaura.app                      E  [AUX]GuiExtAuxCheckAuxPath:682: Null anb
2026-05-07 17:43:48.283 26569-26658 GPUAUX                  com.newaura.app                      E  [AUX]GuiExtAuxCheckAuxPath:682: Null anb
2026-05-07 17:43:48.283 26569-26658 GPUAUX                  com.newaura.app                      E  [AUX]GuiExtAuxCheckAuxPath:682: Null anb
2026-05-07 17:43:48.283 26569-26658 GPUAUX                  com.newaura.app                      E  [AUX]GuiExtAuxCheckAuxPath:682: Null anb
2026-05-07 17:43:48.330 26569-26658 GPUAUX                  com.newaura.app                      E  [AUX]GuiExtAuxCheckAuxPath:682: Null anb
2026-05-07 17:43:48.330 26569-26658 GPUAUX                  com.newaura.app                      E  [AUX]GuiExtAuxCheckAuxPath:682: Null anb
2026-05-07 17:43:48.330 26569-26658 GPUAUX                  com.newaura.app                      E  [AUX]GuiExtAuxCheckAuxPath:682: Null anb
2026-05-07 17:43:48.365 26569-26658 GPUAUX                  com.newaura.app                      E  [AUX]GuiExtAuxCheckAuxPath:682: Null anb
2026-05-07 17:43:48.365 26569-26658 GPUAUX                  com.newaura.app                      E  [AUX]GuiExtAuxCheckAuxPath:682: Null anb
2026-05-07 17:43:48.365 26569-26658 GPUAUX                  com.newaura.app                      E  [AUX]GuiExtAuxCheckAuxPath:682: Null anb
2026-05-07 17:43:48.400 26569-26658 GPUAUX                  com.newaura.app                      E  [AUX]GuiExtAuxCheckAuxPath:682: Null anb
2026-05-07 17:43:48.400 26569-26658 GPUAUX                  com.newaura.app                      E  [AUX]GuiExtAuxCheckAuxPath:682: Null anb
2026-05-07 17:43:48.400 26569-26658 GPUAUX                  com.newaura.app                      E  [AUX]GuiExtAuxCheckAuxPath:682: Null anb
2026-05-07 17:43:48.447 26569-26658 GPUAUX                  com.newaura.app                      E  [AUX]GuiExtAuxCheckAuxPath:682: Null anb
2026-05-07 17:43:48.447 26569-26658 GPUAUX                  com.newaura.app                      E  [AUX]GuiExtAuxCheckAuxPath:682: Null anb
2026-05-07 17:43:48.447 26569-26658 GPUAUX                  com.newaura.app                      E  [AUX]GuiExtAuxCheckAuxPath:682: Null anb
2026-05-07 17:43:48.484 26569-26658 GPUAUX                  com.newaura.app                      E  [AUX]GuiExtAuxCheckAuxPath:682: Null anb
2026-05-07 17:43:48.484 26569-26658 GPUAUX                  com.newaura.app                      E  [AUX]GuiExtAuxCheckAuxPath:682: Null anb
2026-05-07 17:43:48.484 26569-26658 GPUAUX                  com.newaura.app                      E  [AUX]GuiExtAuxCheckAuxPath:682: Null anb
2026-05-07 17:43:48.513 26569-26658 GPUAUX                  com.newaura.app                      E  [AUX]GuiExtAuxCheckAuxPath:682: Null anb
2026-05-07 17:43:48.513 26569-26658 GPUAUX                  com.newaura.app                      E  [AUX]GuiExtAuxCheckAuxPath:682: Null anb
2026-05-07 17:43:48.513 26569-26658 GPUAUX                  com.newaura.app                      E  [AUX]GuiExtAuxCheckAuxPath:682: Null anb
2026-05-07 17:43:48.568 26569-26658 GPUAUX                  com.newaura.app                      E  [AUX]GuiExtAuxCheckAuxPath:682: Null anb
2026-05-07 17:43:48.569 26569-26658 GPUAUX                  com.newaura.app                      E  [AUX]GuiExtAuxCheckAuxPath:682: Null anb
2026-05-07 17:43:48.569 26569-26658 GPUAUX                  com.newaura.app                      E  [AUX]GuiExtAuxCheckAuxPath:682: Null anb
2026-05-07 17:43:48.614 26569-26658 GPUAUX                  com.newaura.app                      E  [AUX]GuiExtAuxCheckAuxPath:682: Null anb
2026-05-07 17:43:48.615 26569-26658 GPUAUX                  com.newaura.app                      E  [AUX]GuiExtAuxCheckAuxPath:682: Null anb
2026-05-07 17:43:48.615 26569-26658 GPUAUX                  com.newaura.app                      E  [AUX]GuiExtAuxCheckAuxPath:682: Null anb
2026-05-07 17:43:48.650 26569-26658 GPUAUX                  com.newaura.app                      E  [AUX]GuiExtAuxCheckAuxPath:682: Null anb
2026-05-07 17:43:48.650 26569-26658 GPUAUX                  com.newaura.app                      E  [AUX]GuiExtAuxCheckAuxPath:682: Null anb
2026-05-07 17:43:48.650 26569-26658 GPUAUX                  com.newaura.app                      E  [AUX]GuiExtAuxCheckAuxPath:682: Null anb
2026-05-07 17:43:48.696 26569-26658 GPUAUX                  com.newaura.app                      E  [AUX]GuiExtAuxCheckAuxPath:682: Null anb
2026-05-07 17:43:48.696 26569-26658 GPUAUX                  com.newaura.app                      E  [AUX]GuiExtAuxCheckAuxPath:682: Null anb
2026-05-07 17:43:48.696 26569-26658 GPUAUX                  com.newaura.app                      E  [AUX]GuiExtAuxCheckAuxPath:682: Null anb
2026-05-07 17:43:48.732 26569-26658 GPUAUX                  com.newaura.app                      E  [AUX]GuiExtAuxCheckAuxPath:682: Null anb
2026-05-07 17:43:48.732 26569-26658 GPUAUX                  com.newaura.app                      E  [AUX]GuiExtAuxCheckAuxPath:682: Null anb
2026-05-07 17:43:48.732 26569-26658 GPUAUX                  com.newaura.app                      E  [AUX]GuiExtAuxCheckAuxPath:682: Null anb
2026-05-07 17:43:48.779 26569-26658 GPUAUX                  com.newaura.app                      E  [AUX]GuiExtAuxCheckAuxPath:682: Null anb
2026-05-07 17:43:48.779 26569-26658 GPUAUX                  com.newaura.app                      E  [AUX]GuiExtAuxCheckAuxPath:682: Null anb
2026-05-07 17:43:48.779 26569-26658 GPUAUX                  com.newaura.app                      E  [AUX]GuiExtAuxCheckAuxPath:682: Null anb
2026-05-07 17:43:48.816 26569-26658 GPUAUX                  com.newaura.app                      E  [AUX]GuiExtAuxCheckAuxPath:682: Null anb
2026-05-07 17:43:48.816 26569-26658 GPUAUX                  com.newaura.app                      E  [AUX]GuiExtAuxCheckAuxPath:682: Null anb
2026-05-07 17:43:48.816 26569-26658 GPUAUX                  com.newaura.app                      E  [AUX]GuiExtAuxCheckAuxPath:682: Null anb
2026-05-07 17:43:48.868 26569-26658 GPUAUX                  com.newaura.app                      E  [AUX]GuiExtAuxCheckAuxPath:682: Null anb
2026-05-07 17:43:48.868 26569-26658 GPUAUX                  com.newaura.app                      E  [AUX]GuiExtAuxCheckAuxPath:682: Null anb
2026-05-07 17:43:48.868 26569-26658 GPUAUX                  com.newaura.app                      E  [AUX]GuiExtAuxCheckAuxPath:682: Null anb
2026-05-07 17:43:48.903 26569-26658 GPUAUX                  com.newaura.app                      E  [AUX]GuiExtAuxCheckAuxPath:682: Null anb
2026-05-07 17:43:48.903 26569-26658 GPUAUX                  com.newaura.app                      E  [AUX]GuiExtAuxCheckAuxPath:682: Null anb
2026-05-07 17:43:48.903 26569-26658 GPUAUX                  com.newaura.app                      E  [AUX]GuiExtAuxCheckAuxPath:682: Null anb
2026-05-07 17:43:48.945 26569-26658 GPUAUX                  com.newaura.app                      E  [AUX]GuiExtAuxCheckAuxPath:682: Null anb
2026-05-07 17:43:48.945 26569-26658 GPUAUX                  com.newaura.app                      E  [AUX]GuiExtAuxCheckAuxPath:682: Null anb
2026-05-07 17:43:48.945 26569-26658 GPUAUX                  com.newaura.app                      E  [AUX]GuiExtAuxCheckAuxPath:682: Null anb
2026-05-07 17:43:48.969 26569-26658 GPUAUX                  com.newaura.app                      E  [AUX]GuiExtAuxCheckAuxPath:682: Null anb
2026-05-07 17:43:48.969 26569-26658 GPUAUX                  com.newaura.app                      E  [AUX]GuiExtAuxCheckAuxPath:682: Null anb
2026-05-07 17:43:48.969 26569-26658 GPUAUX                  com.newaura.app                      E  [AUX]GuiExtAuxCheckAuxPath:682: Null anb
2026-05-07 17:43:49.013 26569-26658 GPUAUX                  com.newaura.app                      E  [AUX]GuiExtAuxCheckAuxPath:682: Null anb
2026-05-07 17:43:49.013 26569-26658 GPUAUX                  com.newaura.app                      E  [AUX]GuiExtAuxCheckAuxPath:682: Null anb
2026-05-07 17:43:49.013 26569-26658 GPUAUX                  com.newaura.app                      E  [AUX]GuiExtAuxCheckAuxPath:682: Null anb
2026-05-07 17:43:49.049 26569-26658 GPUAUX                  com.newaura.app                      E  [AUX]GuiExtAuxCheckAuxPath:682: Null anb
2026-05-07 17:43:49.049 26569-26658 GPUAUX                  com.newaura.app                      E  [AUX]GuiExtAuxCheckAuxPath:682: Null anb
2026-05-07 17:43:49.049 26569-26658 GPUAUX                  com.newaura.app                      E  [AUX]GuiExtAuxCheckAuxPath:682: Null anb
2026-05-07 17:43:49.081 26569-26658 GPUAUX                  com.newaura.app                      E  [AUX]GuiExtAuxCheckAuxPath:682: Null anb
2026-05-07 17:43:49.081 26569-26658 GPUAUX                  com.newaura.app                      E  [AUX]GuiExtAuxCheckAuxPath:682: Null anb
2026-05-07 17:43:49.081 26569-26658 GPUAUX                  com.newaura.app                      E  [AUX]GuiExtAuxCheckAuxPath:682: Null anb
2026-05-07 17:43:49.132 26569-26658 GPUAUX                  com.newaura.app                      E  [AUX]GuiExtAuxCheckAuxPath:682: Null anb
2026-05-07 17:43:49.132 26569-26658 GPUAUX                  com.newaura.app                      E  [AUX]GuiExtAuxCheckAuxPath:682: Null anb
2026-05-07 17:43:49.132 26569-26658 GPUAUX                  com.newaura.app                      E  [AUX]GuiExtAuxCheckAuxPath:682: Null anb
2026-05-07 17:43:49.165 26569-26658 GPUAUX                  com.newaura.app                      E  [AUX]GuiExtAuxCheckAuxPath:682: Null anb
2026-05-07 17:43:49.165 26569-26658 GPUAUX                  com.newaura.app                      E  [AUX]GuiExtAuxCheckAuxPath:682: Null anb
2026-05-07 17:43:49.165 26569-26658 GPUAUX                  com.newaura.app                      E  [AUX]GuiExtAuxCheckAuxPath:682: Null anb
2026-05-07 17:43:49.214 26569-26658 GPUAUX                  com.newaura.app                      E  [AUX]GuiExtAuxCheckAuxPath:682: Null anb
2026-05-07 17:43:49.214 26569-26658 GPUAUX                  com.newaura.app                      E  [AUX]GuiExtAuxCheckAuxPath:682: Null anb
2026-05-07 17:43:49.214 26569-26658 GPUAUX                  com.newaura.app                      E  [AUX]GuiExtAuxCheckAuxPath:682: Null anb
2026-05-07 17:43:49.250 26569-26658 GPUAUX                  com.newaura.app                      E  [AUX]GuiExtAuxCheckAuxPath:682: Null anb
2026-05-07 17:43:49.250 26569-26658 GPUAUX                  com.newaura.app                      E  [AUX]GuiExtAuxCheckAuxPath:682: Null anb
2026-05-07 17:43:49.250 26569-26658 GPUAUX                  com.newaura.app                      E  [AUX]GuiExtAuxCheckAuxPath:682: Null anb
2026-05-07 17:43:49.276 26569-26658 GPUAUX                  com.newaura.app                      E  [AUX]GuiExtAuxCheckAuxPath:682: Null anb
2026-05-07 17:43:49.276 26569-26658 GPUAUX                  com.newaura.app                      E  [AUX]GuiExtAuxCheckAuxPath:682: Null anb
2026-05-07 17:43:49.276 26569-26658 GPUAUX                  com.newaura.app                      E  [AUX]GuiExtAuxCheckAuxPath:682: Null anb
2026-05-07 17:43:49.331 26569-26658 GPUAUX                  com.newaura.app                      E  [AUX]GuiExtAuxCheckAuxPath:682: Null anb
2026-05-07 17:43:49.331 26569-26658 GPUAUX                  com.newaura.app                      E  [AUX]GuiExtAuxCheckAuxPath:682: Null anb
2026-05-07 17:43:49.331 26569-26658 GPUAUX                  com.newaura.app                      E  [AUX]GuiExtAuxCheckAuxPath:682: Null anb
2026-05-07 17:43:49.363 26569-26658 GPUAUX                  com.newaura.app                      E  [AUX]GuiExtAuxCheckAuxPath:682: Null anb
2026-05-07 17:43:49.363 26569-26658 GPUAUX                  com.newaura.app                      E  [AUX]GuiExtAuxCheckAuxPath:682: Null anb
2026-05-07 17:43:49.363 26569-26658 GPUAUX                  com.newaura.app                      E  [AUX]GuiExtAuxCheckAuxPath:682: Null anb
2026-05-07 17:43:49.413 26569-26658 GPUAUX                  com.newaura.app                      E  [AUX]GuiExtAuxCheckAuxPath:682: Null anb
2026-05-07 17:43:49.413 26569-26658 GPUAUX                  com.newaura.app                      E  [AUX]GuiExtAuxCheckAuxPath:682: Null anb
2026-05-07 17:43:49.413 26569-26658 GPUAUX                  com.newaura.app                      E  [AUX]GuiExtAuxCheckAuxPath:682: Null anb
2026-05-07 17:43:49.447 26569-26658 GPUAUX                  com.newaura.app                      E  [AUX]GuiExtAuxCheckAuxPath:682: Null anb
2026-05-07 17:43:49.448 26569-26658 GPUAUX                  com.newaura.app                      E  [AUX]GuiExtAuxCheckAuxPath:682: Null anb
2026-05-07 17:43:49.448 26569-26658 GPUAUX                  com.newaura.app                      E  [AUX]GuiExtAuxCheckAuxPath:682: Null anb
2026-05-07 17:43:49.477 26569-26658 GPUAUX                  com.newaura.app                      E  [AUX]GuiExtAuxCheckAuxPath:682: Null anb
2026-05-07 17:43:49.477 26569-26658 GPUAUX                  com.newaura.app                      E  [AUX]GuiExtAuxCheckAuxPath:682: Null anb
2026-05-07 17:43:49.477 26569-26658 GPUAUX                  com.newaura.app                      E  [AUX]GuiExtAuxCheckAuxPath:682: Null anb
2026-05-07 17:43:49.530 26569-26658 GPUAUX                  com.newaura.app                      E  [AUX]GuiExtAuxCheckAuxPath:682: Null anb
2026-05-07 17:43:49.530 26569-26658 GPUAUX                  com.newaura.app                      E  [AUX]GuiExtAuxCheckAuxPath:682: Null anb
2026-05-07 17:43:49.530 26569-26658 GPUAUX                  com.newaura.app                      E  [AUX]GuiExtAuxCheckAuxPath:682: Null anb
2026-05-07 17:43:49.560 26569-26658 GPUAUX                  com.newaura.app                      E  [AUX]GuiExtAuxCheckAuxPath:682: Null anb
2026-05-07 17:43:49.560 26569-26658 GPUAUX                  com.newaura.app                      E  [AUX]GuiExtAuxCheckAuxPath:682: Null anb
2026-05-07 17:43:49.560 26569-26658 GPUAUX                  com.newaura.app                      E  [AUX]GuiExtAuxCheckAuxPath:682: Null anb
2026-05-07 17:43:49.613 26569-26658 GPUAUX                  com.newaura.app                      E  [AUX]GuiExtAuxCheckAuxPath:682: Null anb
2026-05-07 17:43:49.613 26569-26658 GPUAUX                  com.newaura.app                      E  [AUX]GuiExtAuxCheckAuxPath:682: Null anb
2026-05-07 17:43:49.613 26569-26658 GPUAUX                  com.newaura.app                      E  [AUX]GuiExtAuxCheckAuxPath:682: Null anb
2026-05-07 17:43:49.646 26569-26658 GPUAUX                  com.newaura.app                      E  [AUX]GuiExtAuxCheckAuxPath:682: Null anb
2026-05-07 17:43:49.647 26569-26658 GPUAUX                  com.newaura.app                      E  [AUX]GuiExtAuxCheckAuxPath:682: Null anb
2026-05-07 17:43:49.647 26569-26658 GPUAUX                  com.newaura.app                      E  [AUX]GuiExtAuxCheckAuxPath:682: Null anb
2026-05-07 17:43:49.694 26569-26658 GPUAUX                  com.newaura.app                      E  [AUX]GuiExtAuxCheckAuxPath:682: Null anb
2026-05-07 17:43:49.694 26569-26658 GPUAUX                  com.newaura.app                      E  [AUX]GuiExtAuxCheckAuxPath:682: Null anb
2026-05-07 17:43:49.695 26569-26658 GPUAUX                  com.newaura.app                      E  [AUX]GuiExtAuxCheckAuxPath:682: Null anb
2026-05-07 17:43:49.730 26569-26658 GPUAUX                  com.newaura.app                      E  [AUX]GuiExtAuxCheckAuxPath:682: Null anb
2026-05-07 17:43:49.730 26569-26658 GPUAUX                  com.newaura.app                      E  [AUX]GuiExtAuxCheckAuxPath:682: Null anb
2026-05-07 17:43:49.730 26569-26658 GPUAUX                  com.newaura.app                      E  [AUX]GuiExtAuxCheckAuxPath:682: Null anb
2026-05-07 17:43:49.777 26569-26658 GPUAUX                  com.newaura.app                      E  [AUX]GuiExtAuxCheckAuxPath:682: Null anb
2026-05-07 17:43:49.777 26569-26658 GPUAUX                  com.newaura.app                      E  [AUX]GuiExtAuxCheckAuxPath:682: Null anb
2026-05-07 17:43:49.777 26569-26658 GPUAUX                  com.newaura.app                      E  [AUX]GuiExtAuxCheckAuxPath:682: Null anb
2026-05-07 17:43:49.814 26569-26658 GPUAUX                  com.newaura.app                      E  [AUX]GuiExtAuxCheckAuxPath:682: Null anb
2026-05-07 17:43:49.814 26569-26658 GPUAUX                  com.newaura.app                      E  [AUX]GuiExtAuxCheckAuxPath:682: Null anb
2026-05-07 17:43:49.814 26569-26658 GPUAUX                  com.newaura.app                      E  [AUX]GuiExtAuxCheckAuxPath:682: Null anb
2026-05-07 17:43:49.846 26569-26658 GPUAUX                  com.newaura.app                      E  [AUX]GuiExtAuxCheckAuxPath:682: Null anb
2026-05-07 17:43:49.847 26569-26658 GPUAUX                  com.newaura.app                      E  [AUX]GuiExtAuxCheckAuxPath:682: Null anb
2026-05-07 17:43:49.847 26569-26658 GPUAUX                  com.newaura.app                      E  [AUX]GuiExtAuxCheckAuxPath:682: Null anb
2026-05-07 17:43:49.895 26569-26658 GPUAUX                  com.newaura.app                      E  [AUX]GuiExtAuxCheckAuxPath:682: Null anb
2026-05-07 17:43:49.896 26569-26658 GPUAUX                  com.newaura.app                      E  [AUX]GuiExtAuxCheckAuxPath:682: Null anb
2026-05-07 17:43:49.896 26569-26658 GPUAUX                  com.newaura.app                      E  [AUX]GuiExtAuxCheckAuxPath:682: Null anb
2026-05-07 17:43:49.930 26569-26658 GPUAUX                  com.newaura.app                      E  [AUX]GuiExtAuxCheckAuxPath:682: Null anb
2026-05-07 17:43:49.930 26569-26658 GPUAUX                  com.newaura.app                      E  [AUX]GuiExtAuxCheckAuxPath:682: Null anb
2026-05-07 17:43:49.930 26569-26658 GPUAUX                  com.newaura.app                      E  [AUX]GuiExtAuxCheckAuxPath:682: Null anb
2026-05-07 17:43:49.979 26569-26658 GPUAUX                  com.newaura.app                      E  [AUX]GuiExtAuxCheckAuxPath:682: Null anb
2026-05-07 17:43:49.979 26569-26658 GPUAUX                  com.newaura.app                      E  [AUX]GuiExtAuxCheckAuxPath:682: Null anb
2026-05-07 17:43:49.979 26569-26658 GPUAUX                  com.newaura.app                      E  [AUX]GuiExtAuxCheckAuxPath:682: Null anb
2026-05-07 17:43:50.011 26569-26658 GPUAUX                  com.newaura.app                      E  [AUX]GuiExtAuxCheckAuxPath:682: Null anb
2026-05-07 17:43:50.011 26569-26658 GPUAUX                  com.newaura.app                      E  [AUX]GuiExtAuxCheckAuxPath:682: Null anb
2026-05-07 17:43:50.011 26569-26658 GPUAUX                  com.newaura.app                      E  [AUX]GuiExtAuxCheckAuxPath:682: Null anb
2026-05-07 17:43:50.027 26569-26569 IJankManager            com.newaura.app                      E  slideSceneEnd unknown scene 1000 mScene:-1
2026-05-07 17:43:50.027 26569-26569 AutofillManager         com.newaura.app                      V  requestHideFillUi(null): anchor = null
2026-05-07 17:43:50.065 26569-26658 GPUAUX                  com.newaura.app                      E  [AUX]GuiExtAuxCheckAuxPath:682: Null anb
2026-05-07 17:43:50.065 26569-26658 GPUAUX                  com.newaura.app                      E  [AUX]GuiExtAuxCheckAuxPath:682: Null anb
2026-05-07 17:43:50.065 26569-26658 GPUAUX                  com.newaura.app                      E  [AUX]GuiExtAuxCheckAuxPath:682: Null anb
2026-05-07 17:43:50.095 26569-26658 GPUAUX                  com.newaura.app                      E  [AUX]GuiExtAuxCheckAuxPath:682: Null anb
2026-05-07 17:43:50.095 26569-26658 GPUAUX                  com.newaura.app                      E  [AUX]GuiExtAuxCheckAuxPath:682: Null anb
2026-05-07 17:43:50.095 26569-26658 GPUAUX                  com.newaura.app                      E  [AUX]GuiExtAuxCheckAuxPath:682: Null anb
2026-05-07 17:43:50.100 26569-26569 OplusViewD...ViewHelper com.newaura.app                      D  dispatchTouchView action = 1
2026-05-07 17:43:50.101 26569-26569 ViewRootImplExtImpl     com.newaura.app                      D  the up motion event handled by client, just return
2026-05-07 17:43:50.115 26569-26794 AudioSystem             com.newaura.app                      D  onNewServiceWithAdapter: media.audio_flinger service obtained 0xb400007555c7df00
2026-05-07 17:43:50.123 26569-26794 AudioSystem             com.newaura.app                      D  getService: IAudioFlingerService retrieved: 0xb4000078d0f4ed80  IAudioFlinger cached: 0xb400007555c7df00
2026-05-07 17:43:50.161 26569-26569 Vibrator                com.newaura.app                      D  SystemVibrator Created
2026-05-07 17:43:50.163 26569-26658 GPUAUX                  com.newaura.app                      E  [AUX]GuiExtAuxCheckAuxPath:682: Null anb
2026-05-07 17:43:50.163 26569-26794 AAudio                  com.newaura.app                      I  AAudioStreamBuilder_openStream() called ----------------------------------------
2026-05-07 17:43:50.163 26569-26794 AudioStreamBuilder      com.newaura.app                      I  rate   =  48000, channels  = 2, channelMask = 0x3, format   = 5, sharing = SH, dir = OUTPUT
2026-05-07 17:43:50.164 26569-26658 GPUAUX                  com.newaura.app                      E  [AUX]GuiExtAuxCheckAuxPath:682: Null anb
2026-05-07 17:43:50.164 26569-26658 GPUAUX                  com.newaura.app                      E  [AUX]GuiExtAuxCheckAuxPath:682: Null anb
2026-05-07 17:43:50.171 26569-26794 AudioStreamBuilder      com.newaura.app                      I  device = AUDIO_PORT_HANDLE_NONE, sessionId = -1, perfMode = 12, callback: ON with frames = 256, error callback: ON
2026-05-07 17:43:50.171 26569-26794 AudioStreamBuilder      com.newaura.app                      I  usage  =      1, contentType = 0, inputPreset = 0, allowedCapturePolicy = 0
2026-05-07 17:43:50.171 26569-26794 AudioStreamBuilder      com.newaura.app                      I  privacy sensitive = false, opPackageName = (null), attributionTag = (null)
2026-05-07 17:43:50.171 26569-26794 AudioStreamBuilder      com.newaura.app                      D  build, global mmap policy is 0
2026-05-07 17:43:50.183 26569-26794 AudioStreamBuilder      com.newaura.app                      D  build, system mmap policy is 1
2026-05-07 17:43:50.183 26569-26794 AudioStreamBuilder      com.newaura.app                      D  build, final mmap policy is 1
2026-05-07 17:43:50.184 26569-26794 AudioStreamBuilder      com.newaura.app                      D  build, system mmap exclusive policy is 1
2026-05-07 17:43:50.184 26569-26794 AudioStreamBuilder      com.newaura.app                      D  build, final mmap exclusive policy is 1
2026-05-07 17:43:50.184 26569-26794 com.newaura.app         com.newaura.app                      D  PlayerBase::PlayerBase()
2026-05-07 17:43:50.189 26569-26794 AudioStreamTrack        com.newaura.app                      D  open(), request notificationFrames = -8, frameCount = 0
2026-05-07 17:43:50.194 26569-26794 AudioTrack              com.newaura.app                      I  set(): type=audio,case=1,attributes=1,content_type=2,usage=1,source=0,flags=0x100
2026-05-07 17:43:50.196 26569-26794 AudioTrackExtImpl       com.newaura.app                      D  AudioTrackExtImpl init
2026-05-07 17:43:50.196 26569-26794 ExtensionsLoader        com.newaura.app                      D  createInstance(64bit) : createExtendedFactory
2026-05-07 17:43:50.198 26569-26658 GPUAUX                  com.newaura.app                      E  [AUX]GuiExtAuxCheckAuxPath:682: Null anb
2026-05-07 17:43:50.198 26569-26658 GPUAUX                  com.newaura.app                      E  [AUX]GuiExtAuxCheckAuxPath:682: Null anb
2026-05-07 17:43:50.198 26569-26658 GPUAUX                  com.newaura.app                      E  [AUX]GuiExtAuxCheckAuxPath:682: Null anb
2026-05-07 17:43:50.202 26569-26794 ExtensionsLoader        com.newaura.app                      D  Opened libSchedAssistExtImpl.so
2026-05-07 17:43:50.202 26569-26794 AudioTrack              com.newaura.app                      D  set(): streamType -1, sampleRate 48000, format 0x5, channelMask 0x3, frameCount 0, flags #104, notificationFrames -8, sessionId 0, transferType 1, uid -1, pid -1
2026-05-07 17:43:50.203 26569-26794 ListServiceUtils        com.newaura.app                      D  mListServiceUtils::init CallingPid 26569
2026-05-07 17:43:50.205 26569-26794 ListServiceUtils        com.newaura.app                      D  mListServiceUtils::init this 0xb4000078d0a46840
2026-05-07 17:43:50.216 26569-26794 AudioTrack              com.newaura.app                      I  set(): 0xb4000078d0d64200, Create AudioTrackThread, tid = 28513
2026-05-07 17:43:50.220 26569-26794 AudioDetectPulse        com.newaura.app                      D  setDetectPulse, mIsDetectPulse 0, 0x79989e50e0
2026-05-07 17:43:50.221 26569-26794 AudioTrackExtImpl       com.newaura.app                      D  doSchedBoost, set audioapp task boost, pid=26569, tid=26794, enable=1, ret=0
2026-05-07 17:43:50.294 26569-26794 AudioTrack              com.newaura.app                      D  createTrack state 0 output.outputId=29
2026-05-07 17:43:50.301 26569-26794 AudioTrack              com.newaura.app                      I  createTrack_l(0): AUDIO_OUTPUT_FLAG_FAST successful; frameCount 0 -> 2048
2026-05-07 17:43:50.302 26569-26794 AudioTrack              com.newaura.app                      I  createTrack_l(14092) on outputId(29) : 0xb4000078d0d64200, mCblk = 0x799582c000,  mLatency = 84, mAfLatency = 42, frameCount = 2048, mSampleRate = 48000, mFlags = 0x4, mReqFrameCount = 2048, mNotificationFramesAct = 256
2026-05-07 17:43:50.304 26569-26794 AudioTrackExtImpl       com.newaura.app                      D  doSchedBoost, set audioapp task boost, pid=26569, tid=26794, enable=0, ret=0
2026-05-07 17:43:50.306 26569-26794 AudioTrackExtImpl       com.newaura.app                      E  get fade type, but return null, pid 26569, uid 10421
2026-05-07 17:43:50.306 26569-26794 AudioTrack              com.newaura.app                      D  set: pop_optimize mIsPopOptimizeSupport:0, mIsPopOptimizeFlush:0
2026-05-07 17:43:50.307 26569-26794 AudioTrack              com.newaura.app                      D  setVolume(14092) left 1.000 right 1.000 , callingPid 26569
2026-05-07 17:43:50.308 26569-26794 AudioStreamTrack        com.newaura.app                      D  open() flags changed from 0x00000104 to 0x00000004
2026-05-07 17:43:50.308 26569-26794 AAudioStream            com.newaura.app                      D  setState(s#1) from 0 to 2
2026-05-07 17:43:50.311 26569-26794 AAudio                  com.newaura.app                      I  AAudioStreamBuilder_openStream() returns 0 = AAUDIO_OK for s#1 ----------------
2026-05-07 17:43:50.314 26569-26794 AAudio                  com.newaura.app                      D  AAudioStream_requestStart(s#1) called --------------
2026-05-07 17:43:50.315 26569-26794 AAudioStream            com.newaura.app                      D  setState(s#1) from 2 to 3
2026-05-07 17:43:50.315 26569-26794 AudioTrack              com.newaura.app                      D  start(14092): prior state:STATE_STOPPED output 29 stream 3 session 209041
2026-05-07 17:43:50.340 26569-26658 GPUAUX                  com.newaura.app                      E  [AUX]GuiExtAuxCheckAuxPath:682: Null anb
2026-05-07 17:43:50.340 26569-26658 GPUAUX                  com.newaura.app                      E  [AUX]GuiExtAuxCheckAuxPath:682: Null anb
2026-05-07 17:43:50.340 26569-26658 GPUAUX                  com.newaura.app                      E  [AUX]GuiExtAuxCheckAuxPath:682: Null anb
2026-05-07 17:43:50.361  2192-3049  AppOps                  system_server                        E  attributionTag  not declared in manifest of com.newaura.app
2026-05-07 17:43:50.363  2192-3049  AppOps                  system_server                        E  attributionTag  not declared in manifest of com.newaura.app
2026-05-07 17:43:50.373 26569-26794 AAudio                  com.newaura.app                      D  AAudioStream_requestStart(s#1) returned 0 ---------
2026-05-07 17:43:50.376 26569-26658 GPUAUX                  com.newaura.app                      E  [AUX]GuiExtAuxCheckAuxPath:682: Null anb
2026-05-07 17:43:50.376 26569-26658 GPUAUX                  com.newaura.app                      E  [AUX]GuiExtAuxCheckAuxPath:682: Null anb
2026-05-07 17:43:50.376 26569-26658 GPUAUX                  com.newaura.app                      E  [AUX]GuiExtAuxCheckAuxPath:682: Null anb
2026-05-07 17:43:50.398 26569-26585 AudioStreamTrack        com.newaura.app                      D  onAudioDeviceUpdate() devices 3 => 3
2026-05-07 17:43:50.442 26569-26658 GPUAUX                  com.newaura.app                      E  [AUX]GuiExtAuxCheckAuxPath:682: Null anb
2026-05-07 17:43:50.442 26569-26658 GPUAUX                  com.newaura.app                      E  [AUX]GuiExtAuxCheckAuxPath:682: Null anb
2026-05-07 17:43:50.442 26569-26658 GPUAUX                  com.newaura.app                      E  [AUX]GuiExtAuxCheckAuxPath:682: Null anb
2026-05-07 17:43:50.464 26569-28513 AAudioStream            com.newaura.app                      D  setState(s#1) from 3 to 4
2026-05-07 17:43:50.509 26569-26658 GPUAUX                  com.newaura.app                      E  [AUX]GuiExtAuxCheckAuxPath:682: Null anb
2026-05-07 17:43:50.509 26569-26658 GPUAUX                  com.newaura.app                      E  [AUX]GuiExtAuxCheckAuxPath:682: Null anb
2026-05-07 17:43:50.510 26569-26658 GPUAUX                  com.newaura.app                      E  [AUX]GuiExtAuxCheckAuxPath:682: Null anb
2026-05-07 17:43:50.564 26569-26658 GPUAUX                  com.newaura.app                      E  [AUX]GuiExtAuxCheckAuxPath:682: Null anb
2026-05-07 17:43:50.564 26569-26658 GPUAUX                  com.newaura.app                      E  [AUX]GuiExtAuxCheckAuxPath:682: Null anb
2026-05-07 17:43:50.564 26569-26658 GPUAUX                  com.newaura.app                      E  [AUX]GuiExtAuxCheckAuxPath:682: Null anb
2026-05-07 17:43:50.592 26569-26658 GPUAUX                  com.newaura.app                      E  [AUX]GuiExtAuxCheckAuxPath:682: Null anb
2026-05-07 17:43:50.592 26569-26658 GPUAUX                  com.newaura.app                      E  [AUX]GuiExtAuxCheckAuxPath:682: Null anb
2026-05-07 17:43:50.592 26569-26658 GPUAUX                  com.newaura.app                      E  [AUX]GuiExtAuxCheckAuxPath:682: Null anb
2026-05-07 17:43:50.627 26569-26658 GPUAUX                  com.newaura.app                      E  [AUX]GuiExtAuxCheckAuxPath:682: Null anb
2026-05-07 17:43:50.627 26569-26658 GPUAUX                  com.newaura.app                      E  [AUX]GuiExtAuxCheckAuxPath:682: Null anb
2026-05-07 17:43:50.627 26569-26658 GPUAUX                  com.newaura.app                      E  [AUX]GuiExtAuxCheckAuxPath:682: Null anb
2026-05-07 17:43:50.654 26569-26658 GPUAUX                  com.newaura.app                      E  [AUX]GuiExtAuxCheckAuxPath:682: Null anb
2026-05-07 17:43:50.654 26569-26658 GPUAUX                  com.newaura.app                      E  [AUX]GuiExtAuxCheckAuxPath:682: Null anb
2026-05-07 17:43:50.654 26569-26658 GPUAUX                  com.newaura.app                      E  [AUX]GuiExtAuxCheckAuxPath:682: Null anb
2026-05-07 17:43:50.668 26569-28513 chromium                com.newaura.app                      W  [WARNING:services/audio/sync_reader.cc:175] SyncReader::Read timed out, audio glitch count=10
2026-05-07 17:43:50.714 26569-26658 GPUAUX                  com.newaura.app                      E  [AUX]GuiExtAuxCheckAuxPath:682: Null anb
2026-05-07 17:43:50.714 26569-26658 GPUAUX                  com.newaura.app                      E  [AUX]GuiExtAuxCheckAuxPath:682: Null anb
2026-05-07 17:43:50.714 26569-26658 GPUAUX                  com.newaura.app                      E  [AUX]GuiExtAuxCheckAuxPath:682: Null anb
2026-05-07 17:43:50.747 26569-26658 GPUAUX                  com.newaura.app                      E  [AUX]GuiExtAuxCheckAuxPath:682: Null anb
2026-05-07 17:43:50.747 26569-26658 GPUAUX                  com.newaura.app                      E  [AUX]GuiExtAuxCheckAuxPath:682: Null anb
2026-05-07 17:43:50.747 26569-26658 GPUAUX                  com.newaura.app                      E  [AUX]GuiExtAuxCheckAuxPath:682: Null anb
2026-05-07 17:43:50.775 26569-26658 GPUAUX                  com.newaura.app                      E  [AUX]GuiExtAuxCheckAuxPath:682: Null anb
2026-05-07 17:43:50.775 26569-26658 GPUAUX                  com.newaura.app                      E  [AUX]GuiExtAuxCheckAuxPath:682: Null anb
2026-05-07 17:43:50.775 26569-26658 GPUAUX                  com.newaura.app                      E  [AUX]GuiExtAuxCheckAuxPath:682: Null anb
2026-05-07 17:43:50.800 26569-26658 GPUAUX                  com.newaura.app                      E  [AUX]GuiExtAuxCheckAuxPath:682: Null anb
2026-05-07 17:43:50.801 26569-26658 GPUAUX                  com.newaura.app                      E  [AUX]GuiExtAuxCheckAuxPath:682: Null anb
2026-05-07 17:43:50.801 26569-26658 GPUAUX                  com.newaura.app                      E  [AUX]GuiExtAuxCheckAuxPath:682: Null anb
2026-05-07 17:43:50.847 26569-26658 GPUAUX                  com.newaura.app                      E  [AUX]GuiExtAuxCheckAuxPath:682: Null anb
2026-05-07 17:43:50.847 26569-26658 GPUAUX                  com.newaura.app                      E  [AUX]GuiExtAuxCheckAuxPath:682: Null anb
2026-05-07 17:43:50.847 26569-26658 GPUAUX                  com.newaura.app                      E  [AUX]GuiExtAuxCheckAuxPath:682: Null anb
2026-05-07 17:43:50.878 26569-26658 GPUAUX                  com.newaura.app                      E  [AUX]GuiExtAuxCheckAuxPath:682: Null anb
2026-05-07 17:43:50.879 26569-26658 GPUAUX                  com.newaura.app                      E  [AUX]GuiExtAuxCheckAuxPath:682: Null anb
