2026-05-05 19:37:57.749 27936-28206 PowerHalMgrImpl         com.newaura.app                      I  hdl:403772, pid:27936 
2026-05-05 19:37:57.780 27936-27972 GPUAUX                  com.newaura.app                      E  [AUX]GuiExtAuxCheckAuxPath:682: Null anb
2026-05-05 19:37:57.797 27936-27972 GPUAUX                  com.newaura.app                      E  [AUX]GuiExtAuxCheckAuxPath:682: Null anb
2026-05-05 19:37:57.798 27936-27972 GPUAUX                  com.newaura.app                      E  [AUX]GuiExtAuxCheckAuxPath:682: Null anb
2026-05-05 19:37:57.815 27936-27972 GPUAUX                  com.newaura.app                      E  [AUX]GuiExtAuxCheckAuxPath:682: Null anb
2026-05-05 19:37:57.830 27936-27972 GPUAUX                  com.newaura.app                      E  [AUX]GuiExtAuxCheckAuxPath:682: Null anb
2026-05-05 19:37:57.845 27936-27972 GPUAUX                  com.newaura.app                      E  [AUX]GuiExtAuxCheckAuxPath:682: Null anb
2026-05-05 19:37:57.854 27936-27936 OplusViewD...ViewHelper com.newaura.app                      D  dispatchTouchView action = 1
2026-05-05 19:37:57.855 27936-27936 ScrollIdentify          com.newaura.app                      I  on fling
2026-05-05 19:37:57.855 27936-27936 ViewRootImplExtImpl     com.newaura.app                      D  the up motion event handled by client, just return
2026-05-05 19:37:57.865 27936-27972 GPUAUX                  com.newaura.app                      E  [AUX]GuiExtAuxCheckAuxPath:682: Null anb
2026-05-05 19:37:57.866 27936-27972 GPUAUX                  com.newaura.app                      E  [AUX]GuiExtAuxCheckAuxPath:682: Null anb
2026-05-05 19:37:57.879 27936-27972 GPUAUX                  com.newaura.app                      E  [AUX]GuiExtAuxCheckAuxPath:682: Null anb
2026-05-05 19:37:57.907 27936-28206 PowerHalMgrImpl         com.newaura.app                      I  hdl:403773, pid:27936 
2026-05-05 19:37:57.937 27936-27972 GPUAUX                  com.newaura.app                      E  [AUX]GuiExtAuxCheckAuxPath:682: Null anb
2026-05-05 19:37:57.948 27936-27972 GPUAUX                  com.newaura.app                      E  [AUX]GuiExtAuxCheckAuxPath:682: Null anb
2026-05-05 19:37:57.963 27936-27972 GPUAUX                  com.newaura.app                      E  [AUX]GuiExtAuxCheckAuxPath:682: Null anb
2026-05-05 19:37:57.963 27936-27972 GPUAUX                  com.newaura.app                      E  [AUX]GuiExtAuxCheckAuxPath:682: Null anb
2026-05-05 19:37:58.007 27936-27972 QualityInfo             com.newaura.app                      I  anim_jank|cost:47818077|action:8|scene:1002
2026-05-05 19:37:58.012 27936-27972 GPUAUX                  com.newaura.app                      E  [AUX]GuiExtAuxCheckAuxPath:682: Null anb
2026-05-05 19:37:58.021 27936-27936 AutofillManager         com.newaura.app                      V  requestHideFillUi(null): anchor = null
2026-05-05 19:37:58.027 27936-27972 GPUAUX                  com.newaura.app                      E  [AUX]GuiExtAuxCheckAuxPath:682: Null anb
2026-05-05 19:37:58.060 27936-27972 GPUAUX                  com.newaura.app                      E  [AUX]GuiExtAuxCheckAuxPath:682: Null anb
2026-05-05 19:37:58.076 27936-27972 GPUAUX                  com.newaura.app                      E  [AUX]GuiExtAuxCheckAuxPath:682: Null anb
2026-05-05 19:37:58.093 27936-28206 PowerHalMgrImpl         com.newaura.app                      I  hdl:403777, pid:27936 
2026-05-05 19:37:58.129 27936-27972 GPUAUX                  com.newaura.app                      E  [AUX]GuiExtAuxCheckAuxPath:682: Null anb
2026-05-05 19:37:58.144 27936-27972 GPUAUX                  com.newaura.app                      E  [AUX]GuiExtAuxCheckAuxPath:682: Null anb
2026-05-05 19:37:58.162 27936-27972 GPUAUX                  com.newaura.app                      E  [AUX]GuiExtAuxCheckAuxPath:682: Null anb
2026-05-05 19:37:58.194 27936-27972 GPUAUX                  com.newaura.app                      E  [AUX]GuiExtAuxCheckAuxPath:682: Null anb
2026-05-05 19:37:58.210 27936-27972 GPUAUX                  com.newaura.app                      E  [AUX]GuiExtAuxCheckAuxPath:682: Null anb
2026-05-05 19:37:58.228 27936-27972 GPUAUX                  com.newaura.app                      E  [AUX]GuiExtAuxCheckAuxPath:682: Null anb
2026-05-05 19:37:58.246 27936-27972 GPUAUX                  com.newaura.app                      E  [AUX]GuiExtAuxCheckAuxPath:682: Null anb
2026-05-05 19:37:58.259 27936-27972 GPUAUX                  com.newaura.app                      E  [AUX]GuiExtAuxCheckAuxPath:682: Null anb
2026-05-05 19:37:58.276 27936-27972 GPUAUX                  com.newaura.app                      E  [AUX]GuiExtAuxCheckAuxPath:682: Null anb
2026-05-05 19:37:58.291 27936-27936 VelocityTracker         com.newaura.app                      I  LSQ2 speed rezero
2026-05-05 19:37:58.291 27936-27936 VelocityTracker         com.newaura.app                      I  LSQ2 speed rezero
2026-05-05 19:37:58.293 27936-27936 OplusViewD...ViewHelper com.newaura.app                      D  dispatchTouchView action = 1
2026-05-05 19:37:58.294 27936-27936 VelocityTracker         com.newaura.app                      I  LSQ2 speed rezero
2026-05-05 19:37:58.294 27936-27936 VelocityTracker         com.newaura.app                      I  LSQ2 speed rezero
2026-05-05 19:37:58.294 27936-27936 VelocityTracker         com.newaura.app                      I  LSQ2 speed rezero
2026-05-05 19:37:58.294 27936-27936 VelocityTracker         com.newaura.app                      I  LSQ2 speed rezero
2026-05-05 19:37:58.294 27936-27936 ViewRootImplExtImpl     com.newaura.app                      D  the up motion event handled by client, just return
2026-05-05 19:37:58.297 27936-27972 GPUAUX                  com.newaura.app                      E  [AUX]GuiExtAuxCheckAuxPath:682: Null anb
2026-05-05 19:37:58.308 27936-27972 GPUAUX                  com.newaura.app                      E  [AUX]GuiExtAuxCheckAuxPath:682: Null anb
2026-05-05 19:37:58.345 27936-28206 PowerHalMgrImpl         com.newaura.app                      I  hdl:403778, pid:27936 
2026-05-05 19:37:58.642 27936-27936 IJankManager            com.newaura.app                      E  slideSceneEnd unknown scene 1002 mScene:-1
2026-05-05 19:37:58.642 27936-27936 AutofillManager         com.newaura.app                      V  requestHideFillUi(null): anchor = null
2026-05-05 19:37:58.705 27936-28206 PowerHalMgrImpl         com.newaura.app                      I  hdl:403782, pid:27936 
2026-05-05 19:37:58.729 27936-27972 GPUAUX                  com.newaura.app                      E  [AUX]GuiExtAuxCheckAuxPath:682: Null anb
2026-05-05 19:37:58.748 27936-27972 GPUAUX                  com.newaura.app                      E  [AUX]GuiExtAuxCheckAuxPath:682: Null anb
2026-05-05 19:37:58.755 27936-27936 OplusViewD...ViewHelper com.newaura.app                      D  dispatchTouchView action = 1
2026-05-05 19:37:58.756 27936-27936 ScrollIdentify          com.newaura.app                      I  on fling
2026-05-05 19:37:58.756 27936-27936 ViewRootImplExtImpl     com.newaura.app                      D  the up motion event handled by client, just return
2026-05-05 19:37:58.768 27936-27972 GPUAUX                  com.newaura.app                      E  [AUX]GuiExtAuxCheckAuxPath:682: Null anb
2026-05-05 19:37:58.780 27936-27972 GPUAUX                  com.newaura.app                      E  [AUX]GuiExtAuxCheckAuxPath:682: Null anb
2026-05-05 19:37:58.780 27936-27972 GPUAUX                  com.newaura.app                      E  [AUX]GuiExtAuxCheckAuxPath:682: Null anb
2026-05-05 19:37:58.791 27936-27972 GPUAUX                  com.newaura.app                      E  [AUX]GuiExtAuxCheckAuxPath:682: Null anb
2026-05-05 19:37:58.791 27936-27972 GPUAUX                  com.newaura.app                      E  [AUX]GuiExtAuxCheckAuxPath:682: Null anb
2026-05-05 19:37:58.791 27936-27972 GPUAUX                  com.newaura.app                      E  [AUX]GuiExtAuxCheckAuxPath:682: Null anb
2026-05-05 19:37:58.793 27936-27972 GPUAUX                  com.newaura.app                      E  [AUX]GuiExtAuxCheckAuxPath:682: Null anb
2026-05-05 19:37:58.809 27936-27972 GPUAUX                  com.newaura.app                      E  [AUX]GuiExtAuxCheckAuxPath:682: Null anb
2026-05-05 19:37:58.812 27936-28206 PowerHalMgrImpl         com.newaura.app                      I  hdl:403783, pid:27936 
2026-05-05 19:37:58.823 27936-27972 GPUAUX                  com.newaura.app                      E  [AUX]GuiExtAuxCheckAuxPath:682: Null anb
2026-05-05 19:37:58.830 27936-27972 QualityInfo             com.newaura.app                      I  anim_jank|cost:14305016|action:8|scene:1002
2026-05-05 19:37:58.841 27936-27972 GPUAUX                  com.newaura.app                      E  [AUX]GuiExtAuxCheckAuxPath:682: Null anb
2026-05-05 19:37:58.858 27936-27972 GPUAUX                  com.newaura.app                      E  [AUX]GuiExtAuxCheckAuxPath:682: Null anb
2026-05-05 19:37:58.858 27936-27972 GPUAUX                  com.newaura.app                      E  [AUX]GuiExtAuxCheckAuxPath:682: Null anb
2026-05-05 19:37:58.859 27936-28206 PowerHalMgrImpl         com.newaura.app                      I  hdl:403784, pid:27936 
2026-05-05 19:37:58.877 27936-27972 GPUAUX                  com.newaura.app                      E  [AUX]GuiExtAuxCheckAuxPath:682: Null anb
2026-05-05 19:37:58.893 27936-27972 GPUAUX                  com.newaura.app                      E  [AUX]GuiExtAuxCheckAuxPath:682: Null anb
2026-05-05 19:37:58.909 27936-27972 GPUAUX                  com.newaura.app                      E  [AUX]GuiExtAuxCheckAuxPath:682: Null anb
2026-05-05 19:37:58.925 27936-27972 GPUAUX                  com.newaura.app                      E  [AUX]GuiExtAuxCheckAuxPath:682: Null anb
2026-05-05 19:37:58.942 27936-27972 GPUAUX                  com.newaura.app                      E  [AUX]GuiExtAuxCheckAuxPath:682: Null anb
2026-05-05 19:37:58.960 27936-27972 GPUAUX                  com.newaura.app                      E  [AUX]GuiExtAuxCheckAuxPath:682: Null anb
2026-05-05 19:37:58.973 27936-27936 AutofillManager         com.newaura.app                      V  requestHideFillUi(null): anchor = null
2026-05-05 19:37:58.977 27936-27972 GPUAUX                  com.newaura.app                      E  [AUX]GuiExtAuxCheckAuxPath:682: Null anb
2026-05-05 19:37:58.977 27936-27972 GPUAUX                  com.newaura.app                      E  [AUX]GuiExtAuxCheckAuxPath:682: Null anb
2026-05-05 19:37:58.991 27936-27972 GPUAUX                  com.newaura.app                      E  [AUX]GuiExtAuxCheckAuxPath:682: Null anb
2026-05-05 19:37:59.037 27936-28206 PowerHalMgrImpl         com.newaura.app                      I  hdl:403788, pid:27936 
2026-05-05 19:37:59.076 27936-27972 GPUAUX                  com.newaura.app                      E  [AUX]GuiExtAuxCheckAuxPath:682: Null anb
2026-05-05 19:37:59.093 27936-27972 GPUAUX                  com.newaura.app                      E  [AUX]GuiExtAuxCheckAuxPath:682: Null anb
2026-05-05 19:37:59.109 27936-27972 GPUAUX                  com.newaura.app                      E  [AUX]GuiExtAuxCheckAuxPath:682: Null anb
2026-05-05 19:37:59.125 27936-27972 GPUAUX                  com.newaura.app                      E  [AUX]GuiExtAuxCheckAuxPath:682: Null anb
2026-05-05 19:37:59.134 27936-27936 OplusViewD...ViewHelper com.newaura.app                      D  dispatchTouchView action = 1
2026-05-05 19:37:59.134 27936-27936 ScrollIdentify          com.newaura.app                      I  on fling
2026-05-05 19:37:59.135 27936-27936 ViewRootImplExtImpl     com.newaura.app                      D  the up motion event handled by client, just return
2026-05-05 19:37:59.141 27936-28206 PowerHalMgrImpl         com.newaura.app                      I  hdl:403791, pid:27936 
2026-05-05 19:37:59.144 27936-27972 GPUAUX                  com.newaura.app                      E  [AUX]GuiExtAuxCheckAuxPath:682: Null anb
2026-05-05 19:37:59.157 27936-27972 GPUAUX                  com.newaura.app                      E  [AUX]GuiExtAuxCheckAuxPath:682: Null anb
2026-05-05 19:37:59.174 27936-27972 GPUAUX                  com.newaura.app                      E  [AUX]GuiExtAuxCheckAuxPath:682: Null anb
2026-05-05 19:37:59.174 27936-27972 GPUAUX                  com.newaura.app                      E  [AUX]GuiExtAuxCheckAuxPath:682: Null anb
2026-05-05 19:37:59.190 27936-27972 GPUAUX                  com.newaura.app                      E  [AUX]GuiExtAuxCheckAuxPath:682: Null anb
2026-05-05 19:37:59.206 27936-27972 GPUAUX                  com.newaura.app                      E  [AUX]GuiExtAuxCheckAuxPath:682: Null anb
2026-05-05 19:37:59.212 27936-27972 QualityInfo             com.newaura.app                      I  anim_jank|cost:13879642|action:8|scene:1002
2026-05-05 19:37:59.241 27936-27972 GPUAUX                  com.newaura.app                      E  [AUX]GuiExtAuxCheckAuxPath:682: Null anb
2026-05-05 19:37:59.241 27936-27972 GPUAUX                  com.newaura.app                      E  [AUX]GuiExtAuxCheckAuxPath:682: Null anb
2026-05-05 19:37:59.257 27936-27972 GPUAUX                  com.newaura.app                      E  [AUX]GuiExtAuxCheckAuxPath:682: Null anb
2026-05-05 19:37:59.272 27936-27972 GPUAUX                  com.newaura.app                      E  [AUX]GuiExtAuxCheckAuxPath:682: Null anb
2026-05-05 19:37:59.289 27936-27972 GPUAUX                  com.newaura.app                      E  [AUX]GuiExtAuxCheckAuxPath:682: Null anb
2026-05-05 19:37:59.306 27936-27972 GPUAUX                  com.newaura.app                      E  [AUX]GuiExtAuxCheckAuxPath:682: Null anb
2026-05-05 19:37:59.306 27936-27972 GPUAUX                  com.newaura.app                      E  [AUX]GuiExtAuxCheckAuxPath:682: Null anb
2026-05-05 19:37:59.313 27936-27936 AutofillManager         com.newaura.app                      V  requestHideFillUi(null): anchor = null
2026-05-05 19:37:59.323 27936-27972 GPUAUX                  com.newaura.app                      E  [AUX]GuiExtAuxCheckAuxPath:682: Null anb
2026-05-05 19:37:59.339 27936-27972 GPUAUX                  com.newaura.app                      E  [AUX]GuiExtAuxCheckAuxPath:682: Null anb
2026-05-05 19:37:59.370 27936-28206 PowerHalMgrImpl         com.newaura.app                      I  hdl:403795, pid:27936 
2026-05-05 19:37:59.400 27936-27936 OplusViewD...ViewHelper com.newaura.app                      D  dispatchTouchView action = 1
2026-05-05 19:37:59.400 27936-27936 ScrollIdentify          com.newaura.app                      I  on fling
2026-05-05 19:37:59.400 27936-27936 ViewRootImplExtImpl     com.newaura.app                      D  the up motion event handled by client, just return
2026-05-05 19:37:59.408 27936-27972 GPUAUX                  com.newaura.app                      E  [AUX]GuiExtAuxCheckAuxPath:682: Null anb
2026-05-05 19:37:59.408 27936-27972 GPUAUX                  com.newaura.app                      E  [AUX]GuiExtAuxCheckAuxPath:682: Null anb
2026-05-05 19:37:59.422 27936-27972 GPUAUX                  com.newaura.app                      E  [AUX]GuiExtAuxCheckAuxPath:682: Null anb
2026-05-05 19:37:59.438 27936-27972 GPUAUX                  com.newaura.app                      E  [AUX]GuiExtAuxCheckAuxPath:682: Null anb
2026-05-05 19:37:59.438 27936-27972 GPUAUX                  com.newaura.app                      E  [AUX]GuiExtAuxCheckAuxPath:682: Null anb
2026-05-05 19:37:59.454 27936-27972 GPUAUX                  com.newaura.app                      E  [AUX]GuiExtAuxCheckAuxPath:682: Null anb
2026-05-05 19:37:59.454 27936-27972 GPUAUX                  com.newaura.app                      E  [AUX]GuiExtAuxCheckAuxPath:682: Null anb
2026-05-05 19:37:59.456 27936-28206 PowerHalMgrImpl         com.newaura.app                      I  hdl:403796, pid:27936 
2026-05-05 19:37:59.471 27936-27972 GPUAUX                  com.newaura.app                      E  [AUX]GuiExtAuxCheckAuxPath:682: Null anb
2026-05-05 19:37:59.475 27936-27972 QualityInfo             com.newaura.app                      I  anim_jank|cost:11251180|action:8|scene:1002
2026-05-05 19:37:59.487 27936-27972 GPUAUX                  com.newaura.app                      E  [AUX]GuiExtAuxCheckAuxPath:682: Null anb
2026-05-05 19:37:59.505 27936-27972 GPUAUX                  com.newaura.app                      E  [AUX]GuiExtAuxCheckAuxPath:682: Null anb
2026-05-05 19:38:00.346 27936-27936 AutofillManager         com.newaura.app                      V  requestHideFillUi(null): anchor = null
2026-05-05 19:38:00.370 27936-27936 OplusViewD...ViewHelper com.newaura.app                      D  dispatchTouchView action = 1
2026-05-05 19:38:00.371 27936-27936 ViewRootImplExtImpl     com.newaura.app                      D  the up motion event handled by client, just return
2026-05-05 19:38:00.657 27936-27972 GPUAUX                  com.newaura.app                      E  [AUX]GuiExtAuxCheckAuxPath:682: Null anb
2026-05-05 19:38:00.657 27936-27972 GPUAUX                  com.newaura.app                      E  [AUX]GuiExtAuxCheckAuxPath:682: Null anb
2026-05-05 19:38:00.657 27936-27972 GPUAUX                  com.newaura.app                      E  [AUX]GuiExtAuxCheckAuxPath:682: Null anb
2026-05-05 19:38:00.658 27936-27972 GPUAUX                  com.newaura.app                      E  [AUX]GuiExtAuxCheckAuxPath:682: Null anb
2026-05-05 19:38:00.658 27936-27972 GPUAUX                  com.newaura.app                      E  [AUX]GuiExtAuxCheckAuxPath:682: Null anb
2026-05-05 19:38:00.658 27936-27972 GPUAUX                  com.newaura.app                      E  [AUX]GuiExtAuxCheckAuxPath:682: Null anb
2026-05-05 19:38:00.659 27936-27972 GPUAUX                  com.newaura.app                      E  [AUX]GuiExtAuxCheckAuxPath:682: Null anb
2026-05-05 19:38:00.660 27936-27972 GPUAUX                  com.newaura.app                      E  [AUX]GuiExtAuxCheckAuxPath:682: Null anb
2026-05-05 19:38:00.660 27936-27972 GPUAUX                  com.newaura.app                      E  [AUX]GuiExtAuxCheckAuxPath:682: Null anb
2026-05-05 19:38:00.660 27936-27972 GPUAUX                  com.newaura.app                      E  [AUX]GuiExtAuxCheckAuxPath:682: Null anb
2026-05-05 19:38:00.660 27936-27972 GPUAUX                  com.newaura.app                      E  [AUX]GuiExtAuxCheckAuxPath:682: Null anb
2026-05-05 19:38:00.660 27936-27972 GPUAUX                  com.newaura.app                      E  [AUX]GuiExtAuxCheckAuxPath:682: Null anb
2026-05-05 19:38:00.660 27936-27972 GPUAUX                  com.newaura.app                      E  [AUX]GuiExtAuxCheckAuxPath:682: Null anb
2026-05-05 19:38:00.660 27936-27972 GPUAUX                  com.newaura.app                      E  [AUX]GuiExtAuxCheckAuxPath:682: Null anb
2026-05-05 19:38:00.660 27936-27972 GPUAUX                  com.newaura.app                      E  [AUX]GuiExtAuxCheckAuxPath:682: Null anb
2026-05-05 19:38:00.660 27936-27972 GPUAUX                  com.newaura.app                      E  [AUX]GuiExtAuxCheckAuxPath:682: Null anb
2026-05-05 19:38:00.671 27936-27936 AutofillManager         com.newaura.app                      V  ignoring notifyViewEntered(flags=0, view=1073741824:i262145) on state FINISHED because view was already entered: {1073741824:i65536, 1073741824:i65537, 1073741824:i131072, 1073741824:i196608, 1073741824:i262145}
2026-05-05 19:38:00.671 27936-27936 AutofillManager         com.newaura.app                      V  notifyValueChanged(1073741824:262145): ignoring on state FINISHED
2026-05-05 19:38:00.672 27936-27972 GPUAUX                  com.newaura.app                      E  [AUX]GuiExtAuxCheckAuxPath:682: Null anb
2026-05-05 19:38:00.673 27936-27972 GPUAUX                  com.newaura.app                      E  [AUX]GuiExtAuxCheckAuxPath:682: Null anb
2026-05-05 19:38:00.678 27936-27936 ImeTracker              com.newaura.app                      I  com.newaura.app:db942fe: onRequestShow at ORIGIN_CLIENT reason SHOW_SOFT_INPUT fromUser false
2026-05-05 19:38:00.679 27936-27936 InsetsController        com.newaura.app                      D  show(ime(), fromIme=false)
2026-05-05 19:38:00.679 27936-27936 InsetsController        com.newaura.app                      D  Setting requestedVisibleTypes to -1 (was -9)
2026-05-05 19:38:00.699 27936-27972 GPUAUX                  com.newaura.app                      E  [AUX]GuiExtAuxCheckAuxPath:682: Null anb
2026-05-05 19:38:00.699 27936-27972 GPUAUX                  com.newaura.app                      E  [AUX]GuiExtAuxCheckAuxPath:682: Null anb
2026-05-05 19:38:00.699 27936-27972 GPUAUX                  com.newaura.app                      E  [AUX]GuiExtAuxCheckAuxPath:682: Null anb
2026-05-05 19:38:00.743 27936-27936 VRI[MainActivity]       com.newaura.app                      W  handleResized abandoned!
2026-05-05 19:38:00.745 27936-27972 GPUAUX                  com.newaura.app                      E  [AUX]GuiExtAuxCheckAuxPath:682: Null anb
2026-05-05 19:38:00.746 27936-27972 GPUAUX                  com.newaura.app                      E  [AUX]GuiExtAuxCheckAuxPath:682: Null anb
2026-05-05 19:38:00.746 27936-27972 GPUAUX                  com.newaura.app                      E  [AUX]GuiExtAuxCheckAuxPath:682: Null anb
2026-05-05 19:38:00.760 27936-27972 GPUAUX                  com.newaura.app                      E  [AUX]GuiExtAuxCheckAuxPath:682: Null anb
2026-05-05 19:38:00.760 27936-27972 GPUAUX                  com.newaura.app                      E  [AUX]GuiExtAuxCheckAuxPath:682: Null anb
2026-05-05 19:38:00.783 27936-27972 GPUAUX                  com.newaura.app                      E  [AUX]GuiExtAuxCheckAuxPath:682: Null anb
2026-05-05 19:38:00.783 27936-27972 GPUAUX                  com.newaura.app                      E  [AUX]GuiExtAuxCheckAuxPath:682: Null anb
2026-05-05 19:38:00.807 27936-27972 GPUAUX                  com.newaura.app                      E  [AUX]GuiExtAuxCheckAuxPath:682: Null anb
2026-05-05 19:38:00.807 27936-27972 GPUAUX                  com.newaura.app                      E  [AUX]GuiExtAuxCheckAuxPath:682: Null anb
2026-05-05 19:38:00.835 27936-27936 VRI[MainActivity]       com.newaura.app                      W  handleResized abandoned!
2026-05-05 19:38:00.857 27936-27972 GPUAUX                  com.newaura.app                      E  [AUX]GuiExtAuxCheckAuxPath:682: Null anb
2026-05-05 19:38:00.857 27936-27972 GPUAUX                  com.newaura.app                      E  [AUX]GuiExtAuxCheckAuxPath:682: Null anb
2026-05-05 19:38:00.858 27936-27972 GPUAUX                  com.newaura.app                      E  [AUX]GuiExtAuxCheckAuxPath:682: Null anb
2026-05-05 19:38:00.880 27936-27972 GPUAUX                  com.newaura.app                      E  [AUX]GuiExtAuxCheckAuxPath:682: Null anb
2026-05-05 19:38:00.880 27936-27972 GPUAUX                  com.newaura.app                      E  [AUX]GuiExtAuxCheckAuxPath:682: Null anb
2026-05-05 19:38:00.901 27936-27972 GPUAUX                  com.newaura.app                      E  [AUX]GuiExtAuxCheckAuxPath:682: Null anb
2026-05-05 19:38:00.901 27936-27972 GPUAUX                  com.newaura.app                      E  [AUX]GuiExtAuxCheckAuxPath:682: Null anb
2026-05-05 19:38:00.904 27936-27936 VRI[MainActivity]       com.newaura.app                      W  handleResized abandoned!
2026-05-05 19:38:00.965 27936-27972 GPUAUX                  com.newaura.app                      E  [AUX]GuiExtAuxCheckAuxPath:682: Null anb
2026-05-05 19:38:00.966 27936-27972 GPUAUX                  com.newaura.app                      E  [AUX]GuiExtAuxCheckAuxPath:682: Null anb
2026-05-05 19:38:00.966 27936-27972 GPUAUX                  com.newaura.app                      E  [AUX]GuiExtAuxCheckAuxPath:682: Null anb
2026-05-05 19:38:00.977 27936-27972 GPUAUX                  com.newaura.app                      E  [AUX]GuiExtAuxCheckAuxPath:682: Null anb
2026-05-05 19:38:00.977 27936-27972 GPUAUX                  com.newaura.app                      E  [AUX]GuiExtAuxCheckAuxPath:682: Null anb
2026-05-05 19:38:00.977 27936-27972 GPUAUX                  com.newaura.app                      E  [AUX]GuiExtAuxCheckAuxPath:682: Null anb
2026-05-05 19:38:00.977 27936-27972 GPUAUX                  com.newaura.app                      E  [AUX]GuiExtAuxCheckAuxPath:682: Null anb
2026-05-05 19:38:00.977 27936-27972 GPUAUX                  com.newaura.app                      E  [AUX]GuiExtAuxCheckAuxPath:682: Null anb
2026-05-05 19:38:00.978 27936-27972 GPUAUX                  com.newaura.app                      E  [AUX]GuiExtAuxCheckAuxPath:682: Null anb
2026-05-05 19:38:00.978 27936-27972 GPUAUX                  com.newaura.app                      E  [AUX]GuiExtAuxCheckAuxPath:682: Null anb
2026-05-05 19:38:01.032 27936-27972 GPUAUX                  com.newaura.app                      E  [AUX]GuiExtAuxCheckAuxPath:682: Null anb
2026-05-05 19:38:01.032 27936-27972 GPUAUX                  com.newaura.app                      E  [AUX]GuiExtAuxCheckAuxPath:682: Null anb
2026-05-05 19:38:01.032 27936-27972 GPUAUX                  com.newaura.app                      E  [AUX]GuiExtAuxCheckAuxPath:682: Null anb
2026-05-05 19:38:01.050 27936-27972 GPUAUX                  com.newaura.app                      E  [AUX]GuiExtAuxCheckAuxPath:682: Null anb
2026-05-05 19:38:01.050 27936-27972 GPUAUX                  com.newaura.app                      E  [AUX]GuiExtAuxCheckAuxPath:682: Null anb
2026-05-05 19:38:01.050 27936-27972 GPUAUX                  com.newaura.app                      E  [AUX]GuiExtAuxCheckAuxPath:682: Null anb
2026-05-05 19:38:01.050 27936-27972 GPUAUX                  com.newaura.app                      E  [AUX]GuiExtAuxCheckAuxPath:682: Null anb
2026-05-05 19:38:01.051 27936-27972 GPUAUX                  com.newaura.app                      E  [AUX]GuiExtAuxCheckAuxPath:682: Null anb
2026-05-05 19:38:01.051 27936-27972 GPUAUX                  com.newaura.app                      E  [AUX]GuiExtAuxCheckAuxPath:682: Null anb
2026-05-05 19:38:01.051 27936-27972 GPUAUX                  com.newaura.app                      E  [AUX]GuiExtAuxCheckAuxPath:682: Null anb
2026-05-05 19:38:01.051 27936-27972 GPUAUX                  com.newaura.app                      E  [AUX]GuiExtAuxCheckAuxPath:682: Null anb
2026-05-05 19:38:01.051 27936-27972 GPUAUX                  com.newaura.app                      E  [AUX]GuiExtAuxCheckAuxPath:682: Null anb
2026-05-05 19:38:01.070 27936-27972 GPUAUX                  com.newaura.app                      E  [AUX]GuiExtAuxCheckAuxPath:682: Null anb
2026-05-05 19:38:01.071 27936-27972 GPUAUX                  com.newaura.app                      E  [AUX]GuiExtAuxCheckAuxPath:682: Null anb
2026-05-05 19:38:01.071 27936-27972 GPUAUX                  com.newaura.app                      E  [AUX]GuiExtAuxCheckAuxPath:682: Null anb
2026-05-05 19:38:01.077 27936-27972 GPUAUX                  com.newaura.app                      E  [AUX]GuiExtAuxCheckAuxPath:682: Null anb
2026-05-05 19:38:01.077 27936-27972 GPUAUX                  com.newaura.app                      E  [AUX]GuiExtAuxCheckAuxPath:682: Null anb
2026-05-05 19:38:01.078 27936-27972 GPUAUX                  com.newaura.app                      E  [AUX]GuiExtAuxCheckAuxPath:682: Null anb
2026-05-05 19:38:01.078 27936-27972 GPUAUX                  com.newaura.app                      E  [AUX]GuiExtAuxCheckAuxPath:682: Null anb
2026-05-05 19:38:01.078 27936-27972 GPUAUX                  com.newaura.app                      E  [AUX]GuiExtAuxCheckAuxPath:682: Null anb
2026-05-05 19:38:01.107 27936-27972 GPUAUX                  com.newaura.app                      E  [AUX]GuiExtAuxCheckAuxPath:682: Null anb
2026-05-05 19:38:01.107 27936-27972 GPUAUX                  com.newaura.app                      E  [AUX]GuiExtAuxCheckAuxPath:682: Null anb
2026-05-05 19:38:01.107 27936-27972 GPUAUX                  com.newaura.app                      E  [AUX]GuiExtAuxCheckAuxPath:682: Null anb
2026-05-05 19:38:01.107 27936-27972 GPUAUX                  com.newaura.app                      E  [AUX]GuiExtAuxCheckAuxPath:682: Null anb
2026-05-05 19:38:01.107 27936-27972 GPUAUX                  com.newaura.app                      E  [AUX]GuiExtAuxCheckAuxPath:682: Null anb
2026-05-05 19:38:01.128 27936-27972 GPUAUX                  com.newaura.app                      E  [AUX]GuiExtAuxCheckAuxPath:682: Null anb
2026-05-05 19:38:01.128 27936-27972 GPUAUX                  com.newaura.app                      E  [AUX]GuiExtAuxCheckAuxPath:682: Null anb
2026-05-05 19:38:01.128 27936-27972 GPUAUX                  com.newaura.app                      E  [AUX]GuiExtAuxCheckAuxPath:682: Null anb
2026-05-05 19:38:01.128 27936-27972 GPUAUX                  com.newaura.app                      E  [AUX]GuiExtAuxCheckAuxPath:682: Null anb
2026-05-05 19:38:01.128 27936-27972 GPUAUX                  com.newaura.app                      E  [AUX]GuiExtAuxCheckAuxPath:682: Null anb
2026-05-05 19:38:01.140 27936-27972 GPUAUX                  com.newaura.app                      E  [AUX]GuiExtAuxCheckAuxPath:682: Null anb
2026-05-05 19:38:01.140 27936-27972 GPUAUX                  com.newaura.app                      E  [AUX]GuiExtAuxCheckAuxPath:682: Null anb
2026-05-05 19:38:01.140 27936-27972 GPUAUX                  com.newaura.app                      E  [AUX]GuiExtAuxCheckAuxPath:682: Null anb
2026-05-05 19:38:01.141 27936-27972 GPUAUX                  com.newaura.app                      E  [AUX]GuiExtAuxCheckAuxPath:682: Null anb
2026-05-05 19:38:01.141 27936-27972 GPUAUX                  com.newaura.app                      E  [AUX]GuiExtAuxCheckAuxPath:682: Null anb
2026-05-05 19:38:01.153 27936-27972 GPUAUX                  com.newaura.app                      E  [AUX]GuiExtAuxCheckAuxPath:682: Null anb
2026-05-05 19:38:01.153 27936-27972 GPUAUX                  com.newaura.app                      E  [AUX]GuiExtAuxCheckAuxPath:682: Null anb
2026-05-05 19:38:01.153 27936-27972 GPUAUX                  com.newaura.app                      E  [AUX]GuiExtAuxCheckAuxPath:682: Null anb
2026-05-05 19:38:01.153 27936-27972 GPUAUX                  com.newaura.app                      E  [AUX]GuiExtAuxCheckAuxPath:682: Null anb
2026-05-05 19:38:01.153 27936-27972 GPUAUX                  com.newaura.app                      E  [AUX]GuiExtAuxCheckAuxPath:682: Null anb
2026-05-05 19:38:01.169 27936-27972 GPUAUX                  com.newaura.app                      E  [AUX]GuiExtAuxCheckAuxPath:682: Null anb
2026-05-05 19:38:01.169 27936-27972 GPUAUX                  com.newaura.app                      E  [AUX]GuiExtAuxCheckAuxPath:682: Null anb
2026-05-05 19:38:01.169 27936-27972 GPUAUX                  com.newaura.app                      E  [AUX]GuiExtAuxCheckAuxPath:682: Null anb
2026-05-05 19:38:01.169 27936-27972 GPUAUX                  com.newaura.app                      E  [AUX]GuiExtAuxCheckAuxPath:682: Null anb
2026-05-05 19:38:01.169 27936-27972 GPUAUX                  com.newaura.app                      E  [AUX]GuiExtAuxCheckAuxPath:682: Null anb
2026-05-05 19:38:01.180 27936-27936 ImeTracker              com.newaura.app                      I  com.newaura.app:db942fe: onShown
2026-05-05 19:38:01.185 27936-27972 GPUAUX                  com.newaura.app                      E  [AUX]GuiExtAuxCheckAuxPath:682: Null anb
2026-05-05 19:38:01.185 27936-27972 GPUAUX                  com.newaura.app                      E  [AUX]GuiExtAuxCheckAuxPath:682: Null anb
2026-05-05 19:38:01.185 27936-27972 GPUAUX                  com.newaura.app                      E  [AUX]GuiExtAuxCheckAuxPath:682: Null anb
2026-05-05 19:38:01.185 27936-27972 GPUAUX                  com.newaura.app                      E  [AUX]GuiExtAuxCheckAuxPath:682: Null anb
2026-05-05 19:38:01.185 27936-27972 GPUAUX                  com.newaura.app                      E  [AUX]GuiExtAuxCheckAuxPath:682: Null anb
2026-05-05 19:38:01.185 27936-27972 GPUAUX                  com.newaura.app                      E  [AUX]GuiExtAuxCheckAuxPath:682: Null anb
2026-05-05 19:38:01.203 27936-27972 GPUAUX                  com.newaura.app                      E  [AUX]GuiExtAuxCheckAuxPath:682: Null anb
2026-05-05 19:38:01.203 27936-27972 GPUAUX                  com.newaura.app                      E  [AUX]GuiExtAuxCheckAuxPath:682: Null anb
2026-05-05 19:38:01.203 27936-27972 GPUAUX                  com.newaura.app                      E  [AUX]GuiExtAuxCheckAuxPath:682: Null anb
2026-05-05 19:38:01.203 27936-27972 GPUAUX                  com.newaura.app                      E  [AUX]GuiExtAuxCheckAuxPath:682: Null anb
2026-05-05 19:38:01.203 27936-27972 GPUAUX                  com.newaura.app                      E  [AUX]GuiExtAuxCheckAuxPath:682: Null anb
2026-05-05 19:38:01.203 27936-27972 GPUAUX                  com.newaura.app                      E  [AUX]GuiExtAuxCheckAuxPath:682: Null anb
2026-05-05 19:38:01.203 27936-27972 GPUAUX                  com.newaura.app                      E  [AUX]GuiExtAuxCheckAuxPath:682: Null anb
2026-05-05 19:38:01.218 27936-27972 GPUAUX                  com.newaura.app                      E  [AUX]GuiExtAuxCheckAuxPath:682: Null anb
2026-05-05 19:38:01.218 27936-27972 GPUAUX                  com.newaura.app                      E  [AUX]GuiExtAuxCheckAuxPath:682: Null anb
2026-05-05 19:38:01.218 27936-27972 GPUAUX                  com.newaura.app                      E  [AUX]GuiExtAuxCheckAuxPath:682: Null anb
2026-05-05 19:38:01.218 27936-27972 GPUAUX                  com.newaura.app                      E  [AUX]GuiExtAuxCheckAuxPath:682: Null anb
2026-05-05 19:38:01.218 27936-27972 GPUAUX                  com.newaura.app                      E  [AUX]GuiExtAuxCheckAuxPath:682: Null anb
2026-05-05 19:38:01.235 27936-27972 GPUAUX                  com.newaura.app                      E  [AUX]GuiExtAuxCheckAuxPath:682: Null anb
2026-05-05 19:38:01.235 27936-27972 GPUAUX                  com.newaura.app                      E  [AUX]GuiExtAuxCheckAuxPath:682: Null anb
2026-05-05 19:38:01.235 27936-27972 GPUAUX                  com.newaura.app                      E  [AUX]GuiExtAuxCheckAuxPath:682: Null anb
2026-05-05 19:38:01.235 27936-27972 GPUAUX                  com.newaura.app                      E  [AUX]GuiExtAuxCheckAuxPath:682: Null anb
2026-05-05 19:38:01.235 27936-27972 GPUAUX                  com.newaura.app                      E  [AUX]GuiExtAuxCheckAuxPath:682: Null anb
2026-05-05 19:38:01.253 27936-27972 GPUAUX                  com.newaura.app                      E  [AUX]GuiExtAuxCheckAuxPath:682: Null anb
2026-05-05 19:38:01.253 27936-27972 GPUAUX                  com.newaura.app                      E  [AUX]GuiExtAuxCheckAuxPath:682: Null anb
2026-05-05 19:38:01.253 27936-27972 GPUAUX                  com.newaura.app                      E  [AUX]GuiExtAuxCheckAuxPath:682: Null anb
2026-05-05 19:38:01.253 27936-27972 GPUAUX                  com.newaura.app                      E  [AUX]GuiExtAuxCheckAuxPath:682: Null anb
2026-05-05 19:38:01.253 27936-27972 GPUAUX                  com.newaura.app                      E  [AUX]GuiExtAuxCheckAuxPath:682: Null anb
2026-05-05 19:38:01.269 27936-27972 GPUAUX                  com.newaura.app                      E  [AUX]GuiExtAuxCheckAuxPath:682: Null anb
2026-05-05 19:38:01.269 27936-27972 GPUAUX                  com.newaura.app                      E  [AUX]GuiExtAuxCheckAuxPath:682: Null anb
2026-05-05 19:38:01.269 27936-27972 GPUAUX                  com.newaura.app                      E  [AUX]GuiExtAuxCheckAuxPath:682: Null anb
2026-05-05 19:38:01.269 27936-27972 GPUAUX                  com.newaura.app                      E  [AUX]GuiExtAuxCheckAuxPath:682: Null anb
2026-05-05 19:38:01.269 27936-27972 GPUAUX                  com.newaura.app                      E  [AUX]GuiExtAuxCheckAuxPath:682: Null anb
2026-05-05 19:38:01.284 27936-27972 GPUAUX                  com.newaura.app                      E  [AUX]GuiExtAuxCheckAuxPath:682: Null anb
2026-05-05 19:38:01.284 27936-27972 GPUAUX                  com.newaura.app                      E  [AUX]GuiExtAuxCheckAuxPath:682: Null anb
2026-05-05 19:38:01.284 27936-27972 GPUAUX                  com.newaura.app                      E  [AUX]GuiExtAuxCheckAuxPath:682: Null anb
2026-05-05 19:38:01.284 27936-27972 GPUAUX                  com.newaura.app                      E  [AUX]GuiExtAuxCheckAuxPath:682: Null anb
2026-05-05 19:38:01.284 27936-27972 GPUAUX                  com.newaura.app                      E  [AUX]GuiExtAuxCheckAuxPath:682: Null anb
2026-05-05 19:38:01.301 27936-27972 GPUAUX                  com.newaura.app                      E  [AUX]GuiExtAuxCheckAuxPath:682: Null anb
2026-05-05 19:38:01.301 27936-27972 GPUAUX                  com.newaura.app                      E  [AUX]GuiExtAuxCheckAuxPath:682: Null anb
2026-05-05 19:38:01.301 27936-27972 GPUAUX                  com.newaura.app                      E  [AUX]GuiExtAuxCheckAuxPath:682: Null anb
2026-05-05 19:38:01.301 27936-27972 GPUAUX                  com.newaura.app                      E  [AUX]GuiExtAuxCheckAuxPath:682: Null anb
2026-05-05 19:38:01.302 27936-27972 GPUAUX                  com.newaura.app                      E  [AUX]GuiExtAuxCheckAuxPath:682: Null anb
2026-05-05 19:38:01.318 27936-27972 GPUAUX                  com.newaura.app                      E  [AUX]GuiExtAuxCheckAuxPath:682: Null anb
2026-05-05 19:38:01.318 27936-27972 GPUAUX                  com.newaura.app                      E  [AUX]GuiExtAuxCheckAuxPath:682: Null anb
2026-05-05 19:38:01.318 27936-27972 GPUAUX                  com.newaura.app                      E  [AUX]GuiExtAuxCheckAuxPath:682: Null anb
2026-05-05 19:38:01.319 27936-27972 GPUAUX                  com.newaura.app                      E  [AUX]GuiExtAuxCheckAuxPath:682: Null anb
2026-05-05 19:38:01.319 27936-27972 GPUAUX                  com.newaura.app                      E  [AUX]GuiExtAuxCheckAuxPath:682: Null anb
2026-05-05 19:38:01.320 27936-27972 GPUAUX                  com.newaura.app                      E  [AUX]GuiExtAuxCheckAuxPath:682: Null anb
2026-05-05 19:38:01.339 27936-27972 GPUAUX                  com.newaura.app                      E  [AUX]GuiExtAuxCheckAuxPath:682: Null anb
2026-05-05 19:38:01.339 27936-27972 GPUAUX                  com.newaura.app                      E  [AUX]GuiExtAuxCheckAuxPath:682: Null anb
2026-05-05 19:38:01.339 27936-27972 GPUAUX                  com.newaura.app                      E  [AUX]GuiExtAuxCheckAuxPath:682: Null anb
2026-05-05 19:38:01.339 27936-27972 GPUAUX                  com.newaura.app                      E  [AUX]GuiExtAuxCheckAuxPath:682: Null anb
2026-05-05 19:38:01.339 27936-27972 GPUAUX                  com.newaura.app                      E  [AUX]GuiExtAuxCheckAuxPath:682: Null anb
2026-05-05 19:38:01.340 27936-27972 GPUAUX                  com.newaura.app                      E  [AUX]GuiExtAuxCheckAuxPath:682: Null anb
2026-05-05 19:38:01.360 27936-27972 GPUAUX                  com.newaura.app                      E  [AUX]GuiExtAuxCheckAuxPath:682: Null anb
2026-05-05 19:38:01.360 27936-27972 GPUAUX                  com.newaura.app                      E  [AUX]GuiExtAuxCheckAuxPath:682: Null anb
2026-05-05 19:38:01.360 27936-27972 GPUAUX                  com.newaura.app                      E  [AUX]GuiExtAuxCheckAuxPath:682: Null anb
2026-05-05 19:38:01.360 27936-27972 GPUAUX                  com.newaura.app                      E  [AUX]GuiExtAuxCheckAuxPath:682: Null anb
2026-05-05 19:38:01.360 27936-27972 GPUAUX                  com.newaura.app                      E  [AUX]GuiExtAuxCheckAuxPath:682: Null anb
2026-05-05 19:38:01.360 27936-27972 GPUAUX                  com.newaura.app                      E  [AUX]GuiExtAuxCheckAuxPath:682: Null anb
2026-05-05 19:38:01.373 27936-27972 GPUAUX                  com.newaura.app                      E  [AUX]GuiExtAuxCheckAuxPath:682: Null anb
2026-05-05 19:38:01.373 27936-27972 GPUAUX                  com.newaura.app                      E  [AUX]GuiExtAuxCheckAuxPath:682: Null anb
2026-05-05 19:38:01.373 27936-27972 GPUAUX                  com.newaura.app                      E  [AUX]GuiExtAuxCheckAuxPath:682: Null anb
2026-05-05 19:38:01.373 27936-27972 GPUAUX                  com.newaura.app                      E  [AUX]GuiExtAuxCheckAuxPath:682: Null anb
2026-05-05 19:38:01.374 27936-27972 GPUAUX                  com.newaura.app                      E  [AUX]GuiExtAuxCheckAuxPath:682: Null anb
2026-05-05 19:38:01.386 27936-27972 GPUAUX                  com.newaura.app                      E  [AUX]GuiExtAuxCheckAuxPath:682: Null anb
2026-05-05 19:38:01.386 27936-27972 GPUAUX                  com.newaura.app                      E  [AUX]GuiExtAuxCheckAuxPath:682: Null anb
2026-05-05 19:38:01.386 27936-27972 GPUAUX                  com.newaura.app                      E  [AUX]GuiExtAuxCheckAuxPath:682: Null anb
2026-05-05 19:38:01.386 27936-27972 GPUAUX                  com.newaura.app                      E  [AUX]GuiExtAuxCheckAuxPath:682: Null anb
2026-05-05 19:38:01.407 27936-27972 GPUAUX                  com.newaura.app                      E  [AUX]GuiExtAuxCheckAuxPath:682: Null anb
2026-05-05 19:38:01.408 27936-27972 GPUAUX                  com.newaura.app                      E  [AUX]GuiExtAuxCheckAuxPath:682: Null anb
2026-05-05 19:38:01.408 27936-27972 GPUAUX                  com.newaura.app                      E  [AUX]GuiExtAuxCheckAuxPath:682: Null anb
2026-05-05 19:38:01.408 27936-27972 GPUAUX                  com.newaura.app                      E  [AUX]GuiExtAuxCheckAuxPath:682: Null anb
2026-05-05 19:38:01.422 27936-27972 GPUAUX                  com.newaura.app                      E  [AUX]GuiExtAuxCheckAuxPath:682: Null anb
2026-05-05 19:38:01.422 27936-27972 GPUAUX                  com.newaura.app                      E  [AUX]GuiExtAuxCheckAuxPath:682: Null anb
2026-05-05 19:38:01.422 27936-27972 GPUAUX                  com.newaura.app                      E  [AUX]GuiExtAuxCheckAuxPath:682: Null anb
2026-05-05 19:38:01.422 27936-27972 GPUAUX                  com.newaura.app                      E  [AUX]GuiExtAuxCheckAuxPath:682: Null anb
2026-05-05 19:38:01.436 27936-27972 GPUAUX                  com.newaura.app                      E  [AUX]GuiExtAuxCheckAuxPath:682: Null anb
2026-05-05 19:38:01.436 27936-27972 GPUAUX                  com.newaura.app                      E  [AUX]GuiExtAuxCheckAuxPath:682: Null anb
2026-05-05 19:38:01.436 27936-27972 GPUAUX                  com.newaura.app                      E  [AUX]GuiExtAuxCheckAuxPath:682: Null anb
2026-05-05 19:38:01.436 27936-27972 GPUAUX                  com.newaura.app                      E  [AUX]GuiExtAuxCheckAuxPath:682: Null anb
2026-05-05 19:38:01.454 27936-27972 GPUAUX                  com.newaura.app                      E  [AUX]GuiExtAuxCheckAuxPath:682: Null anb
2026-05-05 19:38:01.455 27936-27972 GPUAUX                  com.newaura.app                      E  [AUX]GuiExtAuxCheckAuxPath:682: Null anb
2026-05-05 19:38:01.455 27936-27972 GPUAUX                  com.newaura.app                      E  [AUX]GuiExtAuxCheckAuxPath:682: Null anb
2026-05-05 19:38:01.455 27936-27972 GPUAUX                  com.newaura.app                      E  [AUX]GuiExtAuxCheckAuxPath:682: Null anb
2026-05-05 19:38:01.471 27936-27972 GPUAUX                  com.newaura.app                      E  [AUX]GuiExtAuxCheckAuxPath:682: Null anb
2026-05-05 19:38:01.471 27936-27972 GPUAUX                  com.newaura.app                      E  [AUX]GuiExtAuxCheckAuxPath:682: Null anb
2026-05-05 19:38:01.471 27936-27972 GPUAUX                  com.newaura.app                      E  [AUX]GuiExtAuxCheckAuxPath:682: Null anb
2026-05-05 19:38:01.471 27936-27972 GPUAUX                  com.newaura.app                      E  [AUX]GuiExtAuxCheckAuxPath:682: Null anb
2026-05-05 19:38:01.491 27936-27972 GPUAUX                  com.newaura.app                      E  [AUX]GuiExtAuxCheckAuxPath:682: Null anb
2026-05-05 19:38:01.491 27936-27972 GPUAUX                  com.newaura.app                      E  [AUX]GuiExtAuxCheckAuxPath:682: Null anb
2026-05-05 19:38:01.491 27936-27972 GPUAUX                  com.newaura.app                      E  [AUX]GuiExtAuxCheckAuxPath:682: Null anb
2026-05-05 19:38:01.491 27936-27972 GPUAUX                  com.newaura.app                      E  [AUX]GuiExtAuxCheckAuxPath:682: Null anb
2026-05-05 19:38:01.506 27936-27972 GPUAUX                  com.newaura.app                      E  [AUX]GuiExtAuxCheckAuxPath:682: Null anb
2026-05-05 19:38:01.506 27936-27972 GPUAUX                  com.newaura.app                      E  [AUX]GuiExtAuxCheckAuxPath:682: Null anb
2026-05-05 19:38:01.506 27936-27972 GPUAUX                  com.newaura.app                      E  [AUX]GuiExtAuxCheckAuxPath:682: Null anb
2026-05-05 19:38:01.506 27936-27972 GPUAUX                  com.newaura.app                      E  [AUX]GuiExtAuxCheckAuxPath:682: Null anb
2026-05-05 19:38:01.521 27936-27972 GPUAUX                  com.newaura.app                      E  [AUX]GuiExtAuxCheckAuxPath:682: Null anb
2026-05-05 19:38:01.521 27936-27972 GPUAUX                  com.newaura.app                      E  [AUX]GuiExtAuxCheckAuxPath:682: Null anb
2026-05-05 19:38:01.521 27936-27972 GPUAUX                  com.newaura.app                      E  [AUX]GuiExtAuxCheckAuxPath:682: Null anb
2026-05-05 19:38:01.521 27936-27972 GPUAUX                  com.newaura.app                      E  [AUX]GuiExtAuxCheckAuxPath:682: Null anb
2026-05-05 19:38:01.534 27936-27972 GPUAUX                  com.newaura.app                      E  [AUX]GuiExtAuxCheckAuxPath:682: Null anb
2026-05-05 19:38:01.534 27936-27972 GPUAUX                  com.newaura.app                      E  [AUX]GuiExtAuxCheckAuxPath:682: Null anb
2026-05-05 19:38:01.534 27936-27972 GPUAUX                  com.newaura.app                      E  [AUX]GuiExtAuxCheckAuxPath:682: Null anb
2026-05-05 19:38:01.534 27936-27972 GPUAUX                  com.newaura.app                      E  [AUX]GuiExtAuxCheckAuxPath:682: Null anb
2026-05-05 19:38:01.553 27936-27972 GPUAUX                  com.newaura.app                      E  [AUX]GuiExtAuxCheckAuxPath:682: Null anb
2026-05-05 19:38:01.553 27936-27972 GPUAUX                  com.newaura.app                      E  [AUX]GuiExtAuxCheckAuxPath:682: Null anb
2026-05-05 19:38:01.553 27936-27972 GPUAUX                  com.newaura.app                      E  [AUX]GuiExtAuxCheckAuxPath:682: Null anb
2026-05-05 19:38:01.553 27936-27972 GPUAUX                  com.newaura.app                      E  [AUX]GuiExtAuxCheckAuxPath:682: Null anb
2026-05-05 19:38:01.651 27936-27972 GPUAUX                  com.newaura.app                      E  [AUX]GuiExtAuxCheckAuxPath:682: Null anb
2026-05-05 19:38:01.651 27936-27972 GPUAUX                  com.newaura.app                      E  [AUX]GuiExtAuxCheckAuxPath:682: Null anb
2026-05-05 19:38:01.651 27936-27972 GPUAUX                  com.newaura.app                      E  [AUX]GuiExtAuxCheckAuxPath:682: Null anb
2026-05-05 19:38:01.651 27936-27972 GPUAUX                  com.newaura.app                      E  [AUX]GuiExtAuxCheckAuxPath:682: Null anb
2026-05-05 19:38:01.667 27936-27972 GPUAUX                  com.newaura.app                      E  [AUX]GuiExtAuxCheckAuxPath:682: Null anb
2026-05-05 19:38:01.667 27936-27972 GPUAUX                  com.newaura.app                      E  [AUX]GuiExtAuxCheckAuxPath:682: Null anb
2026-05-05 19:38:01.667 27936-27972 GPUAUX                  com.newaura.app                      E  [AUX]GuiExtAuxCheckAuxPath:682: Null anb
2026-05-05 19:38:01.667 27936-27972 GPUAUX                  com.newaura.app                      E  [AUX]GuiExtAuxCheckAuxPath:682: Null anb
2026-05-05 19:38:01.685 27936-27972 GPUAUX                  com.newaura.app                      E  [AUX]GuiExtAuxCheckAuxPath:682: Null anb
2026-05-05 19:38:01.685 27936-27972 GPUAUX                  com.newaura.app                      E  [AUX]GuiExtAuxCheckAuxPath:682: Null anb
2026-05-05 19:38:01.685 27936-27972 GPUAUX                  com.newaura.app                      E  [AUX]GuiExtAuxCheckAuxPath:682: Null anb
2026-05-05 19:38:01.685 27936-27972 GPUAUX                  com.newaura.app                      E  [AUX]GuiExtAuxCheckAuxPath:682: Null anb
2026-05-05 19:38:01.701 27936-27972 GPUAUX                  com.newaura.app                      E  [AUX]GuiExtAuxCheckAuxPath:682: Null anb
2026-05-05 19:38:01.701 27936-27972 GPUAUX                  com.newaura.app                      E  [AUX]GuiExtAuxCheckAuxPath:682: Null anb
2026-05-05 19:38:01.701 27936-27972 GPUAUX                  com.newaura.app                      E  [AUX]GuiExtAuxCheckAuxPath:682: Null anb
2026-05-05 19:38:01.944 27936-27936 AutofillManager         com.newaura.app                      V  notifyViewExited(1073741824, 262145
2026-05-05 19:38:01.945 27936-27936 AutofillManager         com.newaura.app                      V  ignoring notifyViewEntered(flags=0, view=1073741824:i262145) on state FINISHED because view was already entered: {1073741824:i65536, 1073741824:i65537, 1073741824:i131072, 1073741824:i196608, 1073741824:i262145}
2026-05-05 19:38:01.945 27936-27936 AutofillManager         com.newaura.app                      V  notifyValueChanged(1073741824:262145): ignoring on state FINISHED
2026-05-05 19:38:01.986 27936-27972 GPUAUX                  com.newaura.app                      E  [AUX]GuiExtAuxCheckAuxPath:682: Null anb
2026-05-05 19:38:01.986 27936-27972 GPUAUX                  com.newaura.app                      E  [AUX]GuiExtAuxCheckAuxPath:682: Null anb
2026-05-05 19:38:01.986 27936-27972 GPUAUX                  com.newaura.app                      E  [AUX]GuiExtAuxCheckAuxPath:682: Null anb
