2026-05-05 19:37:44.263 27936-27972 GPUAUX                  com.newaura.app                      E  [AUX]GuiExtAuxCheckAuxPath:682: Null anb
2026-05-05 19:37:44.263 27936-27972 GPUAUX                  com.newaura.app                      E  [AUX]GuiExtAuxCheckAuxPath:682: Null anb
2026-05-05 19:37:44.263 27936-27972 GPUAUX                  com.newaura.app                      E  [AUX]GuiExtAuxCheckAuxPath:682: Null anb
2026-05-05 19:37:44.263 27936-27972 GPUAUX                  com.newaura.app                      E  [AUX]GuiExtAuxCheckAuxPath:682: Null anb
2026-05-05 19:37:44.263 27936-27972 GPUAUX                  com.newaura.app                      E  [AUX]GuiExtAuxCheckAuxPath:682: Null anb
2026-05-05 19:37:44.263 27936-27972 GPUAUX                  com.newaura.app                      E  [AUX]GuiExtAuxCheckAuxPath:682: Null anb
2026-05-05 19:37:44.263 27936-27972 GPUAUX                  com.newaura.app                      E  [AUX]GuiExtAuxCheckAuxPath:682: Null anb
2026-05-05 19:37:44.263 27936-27972 GPUAUX                  com.newaura.app                      E  [AUX]GuiExtAuxCheckAuxPath:682: Null anb
2026-05-05 19:37:44.263 27936-27972 GPUAUX                  com.newaura.app                      E  [AUX]GuiExtAuxCheckAuxPath:682: Null anb
2026-05-05 19:37:44.263 27936-27972 GPUAUX                  com.newaura.app                      E  [AUX]GuiExtAuxCheckAuxPath:682: Null anb
2026-05-05 19:37:44.263 27936-27972 GPUAUX                  com.newaura.app                      E  [AUX]GuiExtAuxCheckAuxPath:682: Null anb
2026-05-05 19:37:44.263 27936-27972 GPUAUX                  com.newaura.app                      E  [AUX]GuiExtAuxCheckAuxPath:682: Null anb
2026-05-05 19:37:44.263 27936-27972 GPUAUX                  com.newaura.app                      E  [AUX]GuiExtAuxCheckAuxPath:682: Null anb
2026-05-05 19:37:44.263 27936-27972 GPUAUX                  com.newaura.app                      E  [AUX]GuiExtAuxCheckAuxPath:682: Null anb
2026-05-05 19:37:44.264 27936-27972 GPUAUX                  com.newaura.app                      E  [AUX]GuiExtAuxCheckAuxPath:682: Null anb
2026-05-05 19:37:44.264 27936-27972 GPUAUX                  com.newaura.app                      E  [AUX]GuiExtAuxCheckAuxPath:682: Null anb
2026-05-05 19:37:44.264 27936-27972 GPUAUX                  com.newaura.app                      E  [AUX]GuiExtAuxCheckAuxPath:682: Null anb
2026-05-05 19:37:44.264 27936-27972 GPUAUX                  com.newaura.app                      E  [AUX]GuiExtAuxCheckAuxPath:682: Null anb
2026-05-05 19:37:44.265 27936-27972 GPUAUX                  com.newaura.app                      E  [AUX]GuiExtAuxCheckAuxPath:682: Null anb
2026-05-05 19:37:44.265 27936-27972 GPUAUX                  com.newaura.app                      E  [AUX]GuiExtAuxCheckAuxPath:682: Null anb
2026-05-05 19:37:44.265 27936-27972 GPUAUX                  com.newaura.app                      E  [AUX]GuiExtAuxCheckAuxPath:682: Null anb
2026-05-05 19:37:44.265 27936-27972 GPUAUX                  com.newaura.app                      E  [AUX]GuiExtAuxCheckAuxPath:682: Null anb
2026-05-05 19:37:44.265 27936-27972 GPUAUX                  com.newaura.app                      E  [AUX]GuiExtAuxCheckAuxPath:682: Null anb
2026-05-05 19:37:44.265 27936-27972 GPUAUX                  com.newaura.app                      E  [AUX]GuiExtAuxCheckAuxPath:682: Null anb
2026-05-05 19:37:44.265 27936-27972 GPUAUX                  com.newaura.app                      E  [AUX]GuiExtAuxCheckAuxPath:682: Null anb
2026-05-05 19:37:44.265 27936-27972 GPUAUX                  com.newaura.app                      E  [AUX]GuiExtAuxCheckAuxPath:682: Null anb
2026-05-05 19:37:44.268 27936-27972 GPUAUX                  com.newaura.app                      E  [AUX]GuiExtAuxCheckAuxPath:682: Null anb
2026-05-05 19:37:44.299 27936-27936 VRI[MainActivity]       com.newaura.app                      W  handleResized abandoned!
2026-05-05 19:37:44.416 27936-27954 OplusScrollToTopManager com.newaura.app                      D  com.newaura.app/com.newaura.app.MainActivity,This com.android.internal.policy.DecorView{db91e3a V.E...... R....... 0,0-1080,2400 aid=0 alpha=1.0 viewInfo = }[MainActivity] change focus to false
2026-05-05 19:37:44.493 27936-27972 GPUAUX                  com.newaura.app                      E  [AUX]GuiExtAuxCheckAuxPath:682: Null anb
2026-05-05 19:37:44.494 27936-27972 GPUAUX                  com.newaura.app                      E  [AUX]GuiExtAuxCheckAuxPath:682: Null anb
2026-05-05 19:37:44.494 27936-27972 GPUAUX                  com.newaura.app                      E  [AUX]GuiExtAuxCheckAuxPath:682: Null anb
2026-05-05 19:37:44.494 27936-27972 GPUAUX                  com.newaura.app                      E  [AUX]GuiExtAuxCheckAuxPath:682: Null anb
2026-05-05 19:37:44.494 27936-27972 GPUAUX                  com.newaura.app                      E  [AUX]GuiExtAuxCheckAuxPath:682: Null anb
2026-05-05 19:37:44.494 27936-27972 GPUAUX                  com.newaura.app                      E  [AUX]GuiExtAuxCheckAuxPath:682: Null anb
2026-05-05 19:37:44.494 27936-27972 GPUAUX                  com.newaura.app                      E  [AUX]GuiExtAuxCheckAuxPath:682: Null anb
2026-05-05 19:37:44.494 27936-27972 GPUAUX                  com.newaura.app                      E  [AUX]GuiExtAuxCheckAuxPath:682: Null anb
2026-05-05 19:37:44.494 27936-27972 GPUAUX                  com.newaura.app                      E  [AUX]GuiExtAuxCheckAuxPath:682: Null anb
2026-05-05 19:37:44.495 27936-27972 GPUAUX                  com.newaura.app                      E  [AUX]GuiExtAuxCheckAuxPath:682: Null anb
2026-05-05 19:37:44.495 27936-27972 GPUAUX                  com.newaura.app                      E  [AUX]GuiExtAuxCheckAuxPath:682: Null anb
2026-05-05 19:37:44.495 27936-27972 GPUAUX                  com.newaura.app                      E  [AUX]GuiExtAuxCheckAuxPath:682: Null anb
2026-05-05 19:37:44.495 27936-27972 GPUAUX                  com.newaura.app                      E  [AUX]GuiExtAuxCheckAuxPath:682: Null anb
2026-05-05 19:37:44.496 27936-27972 GPUAUX                  com.newaura.app                      E  [AUX]GuiExtAuxCheckAuxPath:682: Null anb
2026-05-05 19:37:44.496 27936-27972 GPUAUX                  com.newaura.app                      E  [AUX]GuiExtAuxCheckAuxPath:682: Null anb
2026-05-05 19:37:44.497 27936-27972 GPUAUX                  com.newaura.app                      E  [AUX]GuiExtAuxCheckAuxPath:682: Null anb
2026-05-05 19:37:44.497 27936-27972 GPUAUX                  com.newaura.app                      E  [AUX]GuiExtAuxCheckAuxPath:682: Null anb
2026-05-05 19:37:44.497 27936-27972 GPUAUX                  com.newaura.app                      E  [AUX]GuiExtAuxCheckAuxPath:682: Null anb
2026-05-05 19:37:44.498 27936-27972 GPUAUX                  com.newaura.app                      E  [AUX]GuiExtAuxCheckAuxPath:682: Null anb
2026-05-05 19:37:44.499 27936-27972 GPUAUX                  com.newaura.app                      E  [AUX]GuiExtAuxCheckAuxPath:682: Null anb
2026-05-05 19:37:44.499 27936-27972 GPUAUX                  com.newaura.app                      E  [AUX]GuiExtAuxCheckAuxPath:682: Null anb
2026-05-05 19:37:44.503 27936-27972 GPUAUX                  com.newaura.app                      E  [AUX]GuiExtAuxCheckAuxPath:682: Null anb
2026-05-05 19:37:44.534 27936-27972 GPUAUX                  com.newaura.app                      E  [AUX]GuiExtAuxCheckAuxPath:682: Null anb
2026-05-05 19:37:44.534 27936-27972 GPUAUX                  com.newaura.app                      E  [AUX]GuiExtAuxCheckAuxPath:682: Null anb
2026-05-05 19:37:44.535 27936-27972 GPUAUX                  com.newaura.app                      E  [AUX]GuiExtAuxCheckAuxPath:682: Null anb
2026-05-05 19:37:44.541 27936-27972 GPUAUX                  com.newaura.app                      E  [AUX]GuiExtAuxCheckAuxPath:682: Null anb
2026-05-05 19:37:44.561 27936-27972 GPUAUX                  com.newaura.app                      E  [AUX]GuiExtAuxCheckAuxPath:682: Null anb
2026-05-05 19:37:44.561 27936-27972 GPUAUX                  com.newaura.app                      E  [AUX]GuiExtAuxCheckAuxPath:682: Null anb
2026-05-05 19:37:44.561 27936-27972 GPUAUX                  com.newaura.app                      E  [AUX]GuiExtAuxCheckAuxPath:682: Null anb
2026-05-05 19:37:44.563 27936-27972 GPUAUX                  com.newaura.app                      E  [AUX]GuiExtAuxCheckAuxPath:682: Null anb
2026-05-05 19:37:44.849 27936-27972 GPUAUX                  com.newaura.app                      E  [AUX]GuiExtAuxCheckAuxPath:682: Null anb
2026-05-05 19:37:44.850 27936-27972 GPUAUX                  com.newaura.app                      E  [AUX]GuiExtAuxCheckAuxPath:682: Null anb
2026-05-05 19:37:44.850 27936-27972 GPUAUX                  com.newaura.app                      E  [AUX]GuiExtAuxCheckAuxPath:682: Null anb
2026-05-05 19:37:44.850 27936-27972 GPUAUX                  com.newaura.app                      E  [AUX]GuiExtAuxCheckAuxPath:682: Null anb
2026-05-05 19:37:44.850 27936-27972 GPUAUX                  com.newaura.app                      E  [AUX]GuiExtAuxCheckAuxPath:682: Null anb
2026-05-05 19:37:44.850 27936-27972 GPUAUX                  com.newaura.app                      E  [AUX]GuiExtAuxCheckAuxPath:682: Null anb
2026-05-05 19:37:44.850 27936-27972 GPUAUX                  com.newaura.app                      E  [AUX]GuiExtAuxCheckAuxPath:682: Null anb
2026-05-05 19:37:44.850 27936-27972 GPUAUX                  com.newaura.app                      E  [AUX]GuiExtAuxCheckAuxPath:682: Null anb
2026-05-05 19:37:44.851 27936-27972 GPUAUX                  com.newaura.app                      E  [AUX]GuiExtAuxCheckAuxPath:682: Null anb
2026-05-05 19:37:44.884 27936-27972 GPUAUX                  com.newaura.app                      E  [AUX]GuiExtAuxCheckAuxPath:682: Null anb
2026-05-05 19:37:44.884 27936-27972 GPUAUX                  com.newaura.app                      E  [AUX]GuiExtAuxCheckAuxPath:682: Null anb
2026-05-05 19:37:44.884 27936-27972 GPUAUX                  com.newaura.app                      E  [AUX]GuiExtAuxCheckAuxPath:682: Null anb
2026-05-05 19:37:44.884 27936-27972 GPUAUX                  com.newaura.app                      E  [AUX]GuiExtAuxCheckAuxPath:682: Null anb
2026-05-05 19:37:44.886 27936-27972 GPUAUX                  com.newaura.app                      E  [AUX]GuiExtAuxCheckAuxPath:682: Null anb
2026-05-05 19:37:44.946 27936-27972 GPUAUX                  com.newaura.app                      E  [AUX]GuiExtAuxCheckAuxPath:682: Null anb
2026-05-05 19:37:44.946 27936-27972 GPUAUX                  com.newaura.app                      E  [AUX]GuiExtAuxCheckAuxPath:682: Null anb
2026-05-05 19:37:44.946 27936-27972 GPUAUX                  com.newaura.app                      E  [AUX]GuiExtAuxCheckAuxPath:682: Null anb
2026-05-05 19:37:44.946 27936-27972 GPUAUX                  com.newaura.app                      E  [AUX]GuiExtAuxCheckAuxPath:682: Null anb
2026-05-05 19:37:44.948 27936-27972 GPUAUX                  com.newaura.app                      E  [AUX]GuiExtAuxCheckAuxPath:682: Null anb
2026-05-05 19:37:44.996 27936-27972 GPUAUX                  com.newaura.app                      E  [AUX]GuiExtAuxCheckAuxPath:682: Null anb
2026-05-05 19:37:44.996 27936-27972 GPUAUX                  com.newaura.app                      E  [AUX]GuiExtAuxCheckAuxPath:682: Null anb
2026-05-05 19:37:44.996 27936-27972 GPUAUX                  com.newaura.app                      E  [AUX]GuiExtAuxCheckAuxPath:682: Null anb
2026-05-05 19:37:44.996 27936-27972 GPUAUX                  com.newaura.app                      E  [AUX]GuiExtAuxCheckAuxPath:682: Null anb
2026-05-05 19:37:44.996 27936-27972 GPUAUX                  com.newaura.app                      E  [AUX]GuiExtAuxCheckAuxPath:682: Null anb
2026-05-05 19:37:44.996 27936-27972 GPUAUX                  com.newaura.app                      E  [AUX]GuiExtAuxCheckAuxPath:682: Null anb
2026-05-05 19:37:44.997 27936-27972 GPUAUX                  com.newaura.app                      E  [AUX]GuiExtAuxCheckAuxPath:682: Null anb
2026-05-05 19:37:45.040 27936-27972 GPUAUX                  com.newaura.app                      E  [AUX]GuiExtAuxCheckAuxPath:682: Null anb
2026-05-05 19:37:45.041 27936-27972 GPUAUX                  com.newaura.app                      E  [AUX]GuiExtAuxCheckAuxPath:682: Null anb
2026-05-05 19:37:45.041 27936-27972 GPUAUX                  com.newaura.app                      E  [AUX]GuiExtAuxCheckAuxPath:682: Null anb
2026-05-05 19:37:45.041 27936-27972 GPUAUX                  com.newaura.app                      E  [AUX]GuiExtAuxCheckAuxPath:682: Null anb
2026-05-05 19:37:45.041 27936-27972 GPUAUX                  com.newaura.app                      E  [AUX]GuiExtAuxCheckAuxPath:682: Null anb
2026-05-05 19:37:45.099 27936-27972 GPUAUX                  com.newaura.app                      E  [AUX]GuiExtAuxCheckAuxPath:682: Null anb
2026-05-05 19:37:45.100 27936-27972 GPUAUX                  com.newaura.app                      E  [AUX]GuiExtAuxCheckAuxPath:682: Null anb
2026-05-05 19:37:45.100 27936-27972 GPUAUX                  com.newaura.app                      E  [AUX]GuiExtAuxCheckAuxPath:682: Null anb
2026-05-05 19:37:45.100 27936-27972 GPUAUX                  com.newaura.app                      E  [AUX]GuiExtAuxCheckAuxPath:682: Null anb
2026-05-05 19:37:45.521 27936-27972 GPUAUX                  com.newaura.app                      E  [AUX]GuiExtAuxCheckAuxPath:682: Null anb
2026-05-05 19:37:45.521 27936-27972 GPUAUX                  com.newaura.app                      E  [AUX]GuiExtAuxCheckAuxPath:682: Null anb
2026-05-05 19:37:45.546 27936-27972 GPUAUX                  com.newaura.app                      E  [AUX]GuiExtAuxCheckAuxPath:682: Null anb
2026-05-05 19:37:45.572 27936-27972 GPUAUX                  com.newaura.app                      E  [AUX]GuiExtAuxCheckAuxPath:682: Null anb
2026-05-05 19:37:45.619 27936-27972 GPUAUX                  com.newaura.app                      E  [AUX]GuiExtAuxCheckAuxPath:682: Null anb
2026-05-05 19:37:45.619 27936-27972 GPUAUX                  com.newaura.app                      E  [AUX]GuiExtAuxCheckAuxPath:682: Null anb
2026-05-05 19:37:45.710 27936-27972 GPUAUX                  com.newaura.app                      E  [AUX]GuiExtAuxCheckAuxPath:682: Null anb
2026-05-05 19:37:45.710 27936-27972 GPUAUX                  com.newaura.app                      E  [AUX]GuiExtAuxCheckAuxPath:682: Null anb
2026-05-05 19:37:45.869 27936-27936 Capacitor               com.newaura.app                      D  Unable to find a Capacitor plugin to handle permission requestCode, trying Cordova plugins 42492381
2026-05-05 19:37:45.900 27936-27936 ActivityThread          com.newaura.app                      D  ComponentInfo{com.newaura.app/com.newaura.app.MainActivity} checkFinished=false 4
2026-05-05 19:37:45.900 27936-27936 ResourcesManagerExtImpl com.newaura.app                      D  applyConfigurationToAppResourcesLocked app.getDisplayId() return callback.displayId:0
2026-05-05 19:37:45.900 27936-27936 AutofillCl...Controller com.newaura.app                      V  onActivityResumed()
2026-05-05 19:37:45.901 27936-27936 Capacitor               com.newaura.app                      D  App resumed
2026-05-05 19:37:45.901 27936-27936 AutofillCl...Controller com.newaura.app                      V  onActivityPostResumed()
2026-05-05 19:37:45.901 27936-27936 AutofillCl...Controller com.newaura.app                      V  onActivityPostResumed(): Relayout fix enabled
2026-05-05 19:37:45.901 27936-27936 AutofillCl...Controller com.newaura.app                      V  forResume(): Not attempting refill.
2026-05-05 19:37:45.906 27936-27936 Capacitor/Console       com.newaura.app                      I  File:  - Line 333 - Msg: {"receive":"granted"}
2026-05-05 19:37:45.907 27936-27936 Capacitor/Console       com.newaura.app                      I  File: https://localhost/assets/index-B2L1_G6r.js - Line 40 - Msg: [FCM] ✅ Permission granted, setting up listeners...
2026-05-05 19:37:45.907 27936-27936 Capacitor/Console       com.newaura.app                      I  File: https://localhost/assets/index-B2L1_G6r.js - Line 40 - Msg: [FCM] 🚀 Registering with FCM...
2026-05-05 19:37:45.908 27936-27936 Capacitor/Console       com.newaura.app                      I  File:  - Line 349 - Msg: [object Object]
2026-05-05 19:37:45.909 27936-27936 Capacitor/Console       com.newaura.app                      I  File:  - Line 349 - Msg: [object Object]
2026-05-05 19:37:45.910 27936-27936 Capacitor/Console       com.newaura.app                      I  File:  - Line 349 - Msg: [object Object]
2026-05-05 19:37:45.911 27936-27936 Capacitor/Console       com.newaura.app                      I  File:  - Line 349 - Msg: [object Object]
2026-05-05 19:37:45.912 27936-27936 Capacitor/Console       com.newaura.app                      I  File:  - Line 349 - Msg: [object Object]
2026-05-05 19:37:45.913 27936-27936 VRI[MainActivity]       com.newaura.app                      D  onFocusEvent true
2026-05-05 19:37:45.924 27936-27936 Capacitor/Plugin        com.newaura.app                      V  To native (Capacitor plugin): callbackId: 121746336, pluginId: PushNotifications, methodName: addListener
2026-05-05 19:37:45.924 27936-27936 Capacitor               com.newaura.app                      V  callback: 121746336, pluginId: PushNotifications, methodName: addListener, methodData: {"eventName":"registration"}
2026-05-05 19:37:45.926 27936-27936 Capacitor/Plugin        com.newaura.app                      V  To native (Capacitor plugin): callbackId: 121746337, pluginId: PushNotifications, methodName: addListener
2026-05-05 19:37:45.926 27936-27936 Capacitor               com.newaura.app                      V  callback: 121746337, pluginId: PushNotifications, methodName: addListener, methodData: {"eventName":"registrationError"}
2026-05-05 19:37:45.927 27936-27936 Capacitor/Plugin        com.newaura.app                      V  To native (Capacitor plugin): callbackId: 121746338, pluginId: PushNotifications, methodName: addListener
2026-05-05 19:37:45.928 27936-27936 Capacitor               com.newaura.app                      V  callback: 121746338, pluginId: PushNotifications, methodName: addListener, methodData: {"eventName":"pushNotificationReceived"}
2026-05-05 19:37:45.929 27936-27936 Capacitor/Plugin        com.newaura.app                      V  To native (Capacitor plugin): callbackId: 121746339, pluginId: PushNotifications, methodName: addListener
2026-05-05 19:37:45.929 27936-27936 Capacitor               com.newaura.app                      V  callback: 121746339, pluginId: PushNotifications, methodName: addListener, methodData: {"eventName":"pushNotificationActionPerformed"}
2026-05-05 19:37:45.930 27936-27936 Capacitor/Plugin        com.newaura.app                      V  To native (Capacitor plugin): callbackId: 121746340, pluginId: PushNotifications, methodName: register
2026-05-05 19:37:45.930 27936-27936 Capacitor               com.newaura.app                      V  callback: 121746340, pluginId: PushNotifications, methodName: register, methodData: {}
2026-05-05 19:37:45.931 27936-27936 ImeBackDispatcher       com.newaura.app                      E  Ime callback not found. Ignoring unregisterReceivedCallback. callbackId: 197878563
2026-05-05 19:37:45.943 27936-28038 Capacitor/...ionsPlugin com.newaura.app                      V  Notifying listeners for event registration
2026-05-05 19:37:45.994 27936-28068 com.newaura.app         com.newaura.app                      E  QUEUE_BUFFER_TIMEOUT: surfaceName: VRI[MainActivity][com.newaura.app/com.newaura.app.MainActivity], fenceName: GPU completion, lastDuration: 3, waitFenceTime: 152
2026-05-05 19:37:46.006  2192-2260  OplusThermalStats       system_server                        E  Error getting package info: com.newaura.app
2026-05-05 19:37:46.024 27936-27936 Capacitor/...ionsPlugin com.newaura.app                      V  Notifying listeners for event registration
2026-05-05 19:37:46.070 27936-27936 Capacitor/Console       com.newaura.app                      I  File:  - Line 333 - Msg: {"value":"epKuBp_ZRoqAV5Edzal0rr:APA91bFm2YOnpX_5TGoU8G-JBg_3XPHHXcU00RlUZMAN5UpHT216kIKlJ_bl9mr0zCMh7g7u7LkONmjrqqqGJeUBLOp6otoT_eFXPdg3l6KCs887KPClPSw"}
2026-05-05 19:37:46.073 27936-27936 Capacitor/Console       com.newaura.app                      I  File: https://localhost/assets/index-B2L1_G6r.js - Line 40 - Msg: [FCM] 🔑 FCM Token received: epKuBp_ZRoqAV5Edzal0...
2026-05-05 19:37:46.074 27936-27936 Capacitor/Console       com.newaura.app                      I  File:  - Line 333 - Msg: undefined
2026-05-05 19:37:46.075 27936-27936 Capacitor/Console       com.newaura.app                      I  File:  - Line 333 - Msg: {"value":"epKuBp_ZRoqAV5Edzal0rr:APA91bFm2YOnpX_5TGoU8G-JBg_3XPHHXcU00RlUZMAN5UpHT216kIKlJ_bl9mr0zCMh7g7u7LkONmjrqqqGJeUBLOp6otoT_eFXPdg3l6KCs887KPClPSw"}
2026-05-05 19:37:46.075 27936-27936 Capacitor/Console       com.newaura.app                      I  File: https://localhost/assets/index-B2L1_G6r.js - Line 40 - Msg: [FCM] ℹ️ Duplicate token event ignored (already saved)
2026-05-05 19:37:46.093 27936-27972 GPUAUX                  com.newaura.app                      E  [AUX]GuiExtAuxCheckAuxPath:682: Null anb
2026-05-05 19:37:46.257 27936-27936 VRI[MainActivity]       com.newaura.app                      W  handleResized abandoned!
2026-05-05 19:37:46.309 27936-27936 VRI[MainActivity]       com.newaura.app                      W  handleResized abandoned!
2026-05-05 19:37:46.343 27936-27972 GPUAUX                  com.newaura.app                      E  [AUX]GuiExtAuxCheckAuxPath:682: Null anb
2026-05-05 19:37:46.343 27936-27972 GPUAUX                  com.newaura.app                      E  [AUX]GuiExtAuxCheckAuxPath:682: Null anb
2026-05-05 19:37:46.343 27936-27972 GPUAUX                  com.newaura.app                      E  [AUX]GuiExtAuxCheckAuxPath:682: Null anb
2026-05-05 19:37:46.343 27936-27972 GPUAUX                  com.newaura.app                      E  [AUX]GuiExtAuxCheckAuxPath:682: Null anb
2026-05-05 19:37:46.343 27936-27972 GPUAUX                  com.newaura.app                      E  [AUX]GuiExtAuxCheckAuxPath:682: Null anb
2026-05-05 19:37:46.343 27936-27972 GPUAUX                  com.newaura.app                      E  [AUX]GuiExtAuxCheckAuxPath:682: Null anb
2026-05-05 19:37:46.343 27936-27972 GPUAUX                  com.newaura.app                      E  [AUX]GuiExtAuxCheckAuxPath:682: Null anb
2026-05-05 19:37:46.343 27936-27972 GPUAUX                  com.newaura.app                      E  [AUX]GuiExtAuxCheckAuxPath:682: Null anb
2026-05-05 19:37:46.343 27936-27972 GPUAUX                  com.newaura.app                      E  [AUX]GuiExtAuxCheckAuxPath:682: Null anb
2026-05-05 19:37:46.343 27936-27972 GPUAUX                  com.newaura.app                      E  [AUX]GuiExtAuxCheckAuxPath:682: Null anb
2026-05-05 19:37:46.345 27936-27972 GPUAUX                  com.newaura.app                      E  [AUX]GuiExtAuxCheckAuxPath:682: Null anb
2026-05-05 19:37:46.345 27936-27972 GPUAUX                  com.newaura.app                      E  [AUX]GuiExtAuxCheckAuxPath:682: Null anb
2026-05-05 19:37:46.345 27936-27972 GPUAUX                  com.newaura.app                      E  [AUX]GuiExtAuxCheckAuxPath:682: Null anb
2026-05-05 19:37:46.345 27936-27972 GPUAUX                  com.newaura.app                      E  [AUX]GuiExtAuxCheckAuxPath:682: Null anb
2026-05-05 19:37:46.345 27936-27972 GPUAUX                  com.newaura.app                      E  [AUX]GuiExtAuxCheckAuxPath:682: Null anb
2026-05-05 19:37:46.345 27936-27972 GPUAUX                  com.newaura.app                      E  [AUX]GuiExtAuxCheckAuxPath:682: Null anb
2026-05-05 19:37:46.346 27936-27972 GPUAUX                  com.newaura.app                      E  [AUX]GuiExtAuxCheckAuxPath:682: Null anb
2026-05-05 19:37:46.549 27936-27972 GPUAUX                  com.newaura.app                      E  [AUX]GuiExtAuxCheckAuxPath:682: Null anb
2026-05-05 19:37:46.550 27936-27972 GPUAUX                  com.newaura.app                      E  [AUX]GuiExtAuxCheckAuxPath:682: Null anb
2026-05-05 19:37:46.550 27936-27972 GPUAUX                  com.newaura.app                      E  [AUX]GuiExtAuxCheckAuxPath:682: Null anb
2026-05-05 19:37:46.550 27936-27972 GPUAUX                  com.newaura.app                      E  [AUX]GuiExtAuxCheckAuxPath:682: Null anb
2026-05-05 19:37:46.550 27936-27972 GPUAUX                  com.newaura.app                      E  [AUX]GuiExtAuxCheckAuxPath:682: Null anb
2026-05-05 19:37:46.550 27936-27972 GPUAUX                  com.newaura.app                      E  [AUX]GuiExtAuxCheckAuxPath:682: Null anb
2026-05-05 19:37:46.550 27936-27972 GPUAUX                  com.newaura.app                      E  [AUX]GuiExtAuxCheckAuxPath:682: Null anb
2026-05-05 19:37:46.550 27936-27972 GPUAUX                  com.newaura.app                      E  [AUX]GuiExtAuxCheckAuxPath:682: Null anb
2026-05-05 19:37:46.550 27936-27972 GPUAUX                  com.newaura.app                      E  [AUX]GuiExtAuxCheckAuxPath:682: Null anb
2026-05-05 19:37:46.550 27936-27972 GPUAUX                  com.newaura.app                      E  [AUX]GuiExtAuxCheckAuxPath:682: Null anb
2026-05-05 19:37:46.550 27936-27972 GPUAUX                  com.newaura.app                      E  [AUX]GuiExtAuxCheckAuxPath:682: Null anb
2026-05-05 19:37:46.550 27936-27972 GPUAUX                  com.newaura.app                      E  [AUX]GuiExtAuxCheckAuxPath:682: Null anb
2026-05-05 19:37:46.550 27936-27972 GPUAUX                  com.newaura.app                      E  [AUX]GuiExtAuxCheckAuxPath:682: Null anb
2026-05-05 19:37:46.550 27936-27972 GPUAUX                  com.newaura.app                      E  [AUX]GuiExtAuxCheckAuxPath:682: Null anb
2026-05-05 19:37:46.550 27936-27972 GPUAUX                  com.newaura.app                      E  [AUX]GuiExtAuxCheckAuxPath:682: Null anb
2026-05-05 19:37:46.551 27936-27972 GPUAUX                  com.newaura.app                      E  [AUX]GuiExtAuxCheckAuxPath:682: Null anb
2026-05-05 19:37:46.551 27936-27972 GPUAUX                  com.newaura.app                      E  [AUX]GuiExtAuxCheckAuxPath:682: Null anb
2026-05-05 19:37:46.551 27936-27972 GPUAUX                  com.newaura.app                      E  [AUX]GuiExtAuxCheckAuxPath:682: Null anb
2026-05-05 19:37:46.551 27936-27972 GPUAUX                  com.newaura.app                      E  [AUX]GuiExtAuxCheckAuxPath:682: Null anb
2026-05-05 19:37:46.551 27936-27972 GPUAUX                  com.newaura.app                      E  [AUX]GuiExtAuxCheckAuxPath:682: Null anb
2026-05-05 19:37:46.551 27936-27972 GPUAUX                  com.newaura.app                      E  [AUX]GuiExtAuxCheckAuxPath:682: Null anb
2026-05-05 19:37:46.551 27936-27972 GPUAUX                  com.newaura.app                      E  [AUX]GuiExtAuxCheckAuxPath:682: Null anb
2026-05-05 19:37:46.552 27936-27972 GPUAUX                  com.newaura.app                      E  [AUX]GuiExtAuxCheckAuxPath:682: Null anb
2026-05-05 19:37:46.552 27936-27972 GPUAUX                  com.newaura.app                      E  [AUX]GuiExtAuxCheckAuxPath:682: Null anb
2026-05-05 19:37:46.628 27936-27972 GPUAUX                  com.newaura.app                      E  [AUX]GuiExtAuxCheckAuxPath:682: Null anb
2026-05-05 19:37:46.629 27936-27972 GPUAUX                  com.newaura.app                      E  [AUX]GuiExtAuxCheckAuxPath:682: Null anb
2026-05-05 19:37:46.629 27936-27972 GPUAUX                  com.newaura.app                      E  [AUX]GuiExtAuxCheckAuxPath:682: Null anb
2026-05-05 19:37:46.643 27936-27972 GPUAUX                  com.newaura.app                      E  [AUX]GuiExtAuxCheckAuxPath:682: Null anb
2026-05-05 19:37:46.644 27936-27972 GPUAUX                  com.newaura.app                      E  [AUX]GuiExtAuxCheckAuxPath:682: Null anb
2026-05-05 19:37:46.644 27936-27972 GPUAUX                  com.newaura.app                      E  [AUX]GuiExtAuxCheckAuxPath:682: Null anb
2026-05-05 19:37:46.644 27936-27972 GPUAUX                  com.newaura.app                      E  [AUX]GuiExtAuxCheckAuxPath:682: Null anb
2026-05-05 19:37:46.653 27936-27936 ImeTracker              com.newaura.app                      I  system_server:b981be9c: onShown
2026-05-05 19:37:46.669 27936-27972 GPUAUX                  com.newaura.app                      E  [AUX]GuiExtAuxCheckAuxPath:682: Null anb
2026-05-05 19:37:46.669 27936-27972 GPUAUX                  com.newaura.app                      E  [AUX]GuiExtAuxCheckAuxPath:682: Null anb
2026-05-05 19:37:46.669 27936-27972 GPUAUX                  com.newaura.app                      E  [AUX]GuiExtAuxCheckAuxPath:682: Null anb
2026-05-05 19:37:46.670 27936-27972 GPUAUX                  com.newaura.app                      E  [AUX]GuiExtAuxCheckAuxPath:682: Null anb
2026-05-05 19:37:46.705 27936-27972 GPUAUX                  com.newaura.app                      E  [AUX]GuiExtAuxCheckAuxPath:682: Null anb
2026-05-05 19:37:46.705 27936-27972 GPUAUX                  com.newaura.app                      E  [AUX]GuiExtAuxCheckAuxPath:682: Null anb
2026-05-05 19:37:46.705 27936-27972 GPUAUX                  com.newaura.app                      E  [AUX]GuiExtAuxCheckAuxPath:682: Null anb
2026-05-05 19:37:46.705 27936-27972 GPUAUX                  com.newaura.app                      E  [AUX]GuiExtAuxCheckAuxPath:682: Null anb
2026-05-05 19:37:46.705 27936-27972 GPUAUX                  com.newaura.app                      E  [AUX]GuiExtAuxCheckAuxPath:682: Null anb
2026-05-05 19:37:46.729 27936-27972 GPUAUX                  com.newaura.app                      E  [AUX]GuiExtAuxCheckAuxPath:682: Null anb
2026-05-05 19:37:46.729 27936-27972 GPUAUX                  com.newaura.app                      E  [AUX]GuiExtAuxCheckAuxPath:682: Null anb
2026-05-05 19:37:46.729 27936-27972 GPUAUX                  com.newaura.app                      E  [AUX]GuiExtAuxCheckAuxPath:682: Null anb
2026-05-05 19:37:46.730 27936-27972 GPUAUX                  com.newaura.app                      E  [AUX]GuiExtAuxCheckAuxPath:682: Null anb
2026-05-05 19:37:46.730 27936-27972 GPUAUX                  com.newaura.app                      E  [AUX]GuiExtAuxCheckAuxPath:682: Null anb
2026-05-05 19:37:46.730 27936-27972 GPUAUX                  com.newaura.app                      E  [AUX]GuiExtAuxCheckAuxPath:682: Null anb
2026-05-05 19:37:46.730 27936-27972 GPUAUX                  com.newaura.app                      E  [AUX]GuiExtAuxCheckAuxPath:682: Null anb
2026-05-05 19:37:46.730 27936-27972 GPUAUX                  com.newaura.app                      E  [AUX]GuiExtAuxCheckAuxPath:682: Null anb
2026-05-05 19:37:46.744 27936-27972 GPUAUX                  com.newaura.app                      E  [AUX]GuiExtAuxCheckAuxPath:682: Null anb
2026-05-05 19:37:46.744 27936-27972 GPUAUX                  com.newaura.app                      E  [AUX]GuiExtAuxCheckAuxPath:682: Null anb
2026-05-05 19:37:46.744 27936-27972 GPUAUX                  com.newaura.app                      E  [AUX]GuiExtAuxCheckAuxPath:682: Null anb
2026-05-05 19:37:46.744 27936-27972 GPUAUX                  com.newaura.app                      E  [AUX]GuiExtAuxCheckAuxPath:682: Null anb
2026-05-05 19:37:46.744 27936-27972 GPUAUX                  com.newaura.app                      E  [AUX]GuiExtAuxCheckAuxPath:682: Null anb
2026-05-05 19:37:46.764 27936-27972 GPUAUX                  com.newaura.app                      E  [AUX]GuiExtAuxCheckAuxPath:682: Null anb
2026-05-05 19:37:46.765 27936-27972 GPUAUX                  com.newaura.app                      E  [AUX]GuiExtAuxCheckAuxPath:682: Null anb
2026-05-05 19:37:46.765 27936-27972 GPUAUX                  com.newaura.app                      E  [AUX]GuiExtAuxCheckAuxPath:682: Null anb
2026-05-05 19:37:46.765 27936-27972 GPUAUX                  com.newaura.app                      E  [AUX]GuiExtAuxCheckAuxPath:682: Null anb
2026-05-05 19:37:46.765 27936-27972 GPUAUX                  com.newaura.app                      E  [AUX]GuiExtAuxCheckAuxPath:682: Null anb
2026-05-05 19:37:46.799 27936-27972 GPUAUX                  com.newaura.app                      E  [AUX]GuiExtAuxCheckAuxPath:682: Null anb
2026-05-05 19:37:46.799 27936-27972 GPUAUX                  com.newaura.app                      E  [AUX]GuiExtAuxCheckAuxPath:682: Null anb
2026-05-05 19:37:46.799 27936-27972 GPUAUX                  com.newaura.app                      E  [AUX]GuiExtAuxCheckAuxPath:682: Null anb
2026-05-05 19:37:46.799 27936-27972 GPUAUX                  com.newaura.app                      E  [AUX]GuiExtAuxCheckAuxPath:682: Null anb
2026-05-05 19:37:46.799 27936-27972 GPUAUX                  com.newaura.app                      E  [AUX]GuiExtAuxCheckAuxPath:682: Null anb
2026-05-05 19:37:46.800 27936-27972 GPUAUX                  com.newaura.app                      E  [AUX]GuiExtAuxCheckAuxPath:682: Null anb
2026-05-05 19:37:46.800 27936-27972 GPUAUX                  com.newaura.app                      E  [AUX]GuiExtAuxCheckAuxPath:682: Null anb
2026-05-05 19:37:46.825 27936-27972 GPUAUX                  com.newaura.app                      E  [AUX]GuiExtAuxCheckAuxPath:682: Null anb
2026-05-05 19:37:46.826 27936-27972 GPUAUX                  com.newaura.app                      E  [AUX]GuiExtAuxCheckAuxPath:682: Null anb
2026-05-05 19:37:46.826 27936-27972 GPUAUX                  com.newaura.app                      E  [AUX]GuiExtAuxCheckAuxPath:682: Null anb
2026-05-05 19:37:46.826 27936-27972 GPUAUX                  com.newaura.app                      E  [AUX]GuiExtAuxCheckAuxPath:682: Null anb
2026-05-05 19:37:46.841 27936-27972 GPUAUX                  com.newaura.app                      E  [AUX]GuiExtAuxCheckAuxPath:682: Null anb
2026-05-05 19:37:46.841 27936-27972 GPUAUX                  com.newaura.app                      E  [AUX]GuiExtAuxCheckAuxPath:682: Null anb
2026-05-05 19:37:46.841 27936-27972 GPUAUX                  com.newaura.app                      E  [AUX]GuiExtAuxCheckAuxPath:682: Null anb
2026-05-05 19:37:46.841 27936-27972 GPUAUX                  com.newaura.app                      E  [AUX]GuiExtAuxCheckAuxPath:682: Null anb
2026-05-05 19:37:46.860 27936-27972 GPUAUX                  com.newaura.app                      E  [AUX]GuiExtAuxCheckAuxPath:682: Null anb
2026-05-05 19:37:46.860 27936-27972 GPUAUX                  com.newaura.app                      E  [AUX]GuiExtAuxCheckAuxPath:682: Null anb
2026-05-05 19:37:46.860 27936-27972 GPUAUX                  com.newaura.app                      E  [AUX]GuiExtAuxCheckAuxPath:682: Null anb
2026-05-05 19:37:46.860 27936-27972 GPUAUX                  com.newaura.app                      E  [AUX]GuiExtAuxCheckAuxPath:682: Null anb
2026-05-05 19:37:46.879 27936-27972 GPUAUX                  com.newaura.app                      E  [AUX]GuiExtAuxCheckAuxPath:682: Null anb
2026-05-05 19:37:46.879 27936-27972 GPUAUX                  com.newaura.app                      E  [AUX]GuiExtAuxCheckAuxPath:682: Null anb
2026-05-05 19:37:46.879 27936-27972 GPUAUX                  com.newaura.app                      E  [AUX]GuiExtAuxCheckAuxPath:682: Null anb
2026-05-05 19:37:46.879 27936-27972 GPUAUX                  com.newaura.app                      E  [AUX]GuiExtAuxCheckAuxPath:682: Null anb
2026-05-05 19:37:46.894 27936-27972 GPUAUX                  com.newaura.app                      E  [AUX]GuiExtAuxCheckAuxPath:682: Null anb
2026-05-05 19:37:46.894 27936-27972 GPUAUX                  com.newaura.app                      E  [AUX]GuiExtAuxCheckAuxPath:682: Null anb
2026-05-05 19:37:46.894 27936-27972 GPUAUX                  com.newaura.app                      E  [AUX]GuiExtAuxCheckAuxPath:682: Null anb
2026-05-05 19:37:46.894 27936-27972 GPUAUX                  com.newaura.app                      E  [AUX]GuiExtAuxCheckAuxPath:682: Null anb
2026-05-05 19:37:46.911 27936-27972 GPUAUX                  com.newaura.app                      E  [AUX]GuiExtAuxCheckAuxPath:682: Null anb
2026-05-05 19:37:46.912 27936-27972 GPUAUX                  com.newaura.app                      E  [AUX]GuiExtAuxCheckAuxPath:682: Null anb
2026-05-05 19:37:46.912 27936-27972 GPUAUX                  com.newaura.app                      E  [AUX]GuiExtAuxCheckAuxPath:682: Null anb
2026-05-05 19:37:46.912 27936-27972 GPUAUX                  com.newaura.app                      E  [AUX]GuiExtAuxCheckAuxPath:682: Null anb
2026-05-05 19:37:46.927 27936-27972 GPUAUX                  com.newaura.app                      E  [AUX]GuiExtAuxCheckAuxPath:682: Null anb
2026-05-05 19:37:46.927 27936-27972 GPUAUX                  com.newaura.app                      E  [AUX]GuiExtAuxCheckAuxPath:682: Null anb
2026-05-05 19:37:46.928 27936-27972 GPUAUX                  com.newaura.app                      E  [AUX]GuiExtAuxCheckAuxPath:682: Null anb
2026-05-05 19:37:46.928 27936-27972 GPUAUX                  com.newaura.app                      E  [AUX]GuiExtAuxCheckAuxPath:682: Null anb
2026-05-05 19:37:46.937 27936-27954 OplusScrollToTopManager com.newaura.app                      D  com.newaura.app/com.newaura.app.MainActivity,This com.android.internal.policy.DecorView{db91e3a V.E...... R....... 0,0-1080,2400 aid=0 alpha=1.0 viewInfo = }[MainActivity] change focus to true
2026-05-05 19:37:46.947 27936-27972 GPUAUX                  com.newaura.app                      E  [AUX]GuiExtAuxCheckAuxPath:682: Null anb
2026-05-05 19:37:46.947 27936-27972 GPUAUX                  com.newaura.app                      E  [AUX]GuiExtAuxCheckAuxPath:682: Null anb
2026-05-05 19:37:46.947 27936-27972 GPUAUX                  com.newaura.app                      E  [AUX]GuiExtAuxCheckAuxPath:682: Null anb
2026-05-05 19:37:46.947 27936-27972 GPUAUX                  com.newaura.app                      E  [AUX]GuiExtAuxCheckAuxPath:682: Null anb
2026-05-05 19:37:46.966 27936-27972 GPUAUX                  com.newaura.app                      E  [AUX]GuiExtAuxCheckAuxPath:682: Null anb
2026-05-05 19:37:46.967 27936-27972 GPUAUX                  com.newaura.app                      E  [AUX]GuiExtAuxCheckAuxPath:682: Null anb
2026-05-05 19:37:46.967 27936-27972 GPUAUX                  com.newaura.app                      E  [AUX]GuiExtAuxCheckAuxPath:682: Null anb
2026-05-05 19:37:46.967 27936-27972 GPUAUX                  com.newaura.app                      E  [AUX]GuiExtAuxCheckAuxPath:682: Null anb
2026-05-05 19:37:46.984 27936-27972 GPUAUX                  com.newaura.app                      E  [AUX]GuiExtAuxCheckAuxPath:682: Null anb
2026-05-05 19:37:46.984 27936-27972 GPUAUX                  com.newaura.app                      E  [AUX]GuiExtAuxCheckAuxPath:682: Null anb
2026-05-05 19:37:46.984 27936-27972 GPUAUX                  com.newaura.app                      E  [AUX]GuiExtAuxCheckAuxPath:682: Null anb
2026-05-05 19:37:46.984 27936-27972 GPUAUX                  com.newaura.app                      E  [AUX]GuiExtAuxCheckAuxPath:682: Null anb
2026-05-05 19:37:47.002 27936-27972 GPUAUX                  com.newaura.app                      E  [AUX]GuiExtAuxCheckAuxPath:682: Null anb
2026-05-05 19:37:47.002 27936-27972 GPUAUX                  com.newaura.app                      E  [AUX]GuiExtAuxCheckAuxPath:682: Null anb
2026-05-05 19:37:47.002 27936-27972 GPUAUX                  com.newaura.app                      E  [AUX]GuiExtAuxCheckAuxPath:682: Null anb
2026-05-05 19:37:47.002 27936-27972 GPUAUX                  com.newaura.app                      E  [AUX]GuiExtAuxCheckAuxPath:682: Null anb
2026-05-05 19:37:47.020 27936-27972 GPUAUX                  com.newaura.app                      E  [AUX]GuiExtAuxCheckAuxPath:682: Null anb
2026-05-05 19:37:47.020 27936-27972 GPUAUX                  com.newaura.app                      E  [AUX]GuiExtAuxCheckAuxPath:682: Null anb
2026-05-05 19:37:47.020 27936-27972 GPUAUX                  com.newaura.app                      E  [AUX]GuiExtAuxCheckAuxPath:682: Null anb
2026-05-05 19:37:47.020 27936-27972 GPUAUX                  com.newaura.app                      E  [AUX]GuiExtAuxCheckAuxPath:682: Null anb
2026-05-05 19:37:47.037 27936-27972 GPUAUX                  com.newaura.app                      E  [AUX]GuiExtAuxCheckAuxPath:682: Null anb
2026-05-05 19:37:47.037 27936-27972 GPUAUX                  com.newaura.app                      E  [AUX]GuiExtAuxCheckAuxPath:682: Null anb
2026-05-05 19:37:47.037 27936-27972 GPUAUX                  com.newaura.app                      E  [AUX]GuiExtAuxCheckAuxPath:682: Null anb
2026-05-05 19:37:47.037 27936-27972 GPUAUX                  com.newaura.app                      E  [AUX]GuiExtAuxCheckAuxPath:682: Null anb
2026-05-05 19:37:47.056 27936-27972 GPUAUX                  com.newaura.app                      E  [AUX]GuiExtAuxCheckAuxPath:682: Null anb
2026-05-05 19:37:47.056 27936-27972 GPUAUX                  com.newaura.app                      E  [AUX]GuiExtAuxCheckAuxPath:682: Null anb
2026-05-05 19:37:47.056 27936-27972 GPUAUX                  com.newaura.app                      E  [AUX]GuiExtAuxCheckAuxPath:682: Null anb
2026-05-05 19:37:47.056 27936-27972 GPUAUX                  com.newaura.app                      E  [AUX]GuiExtAuxCheckAuxPath:682: Null anb
2026-05-05 19:37:47.071 27936-27972 GPUAUX                  com.newaura.app                      E  [AUX]GuiExtAuxCheckAuxPath:682: Null anb
2026-05-05 19:37:47.071 27936-27972 GPUAUX                  com.newaura.app                      E  [AUX]GuiExtAuxCheckAuxPath:682: Null anb
2026-05-05 19:37:47.071 27936-27972 GPUAUX                  com.newaura.app                      E  [AUX]GuiExtAuxCheckAuxPath:682: Null anb
2026-05-05 19:37:47.071 27936-27972 GPUAUX                  com.newaura.app                      E  [AUX]GuiExtAuxCheckAuxPath:682: Null anb
2026-05-05 19:37:47.094 27936-27972 GPUAUX                  com.newaura.app                      E  [AUX]GuiExtAuxCheckAuxPath:682: Null anb
2026-05-05 19:37:47.094 27936-27972 GPUAUX                  com.newaura.app                      E  [AUX]GuiExtAuxCheckAuxPath:682: Null anb
2026-05-05 19:37:47.094 27936-27972 GPUAUX                  com.newaura.app                      E  [AUX]GuiExtAuxCheckAuxPath:682: Null anb
2026-05-05 19:37:48.161 27936-27936 Capacitor/Console       com.newaura.app                      E  File: https://localhost/assets/index-B2L1_G6r.js - Line 40 - Msg: [FCM] ❌ Failed to save FCM token to Supabase: duplicate key value violates unique constraint "push_subscriptions_user_id_key"
2026-05-05 19:37:48.627 27936-27936 IJankManager            com.newaura.app                      E  slideSceneEnd unknown scene 1000 mScene:-1
2026-05-05 19:37:48.627 27936-27936 AutofillManager         com.newaura.app                      V  requestHideFillUi(null): anchor = null
2026-05-05 19:37:48.687 27936-27936 OplusViewD...ViewHelper com.newaura.app                      D  dispatchTouchView action = 1
2026-05-05 19:37:48.687 27936-27936 ViewRootImplExtImpl     com.newaura.app                      D  the up motion event handled by client, just return
2026-05-05 19:37:48.710 27936-27936 AutofillManager         com.newaura.app                      V  notifyViewExited(1073741824, 196608
2026-05-05 19:37:48.710 27936-27936 AutofillManager         com.newaura.app                      V  notifyValueChanged(1073741824:196608): ignoring on state FINISHED
2026-05-05 19:37:48.711 27936-27936 AutofillManager         com.newaura.app                      V  commit() called by app
2026-05-05 19:37:48.711 27936-27936 AutofillManager         com.newaura.app                      V  finishSessionLocked(): FINISHED
2026-05-05 19:37:48.711 27936-27936 AutofillManager         com.newaura.app                      V  cancel() called by app or augmented autofill service
2026-05-05 19:37:48.711 27936-27936 AutofillManager         com.newaura.app                      V  cancelSessionLocked(): FINISHED
2026-05-05 19:37:48.892 27936-27936 ImeTracker              com.newaura.app                      I  com.newaura.app:9ad53012: onRequestHide at ORIGIN_CLIENT reason HIDE_SOFT_INPUT fromUser false
2026-05-05 19:37:48.892 27936-27936 InsetsController        com.newaura.app                      D  hide(ime(), fromIme=false)
2026-05-05 19:37:48.892 27936-27936 WindowOnBackDispatcher  com.newaura.app                      W  sendCancelIfRunning: isInProgress=false callback=ImeCallback=ImeOnBackInvokedCallback@197878563 hash=70240151 Callback=android.window.IOnBackInvokedCallback$Stub$Proxy@f1c2a1
2026-05-05 19:37:48.893 27936-27936 InsetsController        com.newaura.app                      D  Setting requestedVisibleTypes to -9 (was -1)
2026-05-05 19:37:48.920 27936-27972 GPUAUX                  com.newaura.app                      E  [AUX]GuiExtAuxCheckAuxPath:682: Null anb
2026-05-05 19:37:48.920 27936-27972 GPUAUX                  com.newaura.app                      E  [AUX]GuiExtAuxCheckAuxPath:682: Null anb
2026-05-05 19:37:48.920 27936-27972 GPUAUX                  com.newaura.app                      E  [AUX]GuiExtAuxCheckAuxPath:682: Null anb
2026-05-05 19:37:48.921 27936-27972 GPUAUX                  com.newaura.app                      E  [AUX]GuiExtAuxCheckAuxPath:682: Null anb
2026-05-05 19:37:48.921 27936-27972 GPUAUX                  com.newaura.app                      E  [AUX]GuiExtAuxCheckAuxPath:682: Null anb
2026-05-05 19:37:48.921 27936-27972 GPUAUX                  com.newaura.app                      E  [AUX]GuiExtAuxCheckAuxPath:682: Null anb
2026-05-05 19:37:48.921 27936-27972 GPUAUX                  com.newaura.app                      E  [AUX]GuiExtAuxCheckAuxPath:682: Null anb
2026-05-05 19:37:48.921 27936-27972 GPUAUX                  com.newaura.app                      E  [AUX]GuiExtAuxCheckAuxPath:682: Null anb
2026-05-05 19:37:48.921 27936-27972 GPUAUX                  com.newaura.app                      E  [AUX]GuiExtAuxCheckAuxPath:682: Null anb
2026-05-05 19:37:48.921 27936-27972 GPUAUX                  com.newaura.app                      E  [AUX]GuiExtAuxCheckAuxPath:682: Null anb
2026-05-05 19:37:48.921 27936-27972 GPUAUX                  com.newaura.app                      E  [AUX]GuiExtAuxCheckAuxPath:682: Null anb
2026-05-05 19:37:48.921 27936-27972 GPUAUX                  com.newaura.app                      E  [AUX]GuiExtAuxCheckAuxPath:682: Null anb
2026-05-05 19:37:48.922 27936-27972 GPUAUX                  com.newaura.app                      E  [AUX]GuiExtAuxCheckAuxPath:682: Null anb
2026-05-05 19:37:48.922 27936-27972 GPUAUX                  com.newaura.app                      E  [AUX]GuiExtAuxCheckAuxPath:682: Null anb
2026-05-05 19:37:48.922 27936-27972 GPUAUX                  com.newaura.app                      E  [AUX]GuiExtAuxCheckAuxPath:682: Null anb
2026-05-05 19:37:48.922 27936-27936 VRI[MainActivity]       com.newaura.app                      W  handleResized abandoned!
2026-05-05 19:37:49.002 27936-27972 GPUAUX                  com.newaura.app                      E  [AUX]GuiExtAuxCheckAuxPath:682: Null anb
2026-05-05 19:37:49.003 27936-27972 GPUAUX                  com.newaura.app                      E  [AUX]GuiExtAuxCheckAuxPath:682: Null anb
2026-05-05 19:37:49.003 27936-27972 GPUAUX                  com.newaura.app                      E  [AUX]GuiExtAuxCheckAuxPath:682: Null anb
2026-05-05 19:37:49.003 27936-27972 GPUAUX                  com.newaura.app                      E  [AUX]GuiExtAuxCheckAuxPath:682: Null anb
2026-05-05 19:37:49.003 27936-27972 GPUAUX                  com.newaura.app                      E  [AUX]GuiExtAuxCheckAuxPath:682: Null anb
2026-05-05 19:37:49.003 27936-27972 GPUAUX                  com.newaura.app                      E  [AUX]GuiExtAuxCheckAuxPath:682: Null anb
2026-05-05 19:37:49.025 27936-27972 GPUAUX                  com.newaura.app                      E  [AUX]GuiExtAuxCheckAuxPath:682: Null anb
2026-05-05 19:37:49.026 27936-27972 GPUAUX                  com.newaura.app                      E  [AUX]GuiExtAuxCheckAuxPath:682: Null anb
2026-05-05 19:37:49.026 27936-27972 GPUAUX                  com.newaura.app                      E  [AUX]GuiExtAuxCheckAuxPath:682: Null anb
2026-05-05 19:37:49.026 27936-27972 GPUAUX                  com.newaura.app                      E  [AUX]GuiExtAuxCheckAuxPath:682: Null anb
2026-05-05 19:37:49.026 27936-27972 GPUAUX                  com.newaura.app                      E  [AUX]GuiExtAuxCheckAuxPath:682: Null anb
2026-05-05 19:37:49.038 27936-27936 AutofillManager         com.newaura.app                      V  startSessionLocked(): id=1073741824:i262145, bounds=Rect(171, 1203 - 561, 1278), value=null, flags=0, state=FINISHED, compatMode=false, augmentedOnly=false, enabledAugmentedOnly=false, enteredIds={1073741824:i65536, 1073741824:i65537, 1073741824:i131072, 1073741824:i196608}
2026-05-05 19:37:49.054 27936-27972 GPUAUX                  com.newaura.app                      E  [AUX]GuiExtAuxCheckAuxPath:682: Null anb
2026-05-05 19:37:49.054 27936-27936 ImeTracker              com.newaura.app                      I  com.newaura.app:96ff411e: onRequestShow at ORIGIN_CLIENT reason SHOW_SOFT_INPUT fromUser false
2026-05-05 19:37:49.055 27936-27936 InsetsController        com.newaura.app                      D  show(ime(), fromIme=false)
2026-05-05 19:37:49.055 27936-27936 InsetsController        com.newaura.app                      D  Setting requestedVisibleTypes to -1 (was -9)
2026-05-05 19:37:49.056 27936-27936 ImeTracker              com.newaura.app                      I  com.newaura.app:9ad53012: onCancelled at PHASE_CLIENT_ANIMATION_CANCEL
