2026-05-05 17:31:12.562 21650-21650 AutofillManager         com.newaura.app                      V  requestHideFillUi(null): anchor = null
2026-05-05 17:31:12.636 21650-21650 OplusViewD...ViewHelper com.newaura.app                      D  dispatchTouchView action = 1
2026-05-05 17:31:12.636 21650-21650 ViewRootImplExtImpl     com.newaura.app                      D  the up motion event handled by client, just return
2026-05-05 17:31:12.682 21650-21650 AutofillManager         com.newaura.app                      I  showAutofillDialog() return false due to improve fill dialog
2026-05-05 17:31:12.689 21650-21650 AutofillManager         com.newaura.app                      V  startSessionLocked(): id=1073741824:i65536, bounds=Rect(72, 1296 - 1008, 1455), value=null, flags=0, state=UNKNOWN, compatMode=false, augmentedOnly=false, enabledAugmentedOnly=false, enteredIds=null
2026-05-05 17:31:12.746 21650-21650 ImeTracker              com.newaura.app                      I  com.newaura.app:de1ef626: onRequestShow at ORIGIN_CLIENT reason SHOW_SOFT_INPUT fromUser false
2026-05-05 17:31:12.747 21650-21650 InsetsController        com.newaura.app                      D  show(ime(), fromIme=false)
2026-05-05 17:31:12.748 21650-21650 InsetsController        com.newaura.app                      D  Setting requestedVisibleTypes to -1 (was -9)
2026-05-05 17:31:12.778 21650-21650 AssistStructure         com.newaura.app                      I  Flattened final assist data: 3088 bytes, containing 1 windows, 6 views
2026-05-05 17:31:12.785 21650-21650 VRI[MainActivity]       com.newaura.app                      W  handleResized abandoned!
2026-05-05 17:31:12.800 21650-21778 GPUAUX                  com.newaura.app                      E  [AUX]GuiExtAuxCheckAuxPath:682: Null anb
2026-05-05 17:31:12.801 21650-21778 GPUAUX                  com.newaura.app                      E  [AUX]GuiExtAuxCheckAuxPath:682: Null anb
2026-05-05 17:31:12.801 21650-21778 GPUAUX                  com.newaura.app                      E  [AUX]GuiExtAuxCheckAuxPath:682: Null anb
2026-05-05 17:31:13.002 21650-21678 com.newaura.app         com.newaura.app                      W  userfaultfd: MOVE ioctl seems unsupported: Connection timed out
2026-05-05 17:31:13.059 21650-21678 com.newaura.app         com.newaura.app                      I  Background concurrent mark compact GC freed 22MB AllocSpace bytes, 47(2088KB) LOS objects, 54% free, 5033KB/10MB, paused 402us,10.439ms total 522.568ms
2026-05-05 17:31:13.188 21650-21650 VRI[MainActivity]       com.newaura.app                      W  handleResized abandoned!
2026-05-05 17:31:13.258 21650-21650 VRI[MainActivity]       com.newaura.app                      W  handleResized abandoned!
2026-05-05 17:31:13.296 21650-22794 OplusWindowManager      com.newaura.app                      D  get WMS extension: android.os.BinderProxy@d7f12ca
2026-05-05 17:31:13.298 21650-21712 ImfJankInfo             com.newaura.app                      D  reportImfJank: {"client":"com.newaura.app","system_pressure":{"cpu":true,"mem":true,"thermal":false},"ime_package_name":"com.google.android.inputmethod.latin"}
2026-05-05 17:31:13.323 21650-21778 GPUAUX                  com.newaura.app                      E  [AUX]GuiExtAuxCheckAuxPath:682: Null anb
2026-05-05 17:31:13.323 21650-21778 GPUAUX                  com.newaura.app                      E  [AUX]GuiExtAuxCheckAuxPath:682: Null anb
2026-05-05 17:31:13.323 21650-21778 GPUAUX                  com.newaura.app                      E  [AUX]GuiExtAuxCheckAuxPath:682: Null anb
2026-05-05 17:31:13.324 21650-22794 InteractionJankMonitor  com.newaura.app                      W  Initializing without READ_DEVICE_CONFIG permission. enabled=false, interval=1, missedFrameThreshold=3, frameTimeThreshold=64, package=com.newaura.app
2026-05-05 17:31:13.334 21650-21650 DynamicFra...igManager] com.newaura.app                      I  initFrameRateConfig: 
                                                                                                    	levelsFor120hz: [120, 60]
                                                                                                    	thresholdsFor120hz: [200]
                                                                                                    	levelsFor90hz: [90]
                                                                                                    	thresholdsFor90hz: []
2026-05-05 17:31:13.334 21650-21650 DynamicFra...igManager] com.newaura.app                      I  FRTCConfigManager: FRTC_CAPABILITY = 120, package name = com.newaura.app, WINDOW_ANIMATION_SPEED_RATE = 10, SCROLL_ANIMATION_SPEED_RATE = 20, PACKAGE_ENABLE = false
2026-05-05 17:31:13.334 21650-21650 DynamicFra...ontroller] com.newaura.app                      I  init info: mPackageName = com.newaura.app, mIsEnabled = false
2026-05-05 17:31:13.417 21650-21778 GPUAUX                  com.newaura.app                      E  [AUX]GuiExtAuxCheckAuxPath:682: Null anb
2026-05-05 17:31:13.417 21650-21778 GPUAUX                  com.newaura.app                      E  [AUX]GuiExtAuxCheckAuxPath:682: Null anb
2026-05-05 17:31:13.422 21650-21778 GPUAUX                  com.newaura.app                      E  [AUX]GuiExtAuxCheckAuxPath:682: Null anb
2026-05-05 17:31:13.422 21650-21778 GPUAUX                  com.newaura.app                      E  [AUX]GuiExtAuxCheckAuxPath:682: Null anb
2026-05-05 17:31:13.422 21650-21778 GPUAUX                  com.newaura.app                      E  [AUX]GuiExtAuxCheckAuxPath:682: Null anb
2026-05-05 17:31:13.531 21650-21650 ImeTracker              com.newaura.app                      I  com.newaura.app:de1ef626: onShown
2026-05-05 17:31:13.758 21650-21650 AutofillManager         com.newaura.app                      V  notifyNoFillUi(): sessionFinishedState=2
2026-05-05 17:31:13.758 21650-21650 AutofillManager         com.newaura.app                      V  notifyCallback(): sessionId=1215654244, autofillId=1073741824:i65536@1215654244, event=3
2026-05-05 17:31:13.758 21650-21650 AutofillManager         com.newaura.app                      V  setSessionFinished(): from ACTIVE to FINISHED; autofillableIds=null
2026-05-05 17:31:17.855 21650-21650 AutofillManager         com.newaura.app                      V  notifyViewExited(1073741824, 65536
2026-05-05 17:31:17.855 21650-21650 AutofillManager         com.newaura.app                      V  ignoring notifyViewEntered(flags=0, view=1073741824:i65536) on state FINISHED because view was already entered: {1073741824:i65536}
2026-05-05 17:31:17.855 21650-21650 AutofillManager         com.newaura.app                      V  notifyValueChanged(1073741824:65536): ignoring on state FINISHED
2026-05-05 17:31:17.873 21650-21778 GPUAUX                  com.newaura.app                      E  [AUX]GuiExtAuxCheckAuxPath:682: Null anb
2026-05-05 17:31:18.452 21650-21650 AutofillManager         com.newaura.app                      V  notifyValueChanged(1073741824:65536): ignoring on state FINISHED
2026-05-05 17:31:18.471 21650-21778 GPUAUX                  com.newaura.app                      E  [AUX]GuiExtAuxCheckAuxPath:682: Null anb
2026-05-05 17:31:19.236 21650-21650 AutofillManager         com.newaura.app                      V  notifyValueChanged(1073741824:65536): ignoring on state FINISHED
2026-05-05 17:31:19.267 21650-21778 GPUAUX                  com.newaura.app                      E  [AUX]GuiExtAuxCheckAuxPath:682: Null anb
2026-05-05 17:31:19.602 21650-21650 AutofillManager         com.newaura.app                      V  notifyValueChanged(1073741824:65536): ignoring on state FINISHED
2026-05-05 17:31:19.631 21650-21778 GPUAUX                  com.newaura.app                      E  [AUX]GuiExtAuxCheckAuxPath:682: Null anb
2026-05-05 17:31:19.968 21650-21650 AutofillManager         com.newaura.app                      V  notifyValueChanged(1073741824:65536): ignoring on state FINISHED
2026-05-05 17:31:19.998 21650-21778 GPUAUX                  com.newaura.app                      E  [AUX]GuiExtAuxCheckAuxPath:682: Null anb
2026-05-05 17:31:20.986 21650-21650 AutofillManager         com.newaura.app                      V  notifyValueChanged(1073741824:65536): ignoring on state FINISHED
2026-05-05 17:31:21.013 21650-21778 GPUAUX                  com.newaura.app                      E  [AUX]GuiExtAuxCheckAuxPath:682: Null anb
2026-05-05 17:31:22.704 21650-22862 com.newaura.app         com.newaura.app                      I  hiddenapi: Accessing hidden method Ldalvik/system/VMStack;->getStackClass2()Ljava/lang/Class; (runtime_flags=0, domain=core-platform, api=unsupported) from LWV/v7; (domain=app, TargetSdkVersion=36) using reflection: allowed
2026-05-05 17:31:22.710 21650-22862 FilePhenotypeFlags      com.newaura.app                      E  Config package com.google.android.gms.clearcut_client#com.newaura.app cannot use FILE backing without declarative registration. See go/phenotype-android-integration#phenotype for more information. This will lead to stale flags.
2026-05-05 17:31:22.712 21650-21650 IJankManager            com.newaura.app                      E  slideSceneEnd unknown scene 1002 mScene:-1
2026-05-05 17:31:22.713 21650-21650 AutofillManager         com.newaura.app                      V  requestHideFillUi(null): anchor = null
2026-05-05 17:31:22.735 21650-21650 OplusViewD...ViewHelper com.newaura.app                      D  dispatchTouchView action = 1
2026-05-05 17:31:22.735 21650-21650 ViewRootImplExtImpl     com.newaura.app                      D  the up motion event handled by client, just return
2026-05-05 17:31:22.745 21650-21650 AutofillManager         com.newaura.app                      V  notifyViewExited(1073741824, 65536
2026-05-05 17:31:22.746 21650-21650 AutofillManager         com.newaura.app                      V  startSessionLocked(): id=1073741824:i65537, bounds=Rect(72, 1155 - 1008, 1314), value=null, flags=128, state=FINISHED, compatMode=false, augmentedOnly=false, enabledAugmentedOnly=false, enteredIds={1073741824:i65536}
2026-05-05 17:31:22.751 21650-22862 FilePhenotypeFlags      com.newaura.app                      E  Config package com.google.android.gms.clearcut_client#com.newaura.app cannot use FILE backing without declarative registration. See go/phenotype-android-integration#phenotype for more information. This will lead to stale flags.
2026-05-05 17:31:22.753 21650-22862 FilePhenotypeFlags      com.newaura.app                      E  Config package com.google.android.gms.clearcut_client#com.newaura.app cannot use FILE backing without declarative registration. See go/phenotype-android-integration#phenotype for more information. This will lead to stale flags.
2026-05-05 17:31:22.755 21650-21650 AutofillManager         com.newaura.app                      V  updateSessionLocked(): id=1073741824:i65537, bounds=null, value=[type=1, value=0_chars], action=4, flags=128
2026-05-05 17:31:22.762 21650-21650 ImeTracker              com.newaura.app                      I  com.newaura.app:927c6878: onRequestShow at ORIGIN_CLIENT reason SHOW_SOFT_INPUT fromUser false
2026-05-05 17:31:22.762 21650-21650 InsetsController        com.newaura.app                      D  show(ime(), fromIme=false)
2026-05-05 17:31:22.762 21650-21650 ImeTracker              com.newaura.app                      I  com.newaura.app:927c6878: onCancelled at PHASE_CLIENT_APPLY_ANIMATION
2026-05-05 17:31:22.768 21650-21650 AssistStructure         com.newaura.app                      I  Flattened final assist data: 3104 bytes, containing 1 windows, 6 views
2026-05-05 17:31:22.803 21650-21778 GPUAUX                  com.newaura.app                      E  [AUX]GuiExtAuxCheckAuxPath:682: Null anb
2026-05-05 17:31:22.803 21650-21778 GPUAUX                  com.newaura.app                      E  [AUX]GuiExtAuxCheckAuxPath:682: Null anb
2026-05-05 17:31:22.803 21650-21778 GPUAUX                  com.newaura.app                      E  [AUX]GuiExtAuxCheckAuxPath:682: Null anb
2026-05-05 17:31:22.955 21650-21650 AutofillManager         com.newaura.app                      V  notifyNoFillUi(): sessionFinishedState=2
2026-05-05 17:31:22.955 21650-21650 AutofillManager         com.newaura.app                      V  notifyCallback(): sessionId=795780175, autofillId=1073741824:i65537@795780175, event=3
2026-05-05 17:31:22.955 21650-21650 AutofillManager         com.newaura.app                      V  setSessionFinished(): from ACTIVE to FINISHED; autofillableIds=null
2026-05-05 17:31:22.973 21650-21650 VRI[MainActivity]       com.newaura.app                      W  handleResized abandoned!
2026-05-05 17:31:22.990 21650-21778 GPUAUX                  com.newaura.app                      E  [AUX]GuiExtAuxCheckAuxPath:682: Null anb
2026-05-05 17:31:22.990 21650-21778 GPUAUX                  com.newaura.app                      E  [AUX]GuiExtAuxCheckAuxPath:682: Null anb
2026-05-05 17:31:22.990 21650-21778 GPUAUX                  com.newaura.app                      E  [AUX]GuiExtAuxCheckAuxPath:682: Null anb
2026-05-05 17:31:22.990 21650-21778 GPUAUX                  com.newaura.app                      E  [AUX]GuiExtAuxCheckAuxPath:682: Null anb
2026-05-05 17:31:22.990 21650-21778 GPUAUX                  com.newaura.app                      E  [AUX]GuiExtAuxCheckAuxPath:682: Null anb
2026-05-05 17:31:23.013 21650-21650 ImeTracker              com.newaura.app                      I  com.newaura.app:e9a4afe0: onCancelled at PHASE_CLIENT_ON_CONTROLS_CHANGED
2026-05-05 17:31:23.066 21650-21778 GPUAUX                  com.newaura.app                      E  [AUX]GuiExtAuxCheckAuxPath:682: Null anb
2026-05-05 17:31:23.066 21650-21778 GPUAUX                  com.newaura.app                      E  [AUX]GuiExtAuxCheckAuxPath:682: Null anb
2026-05-05 17:31:23.066 21650-21778 GPUAUX                  com.newaura.app                      E  [AUX]GuiExtAuxCheckAuxPath:682: Null anb
2026-05-05 17:31:23.066 21650-21778 GPUAUX                  com.newaura.app                      E  [AUX]GuiExtAuxCheckAuxPath:682: Null anb
2026-05-05 17:31:23.794 21650-21650 IJankManager            com.newaura.app                      E  slideSceneEnd unknown scene 1002 mScene:-1
2026-05-05 17:31:24.416 21650-21650 AutofillManager         com.newaura.app                      V  notifyViewExited(1073741824, 65537
2026-05-05 17:31:24.416 21650-21650 AutofillManager         com.newaura.app                      V  ignoring notifyViewEntered(flags=0, view=1073741824:i65537) on state FINISHED because view was already entered: {1073741824:i65536, 1073741824:i65537}
2026-05-05 17:31:24.416 21650-21650 AutofillManager         com.newaura.app                      V  notifyValueChanged(1073741824:65537): ignoring on state FINISHED
2026-05-05 17:31:24.454 21650-21778 GPUAUX                  com.newaura.app                      E  [AUX]GuiExtAuxCheckAuxPath:682: Null anb
2026-05-05 17:31:25.052 21650-21650 AutofillManager         com.newaura.app                      V  notifyValueChanged(1073741824:65537): ignoring on state FINISHED
2026-05-05 17:31:25.083 21650-21778 GPUAUX                  com.newaura.app                      E  [AUX]GuiExtAuxCheckAuxPath:682: Null anb
2026-05-05 17:31:25.645 21650-21650 AutofillManager         com.newaura.app                      V  notifyValueChanged(1073741824:65537): ignoring on state FINISHED
2026-05-05 17:31:25.680 21650-21778 GPUAUX                  com.newaura.app                      E  [AUX]GuiExtAuxCheckAuxPath:682: Null anb
2026-05-05 17:31:26.034 21650-21650 AutofillManager         com.newaura.app                      V  notifyValueChanged(1073741824:65537): ignoring on state FINISHED
2026-05-05 17:31:26.062 21650-21778 GPUAUX                  com.newaura.app                      E  [AUX]GuiExtAuxCheckAuxPath:682: Null anb
2026-05-05 17:31:26.380 21650-21650 AutofillManager         com.newaura.app                      V  notifyValueChanged(1073741824:65537): ignoring on state FINISHED
2026-05-05 17:31:26.411 21650-21778 GPUAUX                  com.newaura.app                      E  [AUX]GuiExtAuxCheckAuxPath:682: Null anb
2026-05-05 17:31:27.413 21650-21778 GPUAUX                  com.newaura.app                      E  [AUX]GuiExtAuxCheckAuxPath:682: Null anb
2026-05-05 17:31:27.519 21650-21650 AutofillManager         com.newaura.app                      V  notifyValueChanged(1073741824:65537): ignoring on state FINISHED
2026-05-05 17:31:27.542 21650-21778 GPUAUX                  com.newaura.app                      E  [AUX]GuiExtAuxCheckAuxPath:682: Null anb
2026-05-05 17:31:28.559 21650-21778 GPUAUX                  com.newaura.app                      E  [AUX]GuiExtAuxCheckAuxPath:682: Null anb
2026-05-05 17:31:28.878 21650-21650 AutofillManager         com.newaura.app                      V  notifyValueChanged(1073741824:65537): ignoring on state FINISHED
2026-05-05 17:31:28.905 21650-21778 GPUAUX                  com.newaura.app                      E  [AUX]GuiExtAuxCheckAuxPath:682: Null anb
2026-05-05 17:31:29.560 21650-21650 AutofillManager         com.newaura.app                      V  notifyValueChanged(1073741824:65537): ignoring on state FINISHED
2026-05-05 17:31:29.586 21650-21778 GPUAUX                  com.newaura.app                      E  [AUX]GuiExtAuxCheckAuxPath:682: Null anb
2026-05-05 17:31:29.749 21650-21650 AutofillManager         com.newaura.app                      V  notifyValueChanged(1073741824:65537): ignoring on state FINISHED
2026-05-05 17:31:29.786 21650-21778 GPUAUX                  com.newaura.app                      E  [AUX]GuiExtAuxCheckAuxPath:682: Null anb
2026-05-05 17:31:29.960 21650-21650 AutofillManager         com.newaura.app                      V  notifyValueChanged(1073741824:65537): ignoring on state FINISHED
2026-05-05 17:31:29.986 21650-21778 GPUAUX                  com.newaura.app                      E  [AUX]GuiExtAuxCheckAuxPath:682: Null anb
2026-05-05 17:31:30.985 21650-21778 GPUAUX                  com.newaura.app                      E  [AUX]GuiExtAuxCheckAuxPath:682: Null anb
2026-05-05 17:31:31.065 21650-21650 IJankManager            com.newaura.app                      E  slideSceneEnd unknown scene 1002 mScene:-1
2026-05-05 17:31:31.066 21650-21650 AutofillManager         com.newaura.app                      V  requestHideFillUi(null): anchor = null
2026-05-05 17:31:31.131 21650-21650 OplusViewD...ViewHelper com.newaura.app                      D  dispatchTouchView action = 1
2026-05-05 17:31:31.131 21650-21650 ViewRootImplExtImpl     com.newaura.app                      D  the up motion event handled by client, just return
2026-05-05 17:31:31.135 21650-21650 AutofillManager         com.newaura.app                      V  notifyViewExited(1073741824, 65537
2026-05-05 17:31:31.144 21650-21650 ImeTracker              com.newaura.app                      I  com.newaura.app:210169ef: onRequestHide at ORIGIN_CLIENT reason HIDE_SOFT_INPUT fromUser false
2026-05-05 17:31:31.144 21650-21650 InsetsController        com.newaura.app                      D  hide(ime(), fromIme=false)
2026-05-05 17:31:31.145 21650-21650 WindowOnBackDispatcher  com.newaura.app                      W  sendCancelIfRunning: isInProgress=false callback=ImeCallback=ImeOnBackInvokedCallback@197878563 hash=228403390 Callback=android.window.IOnBackInvokedCallback$Stub$Proxy@b1e0ace
2026-05-05 17:31:31.145 21650-21650 InsetsController        com.newaura.app                      D  Setting requestedVisibleTypes to -9 (was -1)
2026-05-05 17:31:31.147 21650-21650 CompatChangeReporter    com.newaura.app                      D  Compat change id reported: 395521150; UID 10408; state: ENABLED
2026-05-05 17:31:31.158 21650-21778 GPUAUX                  com.newaura.app                      E  [AUX]GuiExtAuxCheckAuxPath:682: Null anb
2026-05-05 17:31:31.159 21650-21778 GPUAUX                  com.newaura.app                      E  [AUX]GuiExtAuxCheckAuxPath:682: Null anb
2026-05-05 17:31:31.159 21650-21778 GPUAUX                  com.newaura.app                      E  [AUX]GuiExtAuxCheckAuxPath:682: Null anb
2026-05-05 17:31:31.159 21650-21778 GPUAUX                  com.newaura.app                      E  [AUX]GuiExtAuxCheckAuxPath:682: Null anb
2026-05-05 17:31:31.165 21650-21650 VRI[MainActivity]       com.newaura.app                      W  handleResized abandoned!
2026-05-05 17:31:31.187 21650-21650 ImeTracker              com.newaura.app                      I  system_server:e1c9dea5: onCancelled at PHASE_CLIENT_ON_CONTROLS_CHANGED
2026-05-05 17:31:31.222 21650-21778 GPUAUX                  com.newaura.app                      E  [AUX]GuiExtAuxCheckAuxPath:682: Null anb
2026-05-05 17:31:31.222 21650-21778 GPUAUX                  com.newaura.app                      E  [AUX]GuiExtAuxCheckAuxPath:682: Null anb
2026-05-05 17:31:31.222 21650-21778 GPUAUX                  com.newaura.app                      E  [AUX]GuiExtAuxCheckAuxPath:682: Null anb
2026-05-05 17:31:31.223 21650-21778 GPUAUX                  com.newaura.app                      E  [AUX]GuiExtAuxCheckAuxPath:682: Null anb
2026-05-05 17:31:31.475 21650-21650 VRI[MainActivity]       com.newaura.app                      W  handleResized abandoned!
2026-05-05 17:31:31.498 21650-21650 VRI[MainActivity]       com.newaura.app                      W  handleResized abandoned!
2026-05-05 17:31:31.902 21650-21650 IJankManager            com.newaura.app                      E  slideSceneEnd unknown scene 1002 mScene:-1
2026-05-05 17:31:31.903 21650-21650 AutofillManager         com.newaura.app                      V  requestHideFillUi(null): anchor = null
2026-05-05 17:31:31.966 21650-21650 OplusViewD...ViewHelper com.newaura.app                      D  dispatchTouchView action = 1
2026-05-05 17:31:31.966 21650-21650 ViewRootImplExtImpl     com.newaura.app                      D  the up motion event handled by client, just return
2026-05-05 17:31:31.982 21650-21650 AutofillManager         com.newaura.app                      V  notifyValueChanged(1073741824:65536): ignoring on state FINISHED
2026-05-05 17:31:31.982 21650-21650 AutofillManager         com.newaura.app                      V  notifyValueChanged(1073741824:65537): ignoring on state FINISHED
2026-05-05 17:31:31.982 21650-21650 AutofillManager         com.newaura.app                      V  commit() called by app
2026-05-05 17:31:31.982 21650-21650 AutofillManager         com.newaura.app                      V  finishSessionLocked(): FINISHED
2026-05-05 17:31:31.983 21650-21650 AutofillManager         com.newaura.app                      V  cancel() called by app or augmented autofill service
2026-05-05 17:31:31.983 21650-21650 AutofillManager         com.newaura.app                      V  cancelSessionLocked(): FINISHED
2026-05-05 17:31:32.022 21650-21778 GPUAUX                  com.newaura.app                      E  [AUX]GuiExtAuxCheckAuxPath:682: Null anb
2026-05-05 17:31:32.028 21650-21778 GPUAUX                  com.newaura.app                      E  [AUX]GuiExtAuxCheckAuxPath:682: Null anb
2026-05-05 17:31:32.065 21650-21778 GPUAUX                  com.newaura.app                      E  [AUX]GuiExtAuxCheckAuxPath:682: Null anb
2026-05-05 17:31:32.079 21650-21778 GPUAUX                  com.newaura.app                      E  [AUX]GuiExtAuxCheckAuxPath:682: Null anb
2026-05-05 17:31:32.112 21650-21778 GPUAUX                  com.newaura.app                      E  [AUX]GuiExtAuxCheckAuxPath:682: Null anb
2026-05-05 17:31:32.130 21650-21778 GPUAUX                  com.newaura.app                      E  [AUX]GuiExtAuxCheckAuxPath:682: Null anb
2026-05-05 17:31:32.147 21650-21778 GPUAUX                  com.newaura.app                      E  [AUX]GuiExtAuxCheckAuxPath:682: Null anb
2026-05-05 17:31:32.162 21650-21778 GPUAUX                  com.newaura.app                      E  [AUX]GuiExtAuxCheckAuxPath:682: Null anb
2026-05-05 17:31:32.180 21650-21778 GPUAUX                  com.newaura.app                      E  [AUX]GuiExtAuxCheckAuxPath:682: Null anb
2026-05-05 17:31:39.255 21650-21778 GPUAUX                  com.newaura.app                      E  [AUX]GuiExtAuxCheckAuxPath:682: Null anb
2026-05-05 17:31:39.255 21650-21778 GPUAUX                  com.newaura.app                      E  [AUX]GuiExtAuxCheckAuxPath:682: Null anb
2026-05-05 17:31:43.082 21650-21650 IJankManager            com.newaura.app                      E  slideSceneEnd unknown scene 1002 mScene:-1
2026-05-05 17:31:43.082 21650-21650 AutofillManager         com.newaura.app                      V  requestHideFillUi(null): anchor = null
2026-05-05 17:31:43.107 21650-21650 OplusViewD...ViewHelper com.newaura.app                      D  dispatchTouchView action = 1
2026-05-05 17:31:43.108 21650-21650 ViewRootImplExtImpl     com.newaura.app                      D  the up motion event handled by client, just return
2026-05-05 17:31:45.498 21650-21893 Capacitor               com.newaura.app                      D  Handling local request: https://localhost/assets/useMedia-C4gNOmGM.js
2026-05-05 17:31:45.499 21650-21892 Capacitor               com.newaura.app                      D  Handling local request: https://localhost/assets/ChatScreen-BLCxRS_V.js
2026-05-05 17:31:45.504 21650-21894 Capacitor               com.newaura.app                      D  Handling local request: https://localhost/assets/videoChunker-C66ZDSyZ.js
2026-05-05 17:31:45.504 21650-21909 Capacitor               com.newaura.app                      D  Handling local request: https://localhost/assets/useGarbage-D82JkGfw.js
2026-05-05 17:31:45.505 21650-21908 Capacitor               com.newaura.app                      D  Handling local request: https://localhost/assets/useVideoChunks-D-saaVVZ.js
2026-05-05 17:31:45.506 21650-21905 Capacitor               com.newaura.app                      D  Handling local request: https://localhost/assets/proxy-0Fg6nH87.js
2026-05-05 17:31:45.506 21650-21893 Capacitor               com.newaura.app                      D  Handling local request: https://localhost/assets/QualityChoiceModal-DbM3hfG5.js
2026-05-05 17:31:45.509 21650-21892 Capacitor               com.newaura.app                      D  Handling local request: https://localhost/assets/MediaViewer-DoIr-Zy8.js
2026-05-05 17:31:45.512 21650-21905 Capacitor               com.newaura.app                      D  Handling local request: https://localhost/assets/StreakCelebration-B1mrQa3K.js
2026-05-05 17:31:45.560 21650-21650 ImeTracker              com.newaura.app                      I  com.newaura.app:3ccc8bd2: onRequestShow at ORIGIN_CLIENT reason SHOW_SOFT_INPUT fromUser false
2026-05-05 17:31:45.560 21650-21650 InsetsController        com.newaura.app                      D  show(ime(), fromIme=false)
2026-05-05 17:31:45.561 21650-21650 InsetsController        com.newaura.app                      D  Setting requestedVisibleTypes to -1 (was -9)
2026-05-05 17:31:45.563 21650-21650 AutofillManager         com.newaura.app                      V  startSessionLocked(): id=1073741824:i131072, bounds=Rect(171, 1320 - 909, 1554), value=null, flags=0, state=FINISHED, compatMode=false, augmentedOnly=false, enabledAugmentedOnly=false, enteredIds={1073741824:i65536, 1073741824:i65537}
2026-05-05 17:31:45.580 21650-21892 Capacitor               com.newaura.app                      D  Handling local request: https://localhost/assets/StoriesScreen-corSOhDn.js
2026-05-05 17:31:45.597 21650-21892 Capacitor               com.newaura.app                      D  Handling local request: https://localhost/assets/MemoriesScreen-C80e0_uL.js
2026-05-05 17:31:45.598 21650-21893 Capacitor               com.newaura.app                      D  Handling local request: https://localhost/assets/SettingsScreen-CLwBJRQd.js
2026-05-05 17:31:45.601 21650-21650 VRI[MainActivity]       com.newaura.app                      W  handleResized abandoned!
2026-05-05 17:31:45.605 21650-21650 AssistStructure         com.newaura.app                      I  Flattened final assist data: 2032 bytes, containing 1 windows, 5 views
2026-05-05 17:31:45.921 21650-21778 GPUAUX                  com.newaura.app                      E  [AUX]GuiExtAuxCheckAuxPath:682: Null anb
2026-05-05 17:31:45.921 21650-21778 GPUAUX                  com.newaura.app                      E  [AUX]GuiExtAuxCheckAuxPath:682: Null anb
2026-05-05 17:31:45.921 21650-21778 GPUAUX                  com.newaura.app                      E  [AUX]GuiExtAuxCheckAuxPath:682: Null anb
2026-05-05 17:31:45.921 21650-21778 GPUAUX                  com.newaura.app                      E  [AUX]GuiExtAuxCheckAuxPath:682: Null anb
2026-05-05 17:31:45.921 21650-21778 GPUAUX                  com.newaura.app                      E  [AUX]GuiExtAuxCheckAuxPath:682: Null anb
2026-05-05 17:31:45.921 21650-21778 GPUAUX                  com.newaura.app                      E  [AUX]GuiExtAuxCheckAuxPath:682: Null anb
2026-05-05 17:31:45.923 21650-21778 GPUAUX                  com.newaura.app                      E  [AUX]GuiExtAuxCheckAuxPath:682: Null anb
2026-05-05 17:31:45.923 21650-21778 GPUAUX                  com.newaura.app                      E  [AUX]GuiExtAuxCheckAuxPath:682: Null anb
2026-05-05 17:31:45.923 21650-21778 GPUAUX                  com.newaura.app                      E  [AUX]GuiExtAuxCheckAuxPath:682: Null anb
2026-05-05 17:31:45.924 21650-21778 GPUAUX                  com.newaura.app                      E  [AUX]GuiExtAuxCheckAuxPath:682: Null anb
2026-05-05 17:31:46.057 21650-21650 Capacitor/Console       com.newaura.app                      W  File: https://localhost/assets/index-4A9MR12z.js - Line 40 - Msg: [🔔 NOTIF] ⚠️ ServiceWorker or PushManager not supported
2026-05-05 17:31:46.089 21650-21650 VRI[MainActivity]       com.newaura.app                      W  handleResized abandoned!
2026-05-05 17:31:46.090 21650-21650 VRI[MainActivity]       com.newaura.app                      W  handleResized abandoned!
2026-05-05 17:31:46.092 21650-21650 AutofillManager         com.newaura.app                      V  notifyNoFillUi(): sessionFinishedState=2
2026-05-05 17:31:46.092 21650-21650 AutofillManager         com.newaura.app                      V  notifyCallback(): sessionId=2064108604, autofillId=1073741824:i131072@2064108604, event=3
2026-05-05 17:31:46.092 21650-21650 AutofillManager         com.newaura.app                      V  setSessionFinished(): from ACTIVE to FINISHED; autofillableIds=null
2026-05-05 17:31:46.095 21650-22794 ImfJankInfo             com.newaura.app                      D  reportImfJank: skip because time elapsed since last report < 5 minutes
2026-05-05 17:31:46.122 21650-21778 GPUAUX                  com.newaura.app                      E  [AUX]GuiExtAuxCheckAuxPath:682: Null anb
2026-05-05 17:31:46.123 21650-21778 GPUAUX                  com.newaura.app                      E  [AUX]GuiExtAuxCheckAuxPath:682: Null anb
2026-05-05 17:31:46.123 21650-21778 GPUAUX                  com.newaura.app                      E  [AUX]GuiExtAuxCheckAuxPath:682: Null anb
2026-05-05 17:31:46.123 21650-21778 GPUAUX                  com.newaura.app                      E  [AUX]GuiExtAuxCheckAuxPath:682: Null anb
2026-05-05 17:31:46.123 21650-21778 GPUAUX                  com.newaura.app                      E  [AUX]GuiExtAuxCheckAuxPath:682: Null anb
2026-05-05 17:31:46.123 21650-21778 GPUAUX                  com.newaura.app                      E  [AUX]GuiExtAuxCheckAuxPath:682: Null anb
2026-05-05 17:31:46.123 21650-21778 GPUAUX                  com.newaura.app                      E  [AUX]GuiExtAuxCheckAuxPath:682: Null anb
2026-05-05 17:31:46.123 21650-21778 GPUAUX                  com.newaura.app                      E  [AUX]GuiExtAuxCheckAuxPath:682: Null anb
2026-05-05 17:31:46.124 21650-21778 GPUAUX                  com.newaura.app                      E  [AUX]GuiExtAuxCheckAuxPath:682: Null anb
2026-05-05 17:31:46.124 21650-21778 GPUAUX                  com.newaura.app                      E  [AUX]GuiExtAuxCheckAuxPath:682: Null anb
2026-05-05 17:31:46.124 21650-21778 GPUAUX                  com.newaura.app                      E  [AUX]GuiExtAuxCheckAuxPath:682: Null anb
2026-05-05 17:31:46.124 21650-21778 GPUAUX                  com.newaura.app                      E  [AUX]GuiExtAuxCheckAuxPath:682: Null anb
2026-05-05 17:31:46.134 21650-21778 GPUAUX                  com.newaura.app                      E  [AUX]GuiExtAuxCheckAuxPath:682: Null anb
2026-05-05 17:31:46.134 21650-21778 GPUAUX                  com.newaura.app                      E  [AUX]GuiExtAuxCheckAuxPath:682: Null anb
2026-05-05 17:31:46.211 21650-21778 GPUAUX                  com.newaura.app                      E  [AUX]GuiExtAuxCheckAuxPath:682: Null anb
2026-05-05 17:31:46.212 21650-21778 GPUAUX                  com.newaura.app                      E  [AUX]GuiExtAuxCheckAuxPath:682: Null anb
2026-05-05 17:31:46.213 21650-21778 GPUAUX                  com.newaura.app                      E  [AUX]GuiExtAuxCheckAuxPath:682: Null anb
2026-05-05 17:31:46.213 21650-21778 GPUAUX                  com.newaura.app                      E  [AUX]GuiExtAuxCheckAuxPath:682: Null anb
2026-05-05 17:31:46.213 21650-21778 GPUAUX                  com.newaura.app                      E  [AUX]GuiExtAuxCheckAuxPath:682: Null anb
2026-05-05 17:31:46.213 21650-21778 GPUAUX                  com.newaura.app                      E  [AUX]GuiExtAuxCheckAuxPath:682: Null anb
2026-05-05 17:31:46.213 21650-21778 GPUAUX                  com.newaura.app                      E  [AUX]GuiExtAuxCheckAuxPath:682: Null anb
2026-05-05 17:31:46.213 21650-21778 GPUAUX                  com.newaura.app                      E  [AUX]GuiExtAuxCheckAuxPath:682: Null anb
2026-05-05 17:31:46.213 21650-21778 GPUAUX                  com.newaura.app                      E  [AUX]GuiExtAuxCheckAuxPath:682: Null anb
2026-05-05 17:31:46.213 21650-21778 GPUAUX                  com.newaura.app                      E  [AUX]GuiExtAuxCheckAuxPath:682: Null anb
2026-05-05 17:31:46.214 21650-21778 GPUAUX                  com.newaura.app                      E  [AUX]GuiExtAuxCheckAuxPath:682: Null anb
2026-05-05 17:31:46.214 21650-21778 GPUAUX                  com.newaura.app                      E  [AUX]GuiExtAuxCheckAuxPath:682: Null anb
2026-05-05 17:31:46.214 21650-21778 GPUAUX                  com.newaura.app                      E  [AUX]GuiExtAuxCheckAuxPath:682: Null anb
2026-05-05 17:31:46.214 21650-21778 GPUAUX                  com.newaura.app                      E  [AUX]GuiExtAuxCheckAuxPath:682: Null anb
2026-05-05 17:31:46.214 21650-21778 GPUAUX                  com.newaura.app                      E  [AUX]GuiExtAuxCheckAuxPath:682: Null anb
2026-05-05 17:31:46.244 21650-21778 GPUAUX                  com.newaura.app                      E  [AUX]GuiExtAuxCheckAuxPath:682: Null anb
2026-05-05 17:31:46.247 21650-21778 GPUAUX                  com.newaura.app                      E  [AUX]GuiExtAuxCheckAuxPath:682: Null anb
2026-05-05 17:31:46.268 21650-21778 GPUAUX                  com.newaura.app                      E  [AUX]GuiExtAuxCheckAuxPath:682: Null anb
2026-05-05 17:31:46.268 21650-21778 GPUAUX                  com.newaura.app                      E  [AUX]GuiExtAuxCheckAuxPath:682: Null anb
2026-05-05 17:31:46.375 21650-21778 GPUAUX                  com.newaura.app                      E  [AUX]GuiExtAuxCheckAuxPath:682: Null anb
2026-05-05 17:31:46.375 21650-21778 GPUAUX                  com.newaura.app                      E  [AUX]GuiExtAuxCheckAuxPath:682: Null anb
2026-05-05 17:31:46.375 21650-21778 GPUAUX                  com.newaura.app                      E  [AUX]GuiExtAuxCheckAuxPath:682: Null anb
2026-05-05 17:31:46.375 21650-21778 GPUAUX                  com.newaura.app                      E  [AUX]GuiExtAuxCheckAuxPath:682: Null anb
2026-05-05 17:31:46.375 21650-21778 GPUAUX                  com.newaura.app                      E  [AUX]GuiExtAuxCheckAuxPath:682: Null anb
2026-05-05 17:31:46.375 21650-21778 GPUAUX                  com.newaura.app                      E  [AUX]GuiExtAuxCheckAuxPath:682: Null anb
2026-05-05 17:31:46.375 21650-21778 GPUAUX                  com.newaura.app                      E  [AUX]GuiExtAuxCheckAuxPath:682: Null anb
2026-05-05 17:31:46.375 21650-21778 GPUAUX                  com.newaura.app                      E  [AUX]GuiExtAuxCheckAuxPath:682: Null anb
2026-05-05 17:31:46.375 21650-21778 GPUAUX                  com.newaura.app                      E  [AUX]GuiExtAuxCheckAuxPath:682: Null anb
2026-05-05 17:31:46.375 21650-21778 GPUAUX                  com.newaura.app                      E  [AUX]GuiExtAuxCheckAuxPath:682: Null anb
2026-05-05 17:31:46.376 21650-21778 GPUAUX                  com.newaura.app                      E  [AUX]GuiExtAuxCheckAuxPath:682: Null anb
2026-05-05 17:31:46.376 21650-21778 GPUAUX                  com.newaura.app                      E  [AUX]GuiExtAuxCheckAuxPath:682: Null anb
2026-05-05 17:31:46.376 21650-21778 GPUAUX                  com.newaura.app                      E  [AUX]GuiExtAuxCheckAuxPath:682: Null anb
2026-05-05 17:31:46.376 21650-21778 GPUAUX                  com.newaura.app                      E  [AUX]GuiExtAuxCheckAuxPath:682: Null anb
2026-05-05 17:31:46.376 21650-21778 GPUAUX                  com.newaura.app                      E  [AUX]GuiExtAuxCheckAuxPath:682: Null anb
2026-05-05 17:31:46.376 21650-21778 GPUAUX                  com.newaura.app                      E  [AUX]GuiExtAuxCheckAuxPath:682: Null anb
2026-05-05 17:31:46.376 21650-21778 GPUAUX                  com.newaura.app                      E  [AUX]GuiExtAuxCheckAuxPath:682: Null anb
2026-05-05 17:31:46.376 21650-21778 GPUAUX                  com.newaura.app                      E  [AUX]GuiExtAuxCheckAuxPath:682: Null anb
2026-05-05 17:31:46.376 21650-21778 GPUAUX                  com.newaura.app                      E  [AUX]GuiExtAuxCheckAuxPath:682: Null anb
2026-05-05 17:31:46.377 21650-21778 GPUAUX                  com.newaura.app                      E  [AUX]GuiExtAuxCheckAuxPath:682: Null anb
2026-05-05 17:31:46.377 21650-21778 GPUAUX                  com.newaura.app                      E  [AUX]GuiExtAuxCheckAuxPath:682: Null anb
2026-05-05 17:31:46.377 21650-21778 GPUAUX                  com.newaura.app                      E  [AUX]GuiExtAuxCheckAuxPath:682: Null anb
2026-05-05 17:31:46.377 21650-21778 GPUAUX                  com.newaura.app                      E  [AUX]GuiExtAuxCheckAuxPath:682: Null anb
2026-05-05 17:31:46.377 21650-21778 GPUAUX                  com.newaura.app                      E  [AUX]GuiExtAuxCheckAuxPath:682: Null anb
2026-05-05 17:31:46.378 21650-21778 GPUAUX                  com.newaura.app                      E  [AUX]GuiExtAuxCheckAuxPath:682: Null anb
2026-05-05 17:31:46.378 21650-21778 GPUAUX                  com.newaura.app                      E  [AUX]GuiExtAuxCheckAuxPath:682: Null anb
2026-05-05 17:31:46.378 21650-21778 GPUAUX                  com.newaura.app                      E  [AUX]GuiExtAuxCheckAuxPath:682: Null anb
2026-05-05 17:31:46.378 21650-21778 GPUAUX                  com.newaura.app                      E  [AUX]GuiExtAuxCheckAuxPath:682: Null anb
2026-05-05 17:31:46.452 21650-21650 ImeTracker              com.newaura.app                      I  com.newaura.app:3ccc8bd2: onShown
2026-05-05 17:31:47.846 21650-21778 GPUAUX                  com.newaura.app                      E  [AUX]GuiExtAuxCheckAuxPath:682: Null anb
2026-05-05 17:31:47.846 21650-21778 GPUAUX                  com.newaura.app                      E  [AUX]GuiExtAuxCheckAuxPath:682: Null anb
2026-05-05 17:31:47.846 21650-21778 GPUAUX                  com.newaura.app                      E  [AUX]GuiExtAuxCheckAuxPath:682: Null anb
2026-05-05 17:31:47.846 21650-21778 GPUAUX                  com.newaura.app                      E  [AUX]GuiExtAuxCheckAuxPath:682: Null anb
2026-05-05 17:31:47.846 21650-21778 GPUAUX                  com.newaura.app                      E  [AUX]GuiExtAuxCheckAuxPath:682: Null anb
2026-05-05 17:31:47.846 21650-21778 GPUAUX                  com.newaura.app                      E  [AUX]GuiExtAuxCheckAuxPath:682: Null anb
2026-05-05 17:31:47.847 21650-21778 GPUAUX                  com.newaura.app                      E  [AUX]GuiExtAuxCheckAuxPath:682: Null anb
2026-05-05 17:31:47.847 21650-21778 GPUAUX                  com.newaura.app                      E  [AUX]GuiExtAuxCheckAuxPath:682: Null anb
2026-05-05 17:31:47.847 21650-21778 GPUAUX                  com.newaura.app                      E  [AUX]GuiExtAuxCheckAuxPath:682: Null anb
2026-05-05 17:31:47.847 21650-21778 GPUAUX                  com.newaura.app                      E  [AUX]GuiExtAuxCheckAuxPath:682: Null anb
2026-05-05 17:31:47.847 21650-21778 GPUAUX                  com.newaura.app                      E  [AUX]GuiExtAuxCheckAuxPath:682: Null anb
2026-05-05 17:31:47.847 21650-21778 GPUAUX                  com.newaura.app                      E  [AUX]GuiExtAuxCheckAuxPath:682: Null anb
2026-05-05 17:31:47.847 21650-21778 GPUAUX                  com.newaura.app                      E  [AUX]GuiExtAuxCheckAuxPath:682: Null anb
2026-05-05 17:31:47.847 21650-21778 GPUAUX                  com.newaura.app                      E  [AUX]GuiExtAuxCheckAuxPath:682: Null anb
2026-05-05 17:31:47.847 21650-21778 GPUAUX                  com.newaura.app                      E  [AUX]GuiExtAuxCheckAuxPath:682: Null anb
2026-05-05 17:31:47.847 21650-21778 GPUAUX                  com.newaura.app                      E  [AUX]GuiExtAuxCheckAuxPath:682: Null anb
2026-05-05 17:31:47.847 21650-21778 GPUAUX                  com.newaura.app                      E  [AUX]GuiExtAuxCheckAuxPath:682: Null anb
2026-05-05 17:31:47.847 21650-21778 GPUAUX                  com.newaura.app                      E  [AUX]GuiExtAuxCheckAuxPath:682: Null anb
2026-05-05 17:31:47.848 21650-21778 GPUAUX                  com.newaura.app                      E  [AUX]GuiExtAuxCheckAuxPath:682: Null anb
2026-05-05 17:31:47.848 21650-21778 GPUAUX                  com.newaura.app                      E  [AUX]GuiExtAuxCheckAuxPath:682: Null anb
2026-05-05 17:31:47.848 21650-21778 GPUAUX                  com.newaura.app                      E  [AUX]GuiExtAuxCheckAuxPath:682: Null anb
2026-05-05 17:31:47.848 21650-21778 GPUAUX                  com.newaura.app                      E  [AUX]GuiExtAuxCheckAuxPath:682: Null anb
2026-05-05 17:31:47.848 21650-21778 GPUAUX                  com.newaura.app                      E  [AUX]GuiExtAuxCheckAuxPath:682: Null anb
2026-05-05 17:31:50.067 21650-21650 cr_AutofillHintsService com.newaura.app                      E  onViewTypeAvailable  (Fix with AI)
                                                                                                    java.lang.NullPointerException: Attempt to get length of null array
                                                                                                    	at android.os.Parcel.createExceptionOrNull(Parcel.java:3375)
                                                                                                    	at android.os.Parcel.createException(Parcel.java:3353)
                                                                                                    	at android.os.Parcel.readException(Parcel.java:3336)
                                                                                                    	at android.os.Parcel.readException(Parcel.java:3278)
                                                                                                    	at WV.t11.l(chromium-SystemWebViewGoogle6432.aab-stable-772713703:59)
                                                                                                    	at org.chromium.components.autofill.AutofillProvider.onServerPredictionsAvailable(chromium-SystemWebViewGoogle6432.aab-stable-772713703:73)
                                                                                                    	at android.os.MessageQueue.nativePollOnce(Native Method)
                                                                                                    	at android.os.MessageQueue.nextLegacy(MessageQueue.java:934)
                                                                                                    	at android.os.MessageQueue.next(MessageQueue.java:1046)
                                                                                                    	at android.os.Looper.loopOnce(Looper.java:221)
                                                                                                    	at android.os.Looper.loop(Looper.java:412)
                                                                                                    	at android.app.ActivityThread.main(ActivityThread.java:9998)
                                                                                                    	at java.lang.reflect.Method.invoke(Native Method)
                                                                                                    	at com.android.internal.os.RuntimeInit$MethodAndArgsCaller.run(RuntimeInit.java:613)
                                                                                                    	at com.android.internal.os.ZygoteInit.main(ZygoteInit.java:1074)
2026-05-05 17:31:50.801 21650-21778 GPUAUX                  com.newaura.app                      E  [AUX]GuiExtAuxCheckAuxPath:682: Null anb
2026-05-05 17:31:50.801 21650-21778 GPUAUX                  com.newaura.app                      E  [AUX]GuiExtAuxCheckAuxPath:682: Null anb
2026-05-05 17:31:50.801 21650-21778 GPUAUX                  com.newaura.app                      E  [AUX]GuiExtAuxCheckAuxPath:682: Null anb
2026-05-05 17:31:50.801 21650-21778 GPUAUX                  com.newaura.app                      E  [AUX]GuiExtAuxCheckAuxPath:682: Null anb
2026-05-05 17:31:50.801 21650-21778 GPUAUX                  com.newaura.app                      E  [AUX]GuiExtAuxCheckAuxPath:682: Null anb
2026-05-05 17:31:50.801 21650-21778 GPUAUX                  com.newaura.app                      E  [AUX]GuiExtAuxCheckAuxPath:682: Null anb
2026-05-05 17:31:50.801 21650-21778 GPUAUX                  com.newaura.app                      E  [AUX]GuiExtAuxCheckAuxPath:682: Null anb
2026-05-05 17:31:50.801 21650-21778 GPUAUX                  com.newaura.app                      E  [AUX]GuiExtAuxCheckAuxPath:682: Null anb
2026-05-05 17:31:50.801 21650-21778 GPUAUX                  com.newaura.app                      E  [AUX]GuiExtAuxCheckAuxPath:682: Null anb
2026-05-05 17:31:50.801 21650-21778 GPUAUX                  com.newaura.app                      E  [AUX]GuiExtAuxCheckAuxPath:682: Null anb
2026-05-05 17:31:50.801 21650-21778 GPUAUX                  com.newaura.app                      E  [AUX]GuiExtAuxCheckAuxPath:682: Null anb
2026-05-05 17:31:50.801 21650-21778 GPUAUX                  com.newaura.app                      E  [AUX]GuiExtAuxCheckAuxPath:682: Null anb
2026-05-05 17:31:50.823 21650-21778 GPUAUX                  com.newaura.app                      E  [AUX]GuiExtAuxCheckAuxPath:682: Null anb
2026-05-05 17:31:50.823 21650-21778 GPUAUX                  com.newaura.app                      E  [AUX]GuiExtAuxCheckAuxPath:682: Null anb
2026-05-05 17:31:50.823 21650-21778 GPUAUX                  com.newaura.app                      E  [AUX]GuiExtAuxCheckAuxPath:682: Null anb
2026-05-05 17:31:50.823 21650-21778 GPUAUX                  com.newaura.app                      E  [AUX]GuiExtAuxCheckAuxPath:682: Null anb
2026-05-05 17:31:50.823 21650-21778 GPUAUX                  com.newaura.app                      E  [AUX]GuiExtAuxCheckAuxPath:682: Null anb
2026-05-05 17:31:50.823 21650-21778 GPUAUX                  com.newaura.app                      E  [AUX]GuiExtAuxCheckAuxPath:682: Null anb
2026-05-05 17:31:50.823 21650-21778 GPUAUX                  com.newaura.app                      E  [AUX]GuiExtAuxCheckAuxPath:682: Null anb
2026-05-05 17:31:50.823 21650-21778 GPUAUX                  com.newaura.app                      E  [AUX]GuiExtAuxCheckAuxPath:682: Null anb
2026-05-05 17:31:50.823 21650-21778 GPUAUX                  com.newaura.app                      E  [AUX]GuiExtAuxCheckAuxPath:682: Null anb
2026-05-05 17:31:50.823 21650-21778 GPUAUX                  com.newaura.app                      E  [AUX]GuiExtAuxCheckAuxPath:682: Null anb
2026-05-05 17:31:50.823 21650-21778 GPUAUX                  com.newaura.app                      E  [AUX]GuiExtAuxCheckAuxPath:682: Null anb
2026-05-05 17:31:50.823 21650-21778 GPUAUX                  com.newaura.app                      E  [AUX]GuiExtAuxCheckAuxPath:682: Null anb
2026-05-05 17:31:50.823 21650-21778 GPUAUX                  com.newaura.app                      E  [AUX]GuiExtAuxCheckAuxPath:682: Null anb
2026-05-05 17:31:50.823 21650-21778 GPUAUX                  com.newaura.app                      E  [AUX]GuiExtAuxCheckAuxPath:682: Null anb
2026-05-05 17:31:50.823 21650-21778 GPUAUX                  com.newaura.app                      E  [AUX]GuiExtAuxCheckAuxPath:682: Null anb
2026-05-05 17:31:50.823 21650-21778 GPUAUX                  com.newaura.app                      E  [AUX]GuiExtAuxCheckAuxPath:682: Null anb
2026-05-05 17:31:50.823 21650-21778 GPUAUX                  com.newaura.app                      E  [AUX]GuiExtAuxCheckAuxPath:682: Null anb
2026-05-05 17:31:50.823 21650-21778 GPUAUX                  com.newaura.app                      E  [AUX]GuiExtAuxCheckAuxPath:682: Null anb
2026-05-05 17:31:50.824 21650-21778 GPUAUX                  com.newaura.app                      E  [AUX]GuiExtAuxCheckAuxPath:682: Null anb
2026-05-05 17:31:50.824 21650-21778 GPUAUX                  com.newaura.app                      E  [AUX]GuiExtAuxCheckAuxPath:682: Null anb
